[2025-08-04T03:45:41.910+0000] {processor.py:161} INFO - Started process (PID=80) to work on /home/airflow/.local/lib/python3.12/site-packages/airflow/example_dags/example_latest_only.py
[2025-08-04T03:45:41.916+0000] {processor.py:830} INFO - Processing file /home/airflow/.local/lib/python3.12/site-packages/airflow/example_dags/example_latest_only.py for tasks to queue
[2025-08-04T03:45:41.923+0000] {logging_mixin.py:188} INFO - [2025-08-04T03:45:41.921+0000] {dagbag.py:545} INFO - Filling up the DagBag from /home/airflow/.local/lib/python3.12/site-packages/airflow/example_dags/example_latest_only.py
[2025-08-04T03:45:41.951+0000] {processor.py:840} INFO - DAG(s) 'latest_only' retrieved from /home/airflow/.local/lib/python3.12/site-packages/airflow/example_dags/example_latest_only.py
[2025-08-04T03:45:42.960+0000] {logging_mixin.py:188} INFO - [2025-08-04T03:45:42.956+0000] {dag.py:3096} INFO - Sync 1 DAGs
[2025-08-04T03:45:43.384+0000] {logging_mixin.py:188} INFO - [2025-08-04T03:45:43.382+0000] {dag.py:3954} INFO - Setting next_dagrun for latest_only to 2025-08-03 20:00:00+00:00, run_after=2025-08-04 00:00:00+00:00
[2025-08-04T03:45:43.948+0000] {processor.py:183} INFO - Processing /home/airflow/.local/lib/python3.12/site-packages/airflow/example_dags/example_latest_only.py took 2.151 seconds
[2025-08-04T03:47:00.170+0000] {processor.py:161} INFO - Started process (PID=150) to work on /home/airflow/.local/lib/python3.12/site-packages/airflow/example_dags/example_latest_only.py
[2025-08-04T03:47:00.191+0000] {processor.py:830} INFO - Processing file /home/airflow/.local/lib/python3.12/site-packages/airflow/example_dags/example_latest_only.py for tasks to queue
[2025-08-04T03:47:00.228+0000] {logging_mixin.py:188} INFO - [2025-08-04T03:47:00.227+0000] {dagbag.py:545} INFO - Filling up the DagBag from /home/airflow/.local/lib/python3.12/site-packages/airflow/example_dags/example_latest_only.py
[2025-08-04T03:47:00.455+0000] {processor.py:840} INFO - DAG(s) 'latest_only' retrieved from /home/airflow/.local/lib/python3.12/site-packages/airflow/example_dags/example_latest_only.py
[2025-08-04T03:47:01.530+0000] {logging_mixin.py:188} INFO - [2025-08-04T03:47:01.479+0000] {dag.py:3096} INFO - Sync 1 DAGs
[2025-08-04T03:47:02.049+0000] {logging_mixin.py:188} INFO - [2025-08-04T03:47:02.048+0000] {dag.py:3954} INFO - Setting next_dagrun for latest_only to 2025-08-03 20:00:00+00:00, run_after=2025-08-04 00:00:00+00:00
[2025-08-04T03:47:02.308+0000] {processor.py:183} INFO - Processing /home/airflow/.local/lib/python3.12/site-packages/airflow/example_dags/example_latest_only.py took 2.173 seconds
[2025-08-04T03:47:41.317+0000] {processor.py:161} INFO - Started process (PID=206) to work on /home/airflow/.local/lib/python3.12/site-packages/airflow/example_dags/example_latest_only.py
[2025-08-04T03:47:41.324+0000] {processor.py:830} INFO - Processing file /home/airflow/.local/lib/python3.12/site-packages/airflow/example_dags/example_latest_only.py for tasks to queue
[2025-08-04T03:47:41.330+0000] {logging_mixin.py:188} INFO - [2025-08-04T03:47:41.329+0000] {dagbag.py:545} INFO - Filling up the DagBag from /home/airflow/.local/lib/python3.12/site-packages/airflow/example_dags/example_latest_only.py
[2025-08-04T03:47:41.345+0000] {processor.py:840} INFO - DAG(s) 'latest_only' retrieved from /home/airflow/.local/lib/python3.12/site-packages/airflow/example_dags/example_latest_only.py
[2025-08-04T03:47:41.662+0000] {logging_mixin.py:188} INFO - [2025-08-04T03:47:41.650+0000] {dag.py:3096} INFO - Sync 1 DAGs
[2025-08-04T03:47:42.164+0000] {logging_mixin.py:188} INFO - [2025-08-04T03:47:42.163+0000] {dag.py:3954} INFO - Setting next_dagrun for latest_only to 2025-08-03 20:00:00+00:00, run_after=2025-08-04 00:00:00+00:00
[2025-08-04T03:47:42.306+0000] {processor.py:183} INFO - Processing /home/airflow/.local/lib/python3.12/site-packages/airflow/example_dags/example_latest_only.py took 1.054 seconds
[2025-08-04T03:48:18.299+0000] {processor.py:161} INFO - Started process (PID=264) to work on /home/airflow/.local/lib/python3.12/site-packages/airflow/example_dags/example_latest_only.py
[2025-08-04T03:48:18.310+0000] {processor.py:830} INFO - Processing file /home/airflow/.local/lib/python3.12/site-packages/airflow/example_dags/example_latest_only.py for tasks to queue
[2025-08-04T03:48:18.357+0000] {logging_mixin.py:188} INFO - [2025-08-04T03:48:18.357+0000] {dagbag.py:545} INFO - Filling up the DagBag from /home/airflow/.local/lib/python3.12/site-packages/airflow/example_dags/example_latest_only.py
[2025-08-04T03:48:18.374+0000] {processor.py:840} INFO - DAG(s) 'latest_only' retrieved from /home/airflow/.local/lib/python3.12/site-packages/airflow/example_dags/example_latest_only.py
[2025-08-04T03:48:18.432+0000] {logging_mixin.py:188} INFO - [2025-08-04T03:48:18.428+0000] {dag.py:3096} INFO - Sync 1 DAGs
[2025-08-04T03:48:18.474+0000] {logging_mixin.py:188} INFO - [2025-08-04T03:48:18.474+0000] {dag.py:3954} INFO - Setting next_dagrun for latest_only to 2025-08-03 20:00:00+00:00, run_after=2025-08-04 00:00:00+00:00
[2025-08-04T03:48:18.582+0000] {processor.py:183} INFO - Processing /home/airflow/.local/lib/python3.12/site-packages/airflow/example_dags/example_latest_only.py took 0.290 seconds
[2025-08-04T03:48:49.283+0000] {processor.py:161} INFO - Started process (PID=322) to work on /home/airflow/.local/lib/python3.12/site-packages/airflow/example_dags/example_latest_only.py
[2025-08-04T03:48:49.285+0000] {processor.py:830} INFO - Processing file /home/airflow/.local/lib/python3.12/site-packages/airflow/example_dags/example_latest_only.py for tasks to queue
[2025-08-04T03:48:49.287+0000] {logging_mixin.py:188} INFO - [2025-08-04T03:48:49.287+0000] {dagbag.py:545} INFO - Filling up the DagBag from /home/airflow/.local/lib/python3.12/site-packages/airflow/example_dags/example_latest_only.py
[2025-08-04T03:48:49.293+0000] {processor.py:840} INFO - DAG(s) 'latest_only' retrieved from /home/airflow/.local/lib/python3.12/site-packages/airflow/example_dags/example_latest_only.py
[2025-08-04T03:48:49.324+0000] {logging_mixin.py:188} INFO - [2025-08-04T03:48:49.324+0000] {dag.py:3096} INFO - Sync 1 DAGs
[2025-08-04T03:48:49.361+0000] {logging_mixin.py:188} INFO - [2025-08-04T03:48:49.360+0000] {dag.py:3954} INFO - Setting next_dagrun for latest_only to 2025-08-03 20:00:00+00:00, run_after=2025-08-04 00:00:00+00:00
[2025-08-04T03:48:49.385+0000] {processor.py:183} INFO - Processing /home/airflow/.local/lib/python3.12/site-packages/airflow/example_dags/example_latest_only.py took 0.107 seconds
[2025-08-04T15:16:43.353+0000] {processor.py:161} INFO - Started process (PID=81) to work on /home/airflow/.local/lib/python3.12/site-packages/airflow/example_dags/example_latest_only.py
[2025-08-04T15:16:43.362+0000] {processor.py:830} INFO - Processing file /home/airflow/.local/lib/python3.12/site-packages/airflow/example_dags/example_latest_only.py for tasks to queue
[2025-08-04T15:16:43.370+0000] {logging_mixin.py:188} INFO - [2025-08-04T15:16:43.370+0000] {dagbag.py:545} INFO - Filling up the DagBag from /home/airflow/.local/lib/python3.12/site-packages/airflow/example_dags/example_latest_only.py
[2025-08-04T15:16:43.472+0000] {processor.py:840} INFO - DAG(s) 'latest_only' retrieved from /home/airflow/.local/lib/python3.12/site-packages/airflow/example_dags/example_latest_only.py
[2025-08-04T15:16:43.593+0000] {logging_mixin.py:188} INFO - [2025-08-04T15:16:43.591+0000] {dag.py:3096} INFO - Sync 1 DAGs
[2025-08-04T15:16:43.669+0000] {logging_mixin.py:188} INFO - [2025-08-04T15:16:43.669+0000] {dag.py:3954} INFO - Setting next_dagrun for latest_only to 2025-08-04 08:00:00+00:00, run_after=2025-08-04 12:00:00+00:00
[2025-08-04T15:16:43.741+0000] {processor.py:183} INFO - Processing /home/airflow/.local/lib/python3.12/site-packages/airflow/example_dags/example_latest_only.py took 0.396 seconds
[2025-08-04T15:17:14.070+0000] {processor.py:161} INFO - Started process (PID=138) to work on /home/airflow/.local/lib/python3.12/site-packages/airflow/example_dags/example_latest_only.py
[2025-08-04T15:17:14.071+0000] {processor.py:830} INFO - Processing file /home/airflow/.local/lib/python3.12/site-packages/airflow/example_dags/example_latest_only.py for tasks to queue
[2025-08-04T15:17:14.072+0000] {logging_mixin.py:188} INFO - [2025-08-04T15:17:14.072+0000] {dagbag.py:545} INFO - Filling up the DagBag from /home/airflow/.local/lib/python3.12/site-packages/airflow/example_dags/example_latest_only.py
[2025-08-04T15:17:14.075+0000] {processor.py:840} INFO - DAG(s) 'latest_only' retrieved from /home/airflow/.local/lib/python3.12/site-packages/airflow/example_dags/example_latest_only.py
[2025-08-04T15:17:14.086+0000] {logging_mixin.py:188} INFO - [2025-08-04T15:17:14.086+0000] {dag.py:3096} INFO - Sync 1 DAGs
[2025-08-04T15:17:14.097+0000] {logging_mixin.py:188} INFO - [2025-08-04T15:17:14.097+0000] {dag.py:3954} INFO - Setting next_dagrun for latest_only to 2025-08-04 08:00:00+00:00, run_after=2025-08-04 12:00:00+00:00
[2025-08-04T15:17:14.104+0000] {processor.py:183} INFO - Processing /home/airflow/.local/lib/python3.12/site-packages/airflow/example_dags/example_latest_only.py took 0.037 seconds
[2025-08-04T15:17:44.246+0000] {processor.py:161} INFO - Started process (PID=196) to work on /home/airflow/.local/lib/python3.12/site-packages/airflow/example_dags/example_latest_only.py
[2025-08-04T15:17:44.247+0000] {processor.py:830} INFO - Processing file /home/airflow/.local/lib/python3.12/site-packages/airflow/example_dags/example_latest_only.py for tasks to queue
[2025-08-04T15:17:44.250+0000] {logging_mixin.py:188} INFO - [2025-08-04T15:17:44.250+0000] {dagbag.py:545} INFO - Filling up the DagBag from /home/airflow/.local/lib/python3.12/site-packages/airflow/example_dags/example_latest_only.py
[2025-08-04T15:17:44.254+0000] {processor.py:840} INFO - DAG(s) 'latest_only' retrieved from /home/airflow/.local/lib/python3.12/site-packages/airflow/example_dags/example_latest_only.py
[2025-08-04T15:17:44.269+0000] {logging_mixin.py:188} INFO - [2025-08-04T15:17:44.269+0000] {dag.py:3096} INFO - Sync 1 DAGs
[2025-08-04T15:17:44.288+0000] {logging_mixin.py:188} INFO - [2025-08-04T15:17:44.288+0000] {dag.py:3954} INFO - Setting next_dagrun for latest_only to 2025-08-04 08:00:00+00:00, run_after=2025-08-04 12:00:00+00:00
[2025-08-04T15:17:44.316+0000] {processor.py:183} INFO - Processing /home/airflow/.local/lib/python3.12/site-packages/airflow/example_dags/example_latest_only.py took 0.073 seconds
[2025-08-04T15:18:14.796+0000] {processor.py:161} INFO - Started process (PID=254) to work on /home/airflow/.local/lib/python3.12/site-packages/airflow/example_dags/example_latest_only.py
[2025-08-04T15:18:14.797+0000] {processor.py:830} INFO - Processing file /home/airflow/.local/lib/python3.12/site-packages/airflow/example_dags/example_latest_only.py for tasks to queue
[2025-08-04T15:18:14.798+0000] {logging_mixin.py:188} INFO - [2025-08-04T15:18:14.798+0000] {dagbag.py:545} INFO - Filling up the DagBag from /home/airflow/.local/lib/python3.12/site-packages/airflow/example_dags/example_latest_only.py
[2025-08-04T15:18:14.801+0000] {processor.py:840} INFO - DAG(s) 'latest_only' retrieved from /home/airflow/.local/lib/python3.12/site-packages/airflow/example_dags/example_latest_only.py
[2025-08-04T15:18:14.815+0000] {logging_mixin.py:188} INFO - [2025-08-04T15:18:14.815+0000] {dag.py:3096} INFO - Sync 1 DAGs
[2025-08-04T15:18:14.825+0000] {logging_mixin.py:188} INFO - [2025-08-04T15:18:14.825+0000] {dag.py:3954} INFO - Setting next_dagrun for latest_only to 2025-08-04 08:00:00+00:00, run_after=2025-08-04 12:00:00+00:00
[2025-08-04T15:18:14.838+0000] {processor.py:183} INFO - Processing /home/airflow/.local/lib/python3.12/site-packages/airflow/example_dags/example_latest_only.py took 0.045 seconds
[2025-08-04T15:18:45.254+0000] {processor.py:161} INFO - Started process (PID=312) to work on /home/airflow/.local/lib/python3.12/site-packages/airflow/example_dags/example_latest_only.py
[2025-08-04T15:18:45.255+0000] {processor.py:830} INFO - Processing file /home/airflow/.local/lib/python3.12/site-packages/airflow/example_dags/example_latest_only.py for tasks to queue
[2025-08-04T15:18:45.257+0000] {logging_mixin.py:188} INFO - [2025-08-04T15:18:45.257+0000] {dagbag.py:545} INFO - Filling up the DagBag from /home/airflow/.local/lib/python3.12/site-packages/airflow/example_dags/example_latest_only.py
[2025-08-04T15:18:45.263+0000] {processor.py:840} INFO - DAG(s) 'latest_only' retrieved from /home/airflow/.local/lib/python3.12/site-packages/airflow/example_dags/example_latest_only.py
[2025-08-04T15:18:45.301+0000] {logging_mixin.py:188} INFO - [2025-08-04T15:18:45.301+0000] {dag.py:3096} INFO - Sync 1 DAGs
[2025-08-04T15:18:45.357+0000] {logging_mixin.py:188} INFO - [2025-08-04T15:18:45.357+0000] {dag.py:3954} INFO - Setting next_dagrun for latest_only to 2025-08-04 08:00:00+00:00, run_after=2025-08-04 12:00:00+00:00
[2025-08-04T15:18:45.577+0000] {processor.py:183} INFO - Processing /home/airflow/.local/lib/python3.12/site-packages/airflow/example_dags/example_latest_only.py took 0.327 seconds
[2025-08-04T15:19:15.675+0000] {processor.py:161} INFO - Started process (PID=370) to work on /home/airflow/.local/lib/python3.12/site-packages/airflow/example_dags/example_latest_only.py
[2025-08-04T15:19:15.676+0000] {processor.py:830} INFO - Processing file /home/airflow/.local/lib/python3.12/site-packages/airflow/example_dags/example_latest_only.py for tasks to queue
[2025-08-04T15:19:15.677+0000] {logging_mixin.py:188} INFO - [2025-08-04T15:19:15.677+0000] {dagbag.py:545} INFO - Filling up the DagBag from /home/airflow/.local/lib/python3.12/site-packages/airflow/example_dags/example_latest_only.py
[2025-08-04T15:19:15.682+0000] {processor.py:840} INFO - DAG(s) 'latest_only' retrieved from /home/airflow/.local/lib/python3.12/site-packages/airflow/example_dags/example_latest_only.py
[2025-08-04T15:19:15.695+0000] {logging_mixin.py:188} INFO - [2025-08-04T15:19:15.695+0000] {dag.py:3096} INFO - Sync 1 DAGs
[2025-08-04T15:19:15.708+0000] {logging_mixin.py:188} INFO - [2025-08-04T15:19:15.708+0000] {dag.py:3954} INFO - Setting next_dagrun for latest_only to 2025-08-04 08:00:00+00:00, run_after=2025-08-04 12:00:00+00:00
[2025-08-04T15:19:15.720+0000] {processor.py:183} INFO - Processing /home/airflow/.local/lib/python3.12/site-packages/airflow/example_dags/example_latest_only.py took 0.051 seconds
[2025-08-04T15:27:10.080+0000] {processor.py:161} INFO - Started process (PID=80) to work on /home/airflow/.local/lib/python3.12/site-packages/airflow/example_dags/example_latest_only.py
[2025-08-04T15:27:10.086+0000] {processor.py:830} INFO - Processing file /home/airflow/.local/lib/python3.12/site-packages/airflow/example_dags/example_latest_only.py for tasks to queue
[2025-08-04T15:27:10.094+0000] {logging_mixin.py:188} INFO - [2025-08-04T15:27:10.093+0000] {dagbag.py:545} INFO - Filling up the DagBag from /home/airflow/.local/lib/python3.12/site-packages/airflow/example_dags/example_latest_only.py
[2025-08-04T15:27:10.138+0000] {processor.py:840} INFO - DAG(s) 'latest_only' retrieved from /home/airflow/.local/lib/python3.12/site-packages/airflow/example_dags/example_latest_only.py
[2025-08-04T15:27:10.242+0000] {logging_mixin.py:188} INFO - [2025-08-04T15:27:10.242+0000] {dag.py:3096} INFO - Sync 1 DAGs
[2025-08-04T15:27:10.294+0000] {logging_mixin.py:188} INFO - [2025-08-04T15:27:10.293+0000] {dag.py:3954} INFO - Setting next_dagrun for latest_only to 2025-08-04 08:00:00+00:00, run_after=2025-08-04 12:00:00+00:00
[2025-08-04T15:27:10.359+0000] {processor.py:183} INFO - Processing /home/airflow/.local/lib/python3.12/site-packages/airflow/example_dags/example_latest_only.py took 0.289 seconds
[2025-08-04T15:27:40.574+0000] {processor.py:161} INFO - Started process (PID=137) to work on /home/airflow/.local/lib/python3.12/site-packages/airflow/example_dags/example_latest_only.py
[2025-08-04T15:27:40.577+0000] {processor.py:830} INFO - Processing file /home/airflow/.local/lib/python3.12/site-packages/airflow/example_dags/example_latest_only.py for tasks to queue
[2025-08-04T15:27:40.579+0000] {logging_mixin.py:188} INFO - [2025-08-04T15:27:40.579+0000] {dagbag.py:545} INFO - Filling up the DagBag from /home/airflow/.local/lib/python3.12/site-packages/airflow/example_dags/example_latest_only.py
[2025-08-04T15:27:40.587+0000] {processor.py:840} INFO - DAG(s) 'latest_only' retrieved from /home/airflow/.local/lib/python3.12/site-packages/airflow/example_dags/example_latest_only.py
[2025-08-04T15:27:40.610+0000] {logging_mixin.py:188} INFO - [2025-08-04T15:27:40.610+0000] {dag.py:3096} INFO - Sync 1 DAGs
[2025-08-04T15:27:40.634+0000] {logging_mixin.py:188} INFO - [2025-08-04T15:27:40.634+0000] {dag.py:3954} INFO - Setting next_dagrun for latest_only to 2025-08-04 08:00:00+00:00, run_after=2025-08-04 12:00:00+00:00
[2025-08-04T15:27:40.698+0000] {processor.py:183} INFO - Processing /home/airflow/.local/lib/python3.12/site-packages/airflow/example_dags/example_latest_only.py took 0.136 seconds
[2025-08-04T15:28:11.587+0000] {processor.py:161} INFO - Started process (PID=196) to work on /home/airflow/.local/lib/python3.12/site-packages/airflow/example_dags/example_latest_only.py
[2025-08-04T15:28:11.588+0000] {processor.py:830} INFO - Processing file /home/airflow/.local/lib/python3.12/site-packages/airflow/example_dags/example_latest_only.py for tasks to queue
[2025-08-04T15:28:11.589+0000] {logging_mixin.py:188} INFO - [2025-08-04T15:28:11.589+0000] {dagbag.py:545} INFO - Filling up the DagBag from /home/airflow/.local/lib/python3.12/site-packages/airflow/example_dags/example_latest_only.py
[2025-08-04T15:28:11.592+0000] {processor.py:840} INFO - DAG(s) 'latest_only' retrieved from /home/airflow/.local/lib/python3.12/site-packages/airflow/example_dags/example_latest_only.py
[2025-08-04T15:28:11.601+0000] {logging_mixin.py:188} INFO - [2025-08-04T15:28:11.601+0000] {dag.py:3096} INFO - Sync 1 DAGs
[2025-08-04T15:28:11.611+0000] {logging_mixin.py:188} INFO - [2025-08-04T15:28:11.611+0000] {dag.py:3954} INFO - Setting next_dagrun for latest_only to 2025-08-04 08:00:00+00:00, run_after=2025-08-04 12:00:00+00:00
[2025-08-04T15:28:11.619+0000] {processor.py:183} INFO - Processing /home/airflow/.local/lib/python3.12/site-packages/airflow/example_dags/example_latest_only.py took 0.035 seconds
[2025-08-04T15:28:41.950+0000] {processor.py:161} INFO - Started process (PID=254) to work on /home/airflow/.local/lib/python3.12/site-packages/airflow/example_dags/example_latest_only.py
[2025-08-04T15:28:41.951+0000] {processor.py:830} INFO - Processing file /home/airflow/.local/lib/python3.12/site-packages/airflow/example_dags/example_latest_only.py for tasks to queue
[2025-08-04T15:28:41.954+0000] {logging_mixin.py:188} INFO - [2025-08-04T15:28:41.954+0000] {dagbag.py:545} INFO - Filling up the DagBag from /home/airflow/.local/lib/python3.12/site-packages/airflow/example_dags/example_latest_only.py
[2025-08-04T15:28:41.959+0000] {processor.py:840} INFO - DAG(s) 'latest_only' retrieved from /home/airflow/.local/lib/python3.12/site-packages/airflow/example_dags/example_latest_only.py
[2025-08-04T15:28:41.979+0000] {logging_mixin.py:188} INFO - [2025-08-04T15:28:41.979+0000] {dag.py:3096} INFO - Sync 1 DAGs
[2025-08-04T15:28:41.993+0000] {logging_mixin.py:188} INFO - [2025-08-04T15:28:41.992+0000] {dag.py:3954} INFO - Setting next_dagrun for latest_only to 2025-08-04 08:00:00+00:00, run_after=2025-08-04 12:00:00+00:00
[2025-08-04T15:28:42.000+0000] {processor.py:183} INFO - Processing /home/airflow/.local/lib/python3.12/site-packages/airflow/example_dags/example_latest_only.py took 0.054 seconds
[2025-08-04T15:29:12.511+0000] {processor.py:161} INFO - Started process (PID=312) to work on /home/airflow/.local/lib/python3.12/site-packages/airflow/example_dags/example_latest_only.py
[2025-08-04T15:29:12.512+0000] {processor.py:830} INFO - Processing file /home/airflow/.local/lib/python3.12/site-packages/airflow/example_dags/example_latest_only.py for tasks to queue
[2025-08-04T15:29:12.513+0000] {logging_mixin.py:188} INFO - [2025-08-04T15:29:12.512+0000] {dagbag.py:545} INFO - Filling up the DagBag from /home/airflow/.local/lib/python3.12/site-packages/airflow/example_dags/example_latest_only.py
[2025-08-04T15:29:12.516+0000] {processor.py:840} INFO - DAG(s) 'latest_only' retrieved from /home/airflow/.local/lib/python3.12/site-packages/airflow/example_dags/example_latest_only.py
[2025-08-04T15:29:12.526+0000] {logging_mixin.py:188} INFO - [2025-08-04T15:29:12.526+0000] {dag.py:3096} INFO - Sync 1 DAGs
[2025-08-04T15:29:12.535+0000] {logging_mixin.py:188} INFO - [2025-08-04T15:29:12.534+0000] {dag.py:3954} INFO - Setting next_dagrun for latest_only to 2025-08-04 08:00:00+00:00, run_after=2025-08-04 12:00:00+00:00
[2025-08-04T15:29:12.541+0000] {processor.py:183} INFO - Processing /home/airflow/.local/lib/python3.12/site-packages/airflow/example_dags/example_latest_only.py took 0.033 seconds
[2025-08-04T15:29:43.044+0000] {processor.py:161} INFO - Started process (PID=370) to work on /home/airflow/.local/lib/python3.12/site-packages/airflow/example_dags/example_latest_only.py
[2025-08-04T15:29:43.046+0000] {processor.py:830} INFO - Processing file /home/airflow/.local/lib/python3.12/site-packages/airflow/example_dags/example_latest_only.py for tasks to queue
[2025-08-04T15:29:43.047+0000] {logging_mixin.py:188} INFO - [2025-08-04T15:29:43.047+0000] {dagbag.py:545} INFO - Filling up the DagBag from /home/airflow/.local/lib/python3.12/site-packages/airflow/example_dags/example_latest_only.py
[2025-08-04T15:29:43.051+0000] {processor.py:840} INFO - DAG(s) 'latest_only' retrieved from /home/airflow/.local/lib/python3.12/site-packages/airflow/example_dags/example_latest_only.py
[2025-08-04T15:29:43.082+0000] {logging_mixin.py:188} INFO - [2025-08-04T15:29:43.082+0000] {dag.py:3096} INFO - Sync 1 DAGs
[2025-08-04T15:29:43.122+0000] {logging_mixin.py:188} INFO - [2025-08-04T15:29:43.122+0000] {dag.py:3954} INFO - Setting next_dagrun for latest_only to 2025-08-04 08:00:00+00:00, run_after=2025-08-04 12:00:00+00:00
[2025-08-04T15:29:43.135+0000] {processor.py:183} INFO - Processing /home/airflow/.local/lib/python3.12/site-packages/airflow/example_dags/example_latest_only.py took 0.095 seconds
[2025-08-04T15:30:13.362+0000] {processor.py:161} INFO - Started process (PID=428) to work on /home/airflow/.local/lib/python3.12/site-packages/airflow/example_dags/example_latest_only.py
[2025-08-04T15:30:13.365+0000] {processor.py:830} INFO - Processing file /home/airflow/.local/lib/python3.12/site-packages/airflow/example_dags/example_latest_only.py for tasks to queue
[2025-08-04T15:30:13.369+0000] {logging_mixin.py:188} INFO - [2025-08-04T15:30:13.368+0000] {dagbag.py:545} INFO - Filling up the DagBag from /home/airflow/.local/lib/python3.12/site-packages/airflow/example_dags/example_latest_only.py
[2025-08-04T15:30:13.380+0000] {processor.py:840} INFO - DAG(s) 'latest_only' retrieved from /home/airflow/.local/lib/python3.12/site-packages/airflow/example_dags/example_latest_only.py
[2025-08-04T15:30:13.400+0000] {logging_mixin.py:188} INFO - [2025-08-04T15:30:13.399+0000] {dag.py:3096} INFO - Sync 1 DAGs
[2025-08-04T15:30:13.428+0000] {logging_mixin.py:188} INFO - [2025-08-04T15:30:13.427+0000] {dag.py:3954} INFO - Setting next_dagrun for latest_only to 2025-08-04 08:00:00+00:00, run_after=2025-08-04 12:00:00+00:00
[2025-08-04T15:30:13.482+0000] {processor.py:183} INFO - Processing /home/airflow/.local/lib/python3.12/site-packages/airflow/example_dags/example_latest_only.py took 0.128 seconds
[2025-08-04T15:30:43.799+0000] {processor.py:161} INFO - Started process (PID=486) to work on /home/airflow/.local/lib/python3.12/site-packages/airflow/example_dags/example_latest_only.py
[2025-08-04T15:30:43.800+0000] {processor.py:830} INFO - Processing file /home/airflow/.local/lib/python3.12/site-packages/airflow/example_dags/example_latest_only.py for tasks to queue
[2025-08-04T15:30:43.801+0000] {logging_mixin.py:188} INFO - [2025-08-04T15:30:43.801+0000] {dagbag.py:545} INFO - Filling up the DagBag from /home/airflow/.local/lib/python3.12/site-packages/airflow/example_dags/example_latest_only.py
[2025-08-04T15:30:43.805+0000] {processor.py:840} INFO - DAG(s) 'latest_only' retrieved from /home/airflow/.local/lib/python3.12/site-packages/airflow/example_dags/example_latest_only.py
[2025-08-04T15:30:43.825+0000] {logging_mixin.py:188} INFO - [2025-08-04T15:30:43.825+0000] {dag.py:3096} INFO - Sync 1 DAGs
[2025-08-04T15:30:43.845+0000] {logging_mixin.py:188} INFO - [2025-08-04T15:30:43.845+0000] {dag.py:3954} INFO - Setting next_dagrun for latest_only to 2025-08-04 08:00:00+00:00, run_after=2025-08-04 12:00:00+00:00
[2025-08-04T15:30:43.861+0000] {processor.py:183} INFO - Processing /home/airflow/.local/lib/python3.12/site-packages/airflow/example_dags/example_latest_only.py took 0.067 seconds
[2025-08-04T15:31:14.349+0000] {processor.py:161} INFO - Started process (PID=544) to work on /home/airflow/.local/lib/python3.12/site-packages/airflow/example_dags/example_latest_only.py
[2025-08-04T15:31:14.350+0000] {processor.py:830} INFO - Processing file /home/airflow/.local/lib/python3.12/site-packages/airflow/example_dags/example_latest_only.py for tasks to queue
[2025-08-04T15:31:14.351+0000] {logging_mixin.py:188} INFO - [2025-08-04T15:31:14.351+0000] {dagbag.py:545} INFO - Filling up the DagBag from /home/airflow/.local/lib/python3.12/site-packages/airflow/example_dags/example_latest_only.py
[2025-08-04T15:31:14.355+0000] {processor.py:840} INFO - DAG(s) 'latest_only' retrieved from /home/airflow/.local/lib/python3.12/site-packages/airflow/example_dags/example_latest_only.py
[2025-08-04T15:31:14.374+0000] {logging_mixin.py:188} INFO - [2025-08-04T15:31:14.374+0000] {dag.py:3096} INFO - Sync 1 DAGs
[2025-08-04T15:31:14.390+0000] {logging_mixin.py:188} INFO - [2025-08-04T15:31:14.389+0000] {dag.py:3954} INFO - Setting next_dagrun for latest_only to 2025-08-04 08:00:00+00:00, run_after=2025-08-04 12:00:00+00:00
[2025-08-04T15:31:14.402+0000] {processor.py:183} INFO - Processing /home/airflow/.local/lib/python3.12/site-packages/airflow/example_dags/example_latest_only.py took 0.056 seconds
[2025-08-04T15:31:44.794+0000] {processor.py:161} INFO - Started process (PID=602) to work on /home/airflow/.local/lib/python3.12/site-packages/airflow/example_dags/example_latest_only.py
[2025-08-04T15:31:44.798+0000] {processor.py:830} INFO - Processing file /home/airflow/.local/lib/python3.12/site-packages/airflow/example_dags/example_latest_only.py for tasks to queue
[2025-08-04T15:31:44.802+0000] {logging_mixin.py:188} INFO - [2025-08-04T15:31:44.801+0000] {dagbag.py:545} INFO - Filling up the DagBag from /home/airflow/.local/lib/python3.12/site-packages/airflow/example_dags/example_latest_only.py
[2025-08-04T15:31:44.813+0000] {processor.py:840} INFO - DAG(s) 'latest_only' retrieved from /home/airflow/.local/lib/python3.12/site-packages/airflow/example_dags/example_latest_only.py
[2025-08-04T15:31:44.844+0000] {logging_mixin.py:188} INFO - [2025-08-04T15:31:44.843+0000] {dag.py:3096} INFO - Sync 1 DAGs
[2025-08-04T15:31:44.874+0000] {logging_mixin.py:188} INFO - [2025-08-04T15:31:44.874+0000] {dag.py:3954} INFO - Setting next_dagrun for latest_only to 2025-08-04 08:00:00+00:00, run_after=2025-08-04 12:00:00+00:00
[2025-08-04T15:31:44.897+0000] {processor.py:183} INFO - Processing /home/airflow/.local/lib/python3.12/site-packages/airflow/example_dags/example_latest_only.py took 0.110 seconds
[2025-08-04T15:53:01.250+0000] {processor.py:161} INFO - Started process (PID=82) to work on /home/airflow/.local/lib/python3.12/site-packages/airflow/example_dags/example_latest_only.py
[2025-08-04T15:53:01.292+0000] {processor.py:830} INFO - Processing file /home/airflow/.local/lib/python3.12/site-packages/airflow/example_dags/example_latest_only.py for tasks to queue
[2025-08-04T15:53:01.404+0000] {logging_mixin.py:188} INFO - [2025-08-04T15:53:01.404+0000] {dagbag.py:545} INFO - Filling up the DagBag from /home/airflow/.local/lib/python3.12/site-packages/airflow/example_dags/example_latest_only.py
[2025-08-04T15:53:01.433+0000] {processor.py:840} INFO - DAG(s) 'latest_only' retrieved from /home/airflow/.local/lib/python3.12/site-packages/airflow/example_dags/example_latest_only.py
[2025-08-04T15:53:01.791+0000] {logging_mixin.py:188} INFO - [2025-08-04T15:53:01.791+0000] {dag.py:3096} INFO - Sync 1 DAGs
[2025-08-04T15:53:01.889+0000] {logging_mixin.py:188} INFO - [2025-08-04T15:53:01.888+0000] {dag.py:3954} INFO - Setting next_dagrun for latest_only to 2025-08-04 08:00:00+00:00, run_after=2025-08-04 12:00:00+00:00
[2025-08-04T15:53:02.279+0000] {processor.py:183} INFO - Processing /home/airflow/.local/lib/python3.12/site-packages/airflow/example_dags/example_latest_only.py took 1.105 seconds
[2025-08-04T15:53:32.498+0000] {processor.py:161} INFO - Started process (PID=140) to work on /home/airflow/.local/lib/python3.12/site-packages/airflow/example_dags/example_latest_only.py
[2025-08-04T15:53:32.499+0000] {processor.py:830} INFO - Processing file /home/airflow/.local/lib/python3.12/site-packages/airflow/example_dags/example_latest_only.py for tasks to queue
[2025-08-04T15:53:32.500+0000] {logging_mixin.py:188} INFO - [2025-08-04T15:53:32.500+0000] {dagbag.py:545} INFO - Filling up the DagBag from /home/airflow/.local/lib/python3.12/site-packages/airflow/example_dags/example_latest_only.py
[2025-08-04T15:53:32.506+0000] {processor.py:840} INFO - DAG(s) 'latest_only' retrieved from /home/airflow/.local/lib/python3.12/site-packages/airflow/example_dags/example_latest_only.py
[2025-08-04T15:53:32.537+0000] {logging_mixin.py:188} INFO - [2025-08-04T15:53:32.536+0000] {dag.py:3096} INFO - Sync 1 DAGs
[2025-08-04T15:53:32.567+0000] {logging_mixin.py:188} INFO - [2025-08-04T15:53:32.567+0000] {dag.py:3954} INFO - Setting next_dagrun for latest_only to 2025-08-04 08:00:00+00:00, run_after=2025-08-04 12:00:00+00:00
[2025-08-04T15:53:32.618+0000] {processor.py:183} INFO - Processing /home/airflow/.local/lib/python3.12/site-packages/airflow/example_dags/example_latest_only.py took 0.127 seconds
[2025-08-04T15:54:02.863+0000] {processor.py:161} INFO - Started process (PID=198) to work on /home/airflow/.local/lib/python3.12/site-packages/airflow/example_dags/example_latest_only.py
[2025-08-04T15:54:02.866+0000] {processor.py:830} INFO - Processing file /home/airflow/.local/lib/python3.12/site-packages/airflow/example_dags/example_latest_only.py for tasks to queue
[2025-08-04T15:54:02.872+0000] {logging_mixin.py:188} INFO - [2025-08-04T15:54:02.871+0000] {dagbag.py:545} INFO - Filling up the DagBag from /home/airflow/.local/lib/python3.12/site-packages/airflow/example_dags/example_latest_only.py
[2025-08-04T15:54:02.878+0000] {processor.py:840} INFO - DAG(s) 'latest_only' retrieved from /home/airflow/.local/lib/python3.12/site-packages/airflow/example_dags/example_latest_only.py
[2025-08-04T15:54:02.898+0000] {logging_mixin.py:188} INFO - [2025-08-04T15:54:02.898+0000] {dag.py:3096} INFO - Sync 1 DAGs
[2025-08-04T15:54:02.911+0000] {logging_mixin.py:188} INFO - [2025-08-04T15:54:02.911+0000] {dag.py:3954} INFO - Setting next_dagrun for latest_only to 2025-08-04 08:00:00+00:00, run_after=2025-08-04 12:00:00+00:00
[2025-08-04T15:54:02.924+0000] {processor.py:183} INFO - Processing /home/airflow/.local/lib/python3.12/site-packages/airflow/example_dags/example_latest_only.py took 0.069 seconds
[2025-08-04T15:54:33.277+0000] {processor.py:161} INFO - Started process (PID=256) to work on /home/airflow/.local/lib/python3.12/site-packages/airflow/example_dags/example_latest_only.py
[2025-08-04T15:54:33.280+0000] {processor.py:830} INFO - Processing file /home/airflow/.local/lib/python3.12/site-packages/airflow/example_dags/example_latest_only.py for tasks to queue
[2025-08-04T15:54:33.284+0000] {logging_mixin.py:188} INFO - [2025-08-04T15:54:33.283+0000] {dagbag.py:545} INFO - Filling up the DagBag from /home/airflow/.local/lib/python3.12/site-packages/airflow/example_dags/example_latest_only.py
[2025-08-04T15:54:33.295+0000] {processor.py:840} INFO - DAG(s) 'latest_only' retrieved from /home/airflow/.local/lib/python3.12/site-packages/airflow/example_dags/example_latest_only.py
[2025-08-04T15:54:33.331+0000] {logging_mixin.py:188} INFO - [2025-08-04T15:54:33.331+0000] {dag.py:3096} INFO - Sync 1 DAGs
[2025-08-04T15:54:33.345+0000] {logging_mixin.py:188} INFO - [2025-08-04T15:54:33.345+0000] {dag.py:3954} INFO - Setting next_dagrun for latest_only to 2025-08-04 08:00:00+00:00, run_after=2025-08-04 12:00:00+00:00
[2025-08-04T15:54:33.360+0000] {processor.py:183} INFO - Processing /home/airflow/.local/lib/python3.12/site-packages/airflow/example_dags/example_latest_only.py took 0.097 seconds
[2025-08-04T15:55:03.607+0000] {processor.py:161} INFO - Started process (PID=314) to work on /home/airflow/.local/lib/python3.12/site-packages/airflow/example_dags/example_latest_only.py
[2025-08-04T15:55:03.617+0000] {processor.py:830} INFO - Processing file /home/airflow/.local/lib/python3.12/site-packages/airflow/example_dags/example_latest_only.py for tasks to queue
[2025-08-04T15:55:03.635+0000] {logging_mixin.py:188} INFO - [2025-08-04T15:55:03.632+0000] {dagbag.py:545} INFO - Filling up the DagBag from /home/airflow/.local/lib/python3.12/site-packages/airflow/example_dags/example_latest_only.py
[2025-08-04T15:55:03.802+0000] {processor.py:840} INFO - DAG(s) 'latest_only' retrieved from /home/airflow/.local/lib/python3.12/site-packages/airflow/example_dags/example_latest_only.py
[2025-08-04T15:55:04.407+0000] {logging_mixin.py:188} INFO - [2025-08-04T15:55:04.393+0000] {dag.py:3096} INFO - Sync 1 DAGs
[2025-08-04T15:55:04.871+0000] {logging_mixin.py:188} INFO - [2025-08-04T15:55:04.855+0000] {dag.py:3954} INFO - Setting next_dagrun for latest_only to 2025-08-04 08:00:00+00:00, run_after=2025-08-04 12:00:00+00:00
[2025-08-04T15:55:05.510+0000] {processor.py:183} INFO - Processing /home/airflow/.local/lib/python3.12/site-packages/airflow/example_dags/example_latest_only.py took 1.936 seconds
[2025-08-04T15:55:35.868+0000] {processor.py:161} INFO - Started process (PID=372) to work on /home/airflow/.local/lib/python3.12/site-packages/airflow/example_dags/example_latest_only.py
[2025-08-04T15:55:35.873+0000] {processor.py:830} INFO - Processing file /home/airflow/.local/lib/python3.12/site-packages/airflow/example_dags/example_latest_only.py for tasks to queue
[2025-08-04T15:55:35.890+0000] {logging_mixin.py:188} INFO - [2025-08-04T15:55:35.888+0000] {dagbag.py:545} INFO - Filling up the DagBag from /home/airflow/.local/lib/python3.12/site-packages/airflow/example_dags/example_latest_only.py
[2025-08-04T15:55:35.895+0000] {processor.py:840} INFO - DAG(s) 'latest_only' retrieved from /home/airflow/.local/lib/python3.12/site-packages/airflow/example_dags/example_latest_only.py
[2025-08-04T15:55:35.970+0000] {logging_mixin.py:188} INFO - [2025-08-04T15:55:35.969+0000] {dag.py:3096} INFO - Sync 1 DAGs
[2025-08-04T15:55:36.026+0000] {logging_mixin.py:188} INFO - [2025-08-04T15:55:36.025+0000] {dag.py:3954} INFO - Setting next_dagrun for latest_only to 2025-08-04 08:00:00+00:00, run_after=2025-08-04 12:00:00+00:00
[2025-08-04T15:55:36.159+0000] {processor.py:183} INFO - Processing /home/airflow/.local/lib/python3.12/site-packages/airflow/example_dags/example_latest_only.py took 0.313 seconds
[2025-08-04T15:56:06.221+0000] {processor.py:161} INFO - Started process (PID=430) to work on /home/airflow/.local/lib/python3.12/site-packages/airflow/example_dags/example_latest_only.py
[2025-08-04T15:56:06.223+0000] {processor.py:830} INFO - Processing file /home/airflow/.local/lib/python3.12/site-packages/airflow/example_dags/example_latest_only.py for tasks to queue
[2025-08-04T15:56:06.228+0000] {logging_mixin.py:188} INFO - [2025-08-04T15:56:06.228+0000] {dagbag.py:545} INFO - Filling up the DagBag from /home/airflow/.local/lib/python3.12/site-packages/airflow/example_dags/example_latest_only.py
[2025-08-04T15:56:06.238+0000] {processor.py:840} INFO - DAG(s) 'latest_only' retrieved from /home/airflow/.local/lib/python3.12/site-packages/airflow/example_dags/example_latest_only.py
[2025-08-04T15:56:06.269+0000] {logging_mixin.py:188} INFO - [2025-08-04T15:56:06.268+0000] {dag.py:3096} INFO - Sync 1 DAGs
[2025-08-04T15:56:06.302+0000] {logging_mixin.py:188} INFO - [2025-08-04T15:56:06.302+0000] {dag.py:3954} INFO - Setting next_dagrun for latest_only to 2025-08-04 08:00:00+00:00, run_after=2025-08-04 12:00:00+00:00
[2025-08-04T15:56:06.318+0000] {processor.py:183} INFO - Processing /home/airflow/.local/lib/python3.12/site-packages/airflow/example_dags/example_latest_only.py took 0.108 seconds
[2025-08-04T15:58:58.989+0000] {processor.py:161} INFO - Started process (PID=82) to work on /home/airflow/.local/lib/python3.12/site-packages/airflow/example_dags/example_latest_only.py
[2025-08-04T15:58:58.994+0000] {processor.py:830} INFO - Processing file /home/airflow/.local/lib/python3.12/site-packages/airflow/example_dags/example_latest_only.py for tasks to queue
[2025-08-04T15:58:58.999+0000] {logging_mixin.py:188} INFO - [2025-08-04T15:58:58.999+0000] {dagbag.py:545} INFO - Filling up the DagBag from /home/airflow/.local/lib/python3.12/site-packages/airflow/example_dags/example_latest_only.py
[2025-08-04T15:58:59.022+0000] {processor.py:840} INFO - DAG(s) 'latest_only' retrieved from /home/airflow/.local/lib/python3.12/site-packages/airflow/example_dags/example_latest_only.py
[2025-08-04T15:58:59.149+0000] {logging_mixin.py:188} INFO - [2025-08-04T15:58:59.149+0000] {dag.py:3096} INFO - Sync 1 DAGs
[2025-08-04T15:58:59.247+0000] {logging_mixin.py:188} INFO - [2025-08-04T15:58:59.246+0000] {dag.py:3954} INFO - Setting next_dagrun for latest_only to 2025-08-04 08:00:00+00:00, run_after=2025-08-04 12:00:00+00:00
[2025-08-04T15:58:59.309+0000] {processor.py:183} INFO - Processing /home/airflow/.local/lib/python3.12/site-packages/airflow/example_dags/example_latest_only.py took 0.351 seconds
[2025-08-04T15:59:29.893+0000] {processor.py:161} INFO - Started process (PID=140) to work on /home/airflow/.local/lib/python3.12/site-packages/airflow/example_dags/example_latest_only.py
[2025-08-04T15:59:29.894+0000] {processor.py:830} INFO - Processing file /home/airflow/.local/lib/python3.12/site-packages/airflow/example_dags/example_latest_only.py for tasks to queue
[2025-08-04T15:59:29.895+0000] {logging_mixin.py:188} INFO - [2025-08-04T15:59:29.895+0000] {dagbag.py:545} INFO - Filling up the DagBag from /home/airflow/.local/lib/python3.12/site-packages/airflow/example_dags/example_latest_only.py
[2025-08-04T15:59:29.898+0000] {processor.py:840} INFO - DAG(s) 'latest_only' retrieved from /home/airflow/.local/lib/python3.12/site-packages/airflow/example_dags/example_latest_only.py
[2025-08-04T15:59:29.917+0000] {logging_mixin.py:188} INFO - [2025-08-04T15:59:29.917+0000] {dag.py:3096} INFO - Sync 1 DAGs
[2025-08-04T15:59:29.929+0000] {logging_mixin.py:188} INFO - [2025-08-04T15:59:29.929+0000] {dag.py:3954} INFO - Setting next_dagrun for latest_only to 2025-08-04 08:00:00+00:00, run_after=2025-08-04 12:00:00+00:00
[2025-08-04T15:59:29.939+0000] {processor.py:183} INFO - Processing /home/airflow/.local/lib/python3.12/site-packages/airflow/example_dags/example_latest_only.py took 0.048 seconds
[2025-08-04T16:00:00.437+0000] {processor.py:161} INFO - Started process (PID=198) to work on /home/airflow/.local/lib/python3.12/site-packages/airflow/example_dags/example_latest_only.py
[2025-08-04T16:00:00.439+0000] {processor.py:830} INFO - Processing file /home/airflow/.local/lib/python3.12/site-packages/airflow/example_dags/example_latest_only.py for tasks to queue
[2025-08-04T16:00:00.443+0000] {logging_mixin.py:188} INFO - [2025-08-04T16:00:00.443+0000] {dagbag.py:545} INFO - Filling up the DagBag from /home/airflow/.local/lib/python3.12/site-packages/airflow/example_dags/example_latest_only.py
[2025-08-04T16:00:00.460+0000] {processor.py:840} INFO - DAG(s) 'latest_only' retrieved from /home/airflow/.local/lib/python3.12/site-packages/airflow/example_dags/example_latest_only.py
[2025-08-04T16:00:00.493+0000] {logging_mixin.py:188} INFO - [2025-08-04T16:00:00.493+0000] {dag.py:3096} INFO - Sync 1 DAGs
[2025-08-04T16:00:00.509+0000] {logging_mixin.py:188} INFO - [2025-08-04T16:00:00.509+0000] {dag.py:3954} INFO - Setting next_dagrun for latest_only to 2025-08-04 12:00:00+00:00, run_after=2025-08-04 16:00:00+00:00
[2025-08-04T16:00:00.537+0000] {processor.py:183} INFO - Processing /home/airflow/.local/lib/python3.12/site-packages/airflow/example_dags/example_latest_only.py took 0.103 seconds
[2025-08-04T16:00:31.123+0000] {processor.py:161} INFO - Started process (PID=256) to work on /home/airflow/.local/lib/python3.12/site-packages/airflow/example_dags/example_latest_only.py
[2025-08-04T16:00:31.132+0000] {processor.py:830} INFO - Processing file /home/airflow/.local/lib/python3.12/site-packages/airflow/example_dags/example_latest_only.py for tasks to queue
[2025-08-04T16:00:31.159+0000] {logging_mixin.py:188} INFO - [2025-08-04T16:00:31.158+0000] {dagbag.py:545} INFO - Filling up the DagBag from /home/airflow/.local/lib/python3.12/site-packages/airflow/example_dags/example_latest_only.py
[2025-08-04T16:00:31.293+0000] {processor.py:840} INFO - DAG(s) 'latest_only' retrieved from /home/airflow/.local/lib/python3.12/site-packages/airflow/example_dags/example_latest_only.py
[2025-08-04T16:00:31.439+0000] {logging_mixin.py:188} INFO - [2025-08-04T16:00:31.439+0000] {dag.py:3096} INFO - Sync 1 DAGs
[2025-08-04T16:00:31.709+0000] {logging_mixin.py:188} INFO - [2025-08-04T16:00:31.708+0000] {dag.py:3954} INFO - Setting next_dagrun for latest_only to 2025-08-04 12:00:00+00:00, run_after=2025-08-04 16:00:00+00:00
[2025-08-04T16:00:31.779+0000] {processor.py:183} INFO - Processing /home/airflow/.local/lib/python3.12/site-packages/airflow/example_dags/example_latest_only.py took 0.683 seconds
[2025-08-04T16:01:02.270+0000] {processor.py:161} INFO - Started process (PID=314) to work on /home/airflow/.local/lib/python3.12/site-packages/airflow/example_dags/example_latest_only.py
[2025-08-04T16:01:02.273+0000] {processor.py:830} INFO - Processing file /home/airflow/.local/lib/python3.12/site-packages/airflow/example_dags/example_latest_only.py for tasks to queue
[2025-08-04T16:01:02.275+0000] {logging_mixin.py:188} INFO - [2025-08-04T16:01:02.275+0000] {dagbag.py:545} INFO - Filling up the DagBag from /home/airflow/.local/lib/python3.12/site-packages/airflow/example_dags/example_latest_only.py
[2025-08-04T16:01:02.281+0000] {processor.py:840} INFO - DAG(s) 'latest_only' retrieved from /home/airflow/.local/lib/python3.12/site-packages/airflow/example_dags/example_latest_only.py
[2025-08-04T16:01:02.301+0000] {logging_mixin.py:188} INFO - [2025-08-04T16:01:02.301+0000] {dag.py:3096} INFO - Sync 1 DAGs
[2025-08-04T16:01:02.313+0000] {logging_mixin.py:188} INFO - [2025-08-04T16:01:02.313+0000] {dag.py:3954} INFO - Setting next_dagrun for latest_only to 2025-08-04 12:00:00+00:00, run_after=2025-08-04 16:00:00+00:00
[2025-08-04T16:01:02.327+0000] {processor.py:183} INFO - Processing /home/airflow/.local/lib/python3.12/site-packages/airflow/example_dags/example_latest_only.py took 0.060 seconds
[2025-08-04T16:35:20.395+0000] {processor.py:161} INFO - Started process (PID=83) to work on /home/airflow/.local/lib/python3.12/site-packages/airflow/example_dags/example_latest_only.py
[2025-08-04T16:35:20.397+0000] {processor.py:830} INFO - Processing file /home/airflow/.local/lib/python3.12/site-packages/airflow/example_dags/example_latest_only.py for tasks to queue
[2025-08-04T16:35:20.399+0000] {logging_mixin.py:188} INFO - [2025-08-04T16:35:20.398+0000] {dagbag.py:545} INFO - Filling up the DagBag from /home/airflow/.local/lib/python3.12/site-packages/airflow/example_dags/example_latest_only.py
[2025-08-04T16:35:20.403+0000] {processor.py:840} INFO - DAG(s) 'latest_only' retrieved from /home/airflow/.local/lib/python3.12/site-packages/airflow/example_dags/example_latest_only.py
[2025-08-04T16:35:20.424+0000] {logging_mixin.py:188} INFO - [2025-08-04T16:35:20.424+0000] {dag.py:3096} INFO - Sync 1 DAGs
[2025-08-04T16:35:20.465+0000] {logging_mixin.py:188} INFO - [2025-08-04T16:35:20.465+0000] {dag.py:3954} INFO - Setting next_dagrun for latest_only to 2025-08-04 12:00:00+00:00, run_after=2025-08-04 16:00:00+00:00
[2025-08-04T16:35:20.504+0000] {processor.py:183} INFO - Processing /home/airflow/.local/lib/python3.12/site-packages/airflow/example_dags/example_latest_only.py took 0.114 seconds
