[2025-08-04T03:45:38.389+0000] {processor.py:161} INFO - Started process (PID=72) to work on /home/airflow/.local/lib/python3.12/site-packages/airflow/example_dags/example_branch_datetime_operator.py
[2025-08-04T03:45:38.393+0000] {processor.py:830} INFO - Processing file /home/airflow/.local/lib/python3.12/site-packages/airflow/example_dags/example_branch_datetime_operator.py for tasks to queue
[2025-08-04T03:45:38.395+0000] {logging_mixin.py:188} INFO - [2025-08-04T03:45:38.395+0000] {dagbag.py:545} INFO - Filling up the DagBag from /home/airflow/.local/lib/python3.12/site-packages/airflow/example_dags/example_branch_datetime_operator.py
[2025-08-04T03:45:38.406+0000] {processor.py:840} INFO - DAG(s) 'example_branch_datetime_operator_3', 'example_branch_datetime_operator', 'example_branch_datetime_operator_2' retrieved from /home/airflow/.local/lib/python3.12/site-packages/airflow/example_dags/example_branch_datetime_operator.py
[2025-08-04T03:45:38.473+0000] {logging_mixin.py:188} INFO - [2025-08-04T03:45:38.473+0000] {dag.py:3096} INFO - Sync 3 DAGs
[2025-08-04T03:45:38.589+0000] {logging_mixin.py:188} INFO - [2025-08-04T03:45:38.589+0000] {dag.py:3954} INFO - Setting next_dagrun for example_branch_datetime_operator to 2025-08-03 00:00:00+00:00, run_after=2025-08-04 00:00:00+00:00
[2025-08-04T03:45:38.621+0000] {logging_mixin.py:188} INFO - [2025-08-04T03:45:38.621+0000] {dag.py:3954} INFO - Setting next_dagrun for example_branch_datetime_operator_2 to 2025-08-03 00:00:00+00:00, run_after=2025-08-04 00:00:00+00:00
[2025-08-04T03:45:38.634+0000] {logging_mixin.py:188} INFO - [2025-08-04T03:45:38.634+0000] {dag.py:3954} INFO - Setting next_dagrun for example_branch_datetime_operator_3 to 2025-08-03 00:00:00+00:00, run_after=2025-08-04 00:00:00+00:00
[2025-08-04T03:45:38.699+0000] {processor.py:183} INFO - Processing /home/airflow/.local/lib/python3.12/site-packages/airflow/example_dags/example_branch_datetime_operator.py took 0.318 seconds
[2025-08-04T03:46:46.492+0000] {processor.py:161} INFO - Started process (PID=136) to work on /home/airflow/.local/lib/python3.12/site-packages/airflow/example_dags/example_branch_datetime_operator.py
[2025-08-04T03:46:46.598+0000] {processor.py:830} INFO - Processing file /home/airflow/.local/lib/python3.12/site-packages/airflow/example_dags/example_branch_datetime_operator.py for tasks to queue
[2025-08-04T03:46:46.657+0000] {logging_mixin.py:188} INFO - [2025-08-04T03:46:46.656+0000] {dagbag.py:545} INFO - Filling up the DagBag from /home/airflow/.local/lib/python3.12/site-packages/airflow/example_dags/example_branch_datetime_operator.py
[2025-08-04T03:46:46.757+0000] {processor.py:840} INFO - DAG(s) 'example_branch_datetime_operator_2', 'example_branch_datetime_operator', 'example_branch_datetime_operator_3' retrieved from /home/airflow/.local/lib/python3.12/site-packages/airflow/example_dags/example_branch_datetime_operator.py
[2025-08-04T03:46:47.893+0000] {logging_mixin.py:188} INFO - [2025-08-04T03:46:47.892+0000] {dag.py:3096} INFO - Sync 3 DAGs
[2025-08-04T03:46:48.029+0000] {logging_mixin.py:188} INFO - [2025-08-04T03:46:48.028+0000] {dag.py:3954} INFO - Setting next_dagrun for example_branch_datetime_operator to 2025-08-03 00:00:00+00:00, run_after=2025-08-04 00:00:00+00:00
[2025-08-04T03:46:48.392+0000] {logging_mixin.py:188} INFO - [2025-08-04T03:46:48.340+0000] {dag.py:3954} INFO - Setting next_dagrun for example_branch_datetime_operator_2 to 2025-08-03 00:00:00+00:00, run_after=2025-08-04 00:00:00+00:00
[2025-08-04T03:46:48.581+0000] {logging_mixin.py:188} INFO - [2025-08-04T03:46:48.558+0000] {dag.py:3954} INFO - Setting next_dagrun for example_branch_datetime_operator_3 to 2025-08-03 00:00:00+00:00, run_after=2025-08-04 00:00:00+00:00
[2025-08-04T03:46:50.269+0000] {processor.py:183} INFO - Processing /home/airflow/.local/lib/python3.12/site-packages/airflow/example_dags/example_branch_datetime_operator.py took 3.770 seconds
[2025-08-04T03:47:39.229+0000] {processor.py:161} INFO - Started process (PID=198) to work on /home/airflow/.local/lib/python3.12/site-packages/airflow/example_dags/example_branch_datetime_operator.py
[2025-08-04T03:47:39.235+0000] {processor.py:830} INFO - Processing file /home/airflow/.local/lib/python3.12/site-packages/airflow/example_dags/example_branch_datetime_operator.py for tasks to queue
[2025-08-04T03:47:39.240+0000] {logging_mixin.py:188} INFO - [2025-08-04T03:47:39.240+0000] {dagbag.py:545} INFO - Filling up the DagBag from /home/airflow/.local/lib/python3.12/site-packages/airflow/example_dags/example_branch_datetime_operator.py
[2025-08-04T03:47:39.289+0000] {processor.py:840} INFO - DAG(s) 'example_branch_datetime_operator_2', 'example_branch_datetime_operator', 'example_branch_datetime_operator_3' retrieved from /home/airflow/.local/lib/python3.12/site-packages/airflow/example_dags/example_branch_datetime_operator.py
[2025-08-04T03:47:39.392+0000] {logging_mixin.py:188} INFO - [2025-08-04T03:47:39.391+0000] {dag.py:3096} INFO - Sync 3 DAGs
[2025-08-04T03:47:39.497+0000] {logging_mixin.py:188} INFO - [2025-08-04T03:47:39.497+0000] {dag.py:3954} INFO - Setting next_dagrun for example_branch_datetime_operator to 2025-08-03 00:00:00+00:00, run_after=2025-08-04 00:00:00+00:00
[2025-08-04T03:47:39.523+0000] {logging_mixin.py:188} INFO - [2025-08-04T03:47:39.518+0000] {dag.py:3954} INFO - Setting next_dagrun for example_branch_datetime_operator_2 to 2025-08-03 00:00:00+00:00, run_after=2025-08-04 00:00:00+00:00
[2025-08-04T03:47:39.549+0000] {logging_mixin.py:188} INFO - [2025-08-04T03:47:39.549+0000] {dag.py:3954} INFO - Setting next_dagrun for example_branch_datetime_operator_3 to 2025-08-03 00:00:00+00:00, run_after=2025-08-04 00:00:00+00:00
[2025-08-04T03:47:39.685+0000] {processor.py:183} INFO - Processing /home/airflow/.local/lib/python3.12/site-packages/airflow/example_dags/example_branch_datetime_operator.py took 0.462 seconds
[2025-08-04T03:48:14.442+0000] {processor.py:161} INFO - Started process (PID=256) to work on /home/airflow/.local/lib/python3.12/site-packages/airflow/example_dags/example_branch_datetime_operator.py
[2025-08-04T03:48:14.580+0000] {processor.py:830} INFO - Processing file /home/airflow/.local/lib/python3.12/site-packages/airflow/example_dags/example_branch_datetime_operator.py for tasks to queue
[2025-08-04T03:48:14.603+0000] {logging_mixin.py:188} INFO - [2025-08-04T03:48:14.602+0000] {dagbag.py:545} INFO - Filling up the DagBag from /home/airflow/.local/lib/python3.12/site-packages/airflow/example_dags/example_branch_datetime_operator.py
[2025-08-04T03:48:14.739+0000] {processor.py:840} INFO - DAG(s) 'example_branch_datetime_operator_3', 'example_branch_datetime_operator', 'example_branch_datetime_operator_2' retrieved from /home/airflow/.local/lib/python3.12/site-packages/airflow/example_dags/example_branch_datetime_operator.py
[2025-08-04T03:48:14.980+0000] {logging_mixin.py:188} INFO - [2025-08-04T03:48:14.979+0000] {dag.py:3096} INFO - Sync 3 DAGs
[2025-08-04T03:48:15.064+0000] {logging_mixin.py:188} INFO - [2025-08-04T03:48:15.063+0000] {dag.py:3954} INFO - Setting next_dagrun for example_branch_datetime_operator to 2025-08-03 00:00:00+00:00, run_after=2025-08-04 00:00:00+00:00
[2025-08-04T03:48:15.078+0000] {logging_mixin.py:188} INFO - [2025-08-04T03:48:15.078+0000] {dag.py:3954} INFO - Setting next_dagrun for example_branch_datetime_operator_2 to 2025-08-03 00:00:00+00:00, run_after=2025-08-04 00:00:00+00:00
[2025-08-04T03:48:15.096+0000] {logging_mixin.py:188} INFO - [2025-08-04T03:48:15.095+0000] {dag.py:3954} INFO - Setting next_dagrun for example_branch_datetime_operator_3 to 2025-08-03 00:00:00+00:00, run_after=2025-08-04 00:00:00+00:00
[2025-08-04T03:48:15.287+0000] {processor.py:183} INFO - Processing /home/airflow/.local/lib/python3.12/site-packages/airflow/example_dags/example_branch_datetime_operator.py took 0.902 seconds
[2025-08-04T03:48:45.595+0000] {processor.py:161} INFO - Started process (PID=314) to work on /home/airflow/.local/lib/python3.12/site-packages/airflow/example_dags/example_branch_datetime_operator.py
[2025-08-04T03:48:45.599+0000] {processor.py:830} INFO - Processing file /home/airflow/.local/lib/python3.12/site-packages/airflow/example_dags/example_branch_datetime_operator.py for tasks to queue
[2025-08-04T03:48:45.602+0000] {logging_mixin.py:188} INFO - [2025-08-04T03:48:45.601+0000] {dagbag.py:545} INFO - Filling up the DagBag from /home/airflow/.local/lib/python3.12/site-packages/airflow/example_dags/example_branch_datetime_operator.py
[2025-08-04T03:48:45.620+0000] {processor.py:840} INFO - DAG(s) 'example_branch_datetime_operator', 'example_branch_datetime_operator_3', 'example_branch_datetime_operator_2' retrieved from /home/airflow/.local/lib/python3.12/site-packages/airflow/example_dags/example_branch_datetime_operator.py
[2025-08-04T03:48:45.659+0000] {logging_mixin.py:188} INFO - [2025-08-04T03:48:45.659+0000] {dag.py:3096} INFO - Sync 3 DAGs
[2025-08-04T03:48:45.684+0000] {logging_mixin.py:188} INFO - [2025-08-04T03:48:45.683+0000] {dag.py:3954} INFO - Setting next_dagrun for example_branch_datetime_operator to 2025-08-03 00:00:00+00:00, run_after=2025-08-04 00:00:00+00:00
[2025-08-04T03:48:45.688+0000] {logging_mixin.py:188} INFO - [2025-08-04T03:48:45.688+0000] {dag.py:3954} INFO - Setting next_dagrun for example_branch_datetime_operator_2 to 2025-08-03 00:00:00+00:00, run_after=2025-08-04 00:00:00+00:00
[2025-08-04T03:48:45.691+0000] {logging_mixin.py:188} INFO - [2025-08-04T03:48:45.691+0000] {dag.py:3954} INFO - Setting next_dagrun for example_branch_datetime_operator_3 to 2025-08-03 00:00:00+00:00, run_after=2025-08-04 00:00:00+00:00
[2025-08-04T03:48:45.713+0000] {processor.py:183} INFO - Processing /home/airflow/.local/lib/python3.12/site-packages/airflow/example_dags/example_branch_datetime_operator.py took 0.132 seconds
[2025-08-04T15:16:41.477+0000] {processor.py:161} INFO - Started process (PID=73) to work on /home/airflow/.local/lib/python3.12/site-packages/airflow/example_dags/example_branch_datetime_operator.py
[2025-08-04T15:16:41.480+0000] {processor.py:830} INFO - Processing file /home/airflow/.local/lib/python3.12/site-packages/airflow/example_dags/example_branch_datetime_operator.py for tasks to queue
[2025-08-04T15:16:41.493+0000] {logging_mixin.py:188} INFO - [2025-08-04T15:16:41.493+0000] {dagbag.py:545} INFO - Filling up the DagBag from /home/airflow/.local/lib/python3.12/site-packages/airflow/example_dags/example_branch_datetime_operator.py
[2025-08-04T15:16:41.537+0000] {processor.py:840} INFO - DAG(s) 'example_branch_datetime_operator', 'example_branch_datetime_operator_2', 'example_branch_datetime_operator_3' retrieved from /home/airflow/.local/lib/python3.12/site-packages/airflow/example_dags/example_branch_datetime_operator.py
[2025-08-04T15:16:41.620+0000] {logging_mixin.py:188} INFO - [2025-08-04T15:16:41.620+0000] {dag.py:3096} INFO - Sync 3 DAGs
[2025-08-04T15:16:41.681+0000] {logging_mixin.py:188} INFO - [2025-08-04T15:16:41.681+0000] {dag.py:3954} INFO - Setting next_dagrun for example_branch_datetime_operator to 2025-08-03 00:00:00+00:00, run_after=2025-08-04 00:00:00+00:00
[2025-08-04T15:16:41.716+0000] {logging_mixin.py:188} INFO - [2025-08-04T15:16:41.716+0000] {dag.py:3954} INFO - Setting next_dagrun for example_branch_datetime_operator_2 to 2025-08-03 00:00:00+00:00, run_after=2025-08-04 00:00:00+00:00
[2025-08-04T15:16:41.723+0000] {logging_mixin.py:188} INFO - [2025-08-04T15:16:41.723+0000] {dag.py:3954} INFO - Setting next_dagrun for example_branch_datetime_operator_3 to 2025-08-03 00:00:00+00:00, run_after=2025-08-04 00:00:00+00:00
[2025-08-04T15:16:41.830+0000] {processor.py:183} INFO - Processing /home/airflow/.local/lib/python3.12/site-packages/airflow/example_dags/example_branch_datetime_operator.py took 0.371 seconds
[2025-08-04T15:17:12.734+0000] {processor.py:161} INFO - Started process (PID=131) to work on /home/airflow/.local/lib/python3.12/site-packages/airflow/example_dags/example_branch_datetime_operator.py
[2025-08-04T15:17:12.736+0000] {processor.py:830} INFO - Processing file /home/airflow/.local/lib/python3.12/site-packages/airflow/example_dags/example_branch_datetime_operator.py for tasks to queue
[2025-08-04T15:17:12.738+0000] {logging_mixin.py:188} INFO - [2025-08-04T15:17:12.738+0000] {dagbag.py:545} INFO - Filling up the DagBag from /home/airflow/.local/lib/python3.12/site-packages/airflow/example_dags/example_branch_datetime_operator.py
[2025-08-04T15:17:12.756+0000] {processor.py:840} INFO - DAG(s) 'example_branch_datetime_operator_3', 'example_branch_datetime_operator', 'example_branch_datetime_operator_2' retrieved from /home/airflow/.local/lib/python3.12/site-packages/airflow/example_dags/example_branch_datetime_operator.py
[2025-08-04T15:17:12.803+0000] {logging_mixin.py:188} INFO - [2025-08-04T15:17:12.802+0000] {dag.py:3096} INFO - Sync 3 DAGs
[2025-08-04T15:17:12.851+0000] {logging_mixin.py:188} INFO - [2025-08-04T15:17:12.850+0000] {dag.py:3954} INFO - Setting next_dagrun for example_branch_datetime_operator to 2025-08-03 00:00:00+00:00, run_after=2025-08-04 00:00:00+00:00
[2025-08-04T15:17:12.858+0000] {logging_mixin.py:188} INFO - [2025-08-04T15:17:12.858+0000] {dag.py:3954} INFO - Setting next_dagrun for example_branch_datetime_operator_2 to 2025-08-03 00:00:00+00:00, run_after=2025-08-04 00:00:00+00:00
[2025-08-04T15:17:12.863+0000] {logging_mixin.py:188} INFO - [2025-08-04T15:17:12.863+0000] {dag.py:3954} INFO - Setting next_dagrun for example_branch_datetime_operator_3 to 2025-08-03 00:00:00+00:00, run_after=2025-08-04 00:00:00+00:00
[2025-08-04T15:17:12.893+0000] {processor.py:183} INFO - Processing /home/airflow/.local/lib/python3.12/site-packages/airflow/example_dags/example_branch_datetime_operator.py took 0.164 seconds
[2025-08-04T15:17:42.939+0000] {processor.py:161} INFO - Started process (PID=190) to work on /home/airflow/.local/lib/python3.12/site-packages/airflow/example_dags/example_branch_datetime_operator.py
[2025-08-04T15:17:42.940+0000] {processor.py:830} INFO - Processing file /home/airflow/.local/lib/python3.12/site-packages/airflow/example_dags/example_branch_datetime_operator.py for tasks to queue
[2025-08-04T15:17:42.946+0000] {logging_mixin.py:188} INFO - [2025-08-04T15:17:42.944+0000] {dagbag.py:545} INFO - Filling up the DagBag from /home/airflow/.local/lib/python3.12/site-packages/airflow/example_dags/example_branch_datetime_operator.py
[2025-08-04T15:17:42.961+0000] {processor.py:840} INFO - DAG(s) 'example_branch_datetime_operator_2', 'example_branch_datetime_operator', 'example_branch_datetime_operator_3' retrieved from /home/airflow/.local/lib/python3.12/site-packages/airflow/example_dags/example_branch_datetime_operator.py
[2025-08-04T15:17:42.984+0000] {logging_mixin.py:188} INFO - [2025-08-04T15:17:42.984+0000] {dag.py:3096} INFO - Sync 3 DAGs
[2025-08-04T15:17:42.999+0000] {logging_mixin.py:188} INFO - [2025-08-04T15:17:42.999+0000] {dag.py:3954} INFO - Setting next_dagrun for example_branch_datetime_operator to 2025-08-03 00:00:00+00:00, run_after=2025-08-04 00:00:00+00:00
[2025-08-04T15:17:43.003+0000] {logging_mixin.py:188} INFO - [2025-08-04T15:17:43.002+0000] {dag.py:3954} INFO - Setting next_dagrun for example_branch_datetime_operator_2 to 2025-08-03 00:00:00+00:00, run_after=2025-08-04 00:00:00+00:00
[2025-08-04T15:17:43.004+0000] {logging_mixin.py:188} INFO - [2025-08-04T15:17:43.004+0000] {dag.py:3954} INFO - Setting next_dagrun for example_branch_datetime_operator_3 to 2025-08-03 00:00:00+00:00, run_after=2025-08-04 00:00:00+00:00
[2025-08-04T15:17:43.021+0000] {processor.py:183} INFO - Processing /home/airflow/.local/lib/python3.12/site-packages/airflow/example_dags/example_branch_datetime_operator.py took 0.087 seconds
[2025-08-04T15:18:13.486+0000] {processor.py:161} INFO - Started process (PID=247) to work on /home/airflow/.local/lib/python3.12/site-packages/airflow/example_dags/example_branch_datetime_operator.py
[2025-08-04T15:18:13.492+0000] {processor.py:830} INFO - Processing file /home/airflow/.local/lib/python3.12/site-packages/airflow/example_dags/example_branch_datetime_operator.py for tasks to queue
[2025-08-04T15:18:13.494+0000] {logging_mixin.py:188} INFO - [2025-08-04T15:18:13.494+0000] {dagbag.py:545} INFO - Filling up the DagBag from /home/airflow/.local/lib/python3.12/site-packages/airflow/example_dags/example_branch_datetime_operator.py
[2025-08-04T15:18:13.505+0000] {processor.py:840} INFO - DAG(s) 'example_branch_datetime_operator', 'example_branch_datetime_operator_3', 'example_branch_datetime_operator_2' retrieved from /home/airflow/.local/lib/python3.12/site-packages/airflow/example_dags/example_branch_datetime_operator.py
[2025-08-04T15:18:13.542+0000] {logging_mixin.py:188} INFO - [2025-08-04T15:18:13.542+0000] {dag.py:3096} INFO - Sync 3 DAGs
[2025-08-04T15:18:13.568+0000] {logging_mixin.py:188} INFO - [2025-08-04T15:18:13.568+0000] {dag.py:3954} INFO - Setting next_dagrun for example_branch_datetime_operator to 2025-08-03 00:00:00+00:00, run_after=2025-08-04 00:00:00+00:00
[2025-08-04T15:18:13.571+0000] {logging_mixin.py:188} INFO - [2025-08-04T15:18:13.571+0000] {dag.py:3954} INFO - Setting next_dagrun for example_branch_datetime_operator_2 to 2025-08-03 00:00:00+00:00, run_after=2025-08-04 00:00:00+00:00
[2025-08-04T15:18:13.573+0000] {logging_mixin.py:188} INFO - [2025-08-04T15:18:13.573+0000] {dag.py:3954} INFO - Setting next_dagrun for example_branch_datetime_operator_3 to 2025-08-03 00:00:00+00:00, run_after=2025-08-04 00:00:00+00:00
[2025-08-04T15:18:13.595+0000] {processor.py:183} INFO - Processing /home/airflow/.local/lib/python3.12/site-packages/airflow/example_dags/example_branch_datetime_operator.py took 0.114 seconds
[2025-08-04T15:18:44.242+0000] {processor.py:161} INFO - Started process (PID=305) to work on /home/airflow/.local/lib/python3.12/site-packages/airflow/example_dags/example_branch_datetime_operator.py
[2025-08-04T15:18:44.247+0000] {processor.py:830} INFO - Processing file /home/airflow/.local/lib/python3.12/site-packages/airflow/example_dags/example_branch_datetime_operator.py for tasks to queue
[2025-08-04T15:18:44.263+0000] {logging_mixin.py:188} INFO - [2025-08-04T15:18:44.262+0000] {dagbag.py:545} INFO - Filling up the DagBag from /home/airflow/.local/lib/python3.12/site-packages/airflow/example_dags/example_branch_datetime_operator.py
[2025-08-04T15:18:44.314+0000] {processor.py:840} INFO - DAG(s) 'example_branch_datetime_operator_2', 'example_branch_datetime_operator', 'example_branch_datetime_operator_3' retrieved from /home/airflow/.local/lib/python3.12/site-packages/airflow/example_dags/example_branch_datetime_operator.py
[2025-08-04T15:18:44.577+0000] {logging_mixin.py:188} INFO - [2025-08-04T15:18:44.576+0000] {dag.py:3096} INFO - Sync 3 DAGs
[2025-08-04T15:18:44.657+0000] {logging_mixin.py:188} INFO - [2025-08-04T15:18:44.655+0000] {dag.py:3954} INFO - Setting next_dagrun for example_branch_datetime_operator to 2025-08-03 00:00:00+00:00, run_after=2025-08-04 00:00:00+00:00
[2025-08-04T15:18:44.670+0000] {logging_mixin.py:188} INFO - [2025-08-04T15:18:44.670+0000] {dag.py:3954} INFO - Setting next_dagrun for example_branch_datetime_operator_2 to 2025-08-03 00:00:00+00:00, run_after=2025-08-04 00:00:00+00:00
[2025-08-04T15:18:44.676+0000] {logging_mixin.py:188} INFO - [2025-08-04T15:18:44.676+0000] {dag.py:3954} INFO - Setting next_dagrun for example_branch_datetime_operator_3 to 2025-08-03 00:00:00+00:00, run_after=2025-08-04 00:00:00+00:00
[2025-08-04T15:18:44.695+0000] {processor.py:183} INFO - Processing /home/airflow/.local/lib/python3.12/site-packages/airflow/example_dags/example_branch_datetime_operator.py took 0.468 seconds
[2025-08-04T15:19:15.054+0000] {processor.py:161} INFO - Started process (PID=363) to work on /home/airflow/.local/lib/python3.12/site-packages/airflow/example_dags/example_branch_datetime_operator.py
[2025-08-04T15:19:15.057+0000] {processor.py:830} INFO - Processing file /home/airflow/.local/lib/python3.12/site-packages/airflow/example_dags/example_branch_datetime_operator.py for tasks to queue
[2025-08-04T15:19:15.063+0000] {logging_mixin.py:188} INFO - [2025-08-04T15:19:15.060+0000] {dagbag.py:545} INFO - Filling up the DagBag from /home/airflow/.local/lib/python3.12/site-packages/airflow/example_dags/example_branch_datetime_operator.py
[2025-08-04T15:19:15.098+0000] {processor.py:840} INFO - DAG(s) 'example_branch_datetime_operator', 'example_branch_datetime_operator_2', 'example_branch_datetime_operator_3' retrieved from /home/airflow/.local/lib/python3.12/site-packages/airflow/example_dags/example_branch_datetime_operator.py
[2025-08-04T15:19:15.162+0000] {logging_mixin.py:188} INFO - [2025-08-04T15:19:15.162+0000] {dag.py:3096} INFO - Sync 3 DAGs
[2025-08-04T15:19:15.205+0000] {logging_mixin.py:188} INFO - [2025-08-04T15:19:15.204+0000] {dag.py:3954} INFO - Setting next_dagrun for example_branch_datetime_operator to 2025-08-03 00:00:00+00:00, run_after=2025-08-04 00:00:00+00:00
[2025-08-04T15:19:15.209+0000] {logging_mixin.py:188} INFO - [2025-08-04T15:19:15.209+0000] {dag.py:3954} INFO - Setting next_dagrun for example_branch_datetime_operator_2 to 2025-08-03 00:00:00+00:00, run_after=2025-08-04 00:00:00+00:00
[2025-08-04T15:19:15.213+0000] {logging_mixin.py:188} INFO - [2025-08-04T15:19:15.213+0000] {dag.py:3954} INFO - Setting next_dagrun for example_branch_datetime_operator_3 to 2025-08-03 00:00:00+00:00, run_after=2025-08-04 00:00:00+00:00
[2025-08-04T15:19:15.244+0000] {processor.py:183} INFO - Processing /home/airflow/.local/lib/python3.12/site-packages/airflow/example_dags/example_branch_datetime_operator.py took 0.203 seconds
[2025-08-04T15:27:07.671+0000] {processor.py:161} INFO - Started process (PID=72) to work on /home/airflow/.local/lib/python3.12/site-packages/airflow/example_dags/example_branch_datetime_operator.py
[2025-08-04T15:27:07.676+0000] {processor.py:830} INFO - Processing file /home/airflow/.local/lib/python3.12/site-packages/airflow/example_dags/example_branch_datetime_operator.py for tasks to queue
[2025-08-04T15:27:07.683+0000] {logging_mixin.py:188} INFO - [2025-08-04T15:27:07.683+0000] {dagbag.py:545} INFO - Filling up the DagBag from /home/airflow/.local/lib/python3.12/site-packages/airflow/example_dags/example_branch_datetime_operator.py
[2025-08-04T15:27:07.718+0000] {processor.py:840} INFO - DAG(s) 'example_branch_datetime_operator_2', 'example_branch_datetime_operator', 'example_branch_datetime_operator_3' retrieved from /home/airflow/.local/lib/python3.12/site-packages/airflow/example_dags/example_branch_datetime_operator.py
[2025-08-04T15:27:07.826+0000] {logging_mixin.py:188} INFO - [2025-08-04T15:27:07.823+0000] {dag.py:3096} INFO - Sync 3 DAGs
[2025-08-04T15:27:07.917+0000] {logging_mixin.py:188} INFO - [2025-08-04T15:27:07.917+0000] {dag.py:3954} INFO - Setting next_dagrun for example_branch_datetime_operator to 2025-08-03 00:00:00+00:00, run_after=2025-08-04 00:00:00+00:00
[2025-08-04T15:27:07.943+0000] {logging_mixin.py:188} INFO - [2025-08-04T15:27:07.943+0000] {dag.py:3954} INFO - Setting next_dagrun for example_branch_datetime_operator_2 to 2025-08-03 00:00:00+00:00, run_after=2025-08-04 00:00:00+00:00
[2025-08-04T15:27:07.966+0000] {logging_mixin.py:188} INFO - [2025-08-04T15:27:07.966+0000] {dag.py:3954} INFO - Setting next_dagrun for example_branch_datetime_operator_3 to 2025-08-03 00:00:00+00:00, run_after=2025-08-04 00:00:00+00:00
[2025-08-04T15:27:08.065+0000] {processor.py:183} INFO - Processing /home/airflow/.local/lib/python3.12/site-packages/airflow/example_dags/example_branch_datetime_operator.py took 0.435 seconds
[2025-08-04T15:27:38.148+0000] {processor.py:161} INFO - Started process (PID=130) to work on /home/airflow/.local/lib/python3.12/site-packages/airflow/example_dags/example_branch_datetime_operator.py
[2025-08-04T15:27:38.149+0000] {processor.py:830} INFO - Processing file /home/airflow/.local/lib/python3.12/site-packages/airflow/example_dags/example_branch_datetime_operator.py for tasks to queue
[2025-08-04T15:27:38.150+0000] {logging_mixin.py:188} INFO - [2025-08-04T15:27:38.150+0000] {dagbag.py:545} INFO - Filling up the DagBag from /home/airflow/.local/lib/python3.12/site-packages/airflow/example_dags/example_branch_datetime_operator.py
[2025-08-04T15:27:38.159+0000] {processor.py:840} INFO - DAG(s) 'example_branch_datetime_operator_3', 'example_branch_datetime_operator_2', 'example_branch_datetime_operator' retrieved from /home/airflow/.local/lib/python3.12/site-packages/airflow/example_dags/example_branch_datetime_operator.py
[2025-08-04T15:27:38.182+0000] {logging_mixin.py:188} INFO - [2025-08-04T15:27:38.181+0000] {dag.py:3096} INFO - Sync 3 DAGs
[2025-08-04T15:27:38.216+0000] {logging_mixin.py:188} INFO - [2025-08-04T15:27:38.215+0000] {dag.py:3954} INFO - Setting next_dagrun for example_branch_datetime_operator to 2025-08-03 00:00:00+00:00, run_after=2025-08-04 00:00:00+00:00
[2025-08-04T15:27:38.222+0000] {logging_mixin.py:188} INFO - [2025-08-04T15:27:38.222+0000] {dag.py:3954} INFO - Setting next_dagrun for example_branch_datetime_operator_2 to 2025-08-03 00:00:00+00:00, run_after=2025-08-04 00:00:00+00:00
[2025-08-04T15:27:38.227+0000] {logging_mixin.py:188} INFO - [2025-08-04T15:27:38.227+0000] {dag.py:3954} INFO - Setting next_dagrun for example_branch_datetime_operator_3 to 2025-08-03 00:00:00+00:00, run_after=2025-08-04 00:00:00+00:00
[2025-08-04T15:27:38.255+0000] {processor.py:183} INFO - Processing /home/airflow/.local/lib/python3.12/site-packages/airflow/example_dags/example_branch_datetime_operator.py took 0.110 seconds
[2025-08-04T15:28:08.317+0000] {processor.py:161} INFO - Started process (PID=188) to work on /home/airflow/.local/lib/python3.12/site-packages/airflow/example_dags/example_branch_datetime_operator.py
[2025-08-04T15:28:08.318+0000] {processor.py:830} INFO - Processing file /home/airflow/.local/lib/python3.12/site-packages/airflow/example_dags/example_branch_datetime_operator.py for tasks to queue
[2025-08-04T15:28:08.319+0000] {logging_mixin.py:188} INFO - [2025-08-04T15:28:08.319+0000] {dagbag.py:545} INFO - Filling up the DagBag from /home/airflow/.local/lib/python3.12/site-packages/airflow/example_dags/example_branch_datetime_operator.py
[2025-08-04T15:28:08.324+0000] {processor.py:840} INFO - DAG(s) 'example_branch_datetime_operator_2', 'example_branch_datetime_operator', 'example_branch_datetime_operator_3' retrieved from /home/airflow/.local/lib/python3.12/site-packages/airflow/example_dags/example_branch_datetime_operator.py
[2025-08-04T15:28:08.343+0000] {logging_mixin.py:188} INFO - [2025-08-04T15:28:08.343+0000] {dag.py:3096} INFO - Sync 3 DAGs
[2025-08-04T15:28:08.353+0000] {logging_mixin.py:188} INFO - [2025-08-04T15:28:08.353+0000] {dag.py:3954} INFO - Setting next_dagrun for example_branch_datetime_operator to 2025-08-03 00:00:00+00:00, run_after=2025-08-04 00:00:00+00:00
[2025-08-04T15:28:08.354+0000] {logging_mixin.py:188} INFO - [2025-08-04T15:28:08.354+0000] {dag.py:3954} INFO - Setting next_dagrun for example_branch_datetime_operator_2 to 2025-08-03 00:00:00+00:00, run_after=2025-08-04 00:00:00+00:00
[2025-08-04T15:28:08.355+0000] {logging_mixin.py:188} INFO - [2025-08-04T15:28:08.355+0000] {dag.py:3954} INFO - Setting next_dagrun for example_branch_datetime_operator_3 to 2025-08-03 00:00:00+00:00, run_after=2025-08-04 00:00:00+00:00
[2025-08-04T15:28:08.361+0000] {processor.py:183} INFO - Processing /home/airflow/.local/lib/python3.12/site-packages/airflow/example_dags/example_branch_datetime_operator.py took 0.047 seconds
[2025-08-04T15:28:38.675+0000] {processor.py:161} INFO - Started process (PID=246) to work on /home/airflow/.local/lib/python3.12/site-packages/airflow/example_dags/example_branch_datetime_operator.py
[2025-08-04T15:28:38.676+0000] {processor.py:830} INFO - Processing file /home/airflow/.local/lib/python3.12/site-packages/airflow/example_dags/example_branch_datetime_operator.py for tasks to queue
[2025-08-04T15:28:38.676+0000] {logging_mixin.py:188} INFO - [2025-08-04T15:28:38.676+0000] {dagbag.py:545} INFO - Filling up the DagBag from /home/airflow/.local/lib/python3.12/site-packages/airflow/example_dags/example_branch_datetime_operator.py
[2025-08-04T15:28:38.681+0000] {processor.py:840} INFO - DAG(s) 'example_branch_datetime_operator_3', 'example_branch_datetime_operator', 'example_branch_datetime_operator_2' retrieved from /home/airflow/.local/lib/python3.12/site-packages/airflow/example_dags/example_branch_datetime_operator.py
[2025-08-04T15:28:38.697+0000] {logging_mixin.py:188} INFO - [2025-08-04T15:28:38.697+0000] {dag.py:3096} INFO - Sync 3 DAGs
[2025-08-04T15:28:38.715+0000] {logging_mixin.py:188} INFO - [2025-08-04T15:28:38.715+0000] {dag.py:3954} INFO - Setting next_dagrun for example_branch_datetime_operator to 2025-08-03 00:00:00+00:00, run_after=2025-08-04 00:00:00+00:00
[2025-08-04T15:28:38.719+0000] {logging_mixin.py:188} INFO - [2025-08-04T15:28:38.719+0000] {dag.py:3954} INFO - Setting next_dagrun for example_branch_datetime_operator_2 to 2025-08-03 00:00:00+00:00, run_after=2025-08-04 00:00:00+00:00
[2025-08-04T15:28:38.721+0000] {logging_mixin.py:188} INFO - [2025-08-04T15:28:38.721+0000] {dag.py:3954} INFO - Setting next_dagrun for example_branch_datetime_operator_3 to 2025-08-03 00:00:00+00:00, run_after=2025-08-04 00:00:00+00:00
[2025-08-04T15:28:38.732+0000] {processor.py:183} INFO - Processing /home/airflow/.local/lib/python3.12/site-packages/airflow/example_dags/example_branch_datetime_operator.py took 0.060 seconds
[2025-08-04T15:29:09.218+0000] {processor.py:161} INFO - Started process (PID=304) to work on /home/airflow/.local/lib/python3.12/site-packages/airflow/example_dags/example_branch_datetime_operator.py
[2025-08-04T15:29:09.220+0000] {processor.py:830} INFO - Processing file /home/airflow/.local/lib/python3.12/site-packages/airflow/example_dags/example_branch_datetime_operator.py for tasks to queue
[2025-08-04T15:29:09.222+0000] {logging_mixin.py:188} INFO - [2025-08-04T15:29:09.221+0000] {dagbag.py:545} INFO - Filling up the DagBag from /home/airflow/.local/lib/python3.12/site-packages/airflow/example_dags/example_branch_datetime_operator.py
[2025-08-04T15:29:09.227+0000] {processor.py:840} INFO - DAG(s) 'example_branch_datetime_operator', 'example_branch_datetime_operator_2', 'example_branch_datetime_operator_3' retrieved from /home/airflow/.local/lib/python3.12/site-packages/airflow/example_dags/example_branch_datetime_operator.py
[2025-08-04T15:29:09.248+0000] {logging_mixin.py:188} INFO - [2025-08-04T15:29:09.248+0000] {dag.py:3096} INFO - Sync 3 DAGs
[2025-08-04T15:29:09.261+0000] {logging_mixin.py:188} INFO - [2025-08-04T15:29:09.261+0000] {dag.py:3954} INFO - Setting next_dagrun for example_branch_datetime_operator to 2025-08-03 00:00:00+00:00, run_after=2025-08-04 00:00:00+00:00
[2025-08-04T15:29:09.265+0000] {logging_mixin.py:188} INFO - [2025-08-04T15:29:09.265+0000] {dag.py:3954} INFO - Setting next_dagrun for example_branch_datetime_operator_2 to 2025-08-03 00:00:00+00:00, run_after=2025-08-04 00:00:00+00:00
[2025-08-04T15:29:09.267+0000] {logging_mixin.py:188} INFO - [2025-08-04T15:29:09.266+0000] {dag.py:3954} INFO - Setting next_dagrun for example_branch_datetime_operator_3 to 2025-08-03 00:00:00+00:00, run_after=2025-08-04 00:00:00+00:00
[2025-08-04T15:29:09.279+0000] {processor.py:183} INFO - Processing /home/airflow/.local/lib/python3.12/site-packages/airflow/example_dags/example_branch_datetime_operator.py took 0.064 seconds
[2025-08-04T15:29:39.533+0000] {processor.py:161} INFO - Started process (PID=362) to work on /home/airflow/.local/lib/python3.12/site-packages/airflow/example_dags/example_branch_datetime_operator.py
[2025-08-04T15:29:39.535+0000] {processor.py:830} INFO - Processing file /home/airflow/.local/lib/python3.12/site-packages/airflow/example_dags/example_branch_datetime_operator.py for tasks to queue
[2025-08-04T15:29:39.536+0000] {logging_mixin.py:188} INFO - [2025-08-04T15:29:39.536+0000] {dagbag.py:545} INFO - Filling up the DagBag from /home/airflow/.local/lib/python3.12/site-packages/airflow/example_dags/example_branch_datetime_operator.py
[2025-08-04T15:29:39.541+0000] {processor.py:840} INFO - DAG(s) 'example_branch_datetime_operator', 'example_branch_datetime_operator_3', 'example_branch_datetime_operator_2' retrieved from /home/airflow/.local/lib/python3.12/site-packages/airflow/example_dags/example_branch_datetime_operator.py
[2025-08-04T15:29:39.559+0000] {logging_mixin.py:188} INFO - [2025-08-04T15:29:39.559+0000] {dag.py:3096} INFO - Sync 3 DAGs
[2025-08-04T15:29:39.574+0000] {logging_mixin.py:188} INFO - [2025-08-04T15:29:39.574+0000] {dag.py:3954} INFO - Setting next_dagrun for example_branch_datetime_operator to 2025-08-03 00:00:00+00:00, run_after=2025-08-04 00:00:00+00:00
[2025-08-04T15:29:39.578+0000] {logging_mixin.py:188} INFO - [2025-08-04T15:29:39.578+0000] {dag.py:3954} INFO - Setting next_dagrun for example_branch_datetime_operator_2 to 2025-08-03 00:00:00+00:00, run_after=2025-08-04 00:00:00+00:00
[2025-08-04T15:29:39.579+0000] {logging_mixin.py:188} INFO - [2025-08-04T15:29:39.579+0000] {dag.py:3954} INFO - Setting next_dagrun for example_branch_datetime_operator_3 to 2025-08-03 00:00:00+00:00, run_after=2025-08-04 00:00:00+00:00
[2025-08-04T15:29:39.588+0000] {processor.py:183} INFO - Processing /home/airflow/.local/lib/python3.12/site-packages/airflow/example_dags/example_branch_datetime_operator.py took 0.058 seconds
[2025-08-04T15:30:10.032+0000] {processor.py:161} INFO - Started process (PID=420) to work on /home/airflow/.local/lib/python3.12/site-packages/airflow/example_dags/example_branch_datetime_operator.py
[2025-08-04T15:30:10.032+0000] {processor.py:830} INFO - Processing file /home/airflow/.local/lib/python3.12/site-packages/airflow/example_dags/example_branch_datetime_operator.py for tasks to queue
[2025-08-04T15:30:10.033+0000] {logging_mixin.py:188} INFO - [2025-08-04T15:30:10.033+0000] {dagbag.py:545} INFO - Filling up the DagBag from /home/airflow/.local/lib/python3.12/site-packages/airflow/example_dags/example_branch_datetime_operator.py
[2025-08-04T15:30:10.041+0000] {processor.py:840} INFO - DAG(s) 'example_branch_datetime_operator_3', 'example_branch_datetime_operator', 'example_branch_datetime_operator_2' retrieved from /home/airflow/.local/lib/python3.12/site-packages/airflow/example_dags/example_branch_datetime_operator.py
[2025-08-04T15:30:10.062+0000] {logging_mixin.py:188} INFO - [2025-08-04T15:30:10.062+0000] {dag.py:3096} INFO - Sync 3 DAGs
[2025-08-04T15:30:10.074+0000] {logging_mixin.py:188} INFO - [2025-08-04T15:30:10.074+0000] {dag.py:3954} INFO - Setting next_dagrun for example_branch_datetime_operator to 2025-08-03 00:00:00+00:00, run_after=2025-08-04 00:00:00+00:00
[2025-08-04T15:30:10.078+0000] {logging_mixin.py:188} INFO - [2025-08-04T15:30:10.077+0000] {dag.py:3954} INFO - Setting next_dagrun for example_branch_datetime_operator_2 to 2025-08-03 00:00:00+00:00, run_after=2025-08-04 00:00:00+00:00
[2025-08-04T15:30:10.081+0000] {logging_mixin.py:188} INFO - [2025-08-04T15:30:10.081+0000] {dag.py:3954} INFO - Setting next_dagrun for example_branch_datetime_operator_3 to 2025-08-03 00:00:00+00:00, run_after=2025-08-04 00:00:00+00:00
[2025-08-04T15:30:10.092+0000] {processor.py:183} INFO - Processing /home/airflow/.local/lib/python3.12/site-packages/airflow/example_dags/example_branch_datetime_operator.py took 0.064 seconds
[2025-08-04T15:30:40.303+0000] {processor.py:161} INFO - Started process (PID=478) to work on /home/airflow/.local/lib/python3.12/site-packages/airflow/example_dags/example_branch_datetime_operator.py
[2025-08-04T15:30:40.307+0000] {processor.py:830} INFO - Processing file /home/airflow/.local/lib/python3.12/site-packages/airflow/example_dags/example_branch_datetime_operator.py for tasks to queue
[2025-08-04T15:30:40.308+0000] {logging_mixin.py:188} INFO - [2025-08-04T15:30:40.308+0000] {dagbag.py:545} INFO - Filling up the DagBag from /home/airflow/.local/lib/python3.12/site-packages/airflow/example_dags/example_branch_datetime_operator.py
[2025-08-04T15:30:40.314+0000] {processor.py:840} INFO - DAG(s) 'example_branch_datetime_operator_2', 'example_branch_datetime_operator_3', 'example_branch_datetime_operator' retrieved from /home/airflow/.local/lib/python3.12/site-packages/airflow/example_dags/example_branch_datetime_operator.py
[2025-08-04T15:30:40.342+0000] {logging_mixin.py:188} INFO - [2025-08-04T15:30:40.342+0000] {dag.py:3096} INFO - Sync 3 DAGs
[2025-08-04T15:30:40.374+0000] {logging_mixin.py:188} INFO - [2025-08-04T15:30:40.373+0000] {dag.py:3954} INFO - Setting next_dagrun for example_branch_datetime_operator to 2025-08-03 00:00:00+00:00, run_after=2025-08-04 00:00:00+00:00
[2025-08-04T15:30:40.382+0000] {logging_mixin.py:188} INFO - [2025-08-04T15:30:40.382+0000] {dag.py:3954} INFO - Setting next_dagrun for example_branch_datetime_operator_2 to 2025-08-03 00:00:00+00:00, run_after=2025-08-04 00:00:00+00:00
[2025-08-04T15:30:40.386+0000] {logging_mixin.py:188} INFO - [2025-08-04T15:30:40.386+0000] {dag.py:3954} INFO - Setting next_dagrun for example_branch_datetime_operator_3 to 2025-08-03 00:00:00+00:00, run_after=2025-08-04 00:00:00+00:00
[2025-08-04T15:30:40.410+0000] {processor.py:183} INFO - Processing /home/airflow/.local/lib/python3.12/site-packages/airflow/example_dags/example_branch_datetime_operator.py took 0.119 seconds
[2025-08-04T15:31:10.981+0000] {processor.py:161} INFO - Started process (PID=536) to work on /home/airflow/.local/lib/python3.12/site-packages/airflow/example_dags/example_branch_datetime_operator.py
[2025-08-04T15:31:10.982+0000] {processor.py:830} INFO - Processing file /home/airflow/.local/lib/python3.12/site-packages/airflow/example_dags/example_branch_datetime_operator.py for tasks to queue
[2025-08-04T15:31:10.982+0000] {logging_mixin.py:188} INFO - [2025-08-04T15:31:10.982+0000] {dagbag.py:545} INFO - Filling up the DagBag from /home/airflow/.local/lib/python3.12/site-packages/airflow/example_dags/example_branch_datetime_operator.py
[2025-08-04T15:31:10.987+0000] {processor.py:840} INFO - DAG(s) 'example_branch_datetime_operator_3', 'example_branch_datetime_operator_2', 'example_branch_datetime_operator' retrieved from /home/airflow/.local/lib/python3.12/site-packages/airflow/example_dags/example_branch_datetime_operator.py
[2025-08-04T15:31:10.998+0000] {logging_mixin.py:188} INFO - [2025-08-04T15:31:10.998+0000] {dag.py:3096} INFO - Sync 3 DAGs
[2025-08-04T15:31:11.007+0000] {logging_mixin.py:188} INFO - [2025-08-04T15:31:11.007+0000] {dag.py:3954} INFO - Setting next_dagrun for example_branch_datetime_operator to 2025-08-03 00:00:00+00:00, run_after=2025-08-04 00:00:00+00:00
[2025-08-04T15:31:11.008+0000] {logging_mixin.py:188} INFO - [2025-08-04T15:31:11.008+0000] {dag.py:3954} INFO - Setting next_dagrun for example_branch_datetime_operator_2 to 2025-08-03 00:00:00+00:00, run_after=2025-08-04 00:00:00+00:00
[2025-08-04T15:31:11.009+0000] {logging_mixin.py:188} INFO - [2025-08-04T15:31:11.009+0000] {dag.py:3954} INFO - Setting next_dagrun for example_branch_datetime_operator_3 to 2025-08-03 00:00:00+00:00, run_after=2025-08-04 00:00:00+00:00
[2025-08-04T15:31:11.016+0000] {processor.py:183} INFO - Processing /home/airflow/.local/lib/python3.12/site-packages/airflow/example_dags/example_branch_datetime_operator.py took 0.037 seconds
[2025-08-04T15:31:41.149+0000] {processor.py:161} INFO - Started process (PID=594) to work on /home/airflow/.local/lib/python3.12/site-packages/airflow/example_dags/example_branch_datetime_operator.py
[2025-08-04T15:31:41.150+0000] {processor.py:830} INFO - Processing file /home/airflow/.local/lib/python3.12/site-packages/airflow/example_dags/example_branch_datetime_operator.py for tasks to queue
[2025-08-04T15:31:41.151+0000] {logging_mixin.py:188} INFO - [2025-08-04T15:31:41.151+0000] {dagbag.py:545} INFO - Filling up the DagBag from /home/airflow/.local/lib/python3.12/site-packages/airflow/example_dags/example_branch_datetime_operator.py
[2025-08-04T15:31:41.155+0000] {processor.py:840} INFO - DAG(s) 'example_branch_datetime_operator_3', 'example_branch_datetime_operator', 'example_branch_datetime_operator_2' retrieved from /home/airflow/.local/lib/python3.12/site-packages/airflow/example_dags/example_branch_datetime_operator.py
[2025-08-04T15:31:41.175+0000] {logging_mixin.py:188} INFO - [2025-08-04T15:31:41.175+0000] {dag.py:3096} INFO - Sync 3 DAGs
[2025-08-04T15:31:41.185+0000] {logging_mixin.py:188} INFO - [2025-08-04T15:31:41.185+0000] {dag.py:3954} INFO - Setting next_dagrun for example_branch_datetime_operator to 2025-08-03 00:00:00+00:00, run_after=2025-08-04 00:00:00+00:00
[2025-08-04T15:31:41.187+0000] {logging_mixin.py:188} INFO - [2025-08-04T15:31:41.187+0000] {dag.py:3954} INFO - Setting next_dagrun for example_branch_datetime_operator_2 to 2025-08-03 00:00:00+00:00, run_after=2025-08-04 00:00:00+00:00
[2025-08-04T15:31:41.189+0000] {logging_mixin.py:188} INFO - [2025-08-04T15:31:41.189+0000] {dag.py:3954} INFO - Setting next_dagrun for example_branch_datetime_operator_3 to 2025-08-03 00:00:00+00:00, run_after=2025-08-04 00:00:00+00:00
[2025-08-04T15:31:41.200+0000] {processor.py:183} INFO - Processing /home/airflow/.local/lib/python3.12/site-packages/airflow/example_dags/example_branch_datetime_operator.py took 0.053 seconds
[2025-08-04T15:32:11.643+0000] {processor.py:161} INFO - Started process (PID=652) to work on /home/airflow/.local/lib/python3.12/site-packages/airflow/example_dags/example_branch_datetime_operator.py
[2025-08-04T15:32:11.645+0000] {processor.py:830} INFO - Processing file /home/airflow/.local/lib/python3.12/site-packages/airflow/example_dags/example_branch_datetime_operator.py for tasks to queue
[2025-08-04T15:32:11.646+0000] {logging_mixin.py:188} INFO - [2025-08-04T15:32:11.645+0000] {dagbag.py:545} INFO - Filling up the DagBag from /home/airflow/.local/lib/python3.12/site-packages/airflow/example_dags/example_branch_datetime_operator.py
[2025-08-04T15:32:11.651+0000] {processor.py:840} INFO - DAG(s) 'example_branch_datetime_operator', 'example_branch_datetime_operator_3', 'example_branch_datetime_operator_2' retrieved from /home/airflow/.local/lib/python3.12/site-packages/airflow/example_dags/example_branch_datetime_operator.py
[2025-08-04T15:32:11.661+0000] {logging_mixin.py:188} INFO - [2025-08-04T15:32:11.661+0000] {dag.py:3096} INFO - Sync 3 DAGs
[2025-08-04T15:32:11.671+0000] {logging_mixin.py:188} INFO - [2025-08-04T15:32:11.671+0000] {dag.py:3954} INFO - Setting next_dagrun for example_branch_datetime_operator to 2025-08-03 00:00:00+00:00, run_after=2025-08-04 00:00:00+00:00
[2025-08-04T15:32:11.673+0000] {logging_mixin.py:188} INFO - [2025-08-04T15:32:11.673+0000] {dag.py:3954} INFO - Setting next_dagrun for example_branch_datetime_operator_2 to 2025-08-03 00:00:00+00:00, run_after=2025-08-04 00:00:00+00:00
[2025-08-04T15:32:11.674+0000] {logging_mixin.py:188} INFO - [2025-08-04T15:32:11.674+0000] {dag.py:3954} INFO - Setting next_dagrun for example_branch_datetime_operator_3 to 2025-08-03 00:00:00+00:00, run_after=2025-08-04 00:00:00+00:00
[2025-08-04T15:32:11.683+0000] {processor.py:183} INFO - Processing /home/airflow/.local/lib/python3.12/site-packages/airflow/example_dags/example_branch_datetime_operator.py took 0.042 seconds
[2025-08-04T15:52:56.047+0000] {processor.py:161} INFO - Started process (PID=74) to work on /home/airflow/.local/lib/python3.12/site-packages/airflow/example_dags/example_branch_datetime_operator.py
[2025-08-04T15:52:56.058+0000] {processor.py:830} INFO - Processing file /home/airflow/.local/lib/python3.12/site-packages/airflow/example_dags/example_branch_datetime_operator.py for tasks to queue
[2025-08-04T15:52:56.089+0000] {logging_mixin.py:188} INFO - [2025-08-04T15:52:56.088+0000] {dagbag.py:545} INFO - Filling up the DagBag from /home/airflow/.local/lib/python3.12/site-packages/airflow/example_dags/example_branch_datetime_operator.py
[2025-08-04T15:52:56.138+0000] {processor.py:840} INFO - DAG(s) 'example_branch_datetime_operator_2', 'example_branch_datetime_operator_3', 'example_branch_datetime_operator' retrieved from /home/airflow/.local/lib/python3.12/site-packages/airflow/example_dags/example_branch_datetime_operator.py
[2025-08-04T15:52:56.266+0000] {logging_mixin.py:188} INFO - [2025-08-04T15:52:56.266+0000] {dag.py:3096} INFO - Sync 3 DAGs
[2025-08-04T15:52:56.371+0000] {logging_mixin.py:188} INFO - [2025-08-04T15:52:56.370+0000] {dag.py:3954} INFO - Setting next_dagrun for example_branch_datetime_operator to 2025-08-03 00:00:00+00:00, run_after=2025-08-04 00:00:00+00:00
[2025-08-04T15:52:56.398+0000] {logging_mixin.py:188} INFO - [2025-08-04T15:52:56.398+0000] {dag.py:3954} INFO - Setting next_dagrun for example_branch_datetime_operator_2 to 2025-08-03 00:00:00+00:00, run_after=2025-08-04 00:00:00+00:00
[2025-08-04T15:52:56.417+0000] {logging_mixin.py:188} INFO - [2025-08-04T15:52:56.417+0000] {dag.py:3954} INFO - Setting next_dagrun for example_branch_datetime_operator_3 to 2025-08-03 00:00:00+00:00, run_after=2025-08-04 00:00:00+00:00
[2025-08-04T15:52:56.591+0000] {processor.py:183} INFO - Processing /home/airflow/.local/lib/python3.12/site-packages/airflow/example_dags/example_branch_datetime_operator.py took 0.617 seconds
[2025-08-04T15:53:27.329+0000] {processor.py:161} INFO - Started process (PID=132) to work on /home/airflow/.local/lib/python3.12/site-packages/airflow/example_dags/example_branch_datetime_operator.py
[2025-08-04T15:53:27.330+0000] {processor.py:830} INFO - Processing file /home/airflow/.local/lib/python3.12/site-packages/airflow/example_dags/example_branch_datetime_operator.py for tasks to queue
[2025-08-04T15:53:27.331+0000] {logging_mixin.py:188} INFO - [2025-08-04T15:53:27.331+0000] {dagbag.py:545} INFO - Filling up the DagBag from /home/airflow/.local/lib/python3.12/site-packages/airflow/example_dags/example_branch_datetime_operator.py
[2025-08-04T15:53:27.336+0000] {processor.py:840} INFO - DAG(s) 'example_branch_datetime_operator_2', 'example_branch_datetime_operator', 'example_branch_datetime_operator_3' retrieved from /home/airflow/.local/lib/python3.12/site-packages/airflow/example_dags/example_branch_datetime_operator.py
[2025-08-04T15:53:27.347+0000] {logging_mixin.py:188} INFO - [2025-08-04T15:53:27.347+0000] {dag.py:3096} INFO - Sync 3 DAGs
[2025-08-04T15:53:27.357+0000] {logging_mixin.py:188} INFO - [2025-08-04T15:53:27.357+0000] {dag.py:3954} INFO - Setting next_dagrun for example_branch_datetime_operator to 2025-08-03 00:00:00+00:00, run_after=2025-08-04 00:00:00+00:00
[2025-08-04T15:53:27.359+0000] {logging_mixin.py:188} INFO - [2025-08-04T15:53:27.358+0000] {dag.py:3954} INFO - Setting next_dagrun for example_branch_datetime_operator_2 to 2025-08-03 00:00:00+00:00, run_after=2025-08-04 00:00:00+00:00
[2025-08-04T15:53:27.359+0000] {logging_mixin.py:188} INFO - [2025-08-04T15:53:27.359+0000] {dag.py:3954} INFO - Setting next_dagrun for example_branch_datetime_operator_3 to 2025-08-03 00:00:00+00:00, run_after=2025-08-04 00:00:00+00:00
[2025-08-04T15:53:27.366+0000] {processor.py:183} INFO - Processing /home/airflow/.local/lib/python3.12/site-packages/airflow/example_dags/example_branch_datetime_operator.py took 0.039 seconds
[2025-08-04T15:53:57.851+0000] {processor.py:161} INFO - Started process (PID=190) to work on /home/airflow/.local/lib/python3.12/site-packages/airflow/example_dags/example_branch_datetime_operator.py
[2025-08-04T15:53:57.856+0000] {processor.py:830} INFO - Processing file /home/airflow/.local/lib/python3.12/site-packages/airflow/example_dags/example_branch_datetime_operator.py for tasks to queue
[2025-08-04T15:53:57.860+0000] {logging_mixin.py:188} INFO - [2025-08-04T15:53:57.860+0000] {dagbag.py:545} INFO - Filling up the DagBag from /home/airflow/.local/lib/python3.12/site-packages/airflow/example_dags/example_branch_datetime_operator.py
[2025-08-04T15:53:57.890+0000] {processor.py:840} INFO - DAG(s) 'example_branch_datetime_operator_2', 'example_branch_datetime_operator', 'example_branch_datetime_operator_3' retrieved from /home/airflow/.local/lib/python3.12/site-packages/airflow/example_dags/example_branch_datetime_operator.py
[2025-08-04T15:53:57.966+0000] {logging_mixin.py:188} INFO - [2025-08-04T15:53:57.966+0000] {dag.py:3096} INFO - Sync 3 DAGs
[2025-08-04T15:53:58.045+0000] {logging_mixin.py:188} INFO - [2025-08-04T15:53:58.041+0000] {dag.py:3954} INFO - Setting next_dagrun for example_branch_datetime_operator to 2025-08-03 00:00:00+00:00, run_after=2025-08-04 00:00:00+00:00
[2025-08-04T15:53:58.069+0000] {logging_mixin.py:188} INFO - [2025-08-04T15:53:58.069+0000] {dag.py:3954} INFO - Setting next_dagrun for example_branch_datetime_operator_2 to 2025-08-03 00:00:00+00:00, run_after=2025-08-04 00:00:00+00:00
[2025-08-04T15:53:58.079+0000] {logging_mixin.py:188} INFO - [2025-08-04T15:53:58.079+0000] {dag.py:3954} INFO - Setting next_dagrun for example_branch_datetime_operator_3 to 2025-08-03 00:00:00+00:00, run_after=2025-08-04 00:00:00+00:00
[2025-08-04T15:53:58.258+0000] {processor.py:183} INFO - Processing /home/airflow/.local/lib/python3.12/site-packages/airflow/example_dags/example_branch_datetime_operator.py took 0.419 seconds
[2025-08-04T15:54:29.070+0000] {processor.py:161} INFO - Started process (PID=248) to work on /home/airflow/.local/lib/python3.12/site-packages/airflow/example_dags/example_branch_datetime_operator.py
[2025-08-04T15:54:29.071+0000] {processor.py:830} INFO - Processing file /home/airflow/.local/lib/python3.12/site-packages/airflow/example_dags/example_branch_datetime_operator.py for tasks to queue
[2025-08-04T15:54:29.073+0000] {logging_mixin.py:188} INFO - [2025-08-04T15:54:29.073+0000] {dagbag.py:545} INFO - Filling up the DagBag from /home/airflow/.local/lib/python3.12/site-packages/airflow/example_dags/example_branch_datetime_operator.py
[2025-08-04T15:54:29.081+0000] {processor.py:840} INFO - DAG(s) 'example_branch_datetime_operator_2', 'example_branch_datetime_operator', 'example_branch_datetime_operator_3' retrieved from /home/airflow/.local/lib/python3.12/site-packages/airflow/example_dags/example_branch_datetime_operator.py
[2025-08-04T15:54:29.095+0000] {logging_mixin.py:188} INFO - [2025-08-04T15:54:29.094+0000] {dag.py:3096} INFO - Sync 3 DAGs
[2025-08-04T15:54:29.106+0000] {logging_mixin.py:188} INFO - [2025-08-04T15:54:29.106+0000] {dag.py:3954} INFO - Setting next_dagrun for example_branch_datetime_operator to 2025-08-03 00:00:00+00:00, run_after=2025-08-04 00:00:00+00:00
[2025-08-04T15:54:29.109+0000] {logging_mixin.py:188} INFO - [2025-08-04T15:54:29.109+0000] {dag.py:3954} INFO - Setting next_dagrun for example_branch_datetime_operator_2 to 2025-08-03 00:00:00+00:00, run_after=2025-08-04 00:00:00+00:00
[2025-08-04T15:54:29.110+0000] {logging_mixin.py:188} INFO - [2025-08-04T15:54:29.110+0000] {dag.py:3954} INFO - Setting next_dagrun for example_branch_datetime_operator_3 to 2025-08-03 00:00:00+00:00, run_after=2025-08-04 00:00:00+00:00
[2025-08-04T15:54:29.121+0000] {processor.py:183} INFO - Processing /home/airflow/.local/lib/python3.12/site-packages/airflow/example_dags/example_branch_datetime_operator.py took 0.054 seconds
[2025-08-04T15:54:59.922+0000] {processor.py:161} INFO - Started process (PID=306) to work on /home/airflow/.local/lib/python3.12/site-packages/airflow/example_dags/example_branch_datetime_operator.py
[2025-08-04T15:54:59.928+0000] {processor.py:830} INFO - Processing file /home/airflow/.local/lib/python3.12/site-packages/airflow/example_dags/example_branch_datetime_operator.py for tasks to queue
[2025-08-04T15:54:59.941+0000] {logging_mixin.py:188} INFO - [2025-08-04T15:54:59.940+0000] {dagbag.py:545} INFO - Filling up the DagBag from /home/airflow/.local/lib/python3.12/site-packages/airflow/example_dags/example_branch_datetime_operator.py
[2025-08-04T15:55:00.033+0000] {processor.py:840} INFO - DAG(s) 'example_branch_datetime_operator_3', 'example_branch_datetime_operator_2', 'example_branch_datetime_operator' retrieved from /home/airflow/.local/lib/python3.12/site-packages/airflow/example_dags/example_branch_datetime_operator.py
[2025-08-04T15:55:00.123+0000] {logging_mixin.py:188} INFO - [2025-08-04T15:55:00.123+0000] {dag.py:3096} INFO - Sync 3 DAGs
[2025-08-04T15:55:00.161+0000] {logging_mixin.py:188} INFO - [2025-08-04T15:55:00.161+0000] {dag.py:3954} INFO - Setting next_dagrun for example_branch_datetime_operator to 2025-08-03 00:00:00+00:00, run_after=2025-08-04 00:00:00+00:00
[2025-08-04T15:55:00.167+0000] {logging_mixin.py:188} INFO - [2025-08-04T15:55:00.166+0000] {dag.py:3954} INFO - Setting next_dagrun for example_branch_datetime_operator_2 to 2025-08-03 00:00:00+00:00, run_after=2025-08-04 00:00:00+00:00
[2025-08-04T15:55:00.174+0000] {logging_mixin.py:188} INFO - [2025-08-04T15:55:00.174+0000] {dag.py:3954} INFO - Setting next_dagrun for example_branch_datetime_operator_3 to 2025-08-03 00:00:00+00:00, run_after=2025-08-04 00:00:00+00:00
[2025-08-04T15:55:00.248+0000] {processor.py:183} INFO - Processing /home/airflow/.local/lib/python3.12/site-packages/airflow/example_dags/example_branch_datetime_operator.py took 0.350 seconds
[2025-08-04T15:55:31.152+0000] {processor.py:161} INFO - Started process (PID=364) to work on /home/airflow/.local/lib/python3.12/site-packages/airflow/example_dags/example_branch_datetime_operator.py
[2025-08-04T15:55:31.166+0000] {processor.py:830} INFO - Processing file /home/airflow/.local/lib/python3.12/site-packages/airflow/example_dags/example_branch_datetime_operator.py for tasks to queue
[2025-08-04T15:55:31.181+0000] {logging_mixin.py:188} INFO - [2025-08-04T15:55:31.180+0000] {dagbag.py:545} INFO - Filling up the DagBag from /home/airflow/.local/lib/python3.12/site-packages/airflow/example_dags/example_branch_datetime_operator.py
[2025-08-04T15:55:31.315+0000] {processor.py:840} INFO - DAG(s) 'example_branch_datetime_operator', 'example_branch_datetime_operator_2', 'example_branch_datetime_operator_3' retrieved from /home/airflow/.local/lib/python3.12/site-packages/airflow/example_dags/example_branch_datetime_operator.py
[2025-08-04T15:55:31.862+0000] {logging_mixin.py:188} INFO - [2025-08-04T15:55:31.812+0000] {dag.py:3096} INFO - Sync 3 DAGs
[2025-08-04T15:55:32.137+0000] {logging_mixin.py:188} INFO - [2025-08-04T15:55:32.136+0000] {dag.py:3954} INFO - Setting next_dagrun for example_branch_datetime_operator to 2025-08-03 00:00:00+00:00, run_after=2025-08-04 00:00:00+00:00
[2025-08-04T15:55:32.164+0000] {logging_mixin.py:188} INFO - [2025-08-04T15:55:32.163+0000] {dag.py:3954} INFO - Setting next_dagrun for example_branch_datetime_operator_2 to 2025-08-03 00:00:00+00:00, run_after=2025-08-04 00:00:00+00:00
[2025-08-04T15:55:32.176+0000] {logging_mixin.py:188} INFO - [2025-08-04T15:55:32.174+0000] {dag.py:3954} INFO - Setting next_dagrun for example_branch_datetime_operator_3 to 2025-08-03 00:00:00+00:00, run_after=2025-08-04 00:00:00+00:00
[2025-08-04T15:55:32.560+0000] {processor.py:183} INFO - Processing /home/airflow/.local/lib/python3.12/site-packages/airflow/example_dags/example_branch_datetime_operator.py took 1.456 seconds
[2025-08-04T15:56:03.511+0000] {processor.py:161} INFO - Started process (PID=422) to work on /home/airflow/.local/lib/python3.12/site-packages/airflow/example_dags/example_branch_datetime_operator.py
[2025-08-04T15:56:03.522+0000] {processor.py:830} INFO - Processing file /home/airflow/.local/lib/python3.12/site-packages/airflow/example_dags/example_branch_datetime_operator.py for tasks to queue
[2025-08-04T15:56:03.536+0000] {logging_mixin.py:188} INFO - [2025-08-04T15:56:03.530+0000] {dagbag.py:545} INFO - Filling up the DagBag from /home/airflow/.local/lib/python3.12/site-packages/airflow/example_dags/example_branch_datetime_operator.py
[2025-08-04T15:56:03.584+0000] {processor.py:840} INFO - DAG(s) 'example_branch_datetime_operator_3', 'example_branch_datetime_operator', 'example_branch_datetime_operator_2' retrieved from /home/airflow/.local/lib/python3.12/site-packages/airflow/example_dags/example_branch_datetime_operator.py
[2025-08-04T15:56:03.706+0000] {logging_mixin.py:188} INFO - [2025-08-04T15:56:03.706+0000] {dag.py:3096} INFO - Sync 3 DAGs
[2025-08-04T15:56:03.791+0000] {logging_mixin.py:188} INFO - [2025-08-04T15:56:03.791+0000] {dag.py:3954} INFO - Setting next_dagrun for example_branch_datetime_operator to 2025-08-03 00:00:00+00:00, run_after=2025-08-04 00:00:00+00:00
[2025-08-04T15:56:03.805+0000] {logging_mixin.py:188} INFO - [2025-08-04T15:56:03.805+0000] {dag.py:3954} INFO - Setting next_dagrun for example_branch_datetime_operator_2 to 2025-08-03 00:00:00+00:00, run_after=2025-08-04 00:00:00+00:00
[2025-08-04T15:56:03.809+0000] {logging_mixin.py:188} INFO - [2025-08-04T15:56:03.809+0000] {dag.py:3954} INFO - Setting next_dagrun for example_branch_datetime_operator_3 to 2025-08-03 00:00:00+00:00, run_after=2025-08-04 00:00:00+00:00
[2025-08-04T15:56:03.869+0000] {processor.py:183} INFO - Processing /home/airflow/.local/lib/python3.12/site-packages/airflow/example_dags/example_branch_datetime_operator.py took 0.378 seconds
[2025-08-04T15:58:53.289+0000] {processor.py:161} INFO - Started process (PID=74) to work on /home/airflow/.local/lib/python3.12/site-packages/airflow/example_dags/example_branch_datetime_operator.py
[2025-08-04T15:58:53.333+0000] {processor.py:830} INFO - Processing file /home/airflow/.local/lib/python3.12/site-packages/airflow/example_dags/example_branch_datetime_operator.py for tasks to queue
[2025-08-04T15:58:53.376+0000] {logging_mixin.py:188} INFO - [2025-08-04T15:58:53.357+0000] {dagbag.py:545} INFO - Filling up the DagBag from /home/airflow/.local/lib/python3.12/site-packages/airflow/example_dags/example_branch_datetime_operator.py
[2025-08-04T15:58:53.673+0000] {processor.py:840} INFO - DAG(s) 'example_branch_datetime_operator_3', 'example_branch_datetime_operator', 'example_branch_datetime_operator_2' retrieved from /home/airflow/.local/lib/python3.12/site-packages/airflow/example_dags/example_branch_datetime_operator.py
[2025-08-04T15:58:54.085+0000] {logging_mixin.py:188} INFO - [2025-08-04T15:58:54.084+0000] {dag.py:3096} INFO - Sync 3 DAGs
[2025-08-04T15:58:54.255+0000] {logging_mixin.py:188} INFO - [2025-08-04T15:58:54.255+0000] {dag.py:3954} INFO - Setting next_dagrun for example_branch_datetime_operator to 2025-08-03 00:00:00+00:00, run_after=2025-08-04 00:00:00+00:00
[2025-08-04T15:58:54.419+0000] {logging_mixin.py:188} INFO - [2025-08-04T15:58:54.419+0000] {dag.py:3954} INFO - Setting next_dagrun for example_branch_datetime_operator_2 to 2025-08-03 00:00:00+00:00, run_after=2025-08-04 00:00:00+00:00
[2025-08-04T15:58:54.472+0000] {logging_mixin.py:188} INFO - [2025-08-04T15:58:54.471+0000] {dag.py:3954} INFO - Setting next_dagrun for example_branch_datetime_operator_3 to 2025-08-03 00:00:00+00:00, run_after=2025-08-04 00:00:00+00:00
[2025-08-04T15:58:54.811+0000] {processor.py:183} INFO - Processing /home/airflow/.local/lib/python3.12/site-packages/airflow/example_dags/example_branch_datetime_operator.py took 1.561 seconds
[2025-08-04T15:59:25.612+0000] {processor.py:161} INFO - Started process (PID=132) to work on /home/airflow/.local/lib/python3.12/site-packages/airflow/example_dags/example_branch_datetime_operator.py
[2025-08-04T15:59:25.614+0000] {processor.py:830} INFO - Processing file /home/airflow/.local/lib/python3.12/site-packages/airflow/example_dags/example_branch_datetime_operator.py for tasks to queue
[2025-08-04T15:59:25.615+0000] {logging_mixin.py:188} INFO - [2025-08-04T15:59:25.615+0000] {dagbag.py:545} INFO - Filling up the DagBag from /home/airflow/.local/lib/python3.12/site-packages/airflow/example_dags/example_branch_datetime_operator.py
[2025-08-04T15:59:25.622+0000] {processor.py:840} INFO - DAG(s) 'example_branch_datetime_operator_3', 'example_branch_datetime_operator', 'example_branch_datetime_operator_2' retrieved from /home/airflow/.local/lib/python3.12/site-packages/airflow/example_dags/example_branch_datetime_operator.py
[2025-08-04T15:59:25.635+0000] {logging_mixin.py:188} INFO - [2025-08-04T15:59:25.635+0000] {dag.py:3096} INFO - Sync 3 DAGs
[2025-08-04T15:59:25.645+0000] {logging_mixin.py:188} INFO - [2025-08-04T15:59:25.645+0000] {dag.py:3954} INFO - Setting next_dagrun for example_branch_datetime_operator to 2025-08-03 00:00:00+00:00, run_after=2025-08-04 00:00:00+00:00
[2025-08-04T15:59:25.647+0000] {logging_mixin.py:188} INFO - [2025-08-04T15:59:25.647+0000] {dag.py:3954} INFO - Setting next_dagrun for example_branch_datetime_operator_2 to 2025-08-03 00:00:00+00:00, run_after=2025-08-04 00:00:00+00:00
[2025-08-04T15:59:25.648+0000] {logging_mixin.py:188} INFO - [2025-08-04T15:59:25.648+0000] {dag.py:3954} INFO - Setting next_dagrun for example_branch_datetime_operator_3 to 2025-08-03 00:00:00+00:00, run_after=2025-08-04 00:00:00+00:00
[2025-08-04T15:59:25.655+0000] {processor.py:183} INFO - Processing /home/airflow/.local/lib/python3.12/site-packages/airflow/example_dags/example_branch_datetime_operator.py took 0.047 seconds
[2025-08-04T15:59:55.974+0000] {processor.py:161} INFO - Started process (PID=190) to work on /home/airflow/.local/lib/python3.12/site-packages/airflow/example_dags/example_branch_datetime_operator.py
[2025-08-04T15:59:55.976+0000] {processor.py:830} INFO - Processing file /home/airflow/.local/lib/python3.12/site-packages/airflow/example_dags/example_branch_datetime_operator.py for tasks to queue
[2025-08-04T15:59:55.980+0000] {logging_mixin.py:188} INFO - [2025-08-04T15:59:55.979+0000] {dagbag.py:545} INFO - Filling up the DagBag from /home/airflow/.local/lib/python3.12/site-packages/airflow/example_dags/example_branch_datetime_operator.py
[2025-08-04T15:59:56.013+0000] {processor.py:840} INFO - DAG(s) 'example_branch_datetime_operator', 'example_branch_datetime_operator_3', 'example_branch_datetime_operator_2' retrieved from /home/airflow/.local/lib/python3.12/site-packages/airflow/example_dags/example_branch_datetime_operator.py
[2025-08-04T15:59:56.077+0000] {logging_mixin.py:188} INFO - [2025-08-04T15:59:56.077+0000] {dag.py:3096} INFO - Sync 3 DAGs
[2025-08-04T15:59:56.096+0000] {logging_mixin.py:188} INFO - [2025-08-04T15:59:56.096+0000] {dag.py:3954} INFO - Setting next_dagrun for example_branch_datetime_operator to 2025-08-03 00:00:00+00:00, run_after=2025-08-04 00:00:00+00:00
[2025-08-04T15:59:56.102+0000] {logging_mixin.py:188} INFO - [2025-08-04T15:59:56.102+0000] {dag.py:3954} INFO - Setting next_dagrun for example_branch_datetime_operator_2 to 2025-08-03 00:00:00+00:00, run_after=2025-08-04 00:00:00+00:00
[2025-08-04T15:59:56.103+0000] {logging_mixin.py:188} INFO - [2025-08-04T15:59:56.103+0000] {dag.py:3954} INFO - Setting next_dagrun for example_branch_datetime_operator_3 to 2025-08-03 00:00:00+00:00, run_after=2025-08-04 00:00:00+00:00
[2025-08-04T15:59:56.117+0000] {processor.py:183} INFO - Processing /home/airflow/.local/lib/python3.12/site-packages/airflow/example_dags/example_branch_datetime_operator.py took 0.155 seconds
[2025-08-04T16:00:26.301+0000] {processor.py:161} INFO - Started process (PID=248) to work on /home/airflow/.local/lib/python3.12/site-packages/airflow/example_dags/example_branch_datetime_operator.py
[2025-08-04T16:00:26.303+0000] {processor.py:830} INFO - Processing file /home/airflow/.local/lib/python3.12/site-packages/airflow/example_dags/example_branch_datetime_operator.py for tasks to queue
[2025-08-04T16:00:26.306+0000] {logging_mixin.py:188} INFO - [2025-08-04T16:00:26.305+0000] {dagbag.py:545} INFO - Filling up the DagBag from /home/airflow/.local/lib/python3.12/site-packages/airflow/example_dags/example_branch_datetime_operator.py
[2025-08-04T16:00:26.328+0000] {processor.py:840} INFO - DAG(s) 'example_branch_datetime_operator_2', 'example_branch_datetime_operator', 'example_branch_datetime_operator_3' retrieved from /home/airflow/.local/lib/python3.12/site-packages/airflow/example_dags/example_branch_datetime_operator.py
[2025-08-04T16:00:26.384+0000] {logging_mixin.py:188} INFO - [2025-08-04T16:00:26.384+0000] {dag.py:3096} INFO - Sync 3 DAGs
[2025-08-04T16:00:26.426+0000] {logging_mixin.py:188} INFO - [2025-08-04T16:00:26.425+0000] {dag.py:3954} INFO - Setting next_dagrun for example_branch_datetime_operator to 2025-08-03 00:00:00+00:00, run_after=2025-08-04 00:00:00+00:00
[2025-08-04T16:00:26.437+0000] {logging_mixin.py:188} INFO - [2025-08-04T16:00:26.437+0000] {dag.py:3954} INFO - Setting next_dagrun for example_branch_datetime_operator_2 to 2025-08-03 00:00:00+00:00, run_after=2025-08-04 00:00:00+00:00
[2025-08-04T16:00:26.441+0000] {logging_mixin.py:188} INFO - [2025-08-04T16:00:26.441+0000] {dag.py:3954} INFO - Setting next_dagrun for example_branch_datetime_operator_3 to 2025-08-03 00:00:00+00:00, run_after=2025-08-04 00:00:00+00:00
[2025-08-04T16:00:26.473+0000] {processor.py:183} INFO - Processing /home/airflow/.local/lib/python3.12/site-packages/airflow/example_dags/example_branch_datetime_operator.py took 0.178 seconds
[2025-08-04T16:00:56.853+0000] {processor.py:161} INFO - Started process (PID=306) to work on /home/airflow/.local/lib/python3.12/site-packages/airflow/example_dags/example_branch_datetime_operator.py
[2025-08-04T16:00:56.854+0000] {processor.py:830} INFO - Processing file /home/airflow/.local/lib/python3.12/site-packages/airflow/example_dags/example_branch_datetime_operator.py for tasks to queue
[2025-08-04T16:00:56.856+0000] {logging_mixin.py:188} INFO - [2025-08-04T16:00:56.856+0000] {dagbag.py:545} INFO - Filling up the DagBag from /home/airflow/.local/lib/python3.12/site-packages/airflow/example_dags/example_branch_datetime_operator.py
[2025-08-04T16:00:56.864+0000] {processor.py:840} INFO - DAG(s) 'example_branch_datetime_operator_2', 'example_branch_datetime_operator_3', 'example_branch_datetime_operator' retrieved from /home/airflow/.local/lib/python3.12/site-packages/airflow/example_dags/example_branch_datetime_operator.py
[2025-08-04T16:00:56.880+0000] {logging_mixin.py:188} INFO - [2025-08-04T16:00:56.880+0000] {dag.py:3096} INFO - Sync 3 DAGs
[2025-08-04T16:00:56.902+0000] {logging_mixin.py:188} INFO - [2025-08-04T16:00:56.902+0000] {dag.py:3954} INFO - Setting next_dagrun for example_branch_datetime_operator to 2025-08-03 00:00:00+00:00, run_after=2025-08-04 00:00:00+00:00
[2025-08-04T16:00:56.905+0000] {logging_mixin.py:188} INFO - [2025-08-04T16:00:56.904+0000] {dag.py:3954} INFO - Setting next_dagrun for example_branch_datetime_operator_2 to 2025-08-03 00:00:00+00:00, run_after=2025-08-04 00:00:00+00:00
[2025-08-04T16:00:56.905+0000] {logging_mixin.py:188} INFO - [2025-08-04T16:00:56.905+0000] {dag.py:3954} INFO - Setting next_dagrun for example_branch_datetime_operator_3 to 2025-08-03 00:00:00+00:00, run_after=2025-08-04 00:00:00+00:00
[2025-08-04T16:00:56.914+0000] {processor.py:183} INFO - Processing /home/airflow/.local/lib/python3.12/site-packages/airflow/example_dags/example_branch_datetime_operator.py took 0.068 seconds
[2025-08-04T16:35:19.606+0000] {processor.py:161} INFO - Started process (PID=75) to work on /home/airflow/.local/lib/python3.12/site-packages/airflow/example_dags/example_branch_datetime_operator.py
[2025-08-04T16:35:19.610+0000] {processor.py:830} INFO - Processing file /home/airflow/.local/lib/python3.12/site-packages/airflow/example_dags/example_branch_datetime_operator.py for tasks to queue
[2025-08-04T16:35:19.613+0000] {logging_mixin.py:188} INFO - [2025-08-04T16:35:19.612+0000] {dagbag.py:545} INFO - Filling up the DagBag from /home/airflow/.local/lib/python3.12/site-packages/airflow/example_dags/example_branch_datetime_operator.py
[2025-08-04T16:35:19.650+0000] {processor.py:840} INFO - DAG(s) 'example_branch_datetime_operator_2', 'example_branch_datetime_operator_3', 'example_branch_datetime_operator' retrieved from /home/airflow/.local/lib/python3.12/site-packages/airflow/example_dags/example_branch_datetime_operator.py
[2025-08-04T16:35:19.722+0000] {logging_mixin.py:188} INFO - [2025-08-04T16:35:19.722+0000] {dag.py:3096} INFO - Sync 3 DAGs
[2025-08-04T16:35:19.765+0000] {logging_mixin.py:188} INFO - [2025-08-04T16:35:19.765+0000] {dag.py:3954} INFO - Setting next_dagrun for example_branch_datetime_operator to 2025-08-03 00:00:00+00:00, run_after=2025-08-04 00:00:00+00:00
[2025-08-04T16:35:19.774+0000] {logging_mixin.py:188} INFO - [2025-08-04T16:35:19.774+0000] {dag.py:3954} INFO - Setting next_dagrun for example_branch_datetime_operator_2 to 2025-08-03 00:00:00+00:00, run_after=2025-08-04 00:00:00+00:00
[2025-08-04T16:35:19.780+0000] {logging_mixin.py:188} INFO - [2025-08-04T16:35:19.780+0000] {dag.py:3954} INFO - Setting next_dagrun for example_branch_datetime_operator_3 to 2025-08-03 00:00:00+00:00, run_after=2025-08-04 00:00:00+00:00
[2025-08-04T16:35:19.807+0000] {processor.py:183} INFO - Processing /home/airflow/.local/lib/python3.12/site-packages/airflow/example_dags/example_branch_datetime_operator.py took 0.206 seconds
