[2025-08-04T03:45:38.712+0000] {processor.py:161} INFO - Started process (PID=73) to work on /home/airflow/.local/lib/python3.12/site-packages/airflow/example_dags/example_bash_operator.py
[2025-08-04T03:45:38.717+0000] {processor.py:830} INFO - Processing file /home/airflow/.local/lib/python3.12/site-packages/airflow/example_dags/example_bash_operator.py for tasks to queue
[2025-08-04T03:45:38.726+0000] {logging_mixin.py:188} INFO - [2025-08-04T03:45:38.725+0000] {dagbag.py:545} INFO - Filling up the DagBag from /home/airflow/.local/lib/python3.12/site-packages/airflow/example_dags/example_bash_operator.py
[2025-08-04T03:45:38.756+0000] {processor.py:840} INFO - DAG(s) 'example_bash_operator' retrieved from /home/airflow/.local/lib/python3.12/site-packages/airflow/example_dags/example_bash_operator.py
[2025-08-04T03:45:38.870+0000] {logging_mixin.py:188} INFO - [2025-08-04T03:45:38.869+0000] {dag.py:3096} INFO - Sync 1 DAGs
[2025-08-04T03:45:38.936+0000] {logging_mixin.py:188} INFO - [2025-08-04T03:45:38.935+0000] {dag.py:3954} INFO - Setting next_dagrun for example_bash_operator to 2025-08-03 00:00:00+00:00, run_after=2025-08-04 00:00:00+00:00
[2025-08-04T03:45:39.173+0000] {processor.py:183} INFO - Processing /home/airflow/.local/lib/python3.12/site-packages/airflow/example_dags/example_bash_operator.py took 0.473 seconds
[2025-08-04T03:46:47.975+0000] {processor.py:161} INFO - Started process (PID=137) to work on /home/airflow/.local/lib/python3.12/site-packages/airflow/example_dags/example_bash_operator.py
[2025-08-04T03:46:48.010+0000] {processor.py:830} INFO - Processing file /home/airflow/.local/lib/python3.12/site-packages/airflow/example_dags/example_bash_operator.py for tasks to queue
[2025-08-04T03:46:48.130+0000] {logging_mixin.py:188} INFO - [2025-08-04T03:46:48.114+0000] {dagbag.py:545} INFO - Filling up the DagBag from /home/airflow/.local/lib/python3.12/site-packages/airflow/example_dags/example_bash_operator.py
[2025-08-04T03:46:48.730+0000] {processor.py:840} INFO - DAG(s) 'example_bash_operator' retrieved from /home/airflow/.local/lib/python3.12/site-packages/airflow/example_dags/example_bash_operator.py
[2025-08-04T03:46:50.687+0000] {logging_mixin.py:188} INFO - [2025-08-04T03:46:50.672+0000] {dag.py:3096} INFO - Sync 1 DAGs
[2025-08-04T03:46:51.307+0000] {logging_mixin.py:188} INFO - [2025-08-04T03:46:51.303+0000] {dag.py:3954} INFO - Setting next_dagrun for example_bash_operator to 2025-08-03 00:00:00+00:00, run_after=2025-08-04 00:00:00+00:00
[2025-08-04T03:46:51.793+0000] {processor.py:183} INFO - Processing /home/airflow/.local/lib/python3.12/site-packages/airflow/example_dags/example_bash_operator.py took 4.378 seconds
[2025-08-04T03:47:39.330+0000] {processor.py:161} INFO - Started process (PID=199) to work on /home/airflow/.local/lib/python3.12/site-packages/airflow/example_dags/example_bash_operator.py
[2025-08-04T03:47:39.348+0000] {processor.py:830} INFO - Processing file /home/airflow/.local/lib/python3.12/site-packages/airflow/example_dags/example_bash_operator.py for tasks to queue
[2025-08-04T03:47:39.356+0000] {logging_mixin.py:188} INFO - [2025-08-04T03:47:39.356+0000] {dagbag.py:545} INFO - Filling up the DagBag from /home/airflow/.local/lib/python3.12/site-packages/airflow/example_dags/example_bash_operator.py
[2025-08-04T03:47:39.423+0000] {processor.py:840} INFO - DAG(s) 'example_bash_operator' retrieved from /home/airflow/.local/lib/python3.12/site-packages/airflow/example_dags/example_bash_operator.py
[2025-08-04T03:47:39.487+0000] {logging_mixin.py:188} INFO - [2025-08-04T03:47:39.486+0000] {dag.py:3096} INFO - Sync 1 DAGs
[2025-08-04T03:47:39.540+0000] {logging_mixin.py:188} INFO - [2025-08-04T03:47:39.540+0000] {dag.py:3954} INFO - Setting next_dagrun for example_bash_operator to 2025-08-03 00:00:00+00:00, run_after=2025-08-04 00:00:00+00:00
[2025-08-04T03:47:39.597+0000] {processor.py:183} INFO - Processing /home/airflow/.local/lib/python3.12/site-packages/airflow/example_dags/example_bash_operator.py took 0.288 seconds
[2025-08-04T03:48:15.236+0000] {processor.py:161} INFO - Started process (PID=257) to work on /home/airflow/.local/lib/python3.12/site-packages/airflow/example_dags/example_bash_operator.py
[2025-08-04T03:48:15.251+0000] {processor.py:830} INFO - Processing file /home/airflow/.local/lib/python3.12/site-packages/airflow/example_dags/example_bash_operator.py for tasks to queue
[2025-08-04T03:48:15.307+0000] {logging_mixin.py:188} INFO - [2025-08-04T03:48:15.306+0000] {dagbag.py:545} INFO - Filling up the DagBag from /home/airflow/.local/lib/python3.12/site-packages/airflow/example_dags/example_bash_operator.py
[2025-08-04T03:48:15.445+0000] {processor.py:840} INFO - DAG(s) 'example_bash_operator' retrieved from /home/airflow/.local/lib/python3.12/site-packages/airflow/example_dags/example_bash_operator.py
[2025-08-04T03:48:15.625+0000] {logging_mixin.py:188} INFO - [2025-08-04T03:48:15.624+0000] {dag.py:3096} INFO - Sync 1 DAGs
[2025-08-04T03:48:15.915+0000] {logging_mixin.py:188} INFO - [2025-08-04T03:48:15.912+0000] {dag.py:3954} INFO - Setting next_dagrun for example_bash_operator to 2025-08-03 00:00:00+00:00, run_after=2025-08-04 00:00:00+00:00
[2025-08-04T03:48:16.359+0000] {processor.py:183} INFO - Processing /home/airflow/.local/lib/python3.12/site-packages/airflow/example_dags/example_bash_operator.py took 1.146 seconds
[2025-08-04T03:48:46.733+0000] {processor.py:161} INFO - Started process (PID=315) to work on /home/airflow/.local/lib/python3.12/site-packages/airflow/example_dags/example_bash_operator.py
[2025-08-04T03:48:46.738+0000] {processor.py:830} INFO - Processing file /home/airflow/.local/lib/python3.12/site-packages/airflow/example_dags/example_bash_operator.py for tasks to queue
[2025-08-04T03:48:46.740+0000] {logging_mixin.py:188} INFO - [2025-08-04T03:48:46.740+0000] {dagbag.py:545} INFO - Filling up the DagBag from /home/airflow/.local/lib/python3.12/site-packages/airflow/example_dags/example_bash_operator.py
[2025-08-04T03:48:46.761+0000] {processor.py:840} INFO - DAG(s) 'example_bash_operator' retrieved from /home/airflow/.local/lib/python3.12/site-packages/airflow/example_dags/example_bash_operator.py
[2025-08-04T03:48:46.787+0000] {logging_mixin.py:188} INFO - [2025-08-04T03:48:46.787+0000] {dag.py:3096} INFO - Sync 1 DAGs
[2025-08-04T03:48:46.819+0000] {logging_mixin.py:188} INFO - [2025-08-04T03:48:46.819+0000] {dag.py:3954} INFO - Setting next_dagrun for example_bash_operator to 2025-08-03 00:00:00+00:00, run_after=2025-08-04 00:00:00+00:00
[2025-08-04T03:48:46.838+0000] {processor.py:183} INFO - Processing /home/airflow/.local/lib/python3.12/site-packages/airflow/example_dags/example_bash_operator.py took 0.111 seconds
[2025-08-04T15:16:41.673+0000] {processor.py:161} INFO - Started process (PID=74) to work on /home/airflow/.local/lib/python3.12/site-packages/airflow/example_dags/example_bash_operator.py
[2025-08-04T15:16:41.679+0000] {processor.py:830} INFO - Processing file /home/airflow/.local/lib/python3.12/site-packages/airflow/example_dags/example_bash_operator.py for tasks to queue
[2025-08-04T15:16:41.682+0000] {logging_mixin.py:188} INFO - [2025-08-04T15:16:41.681+0000] {dagbag.py:545} INFO - Filling up the DagBag from /home/airflow/.local/lib/python3.12/site-packages/airflow/example_dags/example_bash_operator.py
[2025-08-04T15:16:41.692+0000] {processor.py:840} INFO - DAG(s) 'example_bash_operator' retrieved from /home/airflow/.local/lib/python3.12/site-packages/airflow/example_dags/example_bash_operator.py
[2025-08-04T15:16:41.781+0000] {logging_mixin.py:188} INFO - [2025-08-04T15:16:41.781+0000] {dag.py:3096} INFO - Sync 1 DAGs
[2025-08-04T15:16:41.840+0000] {logging_mixin.py:188} INFO - [2025-08-04T15:16:41.839+0000] {dag.py:3954} INFO - Setting next_dagrun for example_bash_operator to 2025-08-03 00:00:00+00:00, run_after=2025-08-04 00:00:00+00:00
[2025-08-04T15:16:41.895+0000] {processor.py:183} INFO - Processing /home/airflow/.local/lib/python3.12/site-packages/airflow/example_dags/example_bash_operator.py took 0.231 seconds
[2025-08-04T15:17:12.734+0000] {processor.py:161} INFO - Started process (PID=132) to work on /home/airflow/.local/lib/python3.12/site-packages/airflow/example_dags/example_bash_operator.py
[2025-08-04T15:17:12.736+0000] {processor.py:830} INFO - Processing file /home/airflow/.local/lib/python3.12/site-packages/airflow/example_dags/example_bash_operator.py for tasks to queue
[2025-08-04T15:17:12.738+0000] {logging_mixin.py:188} INFO - [2025-08-04T15:17:12.738+0000] {dagbag.py:545} INFO - Filling up the DagBag from /home/airflow/.local/lib/python3.12/site-packages/airflow/example_dags/example_bash_operator.py
[2025-08-04T15:17:12.758+0000] {processor.py:840} INFO - DAG(s) 'example_bash_operator' retrieved from /home/airflow/.local/lib/python3.12/site-packages/airflow/example_dags/example_bash_operator.py
[2025-08-04T15:17:12.792+0000] {logging_mixin.py:188} INFO - [2025-08-04T15:17:12.792+0000] {dag.py:3096} INFO - Sync 1 DAGs
[2025-08-04T15:17:12.840+0000] {logging_mixin.py:188} INFO - [2025-08-04T15:17:12.840+0000] {dag.py:3954} INFO - Setting next_dagrun for example_bash_operator to 2025-08-03 00:00:00+00:00, run_after=2025-08-04 00:00:00+00:00
[2025-08-04T15:17:12.876+0000] {processor.py:183} INFO - Processing /home/airflow/.local/lib/python3.12/site-packages/airflow/example_dags/example_bash_operator.py took 0.146 seconds
[2025-08-04T15:17:42.922+0000] {processor.py:161} INFO - Started process (PID=189) to work on /home/airflow/.local/lib/python3.12/site-packages/airflow/example_dags/example_bash_operator.py
[2025-08-04T15:17:42.926+0000] {processor.py:830} INFO - Processing file /home/airflow/.local/lib/python3.12/site-packages/airflow/example_dags/example_bash_operator.py for tasks to queue
[2025-08-04T15:17:42.929+0000] {logging_mixin.py:188} INFO - [2025-08-04T15:17:42.928+0000] {dagbag.py:545} INFO - Filling up the DagBag from /home/airflow/.local/lib/python3.12/site-packages/airflow/example_dags/example_bash_operator.py
[2025-08-04T15:17:42.937+0000] {processor.py:840} INFO - DAG(s) 'example_bash_operator' retrieved from /home/airflow/.local/lib/python3.12/site-packages/airflow/example_dags/example_bash_operator.py
[2025-08-04T15:17:42.970+0000] {logging_mixin.py:188} INFO - [2025-08-04T15:17:42.970+0000] {dag.py:3096} INFO - Sync 1 DAGs
[2025-08-04T15:17:42.987+0000] {logging_mixin.py:188} INFO - [2025-08-04T15:17:42.987+0000] {dag.py:3954} INFO - Setting next_dagrun for example_bash_operator to 2025-08-03 00:00:00+00:00, run_after=2025-08-04 00:00:00+00:00
[2025-08-04T15:17:43.001+0000] {processor.py:183} INFO - Processing /home/airflow/.local/lib/python3.12/site-packages/airflow/example_dags/example_bash_operator.py took 0.084 seconds
[2025-08-04T15:18:13.491+0000] {processor.py:161} INFO - Started process (PID=248) to work on /home/airflow/.local/lib/python3.12/site-packages/airflow/example_dags/example_bash_operator.py
[2025-08-04T15:18:13.494+0000] {processor.py:830} INFO - Processing file /home/airflow/.local/lib/python3.12/site-packages/airflow/example_dags/example_bash_operator.py for tasks to queue
[2025-08-04T15:18:13.497+0000] {logging_mixin.py:188} INFO - [2025-08-04T15:18:13.497+0000] {dagbag.py:545} INFO - Filling up the DagBag from /home/airflow/.local/lib/python3.12/site-packages/airflow/example_dags/example_bash_operator.py
[2025-08-04T15:18:13.512+0000] {processor.py:840} INFO - DAG(s) 'example_bash_operator' retrieved from /home/airflow/.local/lib/python3.12/site-packages/airflow/example_dags/example_bash_operator.py
[2025-08-04T15:18:13.544+0000] {logging_mixin.py:188} INFO - [2025-08-04T15:18:13.543+0000] {dag.py:3096} INFO - Sync 1 DAGs
[2025-08-04T15:18:13.565+0000] {logging_mixin.py:188} INFO - [2025-08-04T15:18:13.565+0000] {dag.py:3954} INFO - Setting next_dagrun for example_bash_operator to 2025-08-03 00:00:00+00:00, run_after=2025-08-04 00:00:00+00:00
[2025-08-04T15:18:13.584+0000] {processor.py:183} INFO - Processing /home/airflow/.local/lib/python3.12/site-packages/airflow/example_dags/example_bash_operator.py took 0.097 seconds
[2025-08-04T15:18:44.305+0000] {processor.py:161} INFO - Started process (PID=306) to work on /home/airflow/.local/lib/python3.12/site-packages/airflow/example_dags/example_bash_operator.py
[2025-08-04T15:18:44.307+0000] {processor.py:830} INFO - Processing file /home/airflow/.local/lib/python3.12/site-packages/airflow/example_dags/example_bash_operator.py for tasks to queue
[2025-08-04T15:18:44.310+0000] {logging_mixin.py:188} INFO - [2025-08-04T15:18:44.309+0000] {dagbag.py:545} INFO - Filling up the DagBag from /home/airflow/.local/lib/python3.12/site-packages/airflow/example_dags/example_bash_operator.py
[2025-08-04T15:18:44.337+0000] {processor.py:840} INFO - DAG(s) 'example_bash_operator' retrieved from /home/airflow/.local/lib/python3.12/site-packages/airflow/example_dags/example_bash_operator.py
[2025-08-04T15:18:44.507+0000] {logging_mixin.py:188} INFO - [2025-08-04T15:18:44.493+0000] {dag.py:3096} INFO - Sync 1 DAGs
[2025-08-04T15:18:44.557+0000] {logging_mixin.py:188} INFO - [2025-08-04T15:18:44.556+0000] {dag.py:3954} INFO - Setting next_dagrun for example_bash_operator to 2025-08-03 00:00:00+00:00, run_after=2025-08-04 00:00:00+00:00
[2025-08-04T15:18:44.604+0000] {processor.py:183} INFO - Processing /home/airflow/.local/lib/python3.12/site-packages/airflow/example_dags/example_bash_operator.py took 0.335 seconds
[2025-08-04T15:19:15.063+0000] {processor.py:161} INFO - Started process (PID=364) to work on /home/airflow/.local/lib/python3.12/site-packages/airflow/example_dags/example_bash_operator.py
[2025-08-04T15:19:15.066+0000] {processor.py:830} INFO - Processing file /home/airflow/.local/lib/python3.12/site-packages/airflow/example_dags/example_bash_operator.py for tasks to queue
[2025-08-04T15:19:15.073+0000] {logging_mixin.py:188} INFO - [2025-08-04T15:19:15.072+0000] {dagbag.py:545} INFO - Filling up the DagBag from /home/airflow/.local/lib/python3.12/site-packages/airflow/example_dags/example_bash_operator.py
[2025-08-04T15:19:15.101+0000] {processor.py:840} INFO - DAG(s) 'example_bash_operator' retrieved from /home/airflow/.local/lib/python3.12/site-packages/airflow/example_dags/example_bash_operator.py
[2025-08-04T15:19:15.163+0000] {logging_mixin.py:188} INFO - [2025-08-04T15:19:15.163+0000] {dag.py:3096} INFO - Sync 1 DAGs
[2025-08-04T15:19:15.198+0000] {logging_mixin.py:188} INFO - [2025-08-04T15:19:15.198+0000] {dag.py:3954} INFO - Setting next_dagrun for example_bash_operator to 2025-08-03 00:00:00+00:00, run_after=2025-08-04 00:00:00+00:00
[2025-08-04T15:19:15.228+0000] {processor.py:183} INFO - Processing /home/airflow/.local/lib/python3.12/site-packages/airflow/example_dags/example_bash_operator.py took 0.173 seconds
[2025-08-04T15:27:07.809+0000] {processor.py:161} INFO - Started process (PID=73) to work on /home/airflow/.local/lib/python3.12/site-packages/airflow/example_dags/example_bash_operator.py
[2025-08-04T15:27:07.810+0000] {processor.py:830} INFO - Processing file /home/airflow/.local/lib/python3.12/site-packages/airflow/example_dags/example_bash_operator.py for tasks to queue
[2025-08-04T15:27:07.816+0000] {logging_mixin.py:188} INFO - [2025-08-04T15:27:07.815+0000] {dagbag.py:545} INFO - Filling up the DagBag from /home/airflow/.local/lib/python3.12/site-packages/airflow/example_dags/example_bash_operator.py
[2025-08-04T15:27:07.865+0000] {processor.py:840} INFO - DAG(s) 'example_bash_operator' retrieved from /home/airflow/.local/lib/python3.12/site-packages/airflow/example_dags/example_bash_operator.py
[2025-08-04T15:27:07.989+0000] {logging_mixin.py:188} INFO - [2025-08-04T15:27:07.989+0000] {dag.py:3096} INFO - Sync 1 DAGs
[2025-08-04T15:27:08.062+0000] {logging_mixin.py:188} INFO - [2025-08-04T15:27:08.053+0000] {dag.py:3954} INFO - Setting next_dagrun for example_bash_operator to 2025-08-03 00:00:00+00:00, run_after=2025-08-04 00:00:00+00:00
[2025-08-04T15:27:08.160+0000] {processor.py:183} INFO - Processing /home/airflow/.local/lib/python3.12/site-packages/airflow/example_dags/example_bash_operator.py took 0.357 seconds
[2025-08-04T15:27:38.273+0000] {processor.py:161} INFO - Started process (PID=131) to work on /home/airflow/.local/lib/python3.12/site-packages/airflow/example_dags/example_bash_operator.py
[2025-08-04T15:27:38.274+0000] {processor.py:830} INFO - Processing file /home/airflow/.local/lib/python3.12/site-packages/airflow/example_dags/example_bash_operator.py for tasks to queue
[2025-08-04T15:27:38.275+0000] {logging_mixin.py:188} INFO - [2025-08-04T15:27:38.275+0000] {dagbag.py:545} INFO - Filling up the DagBag from /home/airflow/.local/lib/python3.12/site-packages/airflow/example_dags/example_bash_operator.py
[2025-08-04T15:27:38.287+0000] {processor.py:840} INFO - DAG(s) 'example_bash_operator' retrieved from /home/airflow/.local/lib/python3.12/site-packages/airflow/example_dags/example_bash_operator.py
[2025-08-04T15:27:38.309+0000] {logging_mixin.py:188} INFO - [2025-08-04T15:27:38.308+0000] {dag.py:3096} INFO - Sync 1 DAGs
[2025-08-04T15:27:38.320+0000] {logging_mixin.py:188} INFO - [2025-08-04T15:27:38.320+0000] {dag.py:3954} INFO - Setting next_dagrun for example_bash_operator to 2025-08-03 00:00:00+00:00, run_after=2025-08-04 00:00:00+00:00
[2025-08-04T15:27:38.328+0000] {processor.py:183} INFO - Processing /home/airflow/.local/lib/python3.12/site-packages/airflow/example_dags/example_bash_operator.py took 0.061 seconds
[2025-08-04T15:28:08.359+0000] {processor.py:161} INFO - Started process (PID=189) to work on /home/airflow/.local/lib/python3.12/site-packages/airflow/example_dags/example_bash_operator.py
[2025-08-04T15:28:08.360+0000] {processor.py:830} INFO - Processing file /home/airflow/.local/lib/python3.12/site-packages/airflow/example_dags/example_bash_operator.py for tasks to queue
[2025-08-04T15:28:08.361+0000] {logging_mixin.py:188} INFO - [2025-08-04T15:28:08.361+0000] {dagbag.py:545} INFO - Filling up the DagBag from /home/airflow/.local/lib/python3.12/site-packages/airflow/example_dags/example_bash_operator.py
[2025-08-04T15:28:08.366+0000] {processor.py:840} INFO - DAG(s) 'example_bash_operator' retrieved from /home/airflow/.local/lib/python3.12/site-packages/airflow/example_dags/example_bash_operator.py
[2025-08-04T15:28:08.375+0000] {logging_mixin.py:188} INFO - [2025-08-04T15:28:08.375+0000] {dag.py:3096} INFO - Sync 1 DAGs
[2025-08-04T15:28:08.384+0000] {logging_mixin.py:188} INFO - [2025-08-04T15:28:08.384+0000] {dag.py:3954} INFO - Setting next_dagrun for example_bash_operator to 2025-08-03 00:00:00+00:00, run_after=2025-08-04 00:00:00+00:00
[2025-08-04T15:28:08.390+0000] {processor.py:183} INFO - Processing /home/airflow/.local/lib/python3.12/site-packages/airflow/example_dags/example_bash_operator.py took 0.034 seconds
[2025-08-04T15:28:38.730+0000] {processor.py:161} INFO - Started process (PID=247) to work on /home/airflow/.local/lib/python3.12/site-packages/airflow/example_dags/example_bash_operator.py
[2025-08-04T15:28:38.731+0000] {processor.py:830} INFO - Processing file /home/airflow/.local/lib/python3.12/site-packages/airflow/example_dags/example_bash_operator.py for tasks to queue
[2025-08-04T15:28:38.732+0000] {logging_mixin.py:188} INFO - [2025-08-04T15:28:38.732+0000] {dagbag.py:545} INFO - Filling up the DagBag from /home/airflow/.local/lib/python3.12/site-packages/airflow/example_dags/example_bash_operator.py
[2025-08-04T15:28:38.743+0000] {processor.py:840} INFO - DAG(s) 'example_bash_operator' retrieved from /home/airflow/.local/lib/python3.12/site-packages/airflow/example_dags/example_bash_operator.py
[2025-08-04T15:28:38.760+0000] {logging_mixin.py:188} INFO - [2025-08-04T15:28:38.760+0000] {dag.py:3096} INFO - Sync 1 DAGs
[2025-08-04T15:28:38.771+0000] {logging_mixin.py:188} INFO - [2025-08-04T15:28:38.771+0000] {dag.py:3954} INFO - Setting next_dagrun for example_bash_operator to 2025-08-03 00:00:00+00:00, run_after=2025-08-04 00:00:00+00:00
[2025-08-04T15:28:38.785+0000] {processor.py:183} INFO - Processing /home/airflow/.local/lib/python3.12/site-packages/airflow/example_dags/example_bash_operator.py took 0.058 seconds
[2025-08-04T15:29:09.220+0000] {processor.py:161} INFO - Started process (PID=305) to work on /home/airflow/.local/lib/python3.12/site-packages/airflow/example_dags/example_bash_operator.py
[2025-08-04T15:29:09.221+0000] {processor.py:830} INFO - Processing file /home/airflow/.local/lib/python3.12/site-packages/airflow/example_dags/example_bash_operator.py for tasks to queue
[2025-08-04T15:29:09.222+0000] {logging_mixin.py:188} INFO - [2025-08-04T15:29:09.222+0000] {dagbag.py:545} INFO - Filling up the DagBag from /home/airflow/.local/lib/python3.12/site-packages/airflow/example_dags/example_bash_operator.py
[2025-08-04T15:29:09.229+0000] {processor.py:840} INFO - DAG(s) 'example_bash_operator' retrieved from /home/airflow/.local/lib/python3.12/site-packages/airflow/example_dags/example_bash_operator.py
[2025-08-04T15:29:09.251+0000] {logging_mixin.py:188} INFO - [2025-08-04T15:29:09.251+0000] {dag.py:3096} INFO - Sync 1 DAGs
[2025-08-04T15:29:09.264+0000] {logging_mixin.py:188} INFO - [2025-08-04T15:29:09.264+0000] {dag.py:3954} INFO - Setting next_dagrun for example_bash_operator to 2025-08-03 00:00:00+00:00, run_after=2025-08-04 00:00:00+00:00
[2025-08-04T15:29:09.274+0000] {processor.py:183} INFO - Processing /home/airflow/.local/lib/python3.12/site-packages/airflow/example_dags/example_bash_operator.py took 0.057 seconds
[2025-08-04T15:29:39.587+0000] {processor.py:161} INFO - Started process (PID=363) to work on /home/airflow/.local/lib/python3.12/site-packages/airflow/example_dags/example_bash_operator.py
[2025-08-04T15:29:39.588+0000] {processor.py:830} INFO - Processing file /home/airflow/.local/lib/python3.12/site-packages/airflow/example_dags/example_bash_operator.py for tasks to queue
[2025-08-04T15:29:39.593+0000] {logging_mixin.py:188} INFO - [2025-08-04T15:29:39.593+0000] {dagbag.py:545} INFO - Filling up the DagBag from /home/airflow/.local/lib/python3.12/site-packages/airflow/example_dags/example_bash_operator.py
[2025-08-04T15:29:39.598+0000] {processor.py:840} INFO - DAG(s) 'example_bash_operator' retrieved from /home/airflow/.local/lib/python3.12/site-packages/airflow/example_dags/example_bash_operator.py
[2025-08-04T15:29:39.611+0000] {logging_mixin.py:188} INFO - [2025-08-04T15:29:39.611+0000] {dag.py:3096} INFO - Sync 1 DAGs
[2025-08-04T15:29:39.622+0000] {logging_mixin.py:188} INFO - [2025-08-04T15:29:39.622+0000] {dag.py:3954} INFO - Setting next_dagrun for example_bash_operator to 2025-08-03 00:00:00+00:00, run_after=2025-08-04 00:00:00+00:00
[2025-08-04T15:29:39.630+0000] {processor.py:183} INFO - Processing /home/airflow/.local/lib/python3.12/site-packages/airflow/example_dags/example_bash_operator.py took 0.046 seconds
[2025-08-04T15:30:10.094+0000] {processor.py:161} INFO - Started process (PID=421) to work on /home/airflow/.local/lib/python3.12/site-packages/airflow/example_dags/example_bash_operator.py
[2025-08-04T15:30:10.095+0000] {processor.py:830} INFO - Processing file /home/airflow/.local/lib/python3.12/site-packages/airflow/example_dags/example_bash_operator.py for tasks to queue
[2025-08-04T15:30:10.096+0000] {logging_mixin.py:188} INFO - [2025-08-04T15:30:10.096+0000] {dagbag.py:545} INFO - Filling up the DagBag from /home/airflow/.local/lib/python3.12/site-packages/airflow/example_dags/example_bash_operator.py
[2025-08-04T15:30:10.102+0000] {processor.py:840} INFO - DAG(s) 'example_bash_operator' retrieved from /home/airflow/.local/lib/python3.12/site-packages/airflow/example_dags/example_bash_operator.py
[2025-08-04T15:30:10.117+0000] {logging_mixin.py:188} INFO - [2025-08-04T15:30:10.116+0000] {dag.py:3096} INFO - Sync 1 DAGs
[2025-08-04T15:30:10.128+0000] {logging_mixin.py:188} INFO - [2025-08-04T15:30:10.128+0000] {dag.py:3954} INFO - Setting next_dagrun for example_bash_operator to 2025-08-03 00:00:00+00:00, run_after=2025-08-04 00:00:00+00:00
[2025-08-04T15:30:10.137+0000] {processor.py:183} INFO - Processing /home/airflow/.local/lib/python3.12/site-packages/airflow/example_dags/example_bash_operator.py took 0.047 seconds
[2025-08-04T15:30:40.387+0000] {processor.py:161} INFO - Started process (PID=479) to work on /home/airflow/.local/lib/python3.12/site-packages/airflow/example_dags/example_bash_operator.py
[2025-08-04T15:30:40.389+0000] {processor.py:830} INFO - Processing file /home/airflow/.local/lib/python3.12/site-packages/airflow/example_dags/example_bash_operator.py for tasks to queue
[2025-08-04T15:30:40.391+0000] {logging_mixin.py:188} INFO - [2025-08-04T15:30:40.390+0000] {dagbag.py:545} INFO - Filling up the DagBag from /home/airflow/.local/lib/python3.12/site-packages/airflow/example_dags/example_bash_operator.py
[2025-08-04T15:30:40.412+0000] {processor.py:840} INFO - DAG(s) 'example_bash_operator' retrieved from /home/airflow/.local/lib/python3.12/site-packages/airflow/example_dags/example_bash_operator.py
[2025-08-04T15:30:40.437+0000] {logging_mixin.py:188} INFO - [2025-08-04T15:30:40.437+0000] {dag.py:3096} INFO - Sync 1 DAGs
[2025-08-04T15:30:40.458+0000] {logging_mixin.py:188} INFO - [2025-08-04T15:30:40.458+0000] {dag.py:3954} INFO - Setting next_dagrun for example_bash_operator to 2025-08-03 00:00:00+00:00, run_after=2025-08-04 00:00:00+00:00
[2025-08-04T15:30:40.475+0000] {processor.py:183} INFO - Processing /home/airflow/.local/lib/python3.12/site-packages/airflow/example_dags/example_bash_operator.py took 0.104 seconds
[2025-08-04T15:31:11.028+0000] {processor.py:161} INFO - Started process (PID=537) to work on /home/airflow/.local/lib/python3.12/site-packages/airflow/example_dags/example_bash_operator.py
[2025-08-04T15:31:11.029+0000] {processor.py:830} INFO - Processing file /home/airflow/.local/lib/python3.12/site-packages/airflow/example_dags/example_bash_operator.py for tasks to queue
[2025-08-04T15:31:11.030+0000] {logging_mixin.py:188} INFO - [2025-08-04T15:31:11.030+0000] {dagbag.py:545} INFO - Filling up the DagBag from /home/airflow/.local/lib/python3.12/site-packages/airflow/example_dags/example_bash_operator.py
[2025-08-04T15:31:11.037+0000] {processor.py:840} INFO - DAG(s) 'example_bash_operator' retrieved from /home/airflow/.local/lib/python3.12/site-packages/airflow/example_dags/example_bash_operator.py
[2025-08-04T15:31:11.051+0000] {logging_mixin.py:188} INFO - [2025-08-04T15:31:11.051+0000] {dag.py:3096} INFO - Sync 1 DAGs
[2025-08-04T15:31:11.062+0000] {logging_mixin.py:188} INFO - [2025-08-04T15:31:11.061+0000] {dag.py:3954} INFO - Setting next_dagrun for example_bash_operator to 2025-08-03 00:00:00+00:00, run_after=2025-08-04 00:00:00+00:00
[2025-08-04T15:31:11.070+0000] {processor.py:183} INFO - Processing /home/airflow/.local/lib/python3.12/site-packages/airflow/example_dags/example_bash_operator.py took 0.046 seconds
[2025-08-04T15:31:41.153+0000] {processor.py:161} INFO - Started process (PID=595) to work on /home/airflow/.local/lib/python3.12/site-packages/airflow/example_dags/example_bash_operator.py
[2025-08-04T15:31:41.155+0000] {processor.py:830} INFO - Processing file /home/airflow/.local/lib/python3.12/site-packages/airflow/example_dags/example_bash_operator.py for tasks to queue
[2025-08-04T15:31:41.157+0000] {logging_mixin.py:188} INFO - [2025-08-04T15:31:41.157+0000] {dagbag.py:545} INFO - Filling up the DagBag from /home/airflow/.local/lib/python3.12/site-packages/airflow/example_dags/example_bash_operator.py
[2025-08-04T15:31:41.162+0000] {processor.py:840} INFO - DAG(s) 'example_bash_operator' retrieved from /home/airflow/.local/lib/python3.12/site-packages/airflow/example_dags/example_bash_operator.py
[2025-08-04T15:31:41.178+0000] {logging_mixin.py:188} INFO - [2025-08-04T15:31:41.178+0000] {dag.py:3096} INFO - Sync 1 DAGs
[2025-08-04T15:31:41.187+0000] {logging_mixin.py:188} INFO - [2025-08-04T15:31:41.187+0000] {dag.py:3954} INFO - Setting next_dagrun for example_bash_operator to 2025-08-03 00:00:00+00:00, run_after=2025-08-04 00:00:00+00:00
[2025-08-04T15:31:41.197+0000] {processor.py:183} INFO - Processing /home/airflow/.local/lib/python3.12/site-packages/airflow/example_dags/example_bash_operator.py took 0.046 seconds
[2025-08-04T15:32:11.689+0000] {processor.py:161} INFO - Started process (PID=653) to work on /home/airflow/.local/lib/python3.12/site-packages/airflow/example_dags/example_bash_operator.py
[2025-08-04T15:32:11.689+0000] {processor.py:830} INFO - Processing file /home/airflow/.local/lib/python3.12/site-packages/airflow/example_dags/example_bash_operator.py for tasks to queue
[2025-08-04T15:32:11.690+0000] {logging_mixin.py:188} INFO - [2025-08-04T15:32:11.690+0000] {dagbag.py:545} INFO - Filling up the DagBag from /home/airflow/.local/lib/python3.12/site-packages/airflow/example_dags/example_bash_operator.py
[2025-08-04T15:32:11.695+0000] {processor.py:840} INFO - DAG(s) 'example_bash_operator' retrieved from /home/airflow/.local/lib/python3.12/site-packages/airflow/example_dags/example_bash_operator.py
[2025-08-04T15:32:11.713+0000] {logging_mixin.py:188} INFO - [2025-08-04T15:32:11.713+0000] {dag.py:3096} INFO - Sync 1 DAGs
[2025-08-04T15:32:11.723+0000] {logging_mixin.py:188} INFO - [2025-08-04T15:32:11.723+0000] {dag.py:3954} INFO - Setting next_dagrun for example_bash_operator to 2025-08-03 00:00:00+00:00, run_after=2025-08-04 00:00:00+00:00
[2025-08-04T15:32:11.733+0000] {processor.py:183} INFO - Processing /home/airflow/.local/lib/python3.12/site-packages/airflow/example_dags/example_bash_operator.py took 0.046 seconds
[2025-08-04T15:52:56.047+0000] {processor.py:161} INFO - Started process (PID=75) to work on /home/airflow/.local/lib/python3.12/site-packages/airflow/example_dags/example_bash_operator.py
[2025-08-04T15:52:56.058+0000] {processor.py:830} INFO - Processing file /home/airflow/.local/lib/python3.12/site-packages/airflow/example_dags/example_bash_operator.py for tasks to queue
[2025-08-04T15:52:56.063+0000] {logging_mixin.py:188} INFO - [2025-08-04T15:52:56.062+0000] {dagbag.py:545} INFO - Filling up the DagBag from /home/airflow/.local/lib/python3.12/site-packages/airflow/example_dags/example_bash_operator.py
[2025-08-04T15:52:56.120+0000] {processor.py:840} INFO - DAG(s) 'example_bash_operator' retrieved from /home/airflow/.local/lib/python3.12/site-packages/airflow/example_dags/example_bash_operator.py
[2025-08-04T15:52:56.221+0000] {logging_mixin.py:188} INFO - [2025-08-04T15:52:56.221+0000] {dag.py:3096} INFO - Sync 1 DAGs
[2025-08-04T15:52:56.289+0000] {logging_mixin.py:188} INFO - [2025-08-04T15:52:56.288+0000] {dag.py:3954} INFO - Setting next_dagrun for example_bash_operator to 2025-08-03 00:00:00+00:00, run_after=2025-08-04 00:00:00+00:00
[2025-08-04T15:52:56.396+0000] {processor.py:183} INFO - Processing /home/airflow/.local/lib/python3.12/site-packages/airflow/example_dags/example_bash_operator.py took 0.356 seconds
[2025-08-04T15:53:27.331+0000] {processor.py:161} INFO - Started process (PID=133) to work on /home/airflow/.local/lib/python3.12/site-packages/airflow/example_dags/example_bash_operator.py
[2025-08-04T15:53:27.332+0000] {processor.py:830} INFO - Processing file /home/airflow/.local/lib/python3.12/site-packages/airflow/example_dags/example_bash_operator.py for tasks to queue
[2025-08-04T15:53:27.335+0000] {logging_mixin.py:188} INFO - [2025-08-04T15:53:27.335+0000] {dagbag.py:545} INFO - Filling up the DagBag from /home/airflow/.local/lib/python3.12/site-packages/airflow/example_dags/example_bash_operator.py
[2025-08-04T15:53:27.340+0000] {processor.py:840} INFO - DAG(s) 'example_bash_operator' retrieved from /home/airflow/.local/lib/python3.12/site-packages/airflow/example_dags/example_bash_operator.py
[2025-08-04T15:53:27.351+0000] {logging_mixin.py:188} INFO - [2025-08-04T15:53:27.351+0000] {dag.py:3096} INFO - Sync 1 DAGs
[2025-08-04T15:53:27.359+0000] {logging_mixin.py:188} INFO - [2025-08-04T15:53:27.359+0000] {dag.py:3954} INFO - Setting next_dagrun for example_bash_operator to 2025-08-03 00:00:00+00:00, run_after=2025-08-04 00:00:00+00:00
[2025-08-04T15:53:27.367+0000] {processor.py:183} INFO - Processing /home/airflow/.local/lib/python3.12/site-packages/airflow/example_dags/example_bash_operator.py took 0.038 seconds
[2025-08-04T15:53:57.913+0000] {processor.py:161} INFO - Started process (PID=191) to work on /home/airflow/.local/lib/python3.12/site-packages/airflow/example_dags/example_bash_operator.py
[2025-08-04T15:53:57.918+0000] {processor.py:830} INFO - Processing file /home/airflow/.local/lib/python3.12/site-packages/airflow/example_dags/example_bash_operator.py for tasks to queue
[2025-08-04T15:53:57.926+0000] {logging_mixin.py:188} INFO - [2025-08-04T15:53:57.924+0000] {dagbag.py:545} INFO - Filling up the DagBag from /home/airflow/.local/lib/python3.12/site-packages/airflow/example_dags/example_bash_operator.py
[2025-08-04T15:53:57.954+0000] {processor.py:840} INFO - DAG(s) 'example_bash_operator' retrieved from /home/airflow/.local/lib/python3.12/site-packages/airflow/example_dags/example_bash_operator.py
[2025-08-04T15:53:58.071+0000] {logging_mixin.py:188} INFO - [2025-08-04T15:53:58.071+0000] {dag.py:3096} INFO - Sync 1 DAGs
[2025-08-04T15:53:58.168+0000] {logging_mixin.py:188} INFO - [2025-08-04T15:53:58.168+0000] {dag.py:3954} INFO - Setting next_dagrun for example_bash_operator to 2025-08-03 00:00:00+00:00, run_after=2025-08-04 00:00:00+00:00
[2025-08-04T15:53:58.294+0000] {processor.py:183} INFO - Processing /home/airflow/.local/lib/python3.12/site-packages/airflow/example_dags/example_bash_operator.py took 0.392 seconds
[2025-08-04T15:54:29.072+0000] {processor.py:161} INFO - Started process (PID=249) to work on /home/airflow/.local/lib/python3.12/site-packages/airflow/example_dags/example_bash_operator.py
[2025-08-04T15:54:29.072+0000] {processor.py:830} INFO - Processing file /home/airflow/.local/lib/python3.12/site-packages/airflow/example_dags/example_bash_operator.py for tasks to queue
[2025-08-04T15:54:29.073+0000] {logging_mixin.py:188} INFO - [2025-08-04T15:54:29.073+0000] {dagbag.py:545} INFO - Filling up the DagBag from /home/airflow/.local/lib/python3.12/site-packages/airflow/example_dags/example_bash_operator.py
[2025-08-04T15:54:29.079+0000] {processor.py:840} INFO - DAG(s) 'example_bash_operator' retrieved from /home/airflow/.local/lib/python3.12/site-packages/airflow/example_dags/example_bash_operator.py
[2025-08-04T15:54:29.092+0000] {logging_mixin.py:188} INFO - [2025-08-04T15:54:29.092+0000] {dag.py:3096} INFO - Sync 1 DAGs
[2025-08-04T15:54:29.105+0000] {logging_mixin.py:188} INFO - [2025-08-04T15:54:29.105+0000] {dag.py:3954} INFO - Setting next_dagrun for example_bash_operator to 2025-08-03 00:00:00+00:00, run_after=2025-08-04 00:00:00+00:00
[2025-08-04T15:54:29.117+0000] {processor.py:183} INFO - Processing /home/airflow/.local/lib/python3.12/site-packages/airflow/example_dags/example_bash_operator.py took 0.049 seconds
[2025-08-04T15:55:00.177+0000] {processor.py:161} INFO - Started process (PID=307) to work on /home/airflow/.local/lib/python3.12/site-packages/airflow/example_dags/example_bash_operator.py
[2025-08-04T15:55:00.178+0000] {processor.py:830} INFO - Processing file /home/airflow/.local/lib/python3.12/site-packages/airflow/example_dags/example_bash_operator.py for tasks to queue
[2025-08-04T15:55:00.184+0000] {logging_mixin.py:188} INFO - [2025-08-04T15:55:00.183+0000] {dagbag.py:545} INFO - Filling up the DagBag from /home/airflow/.local/lib/python3.12/site-packages/airflow/example_dags/example_bash_operator.py
[2025-08-04T15:55:00.212+0000] {processor.py:840} INFO - DAG(s) 'example_bash_operator' retrieved from /home/airflow/.local/lib/python3.12/site-packages/airflow/example_dags/example_bash_operator.py
[2025-08-04T15:55:00.317+0000] {logging_mixin.py:188} INFO - [2025-08-04T15:55:00.316+0000] {dag.py:3096} INFO - Sync 1 DAGs
[2025-08-04T15:55:00.349+0000] {logging_mixin.py:188} INFO - [2025-08-04T15:55:00.349+0000] {dag.py:3954} INFO - Setting next_dagrun for example_bash_operator to 2025-08-03 00:00:00+00:00, run_after=2025-08-04 00:00:00+00:00
[2025-08-04T15:55:00.397+0000] {processor.py:183} INFO - Processing /home/airflow/.local/lib/python3.12/site-packages/airflow/example_dags/example_bash_operator.py took 0.227 seconds
[2025-08-04T15:55:32.634+0000] {processor.py:161} INFO - Started process (PID=365) to work on /home/airflow/.local/lib/python3.12/site-packages/airflow/example_dags/example_bash_operator.py
[2025-08-04T15:55:32.683+0000] {processor.py:830} INFO - Processing file /home/airflow/.local/lib/python3.12/site-packages/airflow/example_dags/example_bash_operator.py for tasks to queue
[2025-08-04T15:55:32.718+0000] {logging_mixin.py:188} INFO - [2025-08-04T15:55:32.718+0000] {dagbag.py:545} INFO - Filling up the DagBag from /home/airflow/.local/lib/python3.12/site-packages/airflow/example_dags/example_bash_operator.py
[2025-08-04T15:55:32.936+0000] {processor.py:840} INFO - DAG(s) 'example_bash_operator' retrieved from /home/airflow/.local/lib/python3.12/site-packages/airflow/example_dags/example_bash_operator.py
[2025-08-04T15:55:33.223+0000] {logging_mixin.py:188} INFO - [2025-08-04T15:55:33.215+0000] {dag.py:3096} INFO - Sync 1 DAGs
[2025-08-04T15:55:33.324+0000] {logging_mixin.py:188} INFO - [2025-08-04T15:55:33.324+0000] {dag.py:3954} INFO - Setting next_dagrun for example_bash_operator to 2025-08-03 00:00:00+00:00, run_after=2025-08-04 00:00:00+00:00
[2025-08-04T15:55:33.475+0000] {processor.py:183} INFO - Processing /home/airflow/.local/lib/python3.12/site-packages/airflow/example_dags/example_bash_operator.py took 0.920 seconds
[2025-08-04T15:56:03.583+0000] {processor.py:161} INFO - Started process (PID=423) to work on /home/airflow/.local/lib/python3.12/site-packages/airflow/example_dags/example_bash_operator.py
[2025-08-04T15:56:03.585+0000] {processor.py:830} INFO - Processing file /home/airflow/.local/lib/python3.12/site-packages/airflow/example_dags/example_bash_operator.py for tasks to queue
[2025-08-04T15:56:03.590+0000] {logging_mixin.py:188} INFO - [2025-08-04T15:56:03.589+0000] {dagbag.py:545} INFO - Filling up the DagBag from /home/airflow/.local/lib/python3.12/site-packages/airflow/example_dags/example_bash_operator.py
[2025-08-04T15:56:03.655+0000] {processor.py:840} INFO - DAG(s) 'example_bash_operator' retrieved from /home/airflow/.local/lib/python3.12/site-packages/airflow/example_dags/example_bash_operator.py
[2025-08-04T15:56:03.752+0000] {logging_mixin.py:188} INFO - [2025-08-04T15:56:03.752+0000] {dag.py:3096} INFO - Sync 1 DAGs
[2025-08-04T15:56:03.804+0000] {logging_mixin.py:188} INFO - [2025-08-04T15:56:03.804+0000] {dag.py:3954} INFO - Setting next_dagrun for example_bash_operator to 2025-08-03 00:00:00+00:00, run_after=2025-08-04 00:00:00+00:00
[2025-08-04T15:56:03.858+0000] {processor.py:183} INFO - Processing /home/airflow/.local/lib/python3.12/site-packages/airflow/example_dags/example_bash_operator.py took 0.290 seconds
[2025-08-04T15:58:54.207+0000] {processor.py:161} INFO - Started process (PID=75) to work on /home/airflow/.local/lib/python3.12/site-packages/airflow/example_dags/example_bash_operator.py
[2025-08-04T15:58:54.230+0000] {processor.py:830} INFO - Processing file /home/airflow/.local/lib/python3.12/site-packages/airflow/example_dags/example_bash_operator.py for tasks to queue
[2025-08-04T15:58:54.248+0000] {logging_mixin.py:188} INFO - [2025-08-04T15:58:54.244+0000] {dagbag.py:545} INFO - Filling up the DagBag from /home/airflow/.local/lib/python3.12/site-packages/airflow/example_dags/example_bash_operator.py
[2025-08-04T15:58:54.441+0000] {processor.py:840} INFO - DAG(s) 'example_bash_operator' retrieved from /home/airflow/.local/lib/python3.12/site-packages/airflow/example_dags/example_bash_operator.py
[2025-08-04T15:58:54.787+0000] {logging_mixin.py:188} INFO - [2025-08-04T15:58:54.787+0000] {dag.py:3096} INFO - Sync 1 DAGs
[2025-08-04T15:58:55.065+0000] {logging_mixin.py:188} INFO - [2025-08-04T15:58:55.063+0000] {dag.py:3954} INFO - Setting next_dagrun for example_bash_operator to 2025-08-03 00:00:00+00:00, run_after=2025-08-04 00:00:00+00:00
[2025-08-04T15:58:55.635+0000] {processor.py:183} INFO - Processing /home/airflow/.local/lib/python3.12/site-packages/airflow/example_dags/example_bash_operator.py took 1.504 seconds
[2025-08-04T15:59:26.671+0000] {processor.py:161} INFO - Started process (PID=133) to work on /home/airflow/.local/lib/python3.12/site-packages/airflow/example_dags/example_bash_operator.py
[2025-08-04T15:59:26.672+0000] {processor.py:830} INFO - Processing file /home/airflow/.local/lib/python3.12/site-packages/airflow/example_dags/example_bash_operator.py for tasks to queue
[2025-08-04T15:59:26.674+0000] {logging_mixin.py:188} INFO - [2025-08-04T15:59:26.674+0000] {dagbag.py:545} INFO - Filling up the DagBag from /home/airflow/.local/lib/python3.12/site-packages/airflow/example_dags/example_bash_operator.py
[2025-08-04T15:59:26.682+0000] {processor.py:840} INFO - DAG(s) 'example_bash_operator' retrieved from /home/airflow/.local/lib/python3.12/site-packages/airflow/example_dags/example_bash_operator.py
[2025-08-04T15:59:26.697+0000] {logging_mixin.py:188} INFO - [2025-08-04T15:59:26.697+0000] {dag.py:3096} INFO - Sync 1 DAGs
[2025-08-04T15:59:26.715+0000] {logging_mixin.py:188} INFO - [2025-08-04T15:59:26.715+0000] {dag.py:3954} INFO - Setting next_dagrun for example_bash_operator to 2025-08-03 00:00:00+00:00, run_after=2025-08-04 00:00:00+00:00
[2025-08-04T15:59:26.731+0000] {processor.py:183} INFO - Processing /home/airflow/.local/lib/python3.12/site-packages/airflow/example_dags/example_bash_operator.py took 0.067 seconds
[2025-08-04T15:59:57.036+0000] {processor.py:161} INFO - Started process (PID=191) to work on /home/airflow/.local/lib/python3.12/site-packages/airflow/example_dags/example_bash_operator.py
[2025-08-04T15:59:57.039+0000] {processor.py:830} INFO - Processing file /home/airflow/.local/lib/python3.12/site-packages/airflow/example_dags/example_bash_operator.py for tasks to queue
[2025-08-04T15:59:57.052+0000] {logging_mixin.py:188} INFO - [2025-08-04T15:59:57.051+0000] {dagbag.py:545} INFO - Filling up the DagBag from /home/airflow/.local/lib/python3.12/site-packages/airflow/example_dags/example_bash_operator.py
[2025-08-04T15:59:57.098+0000] {processor.py:840} INFO - DAG(s) 'example_bash_operator' retrieved from /home/airflow/.local/lib/python3.12/site-packages/airflow/example_dags/example_bash_operator.py
[2025-08-04T15:59:57.166+0000] {logging_mixin.py:188} INFO - [2025-08-04T15:59:57.165+0000] {dag.py:3096} INFO - Sync 1 DAGs
[2025-08-04T15:59:57.203+0000] {logging_mixin.py:188} INFO - [2025-08-04T15:59:57.203+0000] {dag.py:3954} INFO - Setting next_dagrun for example_bash_operator to 2025-08-03 00:00:00+00:00, run_after=2025-08-04 00:00:00+00:00
[2025-08-04T15:59:57.221+0000] {processor.py:183} INFO - Processing /home/airflow/.local/lib/python3.12/site-packages/airflow/example_dags/example_bash_operator.py took 0.193 seconds
[2025-08-04T16:00:27.467+0000] {processor.py:161} INFO - Started process (PID=249) to work on /home/airflow/.local/lib/python3.12/site-packages/airflow/example_dags/example_bash_operator.py
[2025-08-04T16:00:27.468+0000] {processor.py:830} INFO - Processing file /home/airflow/.local/lib/python3.12/site-packages/airflow/example_dags/example_bash_operator.py for tasks to queue
[2025-08-04T16:00:27.472+0000] {logging_mixin.py:188} INFO - [2025-08-04T16:00:27.471+0000] {dagbag.py:545} INFO - Filling up the DagBag from /home/airflow/.local/lib/python3.12/site-packages/airflow/example_dags/example_bash_operator.py
[2025-08-04T16:00:27.496+0000] {processor.py:840} INFO - DAG(s) 'example_bash_operator' retrieved from /home/airflow/.local/lib/python3.12/site-packages/airflow/example_dags/example_bash_operator.py
[2025-08-04T16:00:27.555+0000] {logging_mixin.py:188} INFO - [2025-08-04T16:00:27.554+0000] {dag.py:3096} INFO - Sync 1 DAGs
[2025-08-04T16:00:27.598+0000] {logging_mixin.py:188} INFO - [2025-08-04T16:00:27.598+0000] {dag.py:3954} INFO - Setting next_dagrun for example_bash_operator to 2025-08-03 00:00:00+00:00, run_after=2025-08-04 00:00:00+00:00
[2025-08-04T16:00:27.646+0000] {processor.py:183} INFO - Processing /home/airflow/.local/lib/python3.12/site-packages/airflow/example_dags/example_bash_operator.py took 0.191 seconds
[2025-08-04T16:00:57.937+0000] {processor.py:161} INFO - Started process (PID=307) to work on /home/airflow/.local/lib/python3.12/site-packages/airflow/example_dags/example_bash_operator.py
[2025-08-04T16:00:57.938+0000] {processor.py:830} INFO - Processing file /home/airflow/.local/lib/python3.12/site-packages/airflow/example_dags/example_bash_operator.py for tasks to queue
[2025-08-04T16:00:57.942+0000] {logging_mixin.py:188} INFO - [2025-08-04T16:00:57.940+0000] {dagbag.py:545} INFO - Filling up the DagBag from /home/airflow/.local/lib/python3.12/site-packages/airflow/example_dags/example_bash_operator.py
[2025-08-04T16:00:57.968+0000] {processor.py:840} INFO - DAG(s) 'example_bash_operator' retrieved from /home/airflow/.local/lib/python3.12/site-packages/airflow/example_dags/example_bash_operator.py
[2025-08-04T16:00:57.997+0000] {logging_mixin.py:188} INFO - [2025-08-04T16:00:57.997+0000] {dag.py:3096} INFO - Sync 1 DAGs
[2025-08-04T16:00:58.038+0000] {logging_mixin.py:188} INFO - [2025-08-04T16:00:58.037+0000] {dag.py:3954} INFO - Setting next_dagrun for example_bash_operator to 2025-08-03 00:00:00+00:00, run_after=2025-08-04 00:00:00+00:00
[2025-08-04T16:00:58.068+0000] {processor.py:183} INFO - Processing /home/airflow/.local/lib/python3.12/site-packages/airflow/example_dags/example_bash_operator.py took 0.141 seconds
[2025-08-04T16:35:19.659+0000] {processor.py:161} INFO - Started process (PID=76) to work on /home/airflow/.local/lib/python3.12/site-packages/airflow/example_dags/example_bash_operator.py
[2025-08-04T16:35:19.662+0000] {processor.py:830} INFO - Processing file /home/airflow/.local/lib/python3.12/site-packages/airflow/example_dags/example_bash_operator.py for tasks to queue
[2025-08-04T16:35:19.668+0000] {logging_mixin.py:188} INFO - [2025-08-04T16:35:19.666+0000] {dagbag.py:545} INFO - Filling up the DagBag from /home/airflow/.local/lib/python3.12/site-packages/airflow/example_dags/example_bash_operator.py
[2025-08-04T16:35:19.690+0000] {processor.py:840} INFO - DAG(s) 'example_bash_operator' retrieved from /home/airflow/.local/lib/python3.12/site-packages/airflow/example_dags/example_bash_operator.py
[2025-08-04T16:35:19.733+0000] {logging_mixin.py:188} INFO - [2025-08-04T16:35:19.733+0000] {dag.py:3096} INFO - Sync 1 DAGs
[2025-08-04T16:35:19.777+0000] {logging_mixin.py:188} INFO - [2025-08-04T16:35:19.777+0000] {dag.py:3954} INFO - Setting next_dagrun for example_bash_operator to 2025-08-03 00:00:00+00:00, run_after=2025-08-04 00:00:00+00:00
[2025-08-04T16:35:19.813+0000] {processor.py:183} INFO - Processing /home/airflow/.local/lib/python3.12/site-packages/airflow/example_dags/example_bash_operator.py took 0.167 seconds
