[2025-08-04T03:45:44.664+0000] {processor.py:161} INFO - Started process (PID=83) to work on /home/airflow/.local/lib/python3.12/site-packages/airflow/example_dags/example_params_trigger_ui.py
[2025-08-04T03:45:44.670+0000] {processor.py:830} INFO - Processing file /home/airflow/.local/lib/python3.12/site-packages/airflow/example_dags/example_params_trigger_ui.py for tasks to queue
[2025-08-04T03:45:44.687+0000] {logging_mixin.py:188} INFO - [2025-08-04T03:45:44.687+0000] {dagbag.py:545} INFO - Filling up the DagBag from /home/airflow/.local/lib/python3.12/site-packages/airflow/example_dags/example_params_trigger_ui.py
[2025-08-04T03:45:44.870+0000] {processor.py:840} INFO - DAG(s) 'example_params_trigger_ui' retrieved from /home/airflow/.local/lib/python3.12/site-packages/airflow/example_dags/example_params_trigger_ui.py
[2025-08-04T03:45:47.398+0000] {logging_mixin.py:188} INFO - [2025-08-04T03:45:47.395+0000] {dag.py:3096} INFO - Sync 1 DAGs
[2025-08-04T03:45:47.685+0000] {logging_mixin.py:188} INFO - [2025-08-04T03:45:47.684+0000] {dag.py:3954} INFO - Setting next_dagrun for example_params_trigger_ui to None, run_after=None
[2025-08-04T03:45:48.166+0000] {processor.py:183} INFO - Processing /home/airflow/.local/lib/python3.12/site-packages/airflow/example_dags/example_params_trigger_ui.py took 3.549 seconds
[2025-08-04T03:47:05.709+0000] {processor.py:161} INFO - Started process (PID=153) to work on /home/airflow/.local/lib/python3.12/site-packages/airflow/example_dags/example_params_trigger_ui.py
[2025-08-04T03:47:05.746+0000] {processor.py:830} INFO - Processing file /home/airflow/.local/lib/python3.12/site-packages/airflow/example_dags/example_params_trigger_ui.py for tasks to queue
[2025-08-04T03:47:05.931+0000] {logging_mixin.py:188} INFO - [2025-08-04T03:47:05.920+0000] {dagbag.py:545} INFO - Filling up the DagBag from /home/airflow/.local/lib/python3.12/site-packages/airflow/example_dags/example_params_trigger_ui.py
[2025-08-04T03:47:06.488+0000] {processor.py:840} INFO - DAG(s) 'example_params_trigger_ui' retrieved from /home/airflow/.local/lib/python3.12/site-packages/airflow/example_dags/example_params_trigger_ui.py
[2025-08-04T03:47:06.887+0000] {logging_mixin.py:188} INFO - [2025-08-04T03:47:06.887+0000] {dag.py:3096} INFO - Sync 1 DAGs
[2025-08-04T03:47:07.337+0000] {logging_mixin.py:188} INFO - [2025-08-04T03:47:07.335+0000] {dag.py:3954} INFO - Setting next_dagrun for example_params_trigger_ui to None, run_after=None
[2025-08-04T03:47:07.652+0000] {processor.py:183} INFO - Processing /home/airflow/.local/lib/python3.12/site-packages/airflow/example_dags/example_params_trigger_ui.py took 2.215 seconds
[2025-08-04T03:47:42.810+0000] {processor.py:161} INFO - Started process (PID=209) to work on /home/airflow/.local/lib/python3.12/site-packages/airflow/example_dags/example_params_trigger_ui.py
[2025-08-04T03:47:42.811+0000] {processor.py:830} INFO - Processing file /home/airflow/.local/lib/python3.12/site-packages/airflow/example_dags/example_params_trigger_ui.py for tasks to queue
[2025-08-04T03:47:42.828+0000] {logging_mixin.py:188} INFO - [2025-08-04T03:47:42.820+0000] {dagbag.py:545} INFO - Filling up the DagBag from /home/airflow/.local/lib/python3.12/site-packages/airflow/example_dags/example_params_trigger_ui.py
[2025-08-04T03:47:42.964+0000] {processor.py:840} INFO - DAG(s) 'example_params_trigger_ui' retrieved from /home/airflow/.local/lib/python3.12/site-packages/airflow/example_dags/example_params_trigger_ui.py
[2025-08-04T03:47:43.178+0000] {logging_mixin.py:188} INFO - [2025-08-04T03:47:43.178+0000] {dag.py:3096} INFO - Sync 1 DAGs
[2025-08-04T03:47:43.229+0000] {logging_mixin.py:188} INFO - [2025-08-04T03:47:43.228+0000] {dag.py:3954} INFO - Setting next_dagrun for example_params_trigger_ui to None, run_after=None
[2025-08-04T03:47:43.421+0000] {processor.py:183} INFO - Processing /home/airflow/.local/lib/python3.12/site-packages/airflow/example_dags/example_params_trigger_ui.py took 0.630 seconds
[2025-08-04T03:48:20.544+0000] {processor.py:161} INFO - Started process (PID=267) to work on /home/airflow/.local/lib/python3.12/site-packages/airflow/example_dags/example_params_trigger_ui.py
[2025-08-04T03:48:20.566+0000] {processor.py:830} INFO - Processing file /home/airflow/.local/lib/python3.12/site-packages/airflow/example_dags/example_params_trigger_ui.py for tasks to queue
[2025-08-04T03:48:20.613+0000] {logging_mixin.py:188} INFO - [2025-08-04T03:48:20.601+0000] {dagbag.py:545} INFO - Filling up the DagBag from /home/airflow/.local/lib/python3.12/site-packages/airflow/example_dags/example_params_trigger_ui.py
[2025-08-04T03:48:20.713+0000] {processor.py:840} INFO - DAG(s) 'example_params_trigger_ui' retrieved from /home/airflow/.local/lib/python3.12/site-packages/airflow/example_dags/example_params_trigger_ui.py
[2025-08-04T03:48:20.959+0000] {logging_mixin.py:188} INFO - [2025-08-04T03:48:20.959+0000] {dag.py:3096} INFO - Sync 1 DAGs
[2025-08-04T03:48:21.029+0000] {logging_mixin.py:188} INFO - [2025-08-04T03:48:21.028+0000] {dag.py:3954} INFO - Setting next_dagrun for example_params_trigger_ui to None, run_after=None
[2025-08-04T03:48:21.129+0000] {processor.py:183} INFO - Processing /home/airflow/.local/lib/python3.12/site-packages/airflow/example_dags/example_params_trigger_ui.py took 0.619 seconds
[2025-08-04T03:48:51.493+0000] {processor.py:161} INFO - Started process (PID=325) to work on /home/airflow/.local/lib/python3.12/site-packages/airflow/example_dags/example_params_trigger_ui.py
[2025-08-04T03:48:51.495+0000] {processor.py:830} INFO - Processing file /home/airflow/.local/lib/python3.12/site-packages/airflow/example_dags/example_params_trigger_ui.py for tasks to queue
[2025-08-04T03:48:51.500+0000] {logging_mixin.py:188} INFO - [2025-08-04T03:48:51.499+0000] {dagbag.py:545} INFO - Filling up the DagBag from /home/airflow/.local/lib/python3.12/site-packages/airflow/example_dags/example_params_trigger_ui.py
[2025-08-04T03:48:51.528+0000] {processor.py:840} INFO - DAG(s) 'example_params_trigger_ui' retrieved from /home/airflow/.local/lib/python3.12/site-packages/airflow/example_dags/example_params_trigger_ui.py
[2025-08-04T03:48:51.618+0000] {logging_mixin.py:188} INFO - [2025-08-04T03:48:51.618+0000] {dag.py:3096} INFO - Sync 1 DAGs
[2025-08-04T03:48:51.656+0000] {logging_mixin.py:188} INFO - [2025-08-04T03:48:51.656+0000] {dag.py:3954} INFO - Setting next_dagrun for example_params_trigger_ui to None, run_after=None
[2025-08-04T03:48:51.694+0000] {processor.py:183} INFO - Processing /home/airflow/.local/lib/python3.12/site-packages/airflow/example_dags/example_params_trigger_ui.py took 0.221 seconds
[2025-08-04T15:16:44.443+0000] {processor.py:161} INFO - Started process (PID=84) to work on /home/airflow/.local/lib/python3.12/site-packages/airflow/example_dags/example_params_trigger_ui.py
[2025-08-04T15:16:44.445+0000] {processor.py:830} INFO - Processing file /home/airflow/.local/lib/python3.12/site-packages/airflow/example_dags/example_params_trigger_ui.py for tasks to queue
[2025-08-04T15:16:44.450+0000] {logging_mixin.py:188} INFO - [2025-08-04T15:16:44.449+0000] {dagbag.py:545} INFO - Filling up the DagBag from /home/airflow/.local/lib/python3.12/site-packages/airflow/example_dags/example_params_trigger_ui.py
[2025-08-04T15:16:44.567+0000] {processor.py:840} INFO - DAG(s) 'example_params_trigger_ui' retrieved from /home/airflow/.local/lib/python3.12/site-packages/airflow/example_dags/example_params_trigger_ui.py
[2025-08-04T15:16:44.728+0000] {logging_mixin.py:188} INFO - [2025-08-04T15:16:44.728+0000] {dag.py:3096} INFO - Sync 1 DAGs
[2025-08-04T15:16:44.753+0000] {logging_mixin.py:188} INFO - [2025-08-04T15:16:44.753+0000] {dag.py:3954} INFO - Setting next_dagrun for example_params_trigger_ui to None, run_after=None
[2025-08-04T15:16:44.811+0000] {processor.py:183} INFO - Processing /home/airflow/.local/lib/python3.12/site-packages/airflow/example_dags/example_params_trigger_ui.py took 0.393 seconds
[2025-08-04T15:17:15.468+0000] {processor.py:161} INFO - Started process (PID=142) to work on /home/airflow/.local/lib/python3.12/site-packages/airflow/example_dags/example_params_trigger_ui.py
[2025-08-04T15:17:15.470+0000] {processor.py:830} INFO - Processing file /home/airflow/.local/lib/python3.12/site-packages/airflow/example_dags/example_params_trigger_ui.py for tasks to queue
[2025-08-04T15:17:15.472+0000] {logging_mixin.py:188} INFO - [2025-08-04T15:17:15.472+0000] {dagbag.py:545} INFO - Filling up the DagBag from /home/airflow/.local/lib/python3.12/site-packages/airflow/example_dags/example_params_trigger_ui.py
[2025-08-04T15:17:15.520+0000] {processor.py:840} INFO - DAG(s) 'example_params_trigger_ui' retrieved from /home/airflow/.local/lib/python3.12/site-packages/airflow/example_dags/example_params_trigger_ui.py
[2025-08-04T15:17:15.596+0000] {logging_mixin.py:188} INFO - [2025-08-04T15:17:15.595+0000] {dag.py:3096} INFO - Sync 1 DAGs
[2025-08-04T15:17:15.611+0000] {logging_mixin.py:188} INFO - [2025-08-04T15:17:15.611+0000] {dag.py:3954} INFO - Setting next_dagrun for example_params_trigger_ui to None, run_after=None
[2025-08-04T15:17:15.641+0000] {processor.py:183} INFO - Processing /home/airflow/.local/lib/python3.12/site-packages/airflow/example_dags/example_params_trigger_ui.py took 0.183 seconds
[2025-08-04T15:17:46.417+0000] {processor.py:161} INFO - Started process (PID=200) to work on /home/airflow/.local/lib/python3.12/site-packages/airflow/example_dags/example_params_trigger_ui.py
[2025-08-04T15:17:46.421+0000] {processor.py:830} INFO - Processing file /home/airflow/.local/lib/python3.12/site-packages/airflow/example_dags/example_params_trigger_ui.py for tasks to queue
[2025-08-04T15:17:46.425+0000] {logging_mixin.py:188} INFO - [2025-08-04T15:17:46.425+0000] {dagbag.py:545} INFO - Filling up the DagBag from /home/airflow/.local/lib/python3.12/site-packages/airflow/example_dags/example_params_trigger_ui.py
[2025-08-04T15:17:46.435+0000] {processor.py:840} INFO - DAG(s) 'example_params_trigger_ui' retrieved from /home/airflow/.local/lib/python3.12/site-packages/airflow/example_dags/example_params_trigger_ui.py
[2025-08-04T15:17:46.459+0000] {logging_mixin.py:188} INFO - [2025-08-04T15:17:46.459+0000] {dag.py:3096} INFO - Sync 1 DAGs
[2025-08-04T15:17:46.466+0000] {logging_mixin.py:188} INFO - [2025-08-04T15:17:46.466+0000] {dag.py:3954} INFO - Setting next_dagrun for example_params_trigger_ui to None, run_after=None
[2025-08-04T15:17:46.476+0000] {processor.py:183} INFO - Processing /home/airflow/.local/lib/python3.12/site-packages/airflow/example_dags/example_params_trigger_ui.py took 0.063 seconds
[2025-08-04T15:18:16.987+0000] {processor.py:161} INFO - Started process (PID=258) to work on /home/airflow/.local/lib/python3.12/site-packages/airflow/example_dags/example_params_trigger_ui.py
[2025-08-04T15:18:16.991+0000] {processor.py:830} INFO - Processing file /home/airflow/.local/lib/python3.12/site-packages/airflow/example_dags/example_params_trigger_ui.py for tasks to queue
[2025-08-04T15:18:16.996+0000] {logging_mixin.py:188} INFO - [2025-08-04T15:18:16.996+0000] {dagbag.py:545} INFO - Filling up the DagBag from /home/airflow/.local/lib/python3.12/site-packages/airflow/example_dags/example_params_trigger_ui.py
[2025-08-04T15:18:17.007+0000] {processor.py:840} INFO - DAG(s) 'example_params_trigger_ui' retrieved from /home/airflow/.local/lib/python3.12/site-packages/airflow/example_dags/example_params_trigger_ui.py
[2025-08-04T15:18:17.042+0000] {logging_mixin.py:188} INFO - [2025-08-04T15:18:17.042+0000] {dag.py:3096} INFO - Sync 1 DAGs
[2025-08-04T15:18:17.055+0000] {logging_mixin.py:188} INFO - [2025-08-04T15:18:17.055+0000] {dag.py:3954} INFO - Setting next_dagrun for example_params_trigger_ui to None, run_after=None
[2025-08-04T15:18:17.064+0000] {processor.py:183} INFO - Processing /home/airflow/.local/lib/python3.12/site-packages/airflow/example_dags/example_params_trigger_ui.py took 0.080 seconds
[2025-08-04T15:18:48.592+0000] {processor.py:161} INFO - Started process (PID=316) to work on /home/airflow/.local/lib/python3.12/site-packages/airflow/example_dags/example_params_trigger_ui.py
[2025-08-04T15:18:48.599+0000] {processor.py:830} INFO - Processing file /home/airflow/.local/lib/python3.12/site-packages/airflow/example_dags/example_params_trigger_ui.py for tasks to queue
[2025-08-04T15:18:48.605+0000] {logging_mixin.py:188} INFO - [2025-08-04T15:18:48.605+0000] {dagbag.py:545} INFO - Filling up the DagBag from /home/airflow/.local/lib/python3.12/site-packages/airflow/example_dags/example_params_trigger_ui.py
[2025-08-04T15:18:48.644+0000] {processor.py:840} INFO - DAG(s) 'example_params_trigger_ui' retrieved from /home/airflow/.local/lib/python3.12/site-packages/airflow/example_dags/example_params_trigger_ui.py
[2025-08-04T15:18:48.705+0000] {logging_mixin.py:188} INFO - [2025-08-04T15:18:48.705+0000] {dag.py:3096} INFO - Sync 1 DAGs
[2025-08-04T15:18:48.729+0000] {logging_mixin.py:188} INFO - [2025-08-04T15:18:48.729+0000] {dag.py:3954} INFO - Setting next_dagrun for example_params_trigger_ui to None, run_after=None
[2025-08-04T15:18:48.925+0000] {processor.py:183} INFO - Processing /home/airflow/.local/lib/python3.12/site-packages/airflow/example_dags/example_params_trigger_ui.py took 0.341 seconds
[2025-08-04T15:19:18.972+0000] {processor.py:161} INFO - Started process (PID=374) to work on /home/airflow/.local/lib/python3.12/site-packages/airflow/example_dags/example_params_trigger_ui.py
[2025-08-04T15:19:18.975+0000] {processor.py:830} INFO - Processing file /home/airflow/.local/lib/python3.12/site-packages/airflow/example_dags/example_params_trigger_ui.py for tasks to queue
[2025-08-04T15:19:18.981+0000] {logging_mixin.py:188} INFO - [2025-08-04T15:19:18.981+0000] {dagbag.py:545} INFO - Filling up the DagBag from /home/airflow/.local/lib/python3.12/site-packages/airflow/example_dags/example_params_trigger_ui.py
[2025-08-04T15:19:19.007+0000] {processor.py:840} INFO - DAG(s) 'example_params_trigger_ui' retrieved from /home/airflow/.local/lib/python3.12/site-packages/airflow/example_dags/example_params_trigger_ui.py
[2025-08-04T15:19:19.038+0000] {logging_mixin.py:188} INFO - [2025-08-04T15:19:19.037+0000] {dag.py:3096} INFO - Sync 1 DAGs
[2025-08-04T15:19:19.047+0000] {logging_mixin.py:188} INFO - [2025-08-04T15:19:19.047+0000] {dag.py:3954} INFO - Setting next_dagrun for example_params_trigger_ui to None, run_after=None
[2025-08-04T15:19:19.063+0000] {processor.py:183} INFO - Processing /home/airflow/.local/lib/python3.12/site-packages/airflow/example_dags/example_params_trigger_ui.py took 0.096 seconds
[2025-08-04T15:27:10.851+0000] {processor.py:161} INFO - Started process (PID=83) to work on /home/airflow/.local/lib/python3.12/site-packages/airflow/example_dags/example_params_trigger_ui.py
[2025-08-04T15:27:10.868+0000] {processor.py:830} INFO - Processing file /home/airflow/.local/lib/python3.12/site-packages/airflow/example_dags/example_params_trigger_ui.py for tasks to queue
[2025-08-04T15:27:10.873+0000] {logging_mixin.py:188} INFO - [2025-08-04T15:27:10.873+0000] {dagbag.py:545} INFO - Filling up the DagBag from /home/airflow/.local/lib/python3.12/site-packages/airflow/example_dags/example_params_trigger_ui.py
[2025-08-04T15:27:10.942+0000] {processor.py:840} INFO - DAG(s) 'example_params_trigger_ui' retrieved from /home/airflow/.local/lib/python3.12/site-packages/airflow/example_dags/example_params_trigger_ui.py
[2025-08-04T15:27:11.120+0000] {logging_mixin.py:188} INFO - [2025-08-04T15:27:11.120+0000] {dag.py:3096} INFO - Sync 1 DAGs
[2025-08-04T15:27:11.164+0000] {logging_mixin.py:188} INFO - [2025-08-04T15:27:11.163+0000] {dag.py:3954} INFO - Setting next_dagrun for example_params_trigger_ui to None, run_after=None
[2025-08-04T15:27:11.349+0000] {processor.py:183} INFO - Processing /home/airflow/.local/lib/python3.12/site-packages/airflow/example_dags/example_params_trigger_ui.py took 0.520 seconds
[2025-08-04T15:27:42.295+0000] {processor.py:161} INFO - Started process (PID=141) to work on /home/airflow/.local/lib/python3.12/site-packages/airflow/example_dags/example_params_trigger_ui.py
[2025-08-04T15:27:42.297+0000] {processor.py:830} INFO - Processing file /home/airflow/.local/lib/python3.12/site-packages/airflow/example_dags/example_params_trigger_ui.py for tasks to queue
[2025-08-04T15:27:42.300+0000] {logging_mixin.py:188} INFO - [2025-08-04T15:27:42.300+0000] {dagbag.py:545} INFO - Filling up the DagBag from /home/airflow/.local/lib/python3.12/site-packages/airflow/example_dags/example_params_trigger_ui.py
[2025-08-04T15:27:42.328+0000] {processor.py:840} INFO - DAG(s) 'example_params_trigger_ui' retrieved from /home/airflow/.local/lib/python3.12/site-packages/airflow/example_dags/example_params_trigger_ui.py
[2025-08-04T15:27:42.385+0000] {logging_mixin.py:188} INFO - [2025-08-04T15:27:42.384+0000] {dag.py:3096} INFO - Sync 1 DAGs
[2025-08-04T15:27:42.395+0000] {logging_mixin.py:188} INFO - [2025-08-04T15:27:42.395+0000] {dag.py:3954} INFO - Setting next_dagrun for example_params_trigger_ui to None, run_after=None
[2025-08-04T15:27:42.415+0000] {processor.py:183} INFO - Processing /home/airflow/.local/lib/python3.12/site-packages/airflow/example_dags/example_params_trigger_ui.py took 0.128 seconds
[2025-08-04T15:28:12.659+0000] {processor.py:161} INFO - Started process (PID=199) to work on /home/airflow/.local/lib/python3.12/site-packages/airflow/example_dags/example_params_trigger_ui.py
[2025-08-04T15:28:12.659+0000] {processor.py:830} INFO - Processing file /home/airflow/.local/lib/python3.12/site-packages/airflow/example_dags/example_params_trigger_ui.py for tasks to queue
[2025-08-04T15:28:12.660+0000] {logging_mixin.py:188} INFO - [2025-08-04T15:28:12.660+0000] {dagbag.py:545} INFO - Filling up the DagBag from /home/airflow/.local/lib/python3.12/site-packages/airflow/example_dags/example_params_trigger_ui.py
[2025-08-04T15:28:12.667+0000] {processor.py:840} INFO - DAG(s) 'example_params_trigger_ui' retrieved from /home/airflow/.local/lib/python3.12/site-packages/airflow/example_dags/example_params_trigger_ui.py
[2025-08-04T15:28:12.697+0000] {logging_mixin.py:188} INFO - [2025-08-04T15:28:12.697+0000] {dag.py:3096} INFO - Sync 1 DAGs
[2025-08-04T15:28:12.708+0000] {logging_mixin.py:188} INFO - [2025-08-04T15:28:12.708+0000] {dag.py:3954} INFO - Setting next_dagrun for example_params_trigger_ui to None, run_after=None
[2025-08-04T15:28:12.720+0000] {processor.py:183} INFO - Processing /home/airflow/.local/lib/python3.12/site-packages/airflow/example_dags/example_params_trigger_ui.py took 0.065 seconds
[2025-08-04T15:28:43.108+0000] {processor.py:161} INFO - Started process (PID=257) to work on /home/airflow/.local/lib/python3.12/site-packages/airflow/example_dags/example_params_trigger_ui.py
[2025-08-04T15:28:43.110+0000] {processor.py:830} INFO - Processing file /home/airflow/.local/lib/python3.12/site-packages/airflow/example_dags/example_params_trigger_ui.py for tasks to queue
[2025-08-04T15:28:43.111+0000] {logging_mixin.py:188} INFO - [2025-08-04T15:28:43.111+0000] {dagbag.py:545} INFO - Filling up the DagBag from /home/airflow/.local/lib/python3.12/site-packages/airflow/example_dags/example_params_trigger_ui.py
[2025-08-04T15:28:43.121+0000] {processor.py:840} INFO - DAG(s) 'example_params_trigger_ui' retrieved from /home/airflow/.local/lib/python3.12/site-packages/airflow/example_dags/example_params_trigger_ui.py
[2025-08-04T15:28:43.145+0000] {logging_mixin.py:188} INFO - [2025-08-04T15:28:43.145+0000] {dag.py:3096} INFO - Sync 1 DAGs
[2025-08-04T15:28:43.155+0000] {logging_mixin.py:188} INFO - [2025-08-04T15:28:43.155+0000] {dag.py:3954} INFO - Setting next_dagrun for example_params_trigger_ui to None, run_after=None
[2025-08-04T15:28:43.166+0000] {processor.py:183} INFO - Processing /home/airflow/.local/lib/python3.12/site-packages/airflow/example_dags/example_params_trigger_ui.py took 0.077 seconds
[2025-08-04T15:29:13.595+0000] {processor.py:161} INFO - Started process (PID=315) to work on /home/airflow/.local/lib/python3.12/site-packages/airflow/example_dags/example_params_trigger_ui.py
[2025-08-04T15:29:13.596+0000] {processor.py:830} INFO - Processing file /home/airflow/.local/lib/python3.12/site-packages/airflow/example_dags/example_params_trigger_ui.py for tasks to queue
[2025-08-04T15:29:13.597+0000] {logging_mixin.py:188} INFO - [2025-08-04T15:29:13.597+0000] {dagbag.py:545} INFO - Filling up the DagBag from /home/airflow/.local/lib/python3.12/site-packages/airflow/example_dags/example_params_trigger_ui.py
[2025-08-04T15:29:13.606+0000] {processor.py:840} INFO - DAG(s) 'example_params_trigger_ui' retrieved from /home/airflow/.local/lib/python3.12/site-packages/airflow/example_dags/example_params_trigger_ui.py
[2025-08-04T15:29:13.632+0000] {logging_mixin.py:188} INFO - [2025-08-04T15:29:13.632+0000] {dag.py:3096} INFO - Sync 1 DAGs
[2025-08-04T15:29:13.637+0000] {logging_mixin.py:188} INFO - [2025-08-04T15:29:13.637+0000] {dag.py:3954} INFO - Setting next_dagrun for example_params_trigger_ui to None, run_after=None
[2025-08-04T15:29:13.647+0000] {processor.py:183} INFO - Processing /home/airflow/.local/lib/python3.12/site-packages/airflow/example_dags/example_params_trigger_ui.py took 0.055 seconds
[2025-08-04T15:29:44.215+0000] {processor.py:161} INFO - Started process (PID=373) to work on /home/airflow/.local/lib/python3.12/site-packages/airflow/example_dags/example_params_trigger_ui.py
[2025-08-04T15:29:44.216+0000] {processor.py:830} INFO - Processing file /home/airflow/.local/lib/python3.12/site-packages/airflow/example_dags/example_params_trigger_ui.py for tasks to queue
[2025-08-04T15:29:44.217+0000] {logging_mixin.py:188} INFO - [2025-08-04T15:29:44.217+0000] {dagbag.py:545} INFO - Filling up the DagBag from /home/airflow/.local/lib/python3.12/site-packages/airflow/example_dags/example_params_trigger_ui.py
[2025-08-04T15:29:44.231+0000] {processor.py:840} INFO - DAG(s) 'example_params_trigger_ui' retrieved from /home/airflow/.local/lib/python3.12/site-packages/airflow/example_dags/example_params_trigger_ui.py
[2025-08-04T15:29:44.254+0000] {logging_mixin.py:188} INFO - [2025-08-04T15:29:44.254+0000] {dag.py:3096} INFO - Sync 1 DAGs
[2025-08-04T15:29:44.265+0000] {logging_mixin.py:188} INFO - [2025-08-04T15:29:44.265+0000] {dag.py:3954} INFO - Setting next_dagrun for example_params_trigger_ui to None, run_after=None
[2025-08-04T15:29:44.278+0000] {processor.py:183} INFO - Processing /home/airflow/.local/lib/python3.12/site-packages/airflow/example_dags/example_params_trigger_ui.py took 0.066 seconds
[2025-08-04T15:30:14.553+0000] {processor.py:161} INFO - Started process (PID=431) to work on /home/airflow/.local/lib/python3.12/site-packages/airflow/example_dags/example_params_trigger_ui.py
[2025-08-04T15:30:14.554+0000] {processor.py:830} INFO - Processing file /home/airflow/.local/lib/python3.12/site-packages/airflow/example_dags/example_params_trigger_ui.py for tasks to queue
[2025-08-04T15:30:14.556+0000] {logging_mixin.py:188} INFO - [2025-08-04T15:30:14.556+0000] {dagbag.py:545} INFO - Filling up the DagBag from /home/airflow/.local/lib/python3.12/site-packages/airflow/example_dags/example_params_trigger_ui.py
[2025-08-04T15:30:14.565+0000] {processor.py:840} INFO - DAG(s) 'example_params_trigger_ui' retrieved from /home/airflow/.local/lib/python3.12/site-packages/airflow/example_dags/example_params_trigger_ui.py
[2025-08-04T15:30:14.598+0000] {logging_mixin.py:188} INFO - [2025-08-04T15:30:14.598+0000] {dag.py:3096} INFO - Sync 1 DAGs
[2025-08-04T15:30:14.606+0000] {logging_mixin.py:188} INFO - [2025-08-04T15:30:14.606+0000] {dag.py:3954} INFO - Setting next_dagrun for example_params_trigger_ui to None, run_after=None
[2025-08-04T15:30:14.623+0000] {processor.py:183} INFO - Processing /home/airflow/.local/lib/python3.12/site-packages/airflow/example_dags/example_params_trigger_ui.py took 0.073 seconds
[2025-08-04T15:30:44.981+0000] {processor.py:161} INFO - Started process (PID=489) to work on /home/airflow/.local/lib/python3.12/site-packages/airflow/example_dags/example_params_trigger_ui.py
[2025-08-04T15:30:44.984+0000] {processor.py:830} INFO - Processing file /home/airflow/.local/lib/python3.12/site-packages/airflow/example_dags/example_params_trigger_ui.py for tasks to queue
[2025-08-04T15:30:44.986+0000] {logging_mixin.py:188} INFO - [2025-08-04T15:30:44.985+0000] {dagbag.py:545} INFO - Filling up the DagBag from /home/airflow/.local/lib/python3.12/site-packages/airflow/example_dags/example_params_trigger_ui.py
[2025-08-04T15:30:44.996+0000] {processor.py:840} INFO - DAG(s) 'example_params_trigger_ui' retrieved from /home/airflow/.local/lib/python3.12/site-packages/airflow/example_dags/example_params_trigger_ui.py
[2025-08-04T15:30:45.024+0000] {logging_mixin.py:188} INFO - [2025-08-04T15:30:45.023+0000] {dag.py:3096} INFO - Sync 1 DAGs
[2025-08-04T15:30:45.034+0000] {logging_mixin.py:188} INFO - [2025-08-04T15:30:45.034+0000] {dag.py:3954} INFO - Setting next_dagrun for example_params_trigger_ui to None, run_after=None
[2025-08-04T15:30:45.053+0000] {processor.py:183} INFO - Processing /home/airflow/.local/lib/python3.12/site-packages/airflow/example_dags/example_params_trigger_ui.py took 0.076 seconds
[2025-08-04T15:31:15.497+0000] {processor.py:161} INFO - Started process (PID=547) to work on /home/airflow/.local/lib/python3.12/site-packages/airflow/example_dags/example_params_trigger_ui.py
[2025-08-04T15:31:15.498+0000] {processor.py:830} INFO - Processing file /home/airflow/.local/lib/python3.12/site-packages/airflow/example_dags/example_params_trigger_ui.py for tasks to queue
[2025-08-04T15:31:15.502+0000] {logging_mixin.py:188} INFO - [2025-08-04T15:31:15.501+0000] {dagbag.py:545} INFO - Filling up the DagBag from /home/airflow/.local/lib/python3.12/site-packages/airflow/example_dags/example_params_trigger_ui.py
[2025-08-04T15:31:15.517+0000] {processor.py:840} INFO - DAG(s) 'example_params_trigger_ui' retrieved from /home/airflow/.local/lib/python3.12/site-packages/airflow/example_dags/example_params_trigger_ui.py
[2025-08-04T15:31:15.593+0000] {logging_mixin.py:188} INFO - [2025-08-04T15:31:15.593+0000] {dag.py:3096} INFO - Sync 1 DAGs
[2025-08-04T15:31:15.606+0000] {logging_mixin.py:188} INFO - [2025-08-04T15:31:15.606+0000] {dag.py:3954} INFO - Setting next_dagrun for example_params_trigger_ui to None, run_after=None
[2025-08-04T15:31:15.618+0000] {processor.py:183} INFO - Processing /home/airflow/.local/lib/python3.12/site-packages/airflow/example_dags/example_params_trigger_ui.py took 0.125 seconds
[2025-08-04T15:31:45.884+0000] {processor.py:161} INFO - Started process (PID=605) to work on /home/airflow/.local/lib/python3.12/site-packages/airflow/example_dags/example_params_trigger_ui.py
[2025-08-04T15:31:45.886+0000] {processor.py:830} INFO - Processing file /home/airflow/.local/lib/python3.12/site-packages/airflow/example_dags/example_params_trigger_ui.py for tasks to queue
[2025-08-04T15:31:45.887+0000] {logging_mixin.py:188} INFO - [2025-08-04T15:31:45.887+0000] {dagbag.py:545} INFO - Filling up the DagBag from /home/airflow/.local/lib/python3.12/site-packages/airflow/example_dags/example_params_trigger_ui.py
[2025-08-04T15:31:45.900+0000] {processor.py:840} INFO - DAG(s) 'example_params_trigger_ui' retrieved from /home/airflow/.local/lib/python3.12/site-packages/airflow/example_dags/example_params_trigger_ui.py
[2025-08-04T15:31:45.941+0000] {logging_mixin.py:188} INFO - [2025-08-04T15:31:45.941+0000] {dag.py:3096} INFO - Sync 1 DAGs
[2025-08-04T15:31:45.955+0000] {logging_mixin.py:188} INFO - [2025-08-04T15:31:45.955+0000] {dag.py:3954} INFO - Setting next_dagrun for example_params_trigger_ui to None, run_after=None
[2025-08-04T15:31:45.984+0000] {processor.py:183} INFO - Processing /home/airflow/.local/lib/python3.12/site-packages/airflow/example_dags/example_params_trigger_ui.py took 0.103 seconds
[2025-08-04T15:53:03.263+0000] {processor.py:161} INFO - Started process (PID=85) to work on /home/airflow/.local/lib/python3.12/site-packages/airflow/example_dags/example_params_trigger_ui.py
[2025-08-04T15:53:03.271+0000] {processor.py:830} INFO - Processing file /home/airflow/.local/lib/python3.12/site-packages/airflow/example_dags/example_params_trigger_ui.py for tasks to queue
[2025-08-04T15:53:03.315+0000] {logging_mixin.py:188} INFO - [2025-08-04T15:53:03.315+0000] {dagbag.py:545} INFO - Filling up the DagBag from /home/airflow/.local/lib/python3.12/site-packages/airflow/example_dags/example_params_trigger_ui.py
[2025-08-04T15:53:03.463+0000] {processor.py:840} INFO - DAG(s) 'example_params_trigger_ui' retrieved from /home/airflow/.local/lib/python3.12/site-packages/airflow/example_dags/example_params_trigger_ui.py
[2025-08-04T15:53:03.931+0000] {logging_mixin.py:188} INFO - [2025-08-04T15:53:03.930+0000] {dag.py:3096} INFO - Sync 1 DAGs
[2025-08-04T15:53:04.093+0000] {logging_mixin.py:188} INFO - [2025-08-04T15:53:04.080+0000] {dag.py:3954} INFO - Setting next_dagrun for example_params_trigger_ui to None, run_after=None
[2025-08-04T15:53:04.304+0000] {processor.py:183} INFO - Processing /home/airflow/.local/lib/python3.12/site-packages/airflow/example_dags/example_params_trigger_ui.py took 1.083 seconds
[2025-08-04T15:53:34.550+0000] {processor.py:161} INFO - Started process (PID=143) to work on /home/airflow/.local/lib/python3.12/site-packages/airflow/example_dags/example_params_trigger_ui.py
[2025-08-04T15:53:34.552+0000] {processor.py:830} INFO - Processing file /home/airflow/.local/lib/python3.12/site-packages/airflow/example_dags/example_params_trigger_ui.py for tasks to queue
[2025-08-04T15:53:34.555+0000] {logging_mixin.py:188} INFO - [2025-08-04T15:53:34.554+0000] {dagbag.py:545} INFO - Filling up the DagBag from /home/airflow/.local/lib/python3.12/site-packages/airflow/example_dags/example_params_trigger_ui.py
[2025-08-04T15:53:34.576+0000] {processor.py:840} INFO - DAG(s) 'example_params_trigger_ui' retrieved from /home/airflow/.local/lib/python3.12/site-packages/airflow/example_dags/example_params_trigger_ui.py
[2025-08-04T15:53:34.615+0000] {logging_mixin.py:188} INFO - [2025-08-04T15:53:34.614+0000] {dag.py:3096} INFO - Sync 1 DAGs
[2025-08-04T15:53:34.623+0000] {logging_mixin.py:188} INFO - [2025-08-04T15:53:34.623+0000] {dag.py:3954} INFO - Setting next_dagrun for example_params_trigger_ui to None, run_after=None
[2025-08-04T15:53:34.640+0000] {processor.py:183} INFO - Processing /home/airflow/.local/lib/python3.12/site-packages/airflow/example_dags/example_params_trigger_ui.py took 0.094 seconds
[2025-08-04T15:54:04.985+0000] {processor.py:161} INFO - Started process (PID=201) to work on /home/airflow/.local/lib/python3.12/site-packages/airflow/example_dags/example_params_trigger_ui.py
[2025-08-04T15:54:04.986+0000] {processor.py:830} INFO - Processing file /home/airflow/.local/lib/python3.12/site-packages/airflow/example_dags/example_params_trigger_ui.py for tasks to queue
[2025-08-04T15:54:04.991+0000] {logging_mixin.py:188} INFO - [2025-08-04T15:54:04.991+0000] {dagbag.py:545} INFO - Filling up the DagBag from /home/airflow/.local/lib/python3.12/site-packages/airflow/example_dags/example_params_trigger_ui.py
[2025-08-04T15:54:05.005+0000] {processor.py:840} INFO - DAG(s) 'example_params_trigger_ui' retrieved from /home/airflow/.local/lib/python3.12/site-packages/airflow/example_dags/example_params_trigger_ui.py
[2025-08-04T15:54:05.049+0000] {logging_mixin.py:188} INFO - [2025-08-04T15:54:05.049+0000] {dag.py:3096} INFO - Sync 1 DAGs
[2025-08-04T15:54:05.068+0000] {logging_mixin.py:188} INFO - [2025-08-04T15:54:05.068+0000] {dag.py:3954} INFO - Setting next_dagrun for example_params_trigger_ui to None, run_after=None
[2025-08-04T15:54:05.090+0000] {processor.py:183} INFO - Processing /home/airflow/.local/lib/python3.12/site-packages/airflow/example_dags/example_params_trigger_ui.py took 0.109 seconds
[2025-08-04T15:54:35.301+0000] {processor.py:161} INFO - Started process (PID=259) to work on /home/airflow/.local/lib/python3.12/site-packages/airflow/example_dags/example_params_trigger_ui.py
[2025-08-04T15:54:35.302+0000] {processor.py:830} INFO - Processing file /home/airflow/.local/lib/python3.12/site-packages/airflow/example_dags/example_params_trigger_ui.py for tasks to queue
[2025-08-04T15:54:35.304+0000] {logging_mixin.py:188} INFO - [2025-08-04T15:54:35.304+0000] {dagbag.py:545} INFO - Filling up the DagBag from /home/airflow/.local/lib/python3.12/site-packages/airflow/example_dags/example_params_trigger_ui.py
[2025-08-04T15:54:35.313+0000] {processor.py:840} INFO - DAG(s) 'example_params_trigger_ui' retrieved from /home/airflow/.local/lib/python3.12/site-packages/airflow/example_dags/example_params_trigger_ui.py
[2025-08-04T15:54:35.332+0000] {logging_mixin.py:188} INFO - [2025-08-04T15:54:35.332+0000] {dag.py:3096} INFO - Sync 1 DAGs
[2025-08-04T15:54:35.341+0000] {logging_mixin.py:188} INFO - [2025-08-04T15:54:35.341+0000] {dag.py:3954} INFO - Setting next_dagrun for example_params_trigger_ui to None, run_after=None
[2025-08-04T15:54:35.348+0000] {processor.py:183} INFO - Processing /home/airflow/.local/lib/python3.12/site-packages/airflow/example_dags/example_params_trigger_ui.py took 0.050 seconds
[2025-08-04T15:55:08.987+0000] {processor.py:161} INFO - Started process (PID=317) to work on /home/airflow/.local/lib/python3.12/site-packages/airflow/example_dags/example_params_trigger_ui.py
[2025-08-04T15:55:09.016+0000] {processor.py:830} INFO - Processing file /home/airflow/.local/lib/python3.12/site-packages/airflow/example_dags/example_params_trigger_ui.py for tasks to queue
[2025-08-04T15:55:09.095+0000] {logging_mixin.py:188} INFO - [2025-08-04T15:55:09.049+0000] {dagbag.py:545} INFO - Filling up the DagBag from /home/airflow/.local/lib/python3.12/site-packages/airflow/example_dags/example_params_trigger_ui.py
[2025-08-04T15:55:09.435+0000] {processor.py:840} INFO - DAG(s) 'example_params_trigger_ui' retrieved from /home/airflow/.local/lib/python3.12/site-packages/airflow/example_dags/example_params_trigger_ui.py
[2025-08-04T15:55:10.787+0000] {logging_mixin.py:188} INFO - [2025-08-04T15:55:10.785+0000] {dag.py:3096} INFO - Sync 1 DAGs
[2025-08-04T15:55:10.834+0000] {logging_mixin.py:188} INFO - [2025-08-04T15:55:10.833+0000] {dag.py:3954} INFO - Setting next_dagrun for example_params_trigger_ui to None, run_after=None
[2025-08-04T15:55:11.225+0000] {processor.py:183} INFO - Processing /home/airflow/.local/lib/python3.12/site-packages/airflow/example_dags/example_params_trigger_ui.py took 2.452 seconds
[2025-08-04T15:55:41.733+0000] {processor.py:161} INFO - Started process (PID=375) to work on /home/airflow/.local/lib/python3.12/site-packages/airflow/example_dags/example_params_trigger_ui.py
[2025-08-04T15:55:41.737+0000] {processor.py:830} INFO - Processing file /home/airflow/.local/lib/python3.12/site-packages/airflow/example_dags/example_params_trigger_ui.py for tasks to queue
[2025-08-04T15:55:41.758+0000] {logging_mixin.py:188} INFO - [2025-08-04T15:55:41.757+0000] {dagbag.py:545} INFO - Filling up the DagBag from /home/airflow/.local/lib/python3.12/site-packages/airflow/example_dags/example_params_trigger_ui.py
[2025-08-04T15:55:41.808+0000] {processor.py:840} INFO - DAG(s) 'example_params_trigger_ui' retrieved from /home/airflow/.local/lib/python3.12/site-packages/airflow/example_dags/example_params_trigger_ui.py
[2025-08-04T15:55:41.910+0000] {logging_mixin.py:188} INFO - [2025-08-04T15:55:41.910+0000] {dag.py:3096} INFO - Sync 1 DAGs
[2025-08-04T15:55:41.925+0000] {logging_mixin.py:188} INFO - [2025-08-04T15:55:41.925+0000] {dag.py:3954} INFO - Setting next_dagrun for example_params_trigger_ui to None, run_after=None
[2025-08-04T15:55:41.977+0000] {processor.py:183} INFO - Processing /home/airflow/.local/lib/python3.12/site-packages/airflow/example_dags/example_params_trigger_ui.py took 0.277 seconds
[2025-08-04T15:56:12.464+0000] {processor.py:161} INFO - Started process (PID=433) to work on /home/airflow/.local/lib/python3.12/site-packages/airflow/example_dags/example_params_trigger_ui.py
[2025-08-04T15:56:12.466+0000] {processor.py:830} INFO - Processing file /home/airflow/.local/lib/python3.12/site-packages/airflow/example_dags/example_params_trigger_ui.py for tasks to queue
[2025-08-04T15:56:12.468+0000] {logging_mixin.py:188} INFO - [2025-08-04T15:56:12.467+0000] {dagbag.py:545} INFO - Filling up the DagBag from /home/airflow/.local/lib/python3.12/site-packages/airflow/example_dags/example_params_trigger_ui.py
[2025-08-04T15:56:12.483+0000] {processor.py:840} INFO - DAG(s) 'example_params_trigger_ui' retrieved from /home/airflow/.local/lib/python3.12/site-packages/airflow/example_dags/example_params_trigger_ui.py
[2025-08-04T15:56:12.512+0000] {logging_mixin.py:188} INFO - [2025-08-04T15:56:12.512+0000] {dag.py:3096} INFO - Sync 1 DAGs
[2025-08-04T15:56:12.526+0000] {logging_mixin.py:188} INFO - [2025-08-04T15:56:12.526+0000] {dag.py:3954} INFO - Setting next_dagrun for example_params_trigger_ui to None, run_after=None
[2025-08-04T15:56:12.536+0000] {processor.py:183} INFO - Processing /home/airflow/.local/lib/python3.12/site-packages/airflow/example_dags/example_params_trigger_ui.py took 0.078 seconds
[2025-08-04T15:58:59.670+0000] {processor.py:161} INFO - Started process (PID=85) to work on /home/airflow/.local/lib/python3.12/site-packages/airflow/example_dags/example_params_trigger_ui.py
[2025-08-04T15:58:59.673+0000] {processor.py:830} INFO - Processing file /home/airflow/.local/lib/python3.12/site-packages/airflow/example_dags/example_params_trigger_ui.py for tasks to queue
[2025-08-04T15:58:59.676+0000] {logging_mixin.py:188} INFO - [2025-08-04T15:58:59.676+0000] {dagbag.py:545} INFO - Filling up the DagBag from /home/airflow/.local/lib/python3.12/site-packages/airflow/example_dags/example_params_trigger_ui.py
[2025-08-04T15:58:59.712+0000] {processor.py:840} INFO - DAG(s) 'example_params_trigger_ui' retrieved from /home/airflow/.local/lib/python3.12/site-packages/airflow/example_dags/example_params_trigger_ui.py
[2025-08-04T15:58:59.805+0000] {logging_mixin.py:188} INFO - [2025-08-04T15:58:59.805+0000] {dag.py:3096} INFO - Sync 1 DAGs
[2025-08-04T15:58:59.838+0000] {logging_mixin.py:188} INFO - [2025-08-04T15:58:59.837+0000] {dag.py:3954} INFO - Setting next_dagrun for example_params_trigger_ui to None, run_after=None
[2025-08-04T15:58:59.877+0000] {processor.py:183} INFO - Processing /home/airflow/.local/lib/python3.12/site-packages/airflow/example_dags/example_params_trigger_ui.py took 0.213 seconds
[2025-08-04T15:59:29.999+0000] {processor.py:161} INFO - Started process (PID=143) to work on /home/airflow/.local/lib/python3.12/site-packages/airflow/example_dags/example_params_trigger_ui.py
[2025-08-04T15:59:30.000+0000] {processor.py:830} INFO - Processing file /home/airflow/.local/lib/python3.12/site-packages/airflow/example_dags/example_params_trigger_ui.py for tasks to queue
[2025-08-04T15:59:30.001+0000] {logging_mixin.py:188} INFO - [2025-08-04T15:59:30.001+0000] {dagbag.py:545} INFO - Filling up the DagBag from /home/airflow/.local/lib/python3.12/site-packages/airflow/example_dags/example_params_trigger_ui.py
[2025-08-04T15:59:30.007+0000] {processor.py:840} INFO - DAG(s) 'example_params_trigger_ui' retrieved from /home/airflow/.local/lib/python3.12/site-packages/airflow/example_dags/example_params_trigger_ui.py
[2025-08-04T15:59:30.022+0000] {logging_mixin.py:188} INFO - [2025-08-04T15:59:30.021+0000] {dag.py:3096} INFO - Sync 1 DAGs
[2025-08-04T15:59:30.026+0000] {logging_mixin.py:188} INFO - [2025-08-04T15:59:30.026+0000] {dag.py:3954} INFO - Setting next_dagrun for example_params_trigger_ui to None, run_after=None
[2025-08-04T15:59:30.033+0000] {processor.py:183} INFO - Processing /home/airflow/.local/lib/python3.12/site-packages/airflow/example_dags/example_params_trigger_ui.py took 0.036 seconds
[2025-08-04T16:00:00.694+0000] {processor.py:161} INFO - Started process (PID=201) to work on /home/airflow/.local/lib/python3.12/site-packages/airflow/example_dags/example_params_trigger_ui.py
[2025-08-04T16:00:00.695+0000] {processor.py:830} INFO - Processing file /home/airflow/.local/lib/python3.12/site-packages/airflow/example_dags/example_params_trigger_ui.py for tasks to queue
[2025-08-04T16:00:00.699+0000] {logging_mixin.py:188} INFO - [2025-08-04T16:00:00.698+0000] {dagbag.py:545} INFO - Filling up the DagBag from /home/airflow/.local/lib/python3.12/site-packages/airflow/example_dags/example_params_trigger_ui.py
[2025-08-04T16:00:00.709+0000] {processor.py:840} INFO - DAG(s) 'example_params_trigger_ui' retrieved from /home/airflow/.local/lib/python3.12/site-packages/airflow/example_dags/example_params_trigger_ui.py
[2025-08-04T16:00:00.732+0000] {logging_mixin.py:188} INFO - [2025-08-04T16:00:00.732+0000] {dag.py:3096} INFO - Sync 1 DAGs
[2025-08-04T16:00:00.739+0000] {logging_mixin.py:188} INFO - [2025-08-04T16:00:00.738+0000] {dag.py:3954} INFO - Setting next_dagrun for example_params_trigger_ui to None, run_after=None
[2025-08-04T16:00:00.752+0000] {processor.py:183} INFO - Processing /home/airflow/.local/lib/python3.12/site-packages/airflow/example_dags/example_params_trigger_ui.py took 0.065 seconds
[2025-08-04T16:00:32.098+0000] {processor.py:161} INFO - Started process (PID=259) to work on /home/airflow/.local/lib/python3.12/site-packages/airflow/example_dags/example_params_trigger_ui.py
[2025-08-04T16:00:32.102+0000] {processor.py:830} INFO - Processing file /home/airflow/.local/lib/python3.12/site-packages/airflow/example_dags/example_params_trigger_ui.py for tasks to queue
[2025-08-04T16:00:32.105+0000] {logging_mixin.py:188} INFO - [2025-08-04T16:00:32.104+0000] {dagbag.py:545} INFO - Filling up the DagBag from /home/airflow/.local/lib/python3.12/site-packages/airflow/example_dags/example_params_trigger_ui.py
[2025-08-04T16:00:32.142+0000] {processor.py:840} INFO - DAG(s) 'example_params_trigger_ui' retrieved from /home/airflow/.local/lib/python3.12/site-packages/airflow/example_dags/example_params_trigger_ui.py
[2025-08-04T16:00:32.204+0000] {logging_mixin.py:188} INFO - [2025-08-04T16:00:32.204+0000] {dag.py:3096} INFO - Sync 1 DAGs
[2025-08-04T16:00:32.236+0000] {logging_mixin.py:188} INFO - [2025-08-04T16:00:32.235+0000] {dag.py:3954} INFO - Setting next_dagrun for example_params_trigger_ui to None, run_after=None
[2025-08-04T16:00:32.282+0000] {processor.py:183} INFO - Processing /home/airflow/.local/lib/python3.12/site-packages/airflow/example_dags/example_params_trigger_ui.py took 0.204 seconds
[2025-08-04T16:01:02.400+0000] {processor.py:161} INFO - Started process (PID=317) to work on /home/airflow/.local/lib/python3.12/site-packages/airflow/example_dags/example_params_trigger_ui.py
[2025-08-04T16:01:02.401+0000] {processor.py:830} INFO - Processing file /home/airflow/.local/lib/python3.12/site-packages/airflow/example_dags/example_params_trigger_ui.py for tasks to queue
[2025-08-04T16:01:02.402+0000] {logging_mixin.py:188} INFO - [2025-08-04T16:01:02.402+0000] {dagbag.py:545} INFO - Filling up the DagBag from /home/airflow/.local/lib/python3.12/site-packages/airflow/example_dags/example_params_trigger_ui.py
[2025-08-04T16:01:02.410+0000] {processor.py:840} INFO - DAG(s) 'example_params_trigger_ui' retrieved from /home/airflow/.local/lib/python3.12/site-packages/airflow/example_dags/example_params_trigger_ui.py
[2025-08-04T16:01:02.437+0000] {logging_mixin.py:188} INFO - [2025-08-04T16:01:02.437+0000] {dag.py:3096} INFO - Sync 1 DAGs
[2025-08-04T16:01:02.444+0000] {logging_mixin.py:188} INFO - [2025-08-04T16:01:02.443+0000] {dag.py:3954} INFO - Setting next_dagrun for example_params_trigger_ui to None, run_after=None
[2025-08-04T16:01:02.457+0000] {processor.py:183} INFO - Processing /home/airflow/.local/lib/python3.12/site-packages/airflow/example_dags/example_params_trigger_ui.py took 0.060 seconds
[2025-08-04T16:35:20.681+0000] {processor.py:161} INFO - Started process (PID=86) to work on /home/airflow/.local/lib/python3.12/site-packages/airflow/example_dags/example_params_trigger_ui.py
[2025-08-04T16:35:20.683+0000] {processor.py:830} INFO - Processing file /home/airflow/.local/lib/python3.12/site-packages/airflow/example_dags/example_params_trigger_ui.py for tasks to queue
[2025-08-04T16:35:20.690+0000] {logging_mixin.py:188} INFO - [2025-08-04T16:35:20.689+0000] {dagbag.py:545} INFO - Filling up the DagBag from /home/airflow/.local/lib/python3.12/site-packages/airflow/example_dags/example_params_trigger_ui.py
[2025-08-04T16:35:20.709+0000] {processor.py:840} INFO - DAG(s) 'example_params_trigger_ui' retrieved from /home/airflow/.local/lib/python3.12/site-packages/airflow/example_dags/example_params_trigger_ui.py
[2025-08-04T16:35:20.765+0000] {logging_mixin.py:188} INFO - [2025-08-04T16:35:20.765+0000] {dag.py:3096} INFO - Sync 1 DAGs
[2025-08-04T16:35:20.777+0000] {logging_mixin.py:188} INFO - [2025-08-04T16:35:20.776+0000] {dag.py:3954} INFO - Setting next_dagrun for example_params_trigger_ui to None, run_after=None
[2025-08-04T16:35:20.802+0000] {processor.py:183} INFO - Processing /home/airflow/.local/lib/python3.12/site-packages/airflow/example_dags/example_params_trigger_ui.py took 0.128 seconds
