[2025-08-04T03:45:39.986+0000] {processor.py:161} INFO - Started process (PID=77) to work on /home/airflow/.local/lib/python3.12/site-packages/airflow/example_dags/example_branch_operator.py
[2025-08-04T03:45:39.990+0000] {processor.py:830} INFO - Processing file /home/airflow/.local/lib/python3.12/site-packages/airflow/example_dags/example_branch_operator.py for tasks to queue
[2025-08-04T03:45:39.998+0000] {logging_mixin.py:188} INFO - [2025-08-04T03:45:39.994+0000] {dagbag.py:545} INFO - Filling up the DagBag from /home/airflow/.local/lib/python3.12/site-packages/airflow/example_dags/example_branch_operator.py
[2025-08-04T03:45:40.082+0000] {processor.py:840} INFO - DAG(s) 'example_branch_operator' retrieved from /home/airflow/.local/lib/python3.12/site-packages/airflow/example_dags/example_branch_operator.py
[2025-08-04T03:45:40.648+0000] {logging_mixin.py:188} INFO - [2025-08-04T03:45:40.648+0000] {dag.py:3096} INFO - Sync 1 DAGs
[2025-08-04T03:45:40.727+0000] {logging_mixin.py:188} INFO - [2025-08-04T03:45:40.727+0000] {dag.py:3954} INFO - Setting next_dagrun for example_branch_operator to 2025-08-03 00:00:00+00:00, run_after=2025-08-04 00:00:00+00:00
[2025-08-04T03:45:40.907+0000] {processor.py:183} INFO - Processing /home/airflow/.local/lib/python3.12/site-packages/airflow/example_dags/example_branch_operator.py took 0.988 seconds
[2025-08-04T03:46:56.145+0000] {processor.py:161} INFO - Started process (PID=147) to work on /home/airflow/.local/lib/python3.12/site-packages/airflow/example_dags/example_branch_operator.py
[2025-08-04T03:46:56.148+0000] {processor.py:830} INFO - Processing file /home/airflow/.local/lib/python3.12/site-packages/airflow/example_dags/example_branch_operator.py for tasks to queue
[2025-08-04T03:46:56.155+0000] {logging_mixin.py:188} INFO - [2025-08-04T03:46:56.152+0000] {dagbag.py:545} INFO - Filling up the DagBag from /home/airflow/.local/lib/python3.12/site-packages/airflow/example_dags/example_branch_operator.py
[2025-08-04T03:46:56.291+0000] {processor.py:840} INFO - DAG(s) 'example_branch_operator' retrieved from /home/airflow/.local/lib/python3.12/site-packages/airflow/example_dags/example_branch_operator.py
[2025-08-04T03:46:58.109+0000] {logging_mixin.py:188} INFO - [2025-08-04T03:46:58.108+0000] {dag.py:3096} INFO - Sync 1 DAGs
[2025-08-04T03:46:59.107+0000] {logging_mixin.py:188} INFO - [2025-08-04T03:46:59.078+0000] {dag.py:3954} INFO - Setting next_dagrun for example_branch_operator to 2025-08-03 00:00:00+00:00, run_after=2025-08-04 00:00:00+00:00
[2025-08-04T03:46:59.489+0000] {processor.py:183} INFO - Processing /home/airflow/.local/lib/python3.12/site-packages/airflow/example_dags/example_branch_operator.py took 3.382 seconds
[2025-08-04T03:47:40.705+0000] {processor.py:161} INFO - Started process (PID=203) to work on /home/airflow/.local/lib/python3.12/site-packages/airflow/example_dags/example_branch_operator.py
[2025-08-04T03:47:40.707+0000] {processor.py:830} INFO - Processing file /home/airflow/.local/lib/python3.12/site-packages/airflow/example_dags/example_branch_operator.py for tasks to queue
[2025-08-04T03:47:40.716+0000] {logging_mixin.py:188} INFO - [2025-08-04T03:47:40.714+0000] {dagbag.py:545} INFO - Filling up the DagBag from /home/airflow/.local/lib/python3.12/site-packages/airflow/example_dags/example_branch_operator.py
[2025-08-04T03:47:40.750+0000] {processor.py:840} INFO - DAG(s) 'example_branch_operator' retrieved from /home/airflow/.local/lib/python3.12/site-packages/airflow/example_dags/example_branch_operator.py
[2025-08-04T03:47:40.820+0000] {logging_mixin.py:188} INFO - [2025-08-04T03:47:40.820+0000] {dag.py:3096} INFO - Sync 1 DAGs
[2025-08-04T03:47:40.892+0000] {logging_mixin.py:188} INFO - [2025-08-04T03:47:40.891+0000] {dag.py:3954} INFO - Setting next_dagrun for example_branch_operator to 2025-08-03 00:00:00+00:00, run_after=2025-08-04 00:00:00+00:00
[2025-08-04T03:47:41.116+0000] {processor.py:183} INFO - Processing /home/airflow/.local/lib/python3.12/site-packages/airflow/example_dags/example_branch_operator.py took 0.433 seconds
[2025-08-04T03:48:16.911+0000] {processor.py:161} INFO - Started process (PID=261) to work on /home/airflow/.local/lib/python3.12/site-packages/airflow/example_dags/example_branch_operator.py
[2025-08-04T03:48:16.935+0000] {processor.py:830} INFO - Processing file /home/airflow/.local/lib/python3.12/site-packages/airflow/example_dags/example_branch_operator.py for tasks to queue
[2025-08-04T03:48:16.939+0000] {logging_mixin.py:188} INFO - [2025-08-04T03:48:16.939+0000] {dagbag.py:545} INFO - Filling up the DagBag from /home/airflow/.local/lib/python3.12/site-packages/airflow/example_dags/example_branch_operator.py
[2025-08-04T03:48:16.984+0000] {processor.py:840} INFO - DAG(s) 'example_branch_operator' retrieved from /home/airflow/.local/lib/python3.12/site-packages/airflow/example_dags/example_branch_operator.py
[2025-08-04T03:48:17.054+0000] {logging_mixin.py:188} INFO - [2025-08-04T03:48:17.054+0000] {dag.py:3096} INFO - Sync 1 DAGs
[2025-08-04T03:48:17.184+0000] {logging_mixin.py:188} INFO - [2025-08-04T03:48:17.183+0000] {dag.py:3954} INFO - Setting next_dagrun for example_branch_operator to 2025-08-03 00:00:00+00:00, run_after=2025-08-04 00:00:00+00:00
[2025-08-04T03:48:17.401+0000] {processor.py:183} INFO - Processing /home/airflow/.local/lib/python3.12/site-packages/airflow/example_dags/example_branch_operator.py took 0.504 seconds
[2025-08-04T03:48:47.920+0000] {processor.py:161} INFO - Started process (PID=319) to work on /home/airflow/.local/lib/python3.12/site-packages/airflow/example_dags/example_branch_operator.py
[2025-08-04T03:48:47.923+0000] {processor.py:830} INFO - Processing file /home/airflow/.local/lib/python3.12/site-packages/airflow/example_dags/example_branch_operator.py for tasks to queue
[2025-08-04T03:48:47.926+0000] {logging_mixin.py:188} INFO - [2025-08-04T03:48:47.925+0000] {dagbag.py:545} INFO - Filling up the DagBag from /home/airflow/.local/lib/python3.12/site-packages/airflow/example_dags/example_branch_operator.py
[2025-08-04T03:48:47.956+0000] {processor.py:840} INFO - DAG(s) 'example_branch_operator' retrieved from /home/airflow/.local/lib/python3.12/site-packages/airflow/example_dags/example_branch_operator.py
[2025-08-04T03:48:48.007+0000] {logging_mixin.py:188} INFO - [2025-08-04T03:48:48.006+0000] {dag.py:3096} INFO - Sync 1 DAGs
[2025-08-04T03:48:48.039+0000] {logging_mixin.py:188} INFO - [2025-08-04T03:48:48.039+0000] {dag.py:3954} INFO - Setting next_dagrun for example_branch_operator to 2025-08-03 00:00:00+00:00, run_after=2025-08-04 00:00:00+00:00
[2025-08-04T03:48:48.075+0000] {processor.py:183} INFO - Processing /home/airflow/.local/lib/python3.12/site-packages/airflow/example_dags/example_branch_operator.py took 0.168 seconds
[2025-08-04T15:16:42.674+0000] {processor.py:161} INFO - Started process (PID=78) to work on /home/airflow/.local/lib/python3.12/site-packages/airflow/example_dags/example_branch_operator.py
[2025-08-04T15:16:42.676+0000] {processor.py:830} INFO - Processing file /home/airflow/.local/lib/python3.12/site-packages/airflow/example_dags/example_branch_operator.py for tasks to queue
[2025-08-04T15:16:42.680+0000] {logging_mixin.py:188} INFO - [2025-08-04T15:16:42.679+0000] {dagbag.py:545} INFO - Filling up the DagBag from /home/airflow/.local/lib/python3.12/site-packages/airflow/example_dags/example_branch_operator.py
[2025-08-04T15:16:42.743+0000] {processor.py:840} INFO - DAG(s) 'example_branch_operator' retrieved from /home/airflow/.local/lib/python3.12/site-packages/airflow/example_dags/example_branch_operator.py
[2025-08-04T15:16:43.883+0000] {logging_mixin.py:188} INFO - [2025-08-04T15:16:43.883+0000] {dag.py:3096} INFO - Sync 1 DAGs
[2025-08-04T15:16:43.972+0000] {logging_mixin.py:188} INFO - [2025-08-04T15:16:43.972+0000] {dag.py:3954} INFO - Setting next_dagrun for example_branch_operator to 2025-08-03 00:00:00+00:00, run_after=2025-08-04 00:00:00+00:00
[2025-08-04T15:16:44.221+0000] {processor.py:183} INFO - Processing /home/airflow/.local/lib/python3.12/site-packages/airflow/example_dags/example_branch_operator.py took 1.581 seconds
[2025-08-04T15:17:15.150+0000] {processor.py:161} INFO - Started process (PID=139) to work on /home/airflow/.local/lib/python3.12/site-packages/airflow/example_dags/example_branch_operator.py
[2025-08-04T15:17:15.152+0000] {processor.py:830} INFO - Processing file /home/airflow/.local/lib/python3.12/site-packages/airflow/example_dags/example_branch_operator.py for tasks to queue
[2025-08-04T15:17:15.154+0000] {logging_mixin.py:188} INFO - [2025-08-04T15:17:15.153+0000] {dagbag.py:545} INFO - Filling up the DagBag from /home/airflow/.local/lib/python3.12/site-packages/airflow/example_dags/example_branch_operator.py
[2025-08-04T15:17:15.182+0000] {processor.py:840} INFO - DAG(s) 'example_branch_operator' retrieved from /home/airflow/.local/lib/python3.12/site-packages/airflow/example_dags/example_branch_operator.py
[2025-08-04T15:17:15.220+0000] {logging_mixin.py:188} INFO - [2025-08-04T15:17:15.219+0000] {dag.py:3096} INFO - Sync 1 DAGs
[2025-08-04T15:17:15.294+0000] {logging_mixin.py:188} INFO - [2025-08-04T15:17:15.285+0000] {dag.py:3954} INFO - Setting next_dagrun for example_branch_operator to 2025-08-03 00:00:00+00:00, run_after=2025-08-04 00:00:00+00:00
[2025-08-04T15:17:15.398+0000] {processor.py:183} INFO - Processing /home/airflow/.local/lib/python3.12/site-packages/airflow/example_dags/example_branch_operator.py took 0.258 seconds
[2025-08-04T15:17:46.321+0000] {processor.py:161} INFO - Started process (PID=197) to work on /home/airflow/.local/lib/python3.12/site-packages/airflow/example_dags/example_branch_operator.py
[2025-08-04T15:17:46.322+0000] {processor.py:830} INFO - Processing file /home/airflow/.local/lib/python3.12/site-packages/airflow/example_dags/example_branch_operator.py for tasks to queue
[2025-08-04T15:17:46.327+0000] {logging_mixin.py:188} INFO - [2025-08-04T15:17:46.326+0000] {dagbag.py:545} INFO - Filling up the DagBag from /home/airflow/.local/lib/python3.12/site-packages/airflow/example_dags/example_branch_operator.py
[2025-08-04T15:17:46.347+0000] {processor.py:840} INFO - DAG(s) 'example_branch_operator' retrieved from /home/airflow/.local/lib/python3.12/site-packages/airflow/example_dags/example_branch_operator.py
[2025-08-04T15:17:46.371+0000] {logging_mixin.py:188} INFO - [2025-08-04T15:17:46.371+0000] {dag.py:3096} INFO - Sync 1 DAGs
[2025-08-04T15:17:46.389+0000] {logging_mixin.py:188} INFO - [2025-08-04T15:17:46.389+0000] {dag.py:3954} INFO - Setting next_dagrun for example_branch_operator to 2025-08-03 00:00:00+00:00, run_after=2025-08-04 00:00:00+00:00
[2025-08-04T15:17:46.402+0000] {processor.py:183} INFO - Processing /home/airflow/.local/lib/python3.12/site-packages/airflow/example_dags/example_branch_operator.py took 0.093 seconds
[2025-08-04T15:18:16.877+0000] {processor.py:161} INFO - Started process (PID=255) to work on /home/airflow/.local/lib/python3.12/site-packages/airflow/example_dags/example_branch_operator.py
[2025-08-04T15:18:16.881+0000] {processor.py:830} INFO - Processing file /home/airflow/.local/lib/python3.12/site-packages/airflow/example_dags/example_branch_operator.py for tasks to queue
[2025-08-04T15:18:16.883+0000] {logging_mixin.py:188} INFO - [2025-08-04T15:18:16.883+0000] {dagbag.py:545} INFO - Filling up the DagBag from /home/airflow/.local/lib/python3.12/site-packages/airflow/example_dags/example_branch_operator.py
[2025-08-04T15:18:16.910+0000] {processor.py:840} INFO - DAG(s) 'example_branch_operator' retrieved from /home/airflow/.local/lib/python3.12/site-packages/airflow/example_dags/example_branch_operator.py
[2025-08-04T15:18:16.937+0000] {logging_mixin.py:188} INFO - [2025-08-04T15:18:16.937+0000] {dag.py:3096} INFO - Sync 1 DAGs
[2025-08-04T15:18:16.952+0000] {logging_mixin.py:188} INFO - [2025-08-04T15:18:16.952+0000] {dag.py:3954} INFO - Setting next_dagrun for example_branch_operator to 2025-08-03 00:00:00+00:00, run_after=2025-08-04 00:00:00+00:00
[2025-08-04T15:18:16.966+0000] {processor.py:183} INFO - Processing /home/airflow/.local/lib/python3.12/site-packages/airflow/example_dags/example_branch_operator.py took 0.098 seconds
[2025-08-04T15:18:47.573+0000] {processor.py:161} INFO - Started process (PID=313) to work on /home/airflow/.local/lib/python3.12/site-packages/airflow/example_dags/example_branch_operator.py
[2025-08-04T15:18:47.590+0000] {processor.py:830} INFO - Processing file /home/airflow/.local/lib/python3.12/site-packages/airflow/example_dags/example_branch_operator.py for tasks to queue
[2025-08-04T15:18:47.602+0000] {logging_mixin.py:188} INFO - [2025-08-04T15:18:47.601+0000] {dagbag.py:545} INFO - Filling up the DagBag from /home/airflow/.local/lib/python3.12/site-packages/airflow/example_dags/example_branch_operator.py
[2025-08-04T15:18:47.762+0000] {processor.py:840} INFO - DAG(s) 'example_branch_operator' retrieved from /home/airflow/.local/lib/python3.12/site-packages/airflow/example_dags/example_branch_operator.py
[2025-08-04T15:18:47.962+0000] {logging_mixin.py:188} INFO - [2025-08-04T15:18:47.962+0000] {dag.py:3096} INFO - Sync 1 DAGs
[2025-08-04T15:18:48.059+0000] {logging_mixin.py:188} INFO - [2025-08-04T15:18:48.058+0000] {dag.py:3954} INFO - Setting next_dagrun for example_branch_operator to 2025-08-03 00:00:00+00:00, run_after=2025-08-04 00:00:00+00:00
[2025-08-04T15:18:48.153+0000] {processor.py:183} INFO - Processing /home/airflow/.local/lib/python3.12/site-packages/airflow/example_dags/example_branch_operator.py took 0.627 seconds
[2025-08-04T15:19:18.736+0000] {processor.py:161} INFO - Started process (PID=371) to work on /home/airflow/.local/lib/python3.12/site-packages/airflow/example_dags/example_branch_operator.py
[2025-08-04T15:19:18.738+0000] {processor.py:830} INFO - Processing file /home/airflow/.local/lib/python3.12/site-packages/airflow/example_dags/example_branch_operator.py for tasks to queue
[2025-08-04T15:19:18.757+0000] {logging_mixin.py:188} INFO - [2025-08-04T15:19:18.756+0000] {dagbag.py:545} INFO - Filling up the DagBag from /home/airflow/.local/lib/python3.12/site-packages/airflow/example_dags/example_branch_operator.py
[2025-08-04T15:19:18.814+0000] {processor.py:840} INFO - DAG(s) 'example_branch_operator' retrieved from /home/airflow/.local/lib/python3.12/site-packages/airflow/example_dags/example_branch_operator.py
[2025-08-04T15:19:18.855+0000] {logging_mixin.py:188} INFO - [2025-08-04T15:19:18.854+0000] {dag.py:3096} INFO - Sync 1 DAGs
[2025-08-04T15:19:18.908+0000] {logging_mixin.py:188} INFO - [2025-08-04T15:19:18.908+0000] {dag.py:3954} INFO - Setting next_dagrun for example_branch_operator to 2025-08-03 00:00:00+00:00, run_after=2025-08-04 00:00:00+00:00
[2025-08-04T15:19:18.940+0000] {processor.py:183} INFO - Processing /home/airflow/.local/lib/python3.12/site-packages/airflow/example_dags/example_branch_operator.py took 0.221 seconds
[2025-08-04T15:27:09.192+0000] {processor.py:161} INFO - Started process (PID=77) to work on /home/airflow/.local/lib/python3.12/site-packages/airflow/example_dags/example_branch_operator.py
[2025-08-04T15:27:09.193+0000] {processor.py:830} INFO - Processing file /home/airflow/.local/lib/python3.12/site-packages/airflow/example_dags/example_branch_operator.py for tasks to queue
[2025-08-04T15:27:09.195+0000] {logging_mixin.py:188} INFO - [2025-08-04T15:27:09.195+0000] {dagbag.py:545} INFO - Filling up the DagBag from /home/airflow/.local/lib/python3.12/site-packages/airflow/example_dags/example_branch_operator.py
[2025-08-04T15:27:09.216+0000] {processor.py:840} INFO - DAG(s) 'example_branch_operator' retrieved from /home/airflow/.local/lib/python3.12/site-packages/airflow/example_dags/example_branch_operator.py
[2025-08-04T15:27:10.253+0000] {logging_mixin.py:188} INFO - [2025-08-04T15:27:10.252+0000] {dag.py:3096} INFO - Sync 1 DAGs
[2025-08-04T15:27:10.385+0000] {logging_mixin.py:188} INFO - [2025-08-04T15:27:10.385+0000] {dag.py:3954} INFO - Setting next_dagrun for example_branch_operator to 2025-08-03 00:00:00+00:00, run_after=2025-08-04 00:00:00+00:00
[2025-08-04T15:27:10.519+0000] {processor.py:183} INFO - Processing /home/airflow/.local/lib/python3.12/site-packages/airflow/example_dags/example_branch_operator.py took 1.334 seconds
[2025-08-04T15:27:40.601+0000] {processor.py:161} INFO - Started process (PID=138) to work on /home/airflow/.local/lib/python3.12/site-packages/airflow/example_dags/example_branch_operator.py
[2025-08-04T15:27:40.603+0000] {processor.py:830} INFO - Processing file /home/airflow/.local/lib/python3.12/site-packages/airflow/example_dags/example_branch_operator.py for tasks to queue
[2025-08-04T15:27:40.605+0000] {logging_mixin.py:188} INFO - [2025-08-04T15:27:40.605+0000] {dagbag.py:545} INFO - Filling up the DagBag from /home/airflow/.local/lib/python3.12/site-packages/airflow/example_dags/example_branch_operator.py
[2025-08-04T15:27:40.627+0000] {processor.py:840} INFO - DAG(s) 'example_branch_operator' retrieved from /home/airflow/.local/lib/python3.12/site-packages/airflow/example_dags/example_branch_operator.py
[2025-08-04T15:27:40.666+0000] {logging_mixin.py:188} INFO - [2025-08-04T15:27:40.666+0000] {dag.py:3096} INFO - Sync 1 DAGs
[2025-08-04T15:27:40.698+0000] {logging_mixin.py:188} INFO - [2025-08-04T15:27:40.698+0000] {dag.py:3954} INFO - Setting next_dagrun for example_branch_operator to 2025-08-03 00:00:00+00:00, run_after=2025-08-04 00:00:00+00:00
[2025-08-04T15:27:40.723+0000] {processor.py:183} INFO - Processing /home/airflow/.local/lib/python3.12/site-packages/airflow/example_dags/example_branch_operator.py took 0.126 seconds
[2025-08-04T15:28:11.480+0000] {processor.py:161} INFO - Started process (PID=193) to work on /home/airflow/.local/lib/python3.12/site-packages/airflow/example_dags/example_branch_operator.py
[2025-08-04T15:28:11.481+0000] {processor.py:830} INFO - Processing file /home/airflow/.local/lib/python3.12/site-packages/airflow/example_dags/example_branch_operator.py for tasks to queue
[2025-08-04T15:28:11.482+0000] {logging_mixin.py:188} INFO - [2025-08-04T15:28:11.481+0000] {dagbag.py:545} INFO - Filling up the DagBag from /home/airflow/.local/lib/python3.12/site-packages/airflow/example_dags/example_branch_operator.py
[2025-08-04T15:28:11.495+0000] {processor.py:840} INFO - DAG(s) 'example_branch_operator' retrieved from /home/airflow/.local/lib/python3.12/site-packages/airflow/example_dags/example_branch_operator.py
[2025-08-04T15:28:11.508+0000] {logging_mixin.py:188} INFO - [2025-08-04T15:28:11.507+0000] {dag.py:3096} INFO - Sync 1 DAGs
[2025-08-04T15:28:11.517+0000] {logging_mixin.py:188} INFO - [2025-08-04T15:28:11.517+0000] {dag.py:3954} INFO - Setting next_dagrun for example_branch_operator to 2025-08-03 00:00:00+00:00, run_after=2025-08-04 00:00:00+00:00
[2025-08-04T15:28:11.531+0000] {processor.py:183} INFO - Processing /home/airflow/.local/lib/python3.12/site-packages/airflow/example_dags/example_branch_operator.py took 0.056 seconds
[2025-08-04T15:28:41.836+0000] {processor.py:161} INFO - Started process (PID=251) to work on /home/airflow/.local/lib/python3.12/site-packages/airflow/example_dags/example_branch_operator.py
[2025-08-04T15:28:41.836+0000] {processor.py:830} INFO - Processing file /home/airflow/.local/lib/python3.12/site-packages/airflow/example_dags/example_branch_operator.py for tasks to queue
[2025-08-04T15:28:41.838+0000] {logging_mixin.py:188} INFO - [2025-08-04T15:28:41.838+0000] {dagbag.py:545} INFO - Filling up the DagBag from /home/airflow/.local/lib/python3.12/site-packages/airflow/example_dags/example_branch_operator.py
[2025-08-04T15:28:41.856+0000] {processor.py:840} INFO - DAG(s) 'example_branch_operator' retrieved from /home/airflow/.local/lib/python3.12/site-packages/airflow/example_dags/example_branch_operator.py
[2025-08-04T15:28:41.878+0000] {logging_mixin.py:188} INFO - [2025-08-04T15:28:41.878+0000] {dag.py:3096} INFO - Sync 1 DAGs
[2025-08-04T15:28:41.904+0000] {logging_mixin.py:188} INFO - [2025-08-04T15:28:41.903+0000] {dag.py:3954} INFO - Setting next_dagrun for example_branch_operator to 2025-08-03 00:00:00+00:00, run_after=2025-08-04 00:00:00+00:00
[2025-08-04T15:28:41.928+0000] {processor.py:183} INFO - Processing /home/airflow/.local/lib/python3.12/site-packages/airflow/example_dags/example_branch_operator.py took 0.096 seconds
[2025-08-04T15:29:12.380+0000] {processor.py:161} INFO - Started process (PID=309) to work on /home/airflow/.local/lib/python3.12/site-packages/airflow/example_dags/example_branch_operator.py
[2025-08-04T15:29:12.381+0000] {processor.py:830} INFO - Processing file /home/airflow/.local/lib/python3.12/site-packages/airflow/example_dags/example_branch_operator.py for tasks to queue
[2025-08-04T15:29:12.382+0000] {logging_mixin.py:188} INFO - [2025-08-04T15:29:12.382+0000] {dagbag.py:545} INFO - Filling up the DagBag from /home/airflow/.local/lib/python3.12/site-packages/airflow/example_dags/example_branch_operator.py
[2025-08-04T15:29:12.392+0000] {processor.py:840} INFO - DAG(s) 'example_branch_operator' retrieved from /home/airflow/.local/lib/python3.12/site-packages/airflow/example_dags/example_branch_operator.py
[2025-08-04T15:29:12.412+0000] {logging_mixin.py:188} INFO - [2025-08-04T15:29:12.412+0000] {dag.py:3096} INFO - Sync 1 DAGs
[2025-08-04T15:29:12.428+0000] {logging_mixin.py:188} INFO - [2025-08-04T15:29:12.428+0000] {dag.py:3954} INFO - Setting next_dagrun for example_branch_operator to 2025-08-03 00:00:00+00:00, run_after=2025-08-04 00:00:00+00:00
[2025-08-04T15:29:12.442+0000] {processor.py:183} INFO - Processing /home/airflow/.local/lib/python3.12/site-packages/airflow/example_dags/example_branch_operator.py took 0.067 seconds
[2025-08-04T15:29:42.926+0000] {processor.py:161} INFO - Started process (PID=367) to work on /home/airflow/.local/lib/python3.12/site-packages/airflow/example_dags/example_branch_operator.py
[2025-08-04T15:29:42.928+0000] {processor.py:830} INFO - Processing file /home/airflow/.local/lib/python3.12/site-packages/airflow/example_dags/example_branch_operator.py for tasks to queue
[2025-08-04T15:29:42.930+0000] {logging_mixin.py:188} INFO - [2025-08-04T15:29:42.930+0000] {dagbag.py:545} INFO - Filling up the DagBag from /home/airflow/.local/lib/python3.12/site-packages/airflow/example_dags/example_branch_operator.py
[2025-08-04T15:29:42.946+0000] {processor.py:840} INFO - DAG(s) 'example_branch_operator' retrieved from /home/airflow/.local/lib/python3.12/site-packages/airflow/example_dags/example_branch_operator.py
[2025-08-04T15:29:42.972+0000] {logging_mixin.py:188} INFO - [2025-08-04T15:29:42.971+0000] {dag.py:3096} INFO - Sync 1 DAGs
[2025-08-04T15:29:43.004+0000] {logging_mixin.py:188} INFO - [2025-08-04T15:29:43.004+0000] {dag.py:3954} INFO - Setting next_dagrun for example_branch_operator to 2025-08-03 00:00:00+00:00, run_after=2025-08-04 00:00:00+00:00
[2025-08-04T15:29:43.023+0000] {processor.py:183} INFO - Processing /home/airflow/.local/lib/python3.12/site-packages/airflow/example_dags/example_branch_operator.py took 0.102 seconds
[2025-08-04T15:30:13.177+0000] {processor.py:161} INFO - Started process (PID=425) to work on /home/airflow/.local/lib/python3.12/site-packages/airflow/example_dags/example_branch_operator.py
[2025-08-04T15:30:13.178+0000] {processor.py:830} INFO - Processing file /home/airflow/.local/lib/python3.12/site-packages/airflow/example_dags/example_branch_operator.py for tasks to queue
[2025-08-04T15:30:13.181+0000] {logging_mixin.py:188} INFO - [2025-08-04T15:30:13.180+0000] {dagbag.py:545} INFO - Filling up the DagBag from /home/airflow/.local/lib/python3.12/site-packages/airflow/example_dags/example_branch_operator.py
[2025-08-04T15:30:13.199+0000] {processor.py:840} INFO - DAG(s) 'example_branch_operator' retrieved from /home/airflow/.local/lib/python3.12/site-packages/airflow/example_dags/example_branch_operator.py
[2025-08-04T15:30:13.248+0000] {logging_mixin.py:188} INFO - [2025-08-04T15:30:13.247+0000] {dag.py:3096} INFO - Sync 1 DAGs
[2025-08-04T15:30:13.273+0000] {logging_mixin.py:188} INFO - [2025-08-04T15:30:13.273+0000] {dag.py:3954} INFO - Setting next_dagrun for example_branch_operator to 2025-08-03 00:00:00+00:00, run_after=2025-08-04 00:00:00+00:00
[2025-08-04T15:30:13.315+0000] {processor.py:183} INFO - Processing /home/airflow/.local/lib/python3.12/site-packages/airflow/example_dags/example_branch_operator.py took 0.142 seconds
[2025-08-04T15:30:43.653+0000] {processor.py:161} INFO - Started process (PID=483) to work on /home/airflow/.local/lib/python3.12/site-packages/airflow/example_dags/example_branch_operator.py
[2025-08-04T15:30:43.655+0000] {processor.py:830} INFO - Processing file /home/airflow/.local/lib/python3.12/site-packages/airflow/example_dags/example_branch_operator.py for tasks to queue
[2025-08-04T15:30:43.657+0000] {logging_mixin.py:188} INFO - [2025-08-04T15:30:43.657+0000] {dagbag.py:545} INFO - Filling up the DagBag from /home/airflow/.local/lib/python3.12/site-packages/airflow/example_dags/example_branch_operator.py
[2025-08-04T15:30:43.676+0000] {processor.py:840} INFO - DAG(s) 'example_branch_operator' retrieved from /home/airflow/.local/lib/python3.12/site-packages/airflow/example_dags/example_branch_operator.py
[2025-08-04T15:30:43.700+0000] {logging_mixin.py:188} INFO - [2025-08-04T15:30:43.700+0000] {dag.py:3096} INFO - Sync 1 DAGs
[2025-08-04T15:30:43.719+0000] {logging_mixin.py:188} INFO - [2025-08-04T15:30:43.718+0000] {dag.py:3954} INFO - Setting next_dagrun for example_branch_operator to 2025-08-03 00:00:00+00:00, run_after=2025-08-04 00:00:00+00:00
[2025-08-04T15:30:43.762+0000] {processor.py:183} INFO - Processing /home/airflow/.local/lib/python3.12/site-packages/airflow/example_dags/example_branch_operator.py took 0.113 seconds
[2025-08-04T15:31:14.271+0000] {processor.py:161} INFO - Started process (PID=541) to work on /home/airflow/.local/lib/python3.12/site-packages/airflow/example_dags/example_branch_operator.py
[2025-08-04T15:31:14.271+0000] {processor.py:830} INFO - Processing file /home/airflow/.local/lib/python3.12/site-packages/airflow/example_dags/example_branch_operator.py for tasks to queue
[2025-08-04T15:31:14.272+0000] {logging_mixin.py:188} INFO - [2025-08-04T15:31:14.272+0000] {dagbag.py:545} INFO - Filling up the DagBag from /home/airflow/.local/lib/python3.12/site-packages/airflow/example_dags/example_branch_operator.py
[2025-08-04T15:31:14.286+0000] {processor.py:840} INFO - DAG(s) 'example_branch_operator' retrieved from /home/airflow/.local/lib/python3.12/site-packages/airflow/example_dags/example_branch_operator.py
[2025-08-04T15:31:14.310+0000] {logging_mixin.py:188} INFO - [2025-08-04T15:31:14.310+0000] {dag.py:3096} INFO - Sync 1 DAGs
[2025-08-04T15:31:14.323+0000] {logging_mixin.py:188} INFO - [2025-08-04T15:31:14.323+0000] {dag.py:3954} INFO - Setting next_dagrun for example_branch_operator to 2025-08-03 00:00:00+00:00, run_after=2025-08-04 00:00:00+00:00
[2025-08-04T15:31:14.335+0000] {processor.py:183} INFO - Processing /home/airflow/.local/lib/python3.12/site-packages/airflow/example_dags/example_branch_operator.py took 0.068 seconds
[2025-08-04T15:31:44.590+0000] {processor.py:161} INFO - Started process (PID=599) to work on /home/airflow/.local/lib/python3.12/site-packages/airflow/example_dags/example_branch_operator.py
[2025-08-04T15:31:44.592+0000] {processor.py:830} INFO - Processing file /home/airflow/.local/lib/python3.12/site-packages/airflow/example_dags/example_branch_operator.py for tasks to queue
[2025-08-04T15:31:44.594+0000] {logging_mixin.py:188} INFO - [2025-08-04T15:31:44.593+0000] {dagbag.py:545} INFO - Filling up the DagBag from /home/airflow/.local/lib/python3.12/site-packages/airflow/example_dags/example_branch_operator.py
[2025-08-04T15:31:44.619+0000] {processor.py:840} INFO - DAG(s) 'example_branch_operator' retrieved from /home/airflow/.local/lib/python3.12/site-packages/airflow/example_dags/example_branch_operator.py
[2025-08-04T15:31:44.699+0000] {logging_mixin.py:188} INFO - [2025-08-04T15:31:44.698+0000] {dag.py:3096} INFO - Sync 1 DAGs
[2025-08-04T15:31:44.735+0000] {logging_mixin.py:188} INFO - [2025-08-04T15:31:44.734+0000] {dag.py:3954} INFO - Setting next_dagrun for example_branch_operator to 2025-08-03 00:00:00+00:00, run_after=2025-08-04 00:00:00+00:00
[2025-08-04T15:31:44.769+0000] {processor.py:183} INFO - Processing /home/airflow/.local/lib/python3.12/site-packages/airflow/example_dags/example_branch_operator.py took 0.186 seconds
[2025-08-04T15:52:57.856+0000] {processor.py:161} INFO - Started process (PID=79) to work on /home/airflow/.local/lib/python3.12/site-packages/airflow/example_dags/example_branch_operator.py
[2025-08-04T15:52:57.865+0000] {processor.py:830} INFO - Processing file /home/airflow/.local/lib/python3.12/site-packages/airflow/example_dags/example_branch_operator.py for tasks to queue
[2025-08-04T15:52:57.875+0000] {logging_mixin.py:188} INFO - [2025-08-04T15:52:57.874+0000] {dagbag.py:545} INFO - Filling up the DagBag from /home/airflow/.local/lib/python3.12/site-packages/airflow/example_dags/example_branch_operator.py
[2025-08-04T15:52:58.178+0000] {processor.py:840} INFO - DAG(s) 'example_branch_operator' retrieved from /home/airflow/.local/lib/python3.12/site-packages/airflow/example_dags/example_branch_operator.py
[2025-08-04T15:53:00.944+0000] {logging_mixin.py:188} INFO - [2025-08-04T15:53:00.940+0000] {dag.py:3096} INFO - Sync 1 DAGs
[2025-08-04T15:53:01.245+0000] {logging_mixin.py:188} INFO - [2025-08-04T15:53:01.197+0000] {dag.py:3954} INFO - Setting next_dagrun for example_branch_operator to 2025-08-03 00:00:00+00:00, run_after=2025-08-04 00:00:00+00:00
[2025-08-04T15:53:01.697+0000] {processor.py:183} INFO - Processing /home/airflow/.local/lib/python3.12/site-packages/airflow/example_dags/example_branch_operator.py took 3.966 seconds
[2025-08-04T15:53:32.492+0000] {processor.py:161} INFO - Started process (PID=139) to work on /home/airflow/.local/lib/python3.12/site-packages/airflow/example_dags/example_branch_operator.py
[2025-08-04T15:53:32.493+0000] {processor.py:830} INFO - Processing file /home/airflow/.local/lib/python3.12/site-packages/airflow/example_dags/example_branch_operator.py for tasks to queue
[2025-08-04T15:53:32.497+0000] {logging_mixin.py:188} INFO - [2025-08-04T15:53:32.497+0000] {dagbag.py:545} INFO - Filling up the DagBag from /home/airflow/.local/lib/python3.12/site-packages/airflow/example_dags/example_branch_operator.py
[2025-08-04T15:53:32.514+0000] {processor.py:840} INFO - DAG(s) 'example_branch_operator' retrieved from /home/airflow/.local/lib/python3.12/site-packages/airflow/example_dags/example_branch_operator.py
[2025-08-04T15:53:32.541+0000] {logging_mixin.py:188} INFO - [2025-08-04T15:53:32.541+0000] {dag.py:3096} INFO - Sync 1 DAGs
[2025-08-04T15:53:32.579+0000] {logging_mixin.py:188} INFO - [2025-08-04T15:53:32.577+0000] {dag.py:3954} INFO - Setting next_dagrun for example_branch_operator to 2025-08-03 00:00:00+00:00, run_after=2025-08-04 00:00:00+00:00
[2025-08-04T15:53:32.619+0000] {processor.py:183} INFO - Processing /home/airflow/.local/lib/python3.12/site-packages/airflow/example_dags/example_branch_operator.py took 0.132 seconds
[2025-08-04T15:54:02.852+0000] {processor.py:161} INFO - Started process (PID=197) to work on /home/airflow/.local/lib/python3.12/site-packages/airflow/example_dags/example_branch_operator.py
[2025-08-04T15:54:02.853+0000] {processor.py:830} INFO - Processing file /home/airflow/.local/lib/python3.12/site-packages/airflow/example_dags/example_branch_operator.py for tasks to queue
[2025-08-04T15:54:02.856+0000] {logging_mixin.py:188} INFO - [2025-08-04T15:54:02.855+0000] {dagbag.py:545} INFO - Filling up the DagBag from /home/airflow/.local/lib/python3.12/site-packages/airflow/example_dags/example_branch_operator.py
[2025-08-04T15:54:02.884+0000] {processor.py:840} INFO - DAG(s) 'example_branch_operator' retrieved from /home/airflow/.local/lib/python3.12/site-packages/airflow/example_dags/example_branch_operator.py
[2025-08-04T15:54:02.908+0000] {logging_mixin.py:188} INFO - [2025-08-04T15:54:02.907+0000] {dag.py:3096} INFO - Sync 1 DAGs
[2025-08-04T15:54:02.918+0000] {logging_mixin.py:188} INFO - [2025-08-04T15:54:02.918+0000] {dag.py:3954} INFO - Setting next_dagrun for example_branch_operator to 2025-08-03 00:00:00+00:00, run_after=2025-08-04 00:00:00+00:00
[2025-08-04T15:54:02.931+0000] {processor.py:183} INFO - Processing /home/airflow/.local/lib/python3.12/site-packages/airflow/example_dags/example_branch_operator.py took 0.088 seconds
[2025-08-04T15:54:33.262+0000] {processor.py:161} INFO - Started process (PID=255) to work on /home/airflow/.local/lib/python3.12/site-packages/airflow/example_dags/example_branch_operator.py
[2025-08-04T15:54:33.266+0000] {processor.py:830} INFO - Processing file /home/airflow/.local/lib/python3.12/site-packages/airflow/example_dags/example_branch_operator.py for tasks to queue
[2025-08-04T15:54:33.275+0000] {logging_mixin.py:188} INFO - [2025-08-04T15:54:33.274+0000] {dagbag.py:545} INFO - Filling up the DagBag from /home/airflow/.local/lib/python3.12/site-packages/airflow/example_dags/example_branch_operator.py
[2025-08-04T15:54:33.298+0000] {processor.py:840} INFO - DAG(s) 'example_branch_operator' retrieved from /home/airflow/.local/lib/python3.12/site-packages/airflow/example_dags/example_branch_operator.py
[2025-08-04T15:54:33.333+0000] {logging_mixin.py:188} INFO - [2025-08-04T15:54:33.332+0000] {dag.py:3096} INFO - Sync 1 DAGs
[2025-08-04T15:54:33.348+0000] {logging_mixin.py:188} INFO - [2025-08-04T15:54:33.348+0000] {dag.py:3954} INFO - Setting next_dagrun for example_branch_operator to 2025-08-03 00:00:00+00:00, run_after=2025-08-04 00:00:00+00:00
[2025-08-04T15:54:33.361+0000] {processor.py:183} INFO - Processing /home/airflow/.local/lib/python3.12/site-packages/airflow/example_dags/example_branch_operator.py took 0.108 seconds
[2025-08-04T15:55:03.625+0000] {processor.py:161} INFO - Started process (PID=313) to work on /home/airflow/.local/lib/python3.12/site-packages/airflow/example_dags/example_branch_operator.py
[2025-08-04T15:55:03.629+0000] {processor.py:830} INFO - Processing file /home/airflow/.local/lib/python3.12/site-packages/airflow/example_dags/example_branch_operator.py for tasks to queue
[2025-08-04T15:55:03.636+0000] {logging_mixin.py:188} INFO - [2025-08-04T15:55:03.633+0000] {dagbag.py:545} INFO - Filling up the DagBag from /home/airflow/.local/lib/python3.12/site-packages/airflow/example_dags/example_branch_operator.py
[2025-08-04T15:55:04.103+0000] {processor.py:840} INFO - DAG(s) 'example_branch_operator' retrieved from /home/airflow/.local/lib/python3.12/site-packages/airflow/example_dags/example_branch_operator.py
[2025-08-04T15:55:04.406+0000] {logging_mixin.py:188} INFO - [2025-08-04T15:55:04.392+0000] {dag.py:3096} INFO - Sync 1 DAGs
[2025-08-04T15:55:04.599+0000] {logging_mixin.py:188} INFO - [2025-08-04T15:55:04.599+0000] {dag.py:3954} INFO - Setting next_dagrun for example_branch_operator to 2025-08-03 00:00:00+00:00, run_after=2025-08-04 00:00:00+00:00
[2025-08-04T15:55:05.024+0000] {processor.py:183} INFO - Processing /home/airflow/.local/lib/python3.12/site-packages/airflow/example_dags/example_branch_operator.py took 1.440 seconds
[2025-08-04T15:55:35.406+0000] {processor.py:161} INFO - Started process (PID=371) to work on /home/airflow/.local/lib/python3.12/site-packages/airflow/example_dags/example_branch_operator.py
[2025-08-04T15:55:35.424+0000] {processor.py:830} INFO - Processing file /home/airflow/.local/lib/python3.12/site-packages/airflow/example_dags/example_branch_operator.py for tasks to queue
[2025-08-04T15:55:35.434+0000] {logging_mixin.py:188} INFO - [2025-08-04T15:55:35.429+0000] {dagbag.py:545} INFO - Filling up the DagBag from /home/airflow/.local/lib/python3.12/site-packages/airflow/example_dags/example_branch_operator.py
[2025-08-04T15:55:35.500+0000] {processor.py:840} INFO - DAG(s) 'example_branch_operator' retrieved from /home/airflow/.local/lib/python3.12/site-packages/airflow/example_dags/example_branch_operator.py
[2025-08-04T15:55:35.646+0000] {logging_mixin.py:188} INFO - [2025-08-04T15:55:35.645+0000] {dag.py:3096} INFO - Sync 1 DAGs
[2025-08-04T15:55:35.757+0000] {logging_mixin.py:188} INFO - [2025-08-04T15:55:35.754+0000] {dag.py:3954} INFO - Setting next_dagrun for example_branch_operator to 2025-08-03 00:00:00+00:00, run_after=2025-08-04 00:00:00+00:00
[2025-08-04T15:55:35.807+0000] {processor.py:183} INFO - Processing /home/airflow/.local/lib/python3.12/site-packages/airflow/example_dags/example_branch_operator.py took 0.424 seconds
[2025-08-04T15:56:06.221+0000] {processor.py:161} INFO - Started process (PID=429) to work on /home/airflow/.local/lib/python3.12/site-packages/airflow/example_dags/example_branch_operator.py
[2025-08-04T15:56:06.226+0000] {processor.py:830} INFO - Processing file /home/airflow/.local/lib/python3.12/site-packages/airflow/example_dags/example_branch_operator.py for tasks to queue
[2025-08-04T15:56:06.228+0000] {logging_mixin.py:188} INFO - [2025-08-04T15:56:06.227+0000] {dagbag.py:545} INFO - Filling up the DagBag from /home/airflow/.local/lib/python3.12/site-packages/airflow/example_dags/example_branch_operator.py
[2025-08-04T15:56:06.248+0000] {processor.py:840} INFO - DAG(s) 'example_branch_operator' retrieved from /home/airflow/.local/lib/python3.12/site-packages/airflow/example_dags/example_branch_operator.py
[2025-08-04T15:56:06.277+0000] {logging_mixin.py:188} INFO - [2025-08-04T15:56:06.277+0000] {dag.py:3096} INFO - Sync 1 DAGs
[2025-08-04T15:56:06.303+0000] {logging_mixin.py:188} INFO - [2025-08-04T15:56:06.303+0000] {dag.py:3954} INFO - Setting next_dagrun for example_branch_operator to 2025-08-03 00:00:00+00:00, run_after=2025-08-04 00:00:00+00:00
[2025-08-04T15:56:06.322+0000] {processor.py:183} INFO - Processing /home/airflow/.local/lib/python3.12/site-packages/airflow/example_dags/example_branch_operator.py took 0.113 seconds
[2025-08-04T15:58:56.574+0000] {processor.py:161} INFO - Started process (PID=79) to work on /home/airflow/.local/lib/python3.12/site-packages/airflow/example_dags/example_branch_operator.py
[2025-08-04T15:58:56.578+0000] {processor.py:830} INFO - Processing file /home/airflow/.local/lib/python3.12/site-packages/airflow/example_dags/example_branch_operator.py for tasks to queue
[2025-08-04T15:58:56.581+0000] {logging_mixin.py:188} INFO - [2025-08-04T15:58:56.581+0000] {dagbag.py:545} INFO - Filling up the DagBag from /home/airflow/.local/lib/python3.12/site-packages/airflow/example_dags/example_branch_operator.py
[2025-08-04T15:58:56.894+0000] {processor.py:840} INFO - DAG(s) 'example_branch_operator' retrieved from /home/airflow/.local/lib/python3.12/site-packages/airflow/example_dags/example_branch_operator.py
[2025-08-04T15:58:58.174+0000] {logging_mixin.py:188} INFO - [2025-08-04T15:58:58.173+0000] {dag.py:3096} INFO - Sync 1 DAGs
[2025-08-04T15:58:58.505+0000] {logging_mixin.py:188} INFO - [2025-08-04T15:58:58.504+0000] {dag.py:3954} INFO - Setting next_dagrun for example_branch_operator to 2025-08-03 00:00:00+00:00, run_after=2025-08-04 00:00:00+00:00
[2025-08-04T15:58:58.719+0000] {processor.py:183} INFO - Processing /home/airflow/.local/lib/python3.12/site-packages/airflow/example_dags/example_branch_operator.py took 2.162 seconds
[2025-08-04T15:59:28.804+0000] {processor.py:161} INFO - Started process (PID=137) to work on /home/airflow/.local/lib/python3.12/site-packages/airflow/example_dags/example_branch_operator.py
[2025-08-04T15:59:28.805+0000] {processor.py:830} INFO - Processing file /home/airflow/.local/lib/python3.12/site-packages/airflow/example_dags/example_branch_operator.py for tasks to queue
[2025-08-04T15:59:28.806+0000] {logging_mixin.py:188} INFO - [2025-08-04T15:59:28.806+0000] {dagbag.py:545} INFO - Filling up the DagBag from /home/airflow/.local/lib/python3.12/site-packages/airflow/example_dags/example_branch_operator.py
[2025-08-04T15:59:28.814+0000] {processor.py:840} INFO - DAG(s) 'example_branch_operator' retrieved from /home/airflow/.local/lib/python3.12/site-packages/airflow/example_dags/example_branch_operator.py
[2025-08-04T15:59:28.832+0000] {logging_mixin.py:188} INFO - [2025-08-04T15:59:28.832+0000] {dag.py:3096} INFO - Sync 1 DAGs
[2025-08-04T15:59:28.848+0000] {logging_mixin.py:188} INFO - [2025-08-04T15:59:28.847+0000] {dag.py:3954} INFO - Setting next_dagrun for example_branch_operator to 2025-08-03 00:00:00+00:00, run_after=2025-08-04 00:00:00+00:00
[2025-08-04T15:59:28.863+0000] {processor.py:183} INFO - Processing /home/airflow/.local/lib/python3.12/site-packages/airflow/example_dags/example_branch_operator.py took 0.064 seconds
[2025-08-04T15:59:59.320+0000] {processor.py:161} INFO - Started process (PID=195) to work on /home/airflow/.local/lib/python3.12/site-packages/airflow/example_dags/example_branch_operator.py
[2025-08-04T15:59:59.323+0000] {processor.py:830} INFO - Processing file /home/airflow/.local/lib/python3.12/site-packages/airflow/example_dags/example_branch_operator.py for tasks to queue
[2025-08-04T15:59:59.328+0000] {logging_mixin.py:188} INFO - [2025-08-04T15:59:59.327+0000] {dagbag.py:545} INFO - Filling up the DagBag from /home/airflow/.local/lib/python3.12/site-packages/airflow/example_dags/example_branch_operator.py
[2025-08-04T15:59:59.358+0000] {processor.py:840} INFO - DAG(s) 'example_branch_operator' retrieved from /home/airflow/.local/lib/python3.12/site-packages/airflow/example_dags/example_branch_operator.py
[2025-08-04T15:59:59.414+0000] {logging_mixin.py:188} INFO - [2025-08-04T15:59:59.414+0000] {dag.py:3096} INFO - Sync 1 DAGs
[2025-08-04T15:59:59.436+0000] {logging_mixin.py:188} INFO - [2025-08-04T15:59:59.435+0000] {dag.py:3954} INFO - Setting next_dagrun for example_branch_operator to 2025-08-03 00:00:00+00:00, run_after=2025-08-04 00:00:00+00:00
[2025-08-04T15:59:59.470+0000] {processor.py:183} INFO - Processing /home/airflow/.local/lib/python3.12/site-packages/airflow/example_dags/example_branch_operator.py took 0.157 seconds
[2025-08-04T16:00:29.831+0000] {processor.py:161} INFO - Started process (PID=253) to work on /home/airflow/.local/lib/python3.12/site-packages/airflow/example_dags/example_branch_operator.py
[2025-08-04T16:00:29.837+0000] {processor.py:830} INFO - Processing file /home/airflow/.local/lib/python3.12/site-packages/airflow/example_dags/example_branch_operator.py for tasks to queue
[2025-08-04T16:00:29.843+0000] {logging_mixin.py:188} INFO - [2025-08-04T16:00:29.842+0000] {dagbag.py:545} INFO - Filling up the DagBag from /home/airflow/.local/lib/python3.12/site-packages/airflow/example_dags/example_branch_operator.py
[2025-08-04T16:00:29.896+0000] {processor.py:840} INFO - DAG(s) 'example_branch_operator' retrieved from /home/airflow/.local/lib/python3.12/site-packages/airflow/example_dags/example_branch_operator.py
[2025-08-04T16:00:30.005+0000] {logging_mixin.py:188} INFO - [2025-08-04T16:00:30.004+0000] {dag.py:3096} INFO - Sync 1 DAGs
[2025-08-04T16:00:30.075+0000] {logging_mixin.py:188} INFO - [2025-08-04T16:00:30.074+0000] {dag.py:3954} INFO - Setting next_dagrun for example_branch_operator to 2025-08-03 00:00:00+00:00, run_after=2025-08-04 00:00:00+00:00
[2025-08-04T16:00:30.144+0000] {processor.py:183} INFO - Processing /home/airflow/.local/lib/python3.12/site-packages/airflow/example_dags/example_branch_operator.py took 0.338 seconds
[2025-08-04T16:01:00.190+0000] {processor.py:161} INFO - Started process (PID=311) to work on /home/airflow/.local/lib/python3.12/site-packages/airflow/example_dags/example_branch_operator.py
[2025-08-04T16:01:00.190+0000] {processor.py:830} INFO - Processing file /home/airflow/.local/lib/python3.12/site-packages/airflow/example_dags/example_branch_operator.py for tasks to queue
[2025-08-04T16:01:00.191+0000] {logging_mixin.py:188} INFO - [2025-08-04T16:01:00.191+0000] {dagbag.py:545} INFO - Filling up the DagBag from /home/airflow/.local/lib/python3.12/site-packages/airflow/example_dags/example_branch_operator.py
[2025-08-04T16:01:00.205+0000] {processor.py:840} INFO - DAG(s) 'example_branch_operator' retrieved from /home/airflow/.local/lib/python3.12/site-packages/airflow/example_dags/example_branch_operator.py
[2025-08-04T16:01:00.217+0000] {logging_mixin.py:188} INFO - [2025-08-04T16:01:00.217+0000] {dag.py:3096} INFO - Sync 1 DAGs
[2025-08-04T16:01:00.231+0000] {logging_mixin.py:188} INFO - [2025-08-04T16:01:00.230+0000] {dag.py:3954} INFO - Setting next_dagrun for example_branch_operator to 2025-08-03 00:00:00+00:00, run_after=2025-08-04 00:00:00+00:00
[2025-08-04T16:01:00.244+0000] {processor.py:183} INFO - Processing /home/airflow/.local/lib/python3.12/site-packages/airflow/example_dags/example_branch_operator.py took 0.060 seconds
[2025-08-04T16:35:20.087+0000] {processor.py:161} INFO - Started process (PID=80) to work on /home/airflow/.local/lib/python3.12/site-packages/airflow/example_dags/example_branch_operator.py
[2025-08-04T16:35:20.090+0000] {processor.py:830} INFO - Processing file /home/airflow/.local/lib/python3.12/site-packages/airflow/example_dags/example_branch_operator.py for tasks to queue
[2025-08-04T16:35:20.094+0000] {logging_mixin.py:188} INFO - [2025-08-04T16:35:20.094+0000] {dagbag.py:545} INFO - Filling up the DagBag from /home/airflow/.local/lib/python3.12/site-packages/airflow/example_dags/example_branch_operator.py
[2025-08-04T16:35:20.118+0000] {processor.py:840} INFO - DAG(s) 'example_branch_operator' retrieved from /home/airflow/.local/lib/python3.12/site-packages/airflow/example_dags/example_branch_operator.py
[2025-08-04T16:35:20.515+0000] {logging_mixin.py:188} INFO - [2025-08-04T16:35:20.512+0000] {dag.py:3096} INFO - Sync 1 DAGs
[2025-08-04T16:35:20.547+0000] {logging_mixin.py:188} INFO - [2025-08-04T16:35:20.547+0000] {dag.py:3954} INFO - Setting next_dagrun for example_branch_operator to 2025-08-03 00:00:00+00:00, run_after=2025-08-04 00:00:00+00:00
[2025-08-04T16:35:20.589+0000] {processor.py:183} INFO - Processing /home/airflow/.local/lib/python3.12/site-packages/airflow/example_dags/example_branch_operator.py took 0.506 seconds
