[2025-08-04T03:45:38.758+0000] {processor.py:161} INFO - Started process (PID=74) to work on /home/airflow/.local/lib/python3.12/site-packages/airflow/example_dags/example_branch_labels.py
[2025-08-04T03:45:38.759+0000] {processor.py:830} INFO - Processing file /home/airflow/.local/lib/python3.12/site-packages/airflow/example_dags/example_branch_labels.py for tasks to queue
[2025-08-04T03:45:38.764+0000] {logging_mixin.py:188} INFO - [2025-08-04T03:45:38.762+0000] {dagbag.py:545} INFO - Filling up the DagBag from /home/airflow/.local/lib/python3.12/site-packages/airflow/example_dags/example_branch_labels.py
[2025-08-04T03:45:38.771+0000] {processor.py:840} INFO - DAG(s) 'example_branch_labels' retrieved from /home/airflow/.local/lib/python3.12/site-packages/airflow/example_dags/example_branch_labels.py
[2025-08-04T03:45:38.819+0000] {logging_mixin.py:188} INFO - [2025-08-04T03:45:38.819+0000] {dag.py:3096} INFO - Sync 1 DAGs
[2025-08-04T03:45:38.851+0000] {logging_mixin.py:188} INFO - [2025-08-04T03:45:38.850+0000] {dag.py:3954} INFO - Setting next_dagrun for example_branch_labels to 2025-08-03 00:00:00+00:00, run_after=2025-08-04 00:00:00+00:00
[2025-08-04T03:45:39.025+0000] {processor.py:183} INFO - Processing /home/airflow/.local/lib/python3.12/site-packages/airflow/example_dags/example_branch_labels.py took 0.273 seconds
[2025-08-04T03:46:51.429+0000] {processor.py:161} INFO - Started process (PID=144) to work on /home/airflow/.local/lib/python3.12/site-packages/airflow/example_dags/example_branch_labels.py
[2025-08-04T03:46:51.450+0000] {processor.py:830} INFO - Processing file /home/airflow/.local/lib/python3.12/site-packages/airflow/example_dags/example_branch_labels.py for tasks to queue
[2025-08-04T03:46:51.591+0000] {logging_mixin.py:188} INFO - [2025-08-04T03:46:51.590+0000] {dagbag.py:545} INFO - Filling up the DagBag from /home/airflow/.local/lib/python3.12/site-packages/airflow/example_dags/example_branch_labels.py
[2025-08-04T03:46:51.861+0000] {processor.py:840} INFO - DAG(s) 'example_branch_labels' retrieved from /home/airflow/.local/lib/python3.12/site-packages/airflow/example_dags/example_branch_labels.py
[2025-08-04T03:46:52.099+0000] {logging_mixin.py:188} INFO - [2025-08-04T03:46:52.099+0000] {dag.py:3096} INFO - Sync 1 DAGs
[2025-08-04T03:46:52.284+0000] {logging_mixin.py:188} INFO - [2025-08-04T03:46:52.283+0000] {dag.py:3954} INFO - Setting next_dagrun for example_branch_labels to 2025-08-03 00:00:00+00:00, run_after=2025-08-04 00:00:00+00:00
[2025-08-04T03:46:52.644+0000] {processor.py:183} INFO - Processing /home/airflow/.local/lib/python3.12/site-packages/airflow/example_dags/example_branch_labels.py took 1.239 seconds
[2025-08-04T03:47:39.744+0000] {processor.py:161} INFO - Started process (PID=200) to work on /home/airflow/.local/lib/python3.12/site-packages/airflow/example_dags/example_branch_labels.py
[2025-08-04T03:47:39.746+0000] {processor.py:830} INFO - Processing file /home/airflow/.local/lib/python3.12/site-packages/airflow/example_dags/example_branch_labels.py for tasks to queue
[2025-08-04T03:47:39.758+0000] {logging_mixin.py:188} INFO - [2025-08-04T03:47:39.758+0000] {dagbag.py:545} INFO - Filling up the DagBag from /home/airflow/.local/lib/python3.12/site-packages/airflow/example_dags/example_branch_labels.py
[2025-08-04T03:47:39.832+0000] {processor.py:840} INFO - DAG(s) 'example_branch_labels' retrieved from /home/airflow/.local/lib/python3.12/site-packages/airflow/example_dags/example_branch_labels.py
[2025-08-04T03:47:40.024+0000] {logging_mixin.py:188} INFO - [2025-08-04T03:47:40.023+0000] {dag.py:3096} INFO - Sync 1 DAGs
[2025-08-04T03:47:40.120+0000] {logging_mixin.py:188} INFO - [2025-08-04T03:47:40.120+0000] {dag.py:3954} INFO - Setting next_dagrun for example_branch_labels to 2025-08-03 00:00:00+00:00, run_after=2025-08-04 00:00:00+00:00
[2025-08-04T03:47:40.181+0000] {processor.py:183} INFO - Processing /home/airflow/.local/lib/python3.12/site-packages/airflow/example_dags/example_branch_labels.py took 0.455 seconds
[2025-08-04T03:48:15.530+0000] {processor.py:161} INFO - Started process (PID=258) to work on /home/airflow/.local/lib/python3.12/site-packages/airflow/example_dags/example_branch_labels.py
[2025-08-04T03:48:15.543+0000] {processor.py:830} INFO - Processing file /home/airflow/.local/lib/python3.12/site-packages/airflow/example_dags/example_branch_labels.py for tasks to queue
[2025-08-04T03:48:15.554+0000] {logging_mixin.py:188} INFO - [2025-08-04T03:48:15.554+0000] {dagbag.py:545} INFO - Filling up the DagBag from /home/airflow/.local/lib/python3.12/site-packages/airflow/example_dags/example_branch_labels.py
[2025-08-04T03:48:15.663+0000] {processor.py:840} INFO - DAG(s) 'example_branch_labels' retrieved from /home/airflow/.local/lib/python3.12/site-packages/airflow/example_dags/example_branch_labels.py
[2025-08-04T03:48:15.953+0000] {logging_mixin.py:188} INFO - [2025-08-04T03:48:15.952+0000] {dag.py:3096} INFO - Sync 1 DAGs
[2025-08-04T03:48:16.466+0000] {logging_mixin.py:188} INFO - [2025-08-04T03:48:16.465+0000] {dag.py:3954} INFO - Setting next_dagrun for example_branch_labels to 2025-08-03 00:00:00+00:00, run_after=2025-08-04 00:00:00+00:00
[2025-08-04T03:48:16.558+0000] {processor.py:183} INFO - Processing /home/airflow/.local/lib/python3.12/site-packages/airflow/example_dags/example_branch_labels.py took 1.070 seconds
[2025-08-04T03:48:46.732+0000] {processor.py:161} INFO - Started process (PID=316) to work on /home/airflow/.local/lib/python3.12/site-packages/airflow/example_dags/example_branch_labels.py
[2025-08-04T03:48:46.735+0000] {processor.py:830} INFO - Processing file /home/airflow/.local/lib/python3.12/site-packages/airflow/example_dags/example_branch_labels.py for tasks to queue
[2025-08-04T03:48:46.741+0000] {logging_mixin.py:188} INFO - [2025-08-04T03:48:46.740+0000] {dagbag.py:545} INFO - Filling up the DagBag from /home/airflow/.local/lib/python3.12/site-packages/airflow/example_dags/example_branch_labels.py
[2025-08-04T03:48:46.751+0000] {processor.py:840} INFO - DAG(s) 'example_branch_labels' retrieved from /home/airflow/.local/lib/python3.12/site-packages/airflow/example_dags/example_branch_labels.py
[2025-08-04T03:48:46.782+0000] {logging_mixin.py:188} INFO - [2025-08-04T03:48:46.782+0000] {dag.py:3096} INFO - Sync 1 DAGs
[2025-08-04T03:48:46.819+0000] {logging_mixin.py:188} INFO - [2025-08-04T03:48:46.819+0000] {dag.py:3954} INFO - Setting next_dagrun for example_branch_labels to 2025-08-03 00:00:00+00:00, run_after=2025-08-04 00:00:00+00:00
[2025-08-04T03:48:46.847+0000] {processor.py:183} INFO - Processing /home/airflow/.local/lib/python3.12/site-packages/airflow/example_dags/example_branch_labels.py took 0.121 seconds
[2025-08-04T15:16:41.908+0000] {processor.py:161} INFO - Started process (PID=75) to work on /home/airflow/.local/lib/python3.12/site-packages/airflow/example_dags/example_branch_labels.py
[2025-08-04T15:16:41.911+0000] {processor.py:830} INFO - Processing file /home/airflow/.local/lib/python3.12/site-packages/airflow/example_dags/example_branch_labels.py for tasks to queue
[2025-08-04T15:16:41.913+0000] {logging_mixin.py:188} INFO - [2025-08-04T15:16:41.913+0000] {dagbag.py:545} INFO - Filling up the DagBag from /home/airflow/.local/lib/python3.12/site-packages/airflow/example_dags/example_branch_labels.py
[2025-08-04T15:16:41.939+0000] {processor.py:840} INFO - DAG(s) 'example_branch_labels' retrieved from /home/airflow/.local/lib/python3.12/site-packages/airflow/example_dags/example_branch_labels.py
[2025-08-04T15:16:42.103+0000] {logging_mixin.py:188} INFO - [2025-08-04T15:16:42.102+0000] {dag.py:3096} INFO - Sync 1 DAGs
[2025-08-04T15:16:42.154+0000] {logging_mixin.py:188} INFO - [2025-08-04T15:16:42.154+0000] {dag.py:3954} INFO - Setting next_dagrun for example_branch_labels to 2025-08-03 00:00:00+00:00, run_after=2025-08-04 00:00:00+00:00
[2025-08-04T15:16:42.248+0000] {processor.py:183} INFO - Processing /home/airflow/.local/lib/python3.12/site-packages/airflow/example_dags/example_branch_labels.py took 0.353 seconds
[2025-08-04T15:17:12.916+0000] {processor.py:161} INFO - Started process (PID=133) to work on /home/airflow/.local/lib/python3.12/site-packages/airflow/example_dags/example_branch_labels.py
[2025-08-04T15:17:12.922+0000] {processor.py:830} INFO - Processing file /home/airflow/.local/lib/python3.12/site-packages/airflow/example_dags/example_branch_labels.py for tasks to queue
[2025-08-04T15:17:12.925+0000] {logging_mixin.py:188} INFO - [2025-08-04T15:17:12.925+0000] {dagbag.py:545} INFO - Filling up the DagBag from /home/airflow/.local/lib/python3.12/site-packages/airflow/example_dags/example_branch_labels.py
[2025-08-04T15:17:12.932+0000] {processor.py:840} INFO - DAG(s) 'example_branch_labels' retrieved from /home/airflow/.local/lib/python3.12/site-packages/airflow/example_dags/example_branch_labels.py
[2025-08-04T15:17:12.957+0000] {logging_mixin.py:188} INFO - [2025-08-04T15:17:12.957+0000] {dag.py:3096} INFO - Sync 1 DAGs
[2025-08-04T15:17:12.977+0000] {logging_mixin.py:188} INFO - [2025-08-04T15:17:12.977+0000] {dag.py:3954} INFO - Setting next_dagrun for example_branch_labels to 2025-08-03 00:00:00+00:00, run_after=2025-08-04 00:00:00+00:00
[2025-08-04T15:17:12.995+0000] {processor.py:183} INFO - Processing /home/airflow/.local/lib/python3.12/site-packages/airflow/example_dags/example_branch_labels.py took 0.084 seconds
[2025-08-04T15:17:43.025+0000] {processor.py:161} INFO - Started process (PID=191) to work on /home/airflow/.local/lib/python3.12/site-packages/airflow/example_dags/example_branch_labels.py
[2025-08-04T15:17:43.028+0000] {processor.py:830} INFO - Processing file /home/airflow/.local/lib/python3.12/site-packages/airflow/example_dags/example_branch_labels.py for tasks to queue
[2025-08-04T15:17:43.031+0000] {logging_mixin.py:188} INFO - [2025-08-04T15:17:43.030+0000] {dagbag.py:545} INFO - Filling up the DagBag from /home/airflow/.local/lib/python3.12/site-packages/airflow/example_dags/example_branch_labels.py
[2025-08-04T15:17:43.038+0000] {processor.py:840} INFO - DAG(s) 'example_branch_labels' retrieved from /home/airflow/.local/lib/python3.12/site-packages/airflow/example_dags/example_branch_labels.py
[2025-08-04T15:17:43.058+0000] {logging_mixin.py:188} INFO - [2025-08-04T15:17:43.058+0000] {dag.py:3096} INFO - Sync 1 DAGs
[2025-08-04T15:17:43.068+0000] {logging_mixin.py:188} INFO - [2025-08-04T15:17:43.068+0000] {dag.py:3954} INFO - Setting next_dagrun for example_branch_labels to 2025-08-03 00:00:00+00:00, run_after=2025-08-04 00:00:00+00:00
[2025-08-04T15:17:43.076+0000] {processor.py:183} INFO - Processing /home/airflow/.local/lib/python3.12/site-packages/airflow/example_dags/example_branch_labels.py took 0.058 seconds
[2025-08-04T15:18:13.615+0000] {processor.py:161} INFO - Started process (PID=249) to work on /home/airflow/.local/lib/python3.12/site-packages/airflow/example_dags/example_branch_labels.py
[2025-08-04T15:18:13.617+0000] {processor.py:830} INFO - Processing file /home/airflow/.local/lib/python3.12/site-packages/airflow/example_dags/example_branch_labels.py for tasks to queue
[2025-08-04T15:18:13.621+0000] {logging_mixin.py:188} INFO - [2025-08-04T15:18:13.620+0000] {dagbag.py:545} INFO - Filling up the DagBag from /home/airflow/.local/lib/python3.12/site-packages/airflow/example_dags/example_branch_labels.py
[2025-08-04T15:18:13.631+0000] {processor.py:840} INFO - DAG(s) 'example_branch_labels' retrieved from /home/airflow/.local/lib/python3.12/site-packages/airflow/example_dags/example_branch_labels.py
[2025-08-04T15:18:13.656+0000] {logging_mixin.py:188} INFO - [2025-08-04T15:18:13.656+0000] {dag.py:3096} INFO - Sync 1 DAGs
[2025-08-04T15:18:13.669+0000] {logging_mixin.py:188} INFO - [2025-08-04T15:18:13.668+0000] {dag.py:3954} INFO - Setting next_dagrun for example_branch_labels to 2025-08-03 00:00:00+00:00, run_after=2025-08-04 00:00:00+00:00
[2025-08-04T15:18:13.680+0000] {processor.py:183} INFO - Processing /home/airflow/.local/lib/python3.12/site-packages/airflow/example_dags/example_branch_labels.py took 0.074 seconds
[2025-08-04T15:18:44.659+0000] {processor.py:161} INFO - Started process (PID=307) to work on /home/airflow/.local/lib/python3.12/site-packages/airflow/example_dags/example_branch_labels.py
[2025-08-04T15:18:44.662+0000] {processor.py:830} INFO - Processing file /home/airflow/.local/lib/python3.12/site-packages/airflow/example_dags/example_branch_labels.py for tasks to queue
[2025-08-04T15:18:44.665+0000] {logging_mixin.py:188} INFO - [2025-08-04T15:18:44.665+0000] {dagbag.py:545} INFO - Filling up the DagBag from /home/airflow/.local/lib/python3.12/site-packages/airflow/example_dags/example_branch_labels.py
[2025-08-04T15:18:44.677+0000] {processor.py:840} INFO - DAG(s) 'example_branch_labels' retrieved from /home/airflow/.local/lib/python3.12/site-packages/airflow/example_dags/example_branch_labels.py
[2025-08-04T15:18:44.733+0000] {logging_mixin.py:188} INFO - [2025-08-04T15:18:44.733+0000] {dag.py:3096} INFO - Sync 1 DAGs
[2025-08-04T15:18:44.798+0000] {logging_mixin.py:188} INFO - [2025-08-04T15:18:44.798+0000] {dag.py:3954} INFO - Setting next_dagrun for example_branch_labels to 2025-08-03 00:00:00+00:00, run_after=2025-08-04 00:00:00+00:00
[2025-08-04T15:18:44.865+0000] {processor.py:183} INFO - Processing /home/airflow/.local/lib/python3.12/site-packages/airflow/example_dags/example_branch_labels.py took 0.216 seconds
[2025-08-04T15:19:15.256+0000] {processor.py:161} INFO - Started process (PID=365) to work on /home/airflow/.local/lib/python3.12/site-packages/airflow/example_dags/example_branch_labels.py
[2025-08-04T15:19:15.257+0000] {processor.py:830} INFO - Processing file /home/airflow/.local/lib/python3.12/site-packages/airflow/example_dags/example_branch_labels.py for tasks to queue
[2025-08-04T15:19:15.259+0000] {logging_mixin.py:188} INFO - [2025-08-04T15:19:15.259+0000] {dagbag.py:545} INFO - Filling up the DagBag from /home/airflow/.local/lib/python3.12/site-packages/airflow/example_dags/example_branch_labels.py
[2025-08-04T15:19:15.266+0000] {processor.py:840} INFO - DAG(s) 'example_branch_labels' retrieved from /home/airflow/.local/lib/python3.12/site-packages/airflow/example_dags/example_branch_labels.py
[2025-08-04T15:19:15.285+0000] {logging_mixin.py:188} INFO - [2025-08-04T15:19:15.285+0000] {dag.py:3096} INFO - Sync 1 DAGs
[2025-08-04T15:19:15.299+0000] {logging_mixin.py:188} INFO - [2025-08-04T15:19:15.298+0000] {dag.py:3954} INFO - Setting next_dagrun for example_branch_labels to 2025-08-03 00:00:00+00:00, run_after=2025-08-04 00:00:00+00:00
[2025-08-04T15:19:15.318+0000] {processor.py:183} INFO - Processing /home/airflow/.local/lib/python3.12/site-packages/airflow/example_dags/example_branch_labels.py took 0.068 seconds
[2025-08-04T15:27:08.178+0000] {processor.py:161} INFO - Started process (PID=74) to work on /home/airflow/.local/lib/python3.12/site-packages/airflow/example_dags/example_branch_labels.py
[2025-08-04T15:27:08.184+0000] {processor.py:830} INFO - Processing file /home/airflow/.local/lib/python3.12/site-packages/airflow/example_dags/example_branch_labels.py for tasks to queue
[2025-08-04T15:27:08.194+0000] {logging_mixin.py:188} INFO - [2025-08-04T15:27:08.192+0000] {dagbag.py:545} INFO - Filling up the DagBag from /home/airflow/.local/lib/python3.12/site-packages/airflow/example_dags/example_branch_labels.py
[2025-08-04T15:27:08.251+0000] {processor.py:840} INFO - DAG(s) 'example_branch_labels' retrieved from /home/airflow/.local/lib/python3.12/site-packages/airflow/example_dags/example_branch_labels.py
[2025-08-04T15:27:08.466+0000] {logging_mixin.py:188} INFO - [2025-08-04T15:27:08.464+0000] {dag.py:3096} INFO - Sync 1 DAGs
[2025-08-04T15:27:08.577+0000] {logging_mixin.py:188} INFO - [2025-08-04T15:27:08.572+0000] {dag.py:3954} INFO - Setting next_dagrun for example_branch_labels to 2025-08-03 00:00:00+00:00, run_after=2025-08-04 00:00:00+00:00
[2025-08-04T15:27:08.671+0000] {processor.py:183} INFO - Processing /home/airflow/.local/lib/python3.12/site-packages/airflow/example_dags/example_branch_labels.py took 0.518 seconds
[2025-08-04T15:27:39.298+0000] {processor.py:161} INFO - Started process (PID=132) to work on /home/airflow/.local/lib/python3.12/site-packages/airflow/example_dags/example_branch_labels.py
[2025-08-04T15:27:39.300+0000] {processor.py:830} INFO - Processing file /home/airflow/.local/lib/python3.12/site-packages/airflow/example_dags/example_branch_labels.py for tasks to queue
[2025-08-04T15:27:39.302+0000] {logging_mixin.py:188} INFO - [2025-08-04T15:27:39.301+0000] {dagbag.py:545} INFO - Filling up the DagBag from /home/airflow/.local/lib/python3.12/site-packages/airflow/example_dags/example_branch_labels.py
[2025-08-04T15:27:39.312+0000] {processor.py:840} INFO - DAG(s) 'example_branch_labels' retrieved from /home/airflow/.local/lib/python3.12/site-packages/airflow/example_dags/example_branch_labels.py
[2025-08-04T15:27:39.338+0000] {logging_mixin.py:188} INFO - [2025-08-04T15:27:39.337+0000] {dag.py:3096} INFO - Sync 1 DAGs
[2025-08-04T15:27:39.365+0000] {logging_mixin.py:188} INFO - [2025-08-04T15:27:39.365+0000] {dag.py:3954} INFO - Setting next_dagrun for example_branch_labels to 2025-08-03 00:00:00+00:00, run_after=2025-08-04 00:00:00+00:00
[2025-08-04T15:27:39.407+0000] {processor.py:183} INFO - Processing /home/airflow/.local/lib/python3.12/site-packages/airflow/example_dags/example_branch_labels.py took 0.115 seconds
[2025-08-04T15:28:10.399+0000] {processor.py:161} INFO - Started process (PID=190) to work on /home/airflow/.local/lib/python3.12/site-packages/airflow/example_dags/example_branch_labels.py
[2025-08-04T15:28:10.401+0000] {processor.py:830} INFO - Processing file /home/airflow/.local/lib/python3.12/site-packages/airflow/example_dags/example_branch_labels.py for tasks to queue
[2025-08-04T15:28:10.404+0000] {logging_mixin.py:188} INFO - [2025-08-04T15:28:10.403+0000] {dagbag.py:545} INFO - Filling up the DagBag from /home/airflow/.local/lib/python3.12/site-packages/airflow/example_dags/example_branch_labels.py
[2025-08-04T15:28:10.411+0000] {processor.py:840} INFO - DAG(s) 'example_branch_labels' retrieved from /home/airflow/.local/lib/python3.12/site-packages/airflow/example_dags/example_branch_labels.py
[2025-08-04T15:28:10.431+0000] {logging_mixin.py:188} INFO - [2025-08-04T15:28:10.431+0000] {dag.py:3096} INFO - Sync 1 DAGs
[2025-08-04T15:28:10.448+0000] {logging_mixin.py:188} INFO - [2025-08-04T15:28:10.448+0000] {dag.py:3954} INFO - Setting next_dagrun for example_branch_labels to 2025-08-03 00:00:00+00:00, run_after=2025-08-04 00:00:00+00:00
[2025-08-04T15:28:10.459+0000] {processor.py:183} INFO - Processing /home/airflow/.local/lib/python3.12/site-packages/airflow/example_dags/example_branch_labels.py took 0.066 seconds
[2025-08-04T15:28:40.758+0000] {processor.py:161} INFO - Started process (PID=248) to work on /home/airflow/.local/lib/python3.12/site-packages/airflow/example_dags/example_branch_labels.py
[2025-08-04T15:28:40.760+0000] {processor.py:830} INFO - Processing file /home/airflow/.local/lib/python3.12/site-packages/airflow/example_dags/example_branch_labels.py for tasks to queue
[2025-08-04T15:28:40.761+0000] {logging_mixin.py:188} INFO - [2025-08-04T15:28:40.761+0000] {dagbag.py:545} INFO - Filling up the DagBag from /home/airflow/.local/lib/python3.12/site-packages/airflow/example_dags/example_branch_labels.py
[2025-08-04T15:28:40.767+0000] {processor.py:840} INFO - DAG(s) 'example_branch_labels' retrieved from /home/airflow/.local/lib/python3.12/site-packages/airflow/example_dags/example_branch_labels.py
[2025-08-04T15:28:40.790+0000] {logging_mixin.py:188} INFO - [2025-08-04T15:28:40.790+0000] {dag.py:3096} INFO - Sync 1 DAGs
[2025-08-04T15:28:40.801+0000] {logging_mixin.py:188} INFO - [2025-08-04T15:28:40.801+0000] {dag.py:3954} INFO - Setting next_dagrun for example_branch_labels to 2025-08-03 00:00:00+00:00, run_after=2025-08-04 00:00:00+00:00
[2025-08-04T15:28:40.816+0000] {processor.py:183} INFO - Processing /home/airflow/.local/lib/python3.12/site-packages/airflow/example_dags/example_branch_labels.py took 0.061 seconds
[2025-08-04T15:29:11.303+0000] {processor.py:161} INFO - Started process (PID=306) to work on /home/airflow/.local/lib/python3.12/site-packages/airflow/example_dags/example_branch_labels.py
[2025-08-04T15:29:11.305+0000] {processor.py:830} INFO - Processing file /home/airflow/.local/lib/python3.12/site-packages/airflow/example_dags/example_branch_labels.py for tasks to queue
[2025-08-04T15:29:11.306+0000] {logging_mixin.py:188} INFO - [2025-08-04T15:29:11.306+0000] {dagbag.py:545} INFO - Filling up the DagBag from /home/airflow/.local/lib/python3.12/site-packages/airflow/example_dags/example_branch_labels.py
[2025-08-04T15:29:11.311+0000] {processor.py:840} INFO - DAG(s) 'example_branch_labels' retrieved from /home/airflow/.local/lib/python3.12/site-packages/airflow/example_dags/example_branch_labels.py
[2025-08-04T15:29:11.324+0000] {logging_mixin.py:188} INFO - [2025-08-04T15:29:11.323+0000] {dag.py:3096} INFO - Sync 1 DAGs
[2025-08-04T15:29:11.341+0000] {logging_mixin.py:188} INFO - [2025-08-04T15:29:11.340+0000] {dag.py:3954} INFO - Setting next_dagrun for example_branch_labels to 2025-08-03 00:00:00+00:00, run_after=2025-08-04 00:00:00+00:00
[2025-08-04T15:29:11.352+0000] {processor.py:183} INFO - Processing /home/airflow/.local/lib/python3.12/site-packages/airflow/example_dags/example_branch_labels.py took 0.053 seconds
[2025-08-04T15:29:41.653+0000] {processor.py:161} INFO - Started process (PID=364) to work on /home/airflow/.local/lib/python3.12/site-packages/airflow/example_dags/example_branch_labels.py
[2025-08-04T15:29:41.658+0000] {processor.py:830} INFO - Processing file /home/airflow/.local/lib/python3.12/site-packages/airflow/example_dags/example_branch_labels.py for tasks to queue
[2025-08-04T15:29:41.662+0000] {logging_mixin.py:188} INFO - [2025-08-04T15:29:41.662+0000] {dagbag.py:545} INFO - Filling up the DagBag from /home/airflow/.local/lib/python3.12/site-packages/airflow/example_dags/example_branch_labels.py
[2025-08-04T15:29:41.685+0000] {processor.py:840} INFO - DAG(s) 'example_branch_labels' retrieved from /home/airflow/.local/lib/python3.12/site-packages/airflow/example_dags/example_branch_labels.py
[2025-08-04T15:29:41.805+0000] {logging_mixin.py:188} INFO - [2025-08-04T15:29:41.804+0000] {dag.py:3096} INFO - Sync 1 DAGs
[2025-08-04T15:29:41.853+0000] {logging_mixin.py:188} INFO - [2025-08-04T15:29:41.853+0000] {dag.py:3954} INFO - Setting next_dagrun for example_branch_labels to 2025-08-03 00:00:00+00:00, run_after=2025-08-04 00:00:00+00:00
[2025-08-04T15:29:41.883+0000] {processor.py:183} INFO - Processing /home/airflow/.local/lib/python3.12/site-packages/airflow/example_dags/example_branch_labels.py took 0.247 seconds
[2025-08-04T15:30:12.120+0000] {processor.py:161} INFO - Started process (PID=422) to work on /home/airflow/.local/lib/python3.12/site-packages/airflow/example_dags/example_branch_labels.py
[2025-08-04T15:30:12.121+0000] {processor.py:830} INFO - Processing file /home/airflow/.local/lib/python3.12/site-packages/airflow/example_dags/example_branch_labels.py for tasks to queue
[2025-08-04T15:30:12.123+0000] {logging_mixin.py:188} INFO - [2025-08-04T15:30:12.122+0000] {dagbag.py:545} INFO - Filling up the DagBag from /home/airflow/.local/lib/python3.12/site-packages/airflow/example_dags/example_branch_labels.py
[2025-08-04T15:30:12.127+0000] {processor.py:840} INFO - DAG(s) 'example_branch_labels' retrieved from /home/airflow/.local/lib/python3.12/site-packages/airflow/example_dags/example_branch_labels.py
[2025-08-04T15:30:12.138+0000] {logging_mixin.py:188} INFO - [2025-08-04T15:30:12.138+0000] {dag.py:3096} INFO - Sync 1 DAGs
[2025-08-04T15:30:12.148+0000] {logging_mixin.py:188} INFO - [2025-08-04T15:30:12.148+0000] {dag.py:3954} INFO - Setting next_dagrun for example_branch_labels to 2025-08-03 00:00:00+00:00, run_after=2025-08-04 00:00:00+00:00
[2025-08-04T15:30:12.156+0000] {processor.py:183} INFO - Processing /home/airflow/.local/lib/python3.12/site-packages/airflow/example_dags/example_branch_labels.py took 0.040 seconds
[2025-08-04T15:30:42.466+0000] {processor.py:161} INFO - Started process (PID=480) to work on /home/airflow/.local/lib/python3.12/site-packages/airflow/example_dags/example_branch_labels.py
[2025-08-04T15:30:42.469+0000] {processor.py:830} INFO - Processing file /home/airflow/.local/lib/python3.12/site-packages/airflow/example_dags/example_branch_labels.py for tasks to queue
[2025-08-04T15:30:42.474+0000] {logging_mixin.py:188} INFO - [2025-08-04T15:30:42.472+0000] {dagbag.py:545} INFO - Filling up the DagBag from /home/airflow/.local/lib/python3.12/site-packages/airflow/example_dags/example_branch_labels.py
[2025-08-04T15:30:42.483+0000] {processor.py:840} INFO - DAG(s) 'example_branch_labels' retrieved from /home/airflow/.local/lib/python3.12/site-packages/airflow/example_dags/example_branch_labels.py
[2025-08-04T15:30:42.530+0000] {logging_mixin.py:188} INFO - [2025-08-04T15:30:42.529+0000] {dag.py:3096} INFO - Sync 1 DAGs
[2025-08-04T15:30:42.581+0000] {logging_mixin.py:188} INFO - [2025-08-04T15:30:42.580+0000] {dag.py:3954} INFO - Setting next_dagrun for example_branch_labels to 2025-08-03 00:00:00+00:00, run_after=2025-08-04 00:00:00+00:00
[2025-08-04T15:30:42.615+0000] {processor.py:183} INFO - Processing /home/airflow/.local/lib/python3.12/site-packages/airflow/example_dags/example_branch_labels.py took 0.157 seconds
[2025-08-04T15:31:13.051+0000] {processor.py:161} INFO - Started process (PID=538) to work on /home/airflow/.local/lib/python3.12/site-packages/airflow/example_dags/example_branch_labels.py
[2025-08-04T15:31:13.052+0000] {processor.py:830} INFO - Processing file /home/airflow/.local/lib/python3.12/site-packages/airflow/example_dags/example_branch_labels.py for tasks to queue
[2025-08-04T15:31:13.055+0000] {logging_mixin.py:188} INFO - [2025-08-04T15:31:13.054+0000] {dagbag.py:545} INFO - Filling up the DagBag from /home/airflow/.local/lib/python3.12/site-packages/airflow/example_dags/example_branch_labels.py
[2025-08-04T15:31:13.073+0000] {processor.py:840} INFO - DAG(s) 'example_branch_labels' retrieved from /home/airflow/.local/lib/python3.12/site-packages/airflow/example_dags/example_branch_labels.py
[2025-08-04T15:31:13.121+0000] {logging_mixin.py:188} INFO - [2025-08-04T15:31:13.121+0000] {dag.py:3096} INFO - Sync 1 DAGs
[2025-08-04T15:31:13.162+0000] {logging_mixin.py:188} INFO - [2025-08-04T15:31:13.162+0000] {dag.py:3954} INFO - Setting next_dagrun for example_branch_labels to 2025-08-03 00:00:00+00:00, run_after=2025-08-04 00:00:00+00:00
[2025-08-04T15:31:13.213+0000] {processor.py:183} INFO - Processing /home/airflow/.local/lib/python3.12/site-packages/airflow/example_dags/example_branch_labels.py took 0.173 seconds
[2025-08-04T15:31:44.255+0000] {processor.py:161} INFO - Started process (PID=596) to work on /home/airflow/.local/lib/python3.12/site-packages/airflow/example_dags/example_branch_labels.py
[2025-08-04T15:31:44.257+0000] {processor.py:830} INFO - Processing file /home/airflow/.local/lib/python3.12/site-packages/airflow/example_dags/example_branch_labels.py for tasks to queue
[2025-08-04T15:31:44.259+0000] {logging_mixin.py:188} INFO - [2025-08-04T15:31:44.259+0000] {dagbag.py:545} INFO - Filling up the DagBag from /home/airflow/.local/lib/python3.12/site-packages/airflow/example_dags/example_branch_labels.py
[2025-08-04T15:31:44.268+0000] {processor.py:840} INFO - DAG(s) 'example_branch_labels' retrieved from /home/airflow/.local/lib/python3.12/site-packages/airflow/example_dags/example_branch_labels.py
[2025-08-04T15:31:44.336+0000] {logging_mixin.py:188} INFO - [2025-08-04T15:31:44.335+0000] {dag.py:3096} INFO - Sync 1 DAGs
[2025-08-04T15:31:44.369+0000] {logging_mixin.py:188} INFO - [2025-08-04T15:31:44.369+0000] {dag.py:3954} INFO - Setting next_dagrun for example_branch_labels to 2025-08-03 00:00:00+00:00, run_after=2025-08-04 00:00:00+00:00
[2025-08-04T15:31:44.400+0000] {processor.py:183} INFO - Processing /home/airflow/.local/lib/python3.12/site-packages/airflow/example_dags/example_branch_labels.py took 0.152 seconds
[2025-08-04T15:52:56.489+0000] {processor.py:161} INFO - Started process (PID=76) to work on /home/airflow/.local/lib/python3.12/site-packages/airflow/example_dags/example_branch_labels.py
[2025-08-04T15:52:56.491+0000] {processor.py:830} INFO - Processing file /home/airflow/.local/lib/python3.12/site-packages/airflow/example_dags/example_branch_labels.py for tasks to queue
[2025-08-04T15:52:56.522+0000] {logging_mixin.py:188} INFO - [2025-08-04T15:52:56.521+0000] {dagbag.py:545} INFO - Filling up the DagBag from /home/airflow/.local/lib/python3.12/site-packages/airflow/example_dags/example_branch_labels.py
[2025-08-04T15:52:56.553+0000] {processor.py:840} INFO - DAG(s) 'example_branch_labels' retrieved from /home/airflow/.local/lib/python3.12/site-packages/airflow/example_dags/example_branch_labels.py
[2025-08-04T15:52:56.699+0000] {logging_mixin.py:188} INFO - [2025-08-04T15:52:56.699+0000] {dag.py:3096} INFO - Sync 1 DAGs
[2025-08-04T15:52:56.766+0000] {logging_mixin.py:188} INFO - [2025-08-04T15:52:56.765+0000] {dag.py:3954} INFO - Setting next_dagrun for example_branch_labels to 2025-08-03 00:00:00+00:00, run_after=2025-08-04 00:00:00+00:00
[2025-08-04T15:52:57.035+0000] {processor.py:183} INFO - Processing /home/airflow/.local/lib/python3.12/site-packages/airflow/example_dags/example_branch_labels.py took 0.552 seconds
[2025-08-04T15:53:27.375+0000] {processor.py:161} INFO - Started process (PID=134) to work on /home/airflow/.local/lib/python3.12/site-packages/airflow/example_dags/example_branch_labels.py
[2025-08-04T15:53:27.376+0000] {processor.py:830} INFO - Processing file /home/airflow/.local/lib/python3.12/site-packages/airflow/example_dags/example_branch_labels.py for tasks to queue
[2025-08-04T15:53:27.377+0000] {logging_mixin.py:188} INFO - [2025-08-04T15:53:27.377+0000] {dagbag.py:545} INFO - Filling up the DagBag from /home/airflow/.local/lib/python3.12/site-packages/airflow/example_dags/example_branch_labels.py
[2025-08-04T15:53:27.381+0000] {processor.py:840} INFO - DAG(s) 'example_branch_labels' retrieved from /home/airflow/.local/lib/python3.12/site-packages/airflow/example_dags/example_branch_labels.py
[2025-08-04T15:53:27.392+0000] {logging_mixin.py:188} INFO - [2025-08-04T15:53:27.392+0000] {dag.py:3096} INFO - Sync 1 DAGs
[2025-08-04T15:53:27.416+0000] {logging_mixin.py:188} INFO - [2025-08-04T15:53:27.415+0000] {dag.py:3954} INFO - Setting next_dagrun for example_branch_labels to 2025-08-03 00:00:00+00:00, run_after=2025-08-04 00:00:00+00:00
[2025-08-04T15:53:27.430+0000] {processor.py:183} INFO - Processing /home/airflow/.local/lib/python3.12/site-packages/airflow/example_dags/example_branch_labels.py took 0.058 seconds
[2025-08-04T15:53:58.307+0000] {processor.py:161} INFO - Started process (PID=192) to work on /home/airflow/.local/lib/python3.12/site-packages/airflow/example_dags/example_branch_labels.py
[2025-08-04T15:53:58.309+0000] {processor.py:830} INFO - Processing file /home/airflow/.local/lib/python3.12/site-packages/airflow/example_dags/example_branch_labels.py for tasks to queue
[2025-08-04T15:53:58.314+0000] {logging_mixin.py:188} INFO - [2025-08-04T15:53:58.312+0000] {dagbag.py:545} INFO - Filling up the DagBag from /home/airflow/.local/lib/python3.12/site-packages/airflow/example_dags/example_branch_labels.py
[2025-08-04T15:53:58.325+0000] {processor.py:840} INFO - DAG(s) 'example_branch_labels' retrieved from /home/airflow/.local/lib/python3.12/site-packages/airflow/example_dags/example_branch_labels.py
[2025-08-04T15:53:58.359+0000] {logging_mixin.py:188} INFO - [2025-08-04T15:53:58.359+0000] {dag.py:3096} INFO - Sync 1 DAGs
[2025-08-04T15:53:58.409+0000] {logging_mixin.py:188} INFO - [2025-08-04T15:53:58.407+0000] {dag.py:3954} INFO - Setting next_dagrun for example_branch_labels to 2025-08-03 00:00:00+00:00, run_after=2025-08-04 00:00:00+00:00
[2025-08-04T15:53:58.479+0000] {processor.py:183} INFO - Processing /home/airflow/.local/lib/python3.12/site-packages/airflow/example_dags/example_branch_labels.py took 0.181 seconds
[2025-08-04T15:54:29.128+0000] {processor.py:161} INFO - Started process (PID=250) to work on /home/airflow/.local/lib/python3.12/site-packages/airflow/example_dags/example_branch_labels.py
[2025-08-04T15:54:29.128+0000] {processor.py:830} INFO - Processing file /home/airflow/.local/lib/python3.12/site-packages/airflow/example_dags/example_branch_labels.py for tasks to queue
[2025-08-04T15:54:29.129+0000] {logging_mixin.py:188} INFO - [2025-08-04T15:54:29.129+0000] {dagbag.py:545} INFO - Filling up the DagBag from /home/airflow/.local/lib/python3.12/site-packages/airflow/example_dags/example_branch_labels.py
[2025-08-04T15:54:29.133+0000] {processor.py:840} INFO - DAG(s) 'example_branch_labels' retrieved from /home/airflow/.local/lib/python3.12/site-packages/airflow/example_dags/example_branch_labels.py
[2025-08-04T15:54:29.148+0000] {logging_mixin.py:188} INFO - [2025-08-04T15:54:29.148+0000] {dag.py:3096} INFO - Sync 1 DAGs
[2025-08-04T15:54:29.163+0000] {logging_mixin.py:188} INFO - [2025-08-04T15:54:29.163+0000] {dag.py:3954} INFO - Setting next_dagrun for example_branch_labels to 2025-08-03 00:00:00+00:00, run_after=2025-08-04 00:00:00+00:00
[2025-08-04T15:54:29.174+0000] {processor.py:183} INFO - Processing /home/airflow/.local/lib/python3.12/site-packages/airflow/example_dags/example_branch_labels.py took 0.049 seconds
[2025-08-04T15:55:00.313+0000] {processor.py:161} INFO - Started process (PID=308) to work on /home/airflow/.local/lib/python3.12/site-packages/airflow/example_dags/example_branch_labels.py
[2025-08-04T15:55:00.317+0000] {processor.py:830} INFO - Processing file /home/airflow/.local/lib/python3.12/site-packages/airflow/example_dags/example_branch_labels.py for tasks to queue
[2025-08-04T15:55:00.324+0000] {logging_mixin.py:188} INFO - [2025-08-04T15:55:00.324+0000] {dagbag.py:545} INFO - Filling up the DagBag from /home/airflow/.local/lib/python3.12/site-packages/airflow/example_dags/example_branch_labels.py
[2025-08-04T15:55:00.332+0000] {processor.py:840} INFO - DAG(s) 'example_branch_labels' retrieved from /home/airflow/.local/lib/python3.12/site-packages/airflow/example_dags/example_branch_labels.py
[2025-08-04T15:55:00.367+0000] {logging_mixin.py:188} INFO - [2025-08-04T15:55:00.367+0000] {dag.py:3096} INFO - Sync 1 DAGs
[2025-08-04T15:55:00.384+0000] {logging_mixin.py:188} INFO - [2025-08-04T15:55:00.384+0000] {dag.py:3954} INFO - Setting next_dagrun for example_branch_labels to 2025-08-03 00:00:00+00:00, run_after=2025-08-04 00:00:00+00:00
[2025-08-04T15:55:00.409+0000] {processor.py:183} INFO - Processing /home/airflow/.local/lib/python3.12/site-packages/airflow/example_dags/example_branch_labels.py took 0.103 seconds
[2025-08-04T15:55:32.996+0000] {processor.py:161} INFO - Started process (PID=366) to work on /home/airflow/.local/lib/python3.12/site-packages/airflow/example_dags/example_branch_labels.py
[2025-08-04T15:55:33.000+0000] {processor.py:830} INFO - Processing file /home/airflow/.local/lib/python3.12/site-packages/airflow/example_dags/example_branch_labels.py for tasks to queue
[2025-08-04T15:55:33.034+0000] {logging_mixin.py:188} INFO - [2025-08-04T15:55:33.032+0000] {dagbag.py:545} INFO - Filling up the DagBag from /home/airflow/.local/lib/python3.12/site-packages/airflow/example_dags/example_branch_labels.py
[2025-08-04T15:55:33.137+0000] {processor.py:840} INFO - DAG(s) 'example_branch_labels' retrieved from /home/airflow/.local/lib/python3.12/site-packages/airflow/example_dags/example_branch_labels.py
[2025-08-04T15:55:33.435+0000] {logging_mixin.py:188} INFO - [2025-08-04T15:55:33.434+0000] {dag.py:3096} INFO - Sync 1 DAGs
[2025-08-04T15:55:33.588+0000] {logging_mixin.py:188} INFO - [2025-08-04T15:55:33.587+0000] {dag.py:3954} INFO - Setting next_dagrun for example_branch_labels to 2025-08-03 00:00:00+00:00, run_after=2025-08-04 00:00:00+00:00
[2025-08-04T15:55:33.729+0000] {processor.py:183} INFO - Processing /home/airflow/.local/lib/python3.12/site-packages/airflow/example_dags/example_branch_labels.py took 0.804 seconds
[2025-08-04T15:56:03.902+0000] {processor.py:161} INFO - Started process (PID=424) to work on /home/airflow/.local/lib/python3.12/site-packages/airflow/example_dags/example_branch_labels.py
[2025-08-04T15:56:03.903+0000] {processor.py:830} INFO - Processing file /home/airflow/.local/lib/python3.12/site-packages/airflow/example_dags/example_branch_labels.py for tasks to queue
[2025-08-04T15:56:03.905+0000] {logging_mixin.py:188} INFO - [2025-08-04T15:56:03.905+0000] {dagbag.py:545} INFO - Filling up the DagBag from /home/airflow/.local/lib/python3.12/site-packages/airflow/example_dags/example_branch_labels.py
[2025-08-04T15:56:03.917+0000] {processor.py:840} INFO - DAG(s) 'example_branch_labels' retrieved from /home/airflow/.local/lib/python3.12/site-packages/airflow/example_dags/example_branch_labels.py
[2025-08-04T15:56:03.945+0000] {logging_mixin.py:188} INFO - [2025-08-04T15:56:03.944+0000] {dag.py:3096} INFO - Sync 1 DAGs
[2025-08-04T15:56:03.970+0000] {logging_mixin.py:188} INFO - [2025-08-04T15:56:03.970+0000] {dag.py:3954} INFO - Setting next_dagrun for example_branch_labels to 2025-08-03 00:00:00+00:00, run_after=2025-08-04 00:00:00+00:00
[2025-08-04T15:56:03.995+0000] {processor.py:183} INFO - Processing /home/airflow/.local/lib/python3.12/site-packages/airflow/example_dags/example_branch_labels.py took 0.099 seconds
[2025-08-04T15:58:55.300+0000] {processor.py:161} INFO - Started process (PID=76) to work on /home/airflow/.local/lib/python3.12/site-packages/airflow/example_dags/example_branch_labels.py
[2025-08-04T15:58:55.305+0000] {processor.py:830} INFO - Processing file /home/airflow/.local/lib/python3.12/site-packages/airflow/example_dags/example_branch_labels.py for tasks to queue
[2025-08-04T15:58:55.347+0000] {logging_mixin.py:188} INFO - [2025-08-04T15:58:55.346+0000] {dagbag.py:545} INFO - Filling up the DagBag from /home/airflow/.local/lib/python3.12/site-packages/airflow/example_dags/example_branch_labels.py
[2025-08-04T15:58:55.464+0000] {processor.py:840} INFO - DAG(s) 'example_branch_labels' retrieved from /home/airflow/.local/lib/python3.12/site-packages/airflow/example_dags/example_branch_labels.py
[2025-08-04T15:58:55.839+0000] {logging_mixin.py:188} INFO - [2025-08-04T15:58:55.839+0000] {dag.py:3096} INFO - Sync 1 DAGs
[2025-08-04T15:58:56.038+0000] {logging_mixin.py:188} INFO - [2025-08-04T15:58:56.032+0000] {dag.py:3954} INFO - Setting next_dagrun for example_branch_labels to 2025-08-03 00:00:00+00:00, run_after=2025-08-04 00:00:00+00:00
[2025-08-04T15:58:56.259+0000] {processor.py:183} INFO - Processing /home/airflow/.local/lib/python3.12/site-packages/airflow/example_dags/example_branch_labels.py took 1.015 seconds
[2025-08-04T15:59:26.672+0000] {processor.py:161} INFO - Started process (PID=134) to work on /home/airflow/.local/lib/python3.12/site-packages/airflow/example_dags/example_branch_labels.py
[2025-08-04T15:59:26.673+0000] {processor.py:830} INFO - Processing file /home/airflow/.local/lib/python3.12/site-packages/airflow/example_dags/example_branch_labels.py for tasks to queue
[2025-08-04T15:59:26.674+0000] {logging_mixin.py:188} INFO - [2025-08-04T15:59:26.674+0000] {dagbag.py:545} INFO - Filling up the DagBag from /home/airflow/.local/lib/python3.12/site-packages/airflow/example_dags/example_branch_labels.py
[2025-08-04T15:59:26.681+0000] {processor.py:840} INFO - DAG(s) 'example_branch_labels' retrieved from /home/airflow/.local/lib/python3.12/site-packages/airflow/example_dags/example_branch_labels.py
[2025-08-04T15:59:26.697+0000] {logging_mixin.py:188} INFO - [2025-08-04T15:59:26.696+0000] {dag.py:3096} INFO - Sync 1 DAGs
[2025-08-04T15:59:26.711+0000] {logging_mixin.py:188} INFO - [2025-08-04T15:59:26.711+0000] {dag.py:3954} INFO - Setting next_dagrun for example_branch_labels to 2025-08-03 00:00:00+00:00, run_after=2025-08-04 00:00:00+00:00
[2025-08-04T15:59:26.726+0000] {processor.py:183} INFO - Processing /home/airflow/.local/lib/python3.12/site-packages/airflow/example_dags/example_branch_labels.py took 0.058 seconds
[2025-08-04T15:59:57.039+0000] {processor.py:161} INFO - Started process (PID=192) to work on /home/airflow/.local/lib/python3.12/site-packages/airflow/example_dags/example_branch_labels.py
[2025-08-04T15:59:57.043+0000] {processor.py:830} INFO - Processing file /home/airflow/.local/lib/python3.12/site-packages/airflow/example_dags/example_branch_labels.py for tasks to queue
[2025-08-04T15:59:57.053+0000] {logging_mixin.py:188} INFO - [2025-08-04T15:59:57.053+0000] {dagbag.py:545} INFO - Filling up the DagBag from /home/airflow/.local/lib/python3.12/site-packages/airflow/example_dags/example_branch_labels.py
[2025-08-04T15:59:57.087+0000] {processor.py:840} INFO - DAG(s) 'example_branch_labels' retrieved from /home/airflow/.local/lib/python3.12/site-packages/airflow/example_dags/example_branch_labels.py
[2025-08-04T15:59:57.152+0000] {logging_mixin.py:188} INFO - [2025-08-04T15:59:57.151+0000] {dag.py:3096} INFO - Sync 1 DAGs
[2025-08-04T15:59:57.183+0000] {logging_mixin.py:188} INFO - [2025-08-04T15:59:57.183+0000] {dag.py:3954} INFO - Setting next_dagrun for example_branch_labels to 2025-08-03 00:00:00+00:00, run_after=2025-08-04 00:00:00+00:00
[2025-08-04T15:59:57.214+0000] {processor.py:183} INFO - Processing /home/airflow/.local/lib/python3.12/site-packages/airflow/example_dags/example_branch_labels.py took 0.187 seconds
[2025-08-04T16:00:27.470+0000] {processor.py:161} INFO - Started process (PID=250) to work on /home/airflow/.local/lib/python3.12/site-packages/airflow/example_dags/example_branch_labels.py
[2025-08-04T16:00:27.475+0000] {processor.py:830} INFO - Processing file /home/airflow/.local/lib/python3.12/site-packages/airflow/example_dags/example_branch_labels.py for tasks to queue
[2025-08-04T16:00:27.478+0000] {logging_mixin.py:188} INFO - [2025-08-04T16:00:27.477+0000] {dagbag.py:545} INFO - Filling up the DagBag from /home/airflow/.local/lib/python3.12/site-packages/airflow/example_dags/example_branch_labels.py
[2025-08-04T16:00:27.496+0000] {processor.py:840} INFO - DAG(s) 'example_branch_labels' retrieved from /home/airflow/.local/lib/python3.12/site-packages/airflow/example_dags/example_branch_labels.py
[2025-08-04T16:00:27.547+0000] {logging_mixin.py:188} INFO - [2025-08-04T16:00:27.547+0000] {dag.py:3096} INFO - Sync 1 DAGs
[2025-08-04T16:00:27.595+0000] {logging_mixin.py:188} INFO - [2025-08-04T16:00:27.594+0000] {dag.py:3954} INFO - Setting next_dagrun for example_branch_labels to 2025-08-03 00:00:00+00:00, run_after=2025-08-04 00:00:00+00:00
[2025-08-04T16:00:27.636+0000] {processor.py:183} INFO - Processing /home/airflow/.local/lib/python3.12/site-packages/airflow/example_dags/example_branch_labels.py took 0.173 seconds
[2025-08-04T16:00:57.948+0000] {processor.py:161} INFO - Started process (PID=308) to work on /home/airflow/.local/lib/python3.12/site-packages/airflow/example_dags/example_branch_labels.py
[2025-08-04T16:00:57.949+0000] {processor.py:830} INFO - Processing file /home/airflow/.local/lib/python3.12/site-packages/airflow/example_dags/example_branch_labels.py for tasks to queue
[2025-08-04T16:00:57.951+0000] {logging_mixin.py:188} INFO - [2025-08-04T16:00:57.951+0000] {dagbag.py:545} INFO - Filling up the DagBag from /home/airflow/.local/lib/python3.12/site-packages/airflow/example_dags/example_branch_labels.py
[2025-08-04T16:00:57.965+0000] {processor.py:840} INFO - DAG(s) 'example_branch_labels' retrieved from /home/airflow/.local/lib/python3.12/site-packages/airflow/example_dags/example_branch_labels.py
[2025-08-04T16:00:57.993+0000] {logging_mixin.py:188} INFO - [2025-08-04T16:00:57.993+0000] {dag.py:3096} INFO - Sync 1 DAGs
[2025-08-04T16:00:58.037+0000] {logging_mixin.py:188} INFO - [2025-08-04T16:00:58.036+0000] {dag.py:3954} INFO - Setting next_dagrun for example_branch_labels to 2025-08-03 00:00:00+00:00, run_after=2025-08-04 00:00:00+00:00
[2025-08-04T16:00:58.061+0000] {processor.py:183} INFO - Processing /home/airflow/.local/lib/python3.12/site-packages/airflow/example_dags/example_branch_labels.py took 0.123 seconds
[2025-08-04T16:35:19.829+0000] {processor.py:161} INFO - Started process (PID=77) to work on /home/airflow/.local/lib/python3.12/site-packages/airflow/example_dags/example_branch_labels.py
[2025-08-04T16:35:19.830+0000] {processor.py:830} INFO - Processing file /home/airflow/.local/lib/python3.12/site-packages/airflow/example_dags/example_branch_labels.py for tasks to queue
[2025-08-04T16:35:19.831+0000] {logging_mixin.py:188} INFO - [2025-08-04T16:35:19.831+0000] {dagbag.py:545} INFO - Filling up the DagBag from /home/airflow/.local/lib/python3.12/site-packages/airflow/example_dags/example_branch_labels.py
[2025-08-04T16:35:19.837+0000] {processor.py:840} INFO - DAG(s) 'example_branch_labels' retrieved from /home/airflow/.local/lib/python3.12/site-packages/airflow/example_dags/example_branch_labels.py
[2025-08-04T16:35:19.858+0000] {logging_mixin.py:188} INFO - [2025-08-04T16:35:19.858+0000] {dag.py:3096} INFO - Sync 1 DAGs
[2025-08-04T16:35:19.877+0000] {logging_mixin.py:188} INFO - [2025-08-04T16:35:19.877+0000] {dag.py:3954} INFO - Setting next_dagrun for example_branch_labels to 2025-08-03 00:00:00+00:00, run_after=2025-08-04 00:00:00+00:00
[2025-08-04T16:35:19.895+0000] {processor.py:183} INFO - Processing /home/airflow/.local/lib/python3.12/site-packages/airflow/example_dags/example_branch_labels.py took 0.071 seconds
