[2025-08-04T03:46:14.136+0000] {processor.py:161} INFO - Started process (PID=110) to work on /home/airflow/.local/lib/python3.12/site-packages/airflow/example_dags/example_branch_day_of_week_operator.py
[2025-08-04T03:46:14.140+0000] {processor.py:830} INFO - Processing file /home/airflow/.local/lib/python3.12/site-packages/airflow/example_dags/example_branch_day_of_week_operator.py for tasks to queue
[2025-08-04T03:46:14.190+0000] {logging_mixin.py:188} INFO - [2025-08-04T03:46:14.189+0000] {dagbag.py:545} INFO - Filling up the DagBag from /home/airflow/.local/lib/python3.12/site-packages/airflow/example_dags/example_branch_day_of_week_operator.py
[2025-08-04T03:46:14.240+0000] {processor.py:840} INFO - DAG(s) 'example_weekday_branch_operator' retrieved from /home/airflow/.local/lib/python3.12/site-packages/airflow/example_dags/example_branch_day_of_week_operator.py
[2025-08-04T03:46:15.719+0000] {logging_mixin.py:188} INFO - [2025-08-04T03:46:15.693+0000] {dag.py:3096} INFO - Sync 1 DAGs
[2025-08-04T03:46:16.497+0000] {logging_mixin.py:188} INFO - [2025-08-04T03:46:16.496+0000] {dag.py:3954} INFO - Setting next_dagrun for example_weekday_branch_operator to 2025-08-03 00:00:00+00:00, run_after=2025-08-04 00:00:00+00:00
[2025-08-04T03:46:17.237+0000] {processor.py:183} INFO - Processing /home/airflow/.local/lib/python3.12/site-packages/airflow/example_dags/example_branch_day_of_week_operator.py took 3.134 seconds
[2025-08-04T03:47:35.740+0000] {processor.py:161} INFO - Started process (PID=185) to work on /home/airflow/.local/lib/python3.12/site-packages/airflow/example_dags/example_branch_day_of_week_operator.py
[2025-08-04T03:47:35.746+0000] {processor.py:830} INFO - Processing file /home/airflow/.local/lib/python3.12/site-packages/airflow/example_dags/example_branch_day_of_week_operator.py for tasks to queue
[2025-08-04T03:47:35.750+0000] {logging_mixin.py:188} INFO - [2025-08-04T03:47:35.749+0000] {dagbag.py:545} INFO - Filling up the DagBag from /home/airflow/.local/lib/python3.12/site-packages/airflow/example_dags/example_branch_day_of_week_operator.py
[2025-08-04T03:47:35.786+0000] {processor.py:840} INFO - DAG(s) 'example_weekday_branch_operator' retrieved from /home/airflow/.local/lib/python3.12/site-packages/airflow/example_dags/example_branch_day_of_week_operator.py
[2025-08-04T03:47:35.977+0000] {logging_mixin.py:188} INFO - [2025-08-04T03:47:35.976+0000] {dag.py:3096} INFO - Sync 1 DAGs
[2025-08-04T03:47:36.237+0000] {logging_mixin.py:188} INFO - [2025-08-04T03:47:36.233+0000] {dag.py:3954} INFO - Setting next_dagrun for example_weekday_branch_operator to 2025-08-03 00:00:00+00:00, run_after=2025-08-04 00:00:00+00:00
[2025-08-04T03:47:36.361+0000] {processor.py:183} INFO - Processing /home/airflow/.local/lib/python3.12/site-packages/airflow/example_dags/example_branch_day_of_week_operator.py took 0.633 seconds
[2025-08-04T03:48:06.818+0000] {processor.py:161} INFO - Started process (PID=243) to work on /home/airflow/.local/lib/python3.12/site-packages/airflow/example_dags/example_branch_day_of_week_operator.py
[2025-08-04T03:48:06.838+0000] {processor.py:830} INFO - Processing file /home/airflow/.local/lib/python3.12/site-packages/airflow/example_dags/example_branch_day_of_week_operator.py for tasks to queue
[2025-08-04T03:48:06.885+0000] {logging_mixin.py:188} INFO - [2025-08-04T03:48:06.855+0000] {dagbag.py:545} INFO - Filling up the DagBag from /home/airflow/.local/lib/python3.12/site-packages/airflow/example_dags/example_branch_day_of_week_operator.py
[2025-08-04T03:48:07.095+0000] {processor.py:840} INFO - DAG(s) 'example_weekday_branch_operator' retrieved from /home/airflow/.local/lib/python3.12/site-packages/airflow/example_dags/example_branch_day_of_week_operator.py
[2025-08-04T03:48:07.326+0000] {logging_mixin.py:188} INFO - [2025-08-04T03:48:07.324+0000] {dag.py:3096} INFO - Sync 1 DAGs
[2025-08-04T03:48:07.492+0000] {logging_mixin.py:188} INFO - [2025-08-04T03:48:07.491+0000] {dag.py:3954} INFO - Setting next_dagrun for example_weekday_branch_operator to 2025-08-03 00:00:00+00:00, run_after=2025-08-04 00:00:00+00:00
[2025-08-04T03:48:07.858+0000] {processor.py:183} INFO - Processing /home/airflow/.local/lib/python3.12/site-packages/airflow/example_dags/example_branch_day_of_week_operator.py took 1.051 seconds
[2025-08-04T03:48:39.097+0000] {processor.py:161} INFO - Started process (PID=301) to work on /home/airflow/.local/lib/python3.12/site-packages/airflow/example_dags/example_branch_day_of_week_operator.py
[2025-08-04T03:48:39.098+0000] {processor.py:830} INFO - Processing file /home/airflow/.local/lib/python3.12/site-packages/airflow/example_dags/example_branch_day_of_week_operator.py for tasks to queue
[2025-08-04T03:48:39.101+0000] {logging_mixin.py:188} INFO - [2025-08-04T03:48:39.100+0000] {dagbag.py:545} INFO - Filling up the DagBag from /home/airflow/.local/lib/python3.12/site-packages/airflow/example_dags/example_branch_day_of_week_operator.py
[2025-08-04T03:48:39.108+0000] {processor.py:840} INFO - DAG(s) 'example_weekday_branch_operator' retrieved from /home/airflow/.local/lib/python3.12/site-packages/airflow/example_dags/example_branch_day_of_week_operator.py
[2025-08-04T03:48:39.130+0000] {logging_mixin.py:188} INFO - [2025-08-04T03:48:39.130+0000] {dag.py:3096} INFO - Sync 1 DAGs
[2025-08-04T03:48:39.150+0000] {logging_mixin.py:188} INFO - [2025-08-04T03:48:39.150+0000] {dag.py:3954} INFO - Setting next_dagrun for example_weekday_branch_operator to 2025-08-03 00:00:00+00:00, run_after=2025-08-04 00:00:00+00:00
[2025-08-04T03:48:39.167+0000] {processor.py:183} INFO - Processing /home/airflow/.local/lib/python3.12/site-packages/airflow/example_dags/example_branch_day_of_week_operator.py took 0.074 seconds
[2025-08-04T03:49:44.553+0000] {processor.py:161} INFO - Started process (PID=363) to work on /home/airflow/.local/lib/python3.12/site-packages/airflow/example_dags/example_branch_day_of_week_operator.py
[2025-08-04T03:49:44.575+0000] {processor.py:830} INFO - Processing file /home/airflow/.local/lib/python3.12/site-packages/airflow/example_dags/example_branch_day_of_week_operator.py for tasks to queue
[2025-08-04T03:49:44.758+0000] {logging_mixin.py:188} INFO - [2025-08-04T03:49:44.663+0000] {dagbag.py:545} INFO - Filling up the DagBag from /home/airflow/.local/lib/python3.12/site-packages/airflow/example_dags/example_branch_day_of_week_operator.py
[2025-08-04T03:49:45.901+0000] {processor.py:840} INFO - DAG(s) 'example_weekday_branch_operator' retrieved from /home/airflow/.local/lib/python3.12/site-packages/airflow/example_dags/example_branch_day_of_week_operator.py
[2025-08-04T03:49:46.906+0000] {logging_mixin.py:188} INFO - [2025-08-04T03:49:46.905+0000] {dag.py:3096} INFO - Sync 1 DAGs
[2025-08-04T03:49:47.138+0000] {logging_mixin.py:188} INFO - [2025-08-04T03:49:47.138+0000] {dag.py:3954} INFO - Setting next_dagrun for example_weekday_branch_operator to 2025-08-03 00:00:00+00:00, run_after=2025-08-04 00:00:00+00:00
[2025-08-04T03:49:47.859+0000] {processor.py:183} INFO - Processing /home/airflow/.local/lib/python3.12/site-packages/airflow/example_dags/example_branch_day_of_week_operator.py took 3.408 seconds
[2025-08-04T15:16:51.435+0000] {processor.py:161} INFO - Started process (PID=105) to work on /home/airflow/.local/lib/python3.12/site-packages/airflow/example_dags/example_branch_day_of_week_operator.py
[2025-08-04T15:16:51.440+0000] {processor.py:830} INFO - Processing file /home/airflow/.local/lib/python3.12/site-packages/airflow/example_dags/example_branch_day_of_week_operator.py for tasks to queue
[2025-08-04T15:16:51.447+0000] {logging_mixin.py:188} INFO - [2025-08-04T15:16:51.447+0000] {dagbag.py:545} INFO - Filling up the DagBag from /home/airflow/.local/lib/python3.12/site-packages/airflow/example_dags/example_branch_day_of_week_operator.py
[2025-08-04T15:16:51.471+0000] {processor.py:840} INFO - DAG(s) 'example_weekday_branch_operator' retrieved from /home/airflow/.local/lib/python3.12/site-packages/airflow/example_dags/example_branch_day_of_week_operator.py
[2025-08-04T15:16:51.500+0000] {logging_mixin.py:188} INFO - [2025-08-04T15:16:51.500+0000] {dag.py:3096} INFO - Sync 1 DAGs
[2025-08-04T15:16:51.567+0000] {logging_mixin.py:188} INFO - [2025-08-04T15:16:51.567+0000] {dag.py:3954} INFO - Setting next_dagrun for example_weekday_branch_operator to 2025-08-03 00:00:00+00:00, run_after=2025-08-04 00:00:00+00:00
[2025-08-04T15:16:51.609+0000] {processor.py:183} INFO - Processing /home/airflow/.local/lib/python3.12/site-packages/airflow/example_dags/example_branch_day_of_week_operator.py took 0.230 seconds
[2025-08-04T15:17:21.938+0000] {processor.py:161} INFO - Started process (PID=163) to work on /home/airflow/.local/lib/python3.12/site-packages/airflow/example_dags/example_branch_day_of_week_operator.py
[2025-08-04T15:17:21.939+0000] {processor.py:830} INFO - Processing file /home/airflow/.local/lib/python3.12/site-packages/airflow/example_dags/example_branch_day_of_week_operator.py for tasks to queue
[2025-08-04T15:17:21.941+0000] {logging_mixin.py:188} INFO - [2025-08-04T15:17:21.941+0000] {dagbag.py:545} INFO - Filling up the DagBag from /home/airflow/.local/lib/python3.12/site-packages/airflow/example_dags/example_branch_day_of_week_operator.py
[2025-08-04T15:17:21.951+0000] {processor.py:840} INFO - DAG(s) 'example_weekday_branch_operator' retrieved from /home/airflow/.local/lib/python3.12/site-packages/airflow/example_dags/example_branch_day_of_week_operator.py
[2025-08-04T15:17:21.969+0000] {logging_mixin.py:188} INFO - [2025-08-04T15:17:21.969+0000] {dag.py:3096} INFO - Sync 1 DAGs
[2025-08-04T15:17:21.980+0000] {logging_mixin.py:188} INFO - [2025-08-04T15:17:21.980+0000] {dag.py:3954} INFO - Setting next_dagrun for example_weekday_branch_operator to 2025-08-03 00:00:00+00:00, run_after=2025-08-04 00:00:00+00:00
[2025-08-04T15:17:21.991+0000] {processor.py:183} INFO - Processing /home/airflow/.local/lib/python3.12/site-packages/airflow/example_dags/example_branch_day_of_week_operator.py took 0.059 seconds
[2025-08-04T15:17:52.236+0000] {processor.py:161} INFO - Started process (PID=221) to work on /home/airflow/.local/lib/python3.12/site-packages/airflow/example_dags/example_branch_day_of_week_operator.py
[2025-08-04T15:17:52.237+0000] {processor.py:830} INFO - Processing file /home/airflow/.local/lib/python3.12/site-packages/airflow/example_dags/example_branch_day_of_week_operator.py for tasks to queue
[2025-08-04T15:17:52.238+0000] {logging_mixin.py:188} INFO - [2025-08-04T15:17:52.238+0000] {dagbag.py:545} INFO - Filling up the DagBag from /home/airflow/.local/lib/python3.12/site-packages/airflow/example_dags/example_branch_day_of_week_operator.py
[2025-08-04T15:17:52.242+0000] {processor.py:840} INFO - DAG(s) 'example_weekday_branch_operator' retrieved from /home/airflow/.local/lib/python3.12/site-packages/airflow/example_dags/example_branch_day_of_week_operator.py
[2025-08-04T15:17:52.258+0000] {logging_mixin.py:188} INFO - [2025-08-04T15:17:52.258+0000] {dag.py:3096} INFO - Sync 1 DAGs
[2025-08-04T15:17:52.273+0000] {logging_mixin.py:188} INFO - [2025-08-04T15:17:52.273+0000] {dag.py:3954} INFO - Setting next_dagrun for example_weekday_branch_operator to 2025-08-03 00:00:00+00:00, run_after=2025-08-04 00:00:00+00:00
[2025-08-04T15:17:52.287+0000] {processor.py:183} INFO - Processing /home/airflow/.local/lib/python3.12/site-packages/airflow/example_dags/example_branch_day_of_week_operator.py took 0.054 seconds
[2025-08-04T15:18:22.926+0000] {processor.py:161} INFO - Started process (PID=279) to work on /home/airflow/.local/lib/python3.12/site-packages/airflow/example_dags/example_branch_day_of_week_operator.py
[2025-08-04T15:18:22.927+0000] {processor.py:830} INFO - Processing file /home/airflow/.local/lib/python3.12/site-packages/airflow/example_dags/example_branch_day_of_week_operator.py for tasks to queue
[2025-08-04T15:18:22.931+0000] {logging_mixin.py:188} INFO - [2025-08-04T15:18:22.931+0000] {dagbag.py:545} INFO - Filling up the DagBag from /home/airflow/.local/lib/python3.12/site-packages/airflow/example_dags/example_branch_day_of_week_operator.py
[2025-08-04T15:18:22.941+0000] {processor.py:840} INFO - DAG(s) 'example_weekday_branch_operator' retrieved from /home/airflow/.local/lib/python3.12/site-packages/airflow/example_dags/example_branch_day_of_week_operator.py
[2025-08-04T15:18:22.962+0000] {logging_mixin.py:188} INFO - [2025-08-04T15:18:22.962+0000] {dag.py:3096} INFO - Sync 1 DAGs
[2025-08-04T15:18:22.983+0000] {logging_mixin.py:188} INFO - [2025-08-04T15:18:22.983+0000] {dag.py:3954} INFO - Setting next_dagrun for example_weekday_branch_operator to 2025-08-03 00:00:00+00:00, run_after=2025-08-04 00:00:00+00:00
[2025-08-04T15:18:22.997+0000] {processor.py:183} INFO - Processing /home/airflow/.local/lib/python3.12/site-packages/airflow/example_dags/example_branch_day_of_week_operator.py took 0.074 seconds
[2025-08-04T15:18:54.509+0000] {processor.py:161} INFO - Started process (PID=337) to work on /home/airflow/.local/lib/python3.12/site-packages/airflow/example_dags/example_branch_day_of_week_operator.py
[2025-08-04T15:18:54.512+0000] {processor.py:830} INFO - Processing file /home/airflow/.local/lib/python3.12/site-packages/airflow/example_dags/example_branch_day_of_week_operator.py for tasks to queue
[2025-08-04T15:18:54.518+0000] {logging_mixin.py:188} INFO - [2025-08-04T15:18:54.517+0000] {dagbag.py:545} INFO - Filling up the DagBag from /home/airflow/.local/lib/python3.12/site-packages/airflow/example_dags/example_branch_day_of_week_operator.py
[2025-08-04T15:18:54.533+0000] {processor.py:840} INFO - DAG(s) 'example_weekday_branch_operator' retrieved from /home/airflow/.local/lib/python3.12/site-packages/airflow/example_dags/example_branch_day_of_week_operator.py
[2025-08-04T15:18:54.592+0000] {logging_mixin.py:188} INFO - [2025-08-04T15:18:54.592+0000] {dag.py:3096} INFO - Sync 1 DAGs
[2025-08-04T15:18:54.642+0000] {logging_mixin.py:188} INFO - [2025-08-04T15:18:54.640+0000] {dag.py:3954} INFO - Setting next_dagrun for example_weekday_branch_operator to 2025-08-03 00:00:00+00:00, run_after=2025-08-04 00:00:00+00:00
[2025-08-04T15:18:54.729+0000] {processor.py:183} INFO - Processing /home/airflow/.local/lib/python3.12/site-packages/airflow/example_dags/example_branch_day_of_week_operator.py took 0.236 seconds
[2025-08-04T15:19:25.695+0000] {processor.py:161} INFO - Started process (PID=395) to work on /home/airflow/.local/lib/python3.12/site-packages/airflow/example_dags/example_branch_day_of_week_operator.py
[2025-08-04T15:19:25.696+0000] {processor.py:830} INFO - Processing file /home/airflow/.local/lib/python3.12/site-packages/airflow/example_dags/example_branch_day_of_week_operator.py for tasks to queue
[2025-08-04T15:19:25.698+0000] {logging_mixin.py:188} INFO - [2025-08-04T15:19:25.698+0000] {dagbag.py:545} INFO - Filling up the DagBag from /home/airflow/.local/lib/python3.12/site-packages/airflow/example_dags/example_branch_day_of_week_operator.py
[2025-08-04T15:19:25.706+0000] {processor.py:840} INFO - DAG(s) 'example_weekday_branch_operator' retrieved from /home/airflow/.local/lib/python3.12/site-packages/airflow/example_dags/example_branch_day_of_week_operator.py
[2025-08-04T15:19:25.732+0000] {logging_mixin.py:188} INFO - [2025-08-04T15:19:25.732+0000] {dag.py:3096} INFO - Sync 1 DAGs
[2025-08-04T15:19:25.804+0000] {logging_mixin.py:188} INFO - [2025-08-04T15:19:25.804+0000] {dag.py:3954} INFO - Setting next_dagrun for example_weekday_branch_operator to 2025-08-03 00:00:00+00:00, run_after=2025-08-04 00:00:00+00:00
[2025-08-04T15:19:25.847+0000] {processor.py:183} INFO - Processing /home/airflow/.local/lib/python3.12/site-packages/airflow/example_dags/example_branch_day_of_week_operator.py took 0.158 seconds
[2025-08-04T15:27:18.859+0000] {processor.py:161} INFO - Started process (PID=104) to work on /home/airflow/.local/lib/python3.12/site-packages/airflow/example_dags/example_branch_day_of_week_operator.py
[2025-08-04T15:27:18.862+0000] {processor.py:830} INFO - Processing file /home/airflow/.local/lib/python3.12/site-packages/airflow/example_dags/example_branch_day_of_week_operator.py for tasks to queue
[2025-08-04T15:27:18.868+0000] {logging_mixin.py:188} INFO - [2025-08-04T15:27:18.866+0000] {dagbag.py:545} INFO - Filling up the DagBag from /home/airflow/.local/lib/python3.12/site-packages/airflow/example_dags/example_branch_day_of_week_operator.py
[2025-08-04T15:27:18.885+0000] {processor.py:840} INFO - DAG(s) 'example_weekday_branch_operator' retrieved from /home/airflow/.local/lib/python3.12/site-packages/airflow/example_dags/example_branch_day_of_week_operator.py
[2025-08-04T15:27:18.929+0000] {logging_mixin.py:188} INFO - [2025-08-04T15:27:18.929+0000] {dag.py:3096} INFO - Sync 1 DAGs
[2025-08-04T15:27:18.967+0000] {logging_mixin.py:188} INFO - [2025-08-04T15:27:18.967+0000] {dag.py:3954} INFO - Setting next_dagrun for example_weekday_branch_operator to 2025-08-03 00:00:00+00:00, run_after=2025-08-04 00:00:00+00:00
[2025-08-04T15:27:19.007+0000] {processor.py:183} INFO - Processing /home/airflow/.local/lib/python3.12/site-packages/airflow/example_dags/example_branch_day_of_week_operator.py took 0.182 seconds
[2025-08-04T15:27:49.290+0000] {processor.py:161} INFO - Started process (PID=162) to work on /home/airflow/.local/lib/python3.12/site-packages/airflow/example_dags/example_branch_day_of_week_operator.py
[2025-08-04T15:27:49.290+0000] {processor.py:830} INFO - Processing file /home/airflow/.local/lib/python3.12/site-packages/airflow/example_dags/example_branch_day_of_week_operator.py for tasks to queue
[2025-08-04T15:27:49.294+0000] {logging_mixin.py:188} INFO - [2025-08-04T15:27:49.294+0000] {dagbag.py:545} INFO - Filling up the DagBag from /home/airflow/.local/lib/python3.12/site-packages/airflow/example_dags/example_branch_day_of_week_operator.py
[2025-08-04T15:27:49.297+0000] {processor.py:840} INFO - DAG(s) 'example_weekday_branch_operator' retrieved from /home/airflow/.local/lib/python3.12/site-packages/airflow/example_dags/example_branch_day_of_week_operator.py
[2025-08-04T15:27:49.306+0000] {logging_mixin.py:188} INFO - [2025-08-04T15:27:49.306+0000] {dag.py:3096} INFO - Sync 1 DAGs
[2025-08-04T15:27:49.315+0000] {logging_mixin.py:188} INFO - [2025-08-04T15:27:49.315+0000] {dag.py:3954} INFO - Setting next_dagrun for example_weekday_branch_operator to 2025-08-03 00:00:00+00:00, run_after=2025-08-04 00:00:00+00:00
[2025-08-04T15:27:49.323+0000] {processor.py:183} INFO - Processing /home/airflow/.local/lib/python3.12/site-packages/airflow/example_dags/example_branch_day_of_week_operator.py took 0.035 seconds
[2025-08-04T15:28:19.583+0000] {processor.py:161} INFO - Started process (PID=220) to work on /home/airflow/.local/lib/python3.12/site-packages/airflow/example_dags/example_branch_day_of_week_operator.py
[2025-08-04T15:28:19.584+0000] {processor.py:830} INFO - Processing file /home/airflow/.local/lib/python3.12/site-packages/airflow/example_dags/example_branch_day_of_week_operator.py for tasks to queue
[2025-08-04T15:28:19.586+0000] {logging_mixin.py:188} INFO - [2025-08-04T15:28:19.585+0000] {dagbag.py:545} INFO - Filling up the DagBag from /home/airflow/.local/lib/python3.12/site-packages/airflow/example_dags/example_branch_day_of_week_operator.py
[2025-08-04T15:28:19.591+0000] {processor.py:840} INFO - DAG(s) 'example_weekday_branch_operator' retrieved from /home/airflow/.local/lib/python3.12/site-packages/airflow/example_dags/example_branch_day_of_week_operator.py
[2025-08-04T15:28:19.606+0000] {logging_mixin.py:188} INFO - [2025-08-04T15:28:19.606+0000] {dag.py:3096} INFO - Sync 1 DAGs
[2025-08-04T15:28:19.617+0000] {logging_mixin.py:188} INFO - [2025-08-04T15:28:19.617+0000] {dag.py:3954} INFO - Setting next_dagrun for example_weekday_branch_operator to 2025-08-03 00:00:00+00:00, run_after=2025-08-04 00:00:00+00:00
[2025-08-04T15:28:19.626+0000] {processor.py:183} INFO - Processing /home/airflow/.local/lib/python3.12/site-packages/airflow/example_dags/example_branch_day_of_week_operator.py took 0.047 seconds
[2025-08-04T15:28:49.859+0000] {processor.py:161} INFO - Started process (PID=278) to work on /home/airflow/.local/lib/python3.12/site-packages/airflow/example_dags/example_branch_day_of_week_operator.py
[2025-08-04T15:28:49.861+0000] {processor.py:830} INFO - Processing file /home/airflow/.local/lib/python3.12/site-packages/airflow/example_dags/example_branch_day_of_week_operator.py for tasks to queue
[2025-08-04T15:28:49.864+0000] {logging_mixin.py:188} INFO - [2025-08-04T15:28:49.864+0000] {dagbag.py:545} INFO - Filling up the DagBag from /home/airflow/.local/lib/python3.12/site-packages/airflow/example_dags/example_branch_day_of_week_operator.py
[2025-08-04T15:28:49.868+0000] {processor.py:840} INFO - DAG(s) 'example_weekday_branch_operator' retrieved from /home/airflow/.local/lib/python3.12/site-packages/airflow/example_dags/example_branch_day_of_week_operator.py
[2025-08-04T15:28:49.881+0000] {logging_mixin.py:188} INFO - [2025-08-04T15:28:49.881+0000] {dag.py:3096} INFO - Sync 1 DAGs
[2025-08-04T15:28:49.892+0000] {logging_mixin.py:188} INFO - [2025-08-04T15:28:49.892+0000] {dag.py:3954} INFO - Setting next_dagrun for example_weekday_branch_operator to 2025-08-03 00:00:00+00:00, run_after=2025-08-04 00:00:00+00:00
[2025-08-04T15:28:49.901+0000] {processor.py:183} INFO - Processing /home/airflow/.local/lib/python3.12/site-packages/airflow/example_dags/example_branch_day_of_week_operator.py took 0.045 seconds
[2025-08-04T15:29:20.598+0000] {processor.py:161} INFO - Started process (PID=336) to work on /home/airflow/.local/lib/python3.12/site-packages/airflow/example_dags/example_branch_day_of_week_operator.py
[2025-08-04T15:29:20.601+0000] {processor.py:830} INFO - Processing file /home/airflow/.local/lib/python3.12/site-packages/airflow/example_dags/example_branch_day_of_week_operator.py for tasks to queue
[2025-08-04T15:29:20.604+0000] {logging_mixin.py:188} INFO - [2025-08-04T15:29:20.604+0000] {dagbag.py:545} INFO - Filling up the DagBag from /home/airflow/.local/lib/python3.12/site-packages/airflow/example_dags/example_branch_day_of_week_operator.py
[2025-08-04T15:29:20.612+0000] {processor.py:840} INFO - DAG(s) 'example_weekday_branch_operator' retrieved from /home/airflow/.local/lib/python3.12/site-packages/airflow/example_dags/example_branch_day_of_week_operator.py
[2025-08-04T15:29:20.633+0000] {logging_mixin.py:188} INFO - [2025-08-04T15:29:20.633+0000] {dag.py:3096} INFO - Sync 1 DAGs
[2025-08-04T15:29:20.647+0000] {logging_mixin.py:188} INFO - [2025-08-04T15:29:20.647+0000] {dag.py:3954} INFO - Setting next_dagrun for example_weekday_branch_operator to 2025-08-03 00:00:00+00:00, run_after=2025-08-04 00:00:00+00:00
[2025-08-04T15:29:20.660+0000] {processor.py:183} INFO - Processing /home/airflow/.local/lib/python3.12/site-packages/airflow/example_dags/example_branch_day_of_week_operator.py took 0.065 seconds
[2025-08-04T15:29:50.847+0000] {processor.py:161} INFO - Started process (PID=394) to work on /home/airflow/.local/lib/python3.12/site-packages/airflow/example_dags/example_branch_day_of_week_operator.py
[2025-08-04T15:29:50.850+0000] {processor.py:830} INFO - Processing file /home/airflow/.local/lib/python3.12/site-packages/airflow/example_dags/example_branch_day_of_week_operator.py for tasks to queue
[2025-08-04T15:29:50.851+0000] {logging_mixin.py:188} INFO - [2025-08-04T15:29:50.851+0000] {dagbag.py:545} INFO - Filling up the DagBag from /home/airflow/.local/lib/python3.12/site-packages/airflow/example_dags/example_branch_day_of_week_operator.py
[2025-08-04T15:29:50.855+0000] {processor.py:840} INFO - DAG(s) 'example_weekday_branch_operator' retrieved from /home/airflow/.local/lib/python3.12/site-packages/airflow/example_dags/example_branch_day_of_week_operator.py
[2025-08-04T15:29:50.863+0000] {logging_mixin.py:188} INFO - [2025-08-04T15:29:50.863+0000] {dag.py:3096} INFO - Sync 1 DAGs
[2025-08-04T15:29:50.874+0000] {logging_mixin.py:188} INFO - [2025-08-04T15:29:50.874+0000] {dag.py:3954} INFO - Setting next_dagrun for example_weekday_branch_operator to 2025-08-03 00:00:00+00:00, run_after=2025-08-04 00:00:00+00:00
[2025-08-04T15:29:50.886+0000] {processor.py:183} INFO - Processing /home/airflow/.local/lib/python3.12/site-packages/airflow/example_dags/example_branch_day_of_week_operator.py took 0.042 seconds
[2025-08-04T15:30:21.201+0000] {processor.py:161} INFO - Started process (PID=452) to work on /home/airflow/.local/lib/python3.12/site-packages/airflow/example_dags/example_branch_day_of_week_operator.py
[2025-08-04T15:30:21.201+0000] {processor.py:830} INFO - Processing file /home/airflow/.local/lib/python3.12/site-packages/airflow/example_dags/example_branch_day_of_week_operator.py for tasks to queue
[2025-08-04T15:30:21.202+0000] {logging_mixin.py:188} INFO - [2025-08-04T15:30:21.202+0000] {dagbag.py:545} INFO - Filling up the DagBag from /home/airflow/.local/lib/python3.12/site-packages/airflow/example_dags/example_branch_day_of_week_operator.py
[2025-08-04T15:30:21.205+0000] {processor.py:840} INFO - DAG(s) 'example_weekday_branch_operator' retrieved from /home/airflow/.local/lib/python3.12/site-packages/airflow/example_dags/example_branch_day_of_week_operator.py
[2025-08-04T15:30:21.214+0000] {logging_mixin.py:188} INFO - [2025-08-04T15:30:21.214+0000] {dag.py:3096} INFO - Sync 1 DAGs
[2025-08-04T15:30:21.223+0000] {logging_mixin.py:188} INFO - [2025-08-04T15:30:21.223+0000] {dag.py:3954} INFO - Setting next_dagrun for example_weekday_branch_operator to 2025-08-03 00:00:00+00:00, run_after=2025-08-04 00:00:00+00:00
[2025-08-04T15:30:21.230+0000] {processor.py:183} INFO - Processing /home/airflow/.local/lib/python3.12/site-packages/airflow/example_dags/example_branch_day_of_week_operator.py took 0.032 seconds
[2025-08-04T15:30:52.282+0000] {processor.py:161} INFO - Started process (PID=510) to work on /home/airflow/.local/lib/python3.12/site-packages/airflow/example_dags/example_branch_day_of_week_operator.py
[2025-08-04T15:30:52.283+0000] {processor.py:830} INFO - Processing file /home/airflow/.local/lib/python3.12/site-packages/airflow/example_dags/example_branch_day_of_week_operator.py for tasks to queue
[2025-08-04T15:30:52.284+0000] {logging_mixin.py:188} INFO - [2025-08-04T15:30:52.284+0000] {dagbag.py:545} INFO - Filling up the DagBag from /home/airflow/.local/lib/python3.12/site-packages/airflow/example_dags/example_branch_day_of_week_operator.py
[2025-08-04T15:30:52.291+0000] {processor.py:840} INFO - DAG(s) 'example_weekday_branch_operator' retrieved from /home/airflow/.local/lib/python3.12/site-packages/airflow/example_dags/example_branch_day_of_week_operator.py
[2025-08-04T15:30:52.318+0000] {logging_mixin.py:188} INFO - [2025-08-04T15:30:52.318+0000] {dag.py:3096} INFO - Sync 1 DAGs
[2025-08-04T15:30:52.330+0000] {logging_mixin.py:188} INFO - [2025-08-04T15:30:52.330+0000] {dag.py:3954} INFO - Setting next_dagrun for example_weekday_branch_operator to 2025-08-03 00:00:00+00:00, run_after=2025-08-04 00:00:00+00:00
[2025-08-04T15:30:52.354+0000] {processor.py:183} INFO - Processing /home/airflow/.local/lib/python3.12/site-packages/airflow/example_dags/example_branch_day_of_week_operator.py took 0.074 seconds
[2025-08-04T15:31:23.366+0000] {processor.py:161} INFO - Started process (PID=568) to work on /home/airflow/.local/lib/python3.12/site-packages/airflow/example_dags/example_branch_day_of_week_operator.py
[2025-08-04T15:31:23.367+0000] {processor.py:830} INFO - Processing file /home/airflow/.local/lib/python3.12/site-packages/airflow/example_dags/example_branch_day_of_week_operator.py for tasks to queue
[2025-08-04T15:31:23.368+0000] {logging_mixin.py:188} INFO - [2025-08-04T15:31:23.368+0000] {dagbag.py:545} INFO - Filling up the DagBag from /home/airflow/.local/lib/python3.12/site-packages/airflow/example_dags/example_branch_day_of_week_operator.py
[2025-08-04T15:31:23.373+0000] {processor.py:840} INFO - DAG(s) 'example_weekday_branch_operator' retrieved from /home/airflow/.local/lib/python3.12/site-packages/airflow/example_dags/example_branch_day_of_week_operator.py
[2025-08-04T15:31:23.383+0000] {logging_mixin.py:188} INFO - [2025-08-04T15:31:23.383+0000] {dag.py:3096} INFO - Sync 1 DAGs
[2025-08-04T15:31:23.398+0000] {logging_mixin.py:188} INFO - [2025-08-04T15:31:23.398+0000] {dag.py:3954} INFO - Setting next_dagrun for example_weekday_branch_operator to 2025-08-03 00:00:00+00:00, run_after=2025-08-04 00:00:00+00:00
[2025-08-04T15:31:23.411+0000] {processor.py:183} INFO - Processing /home/airflow/.local/lib/python3.12/site-packages/airflow/example_dags/example_branch_day_of_week_operator.py took 0.049 seconds
[2025-08-04T15:31:54.058+0000] {processor.py:161} INFO - Started process (PID=626) to work on /home/airflow/.local/lib/python3.12/site-packages/airflow/example_dags/example_branch_day_of_week_operator.py
[2025-08-04T15:31:54.061+0000] {processor.py:830} INFO - Processing file /home/airflow/.local/lib/python3.12/site-packages/airflow/example_dags/example_branch_day_of_week_operator.py for tasks to queue
[2025-08-04T15:31:54.066+0000] {logging_mixin.py:188} INFO - [2025-08-04T15:31:54.065+0000] {dagbag.py:545} INFO - Filling up the DagBag from /home/airflow/.local/lib/python3.12/site-packages/airflow/example_dags/example_branch_day_of_week_operator.py
[2025-08-04T15:31:54.084+0000] {processor.py:840} INFO - DAG(s) 'example_weekday_branch_operator' retrieved from /home/airflow/.local/lib/python3.12/site-packages/airflow/example_dags/example_branch_day_of_week_operator.py
[2025-08-04T15:31:54.146+0000] {logging_mixin.py:188} INFO - [2025-08-04T15:31:54.145+0000] {dag.py:3096} INFO - Sync 1 DAGs
[2025-08-04T15:31:54.197+0000] {logging_mixin.py:188} INFO - [2025-08-04T15:31:54.197+0000] {dag.py:3954} INFO - Setting next_dagrun for example_weekday_branch_operator to 2025-08-03 00:00:00+00:00, run_after=2025-08-04 00:00:00+00:00
[2025-08-04T15:31:54.237+0000] {processor.py:183} INFO - Processing /home/airflow/.local/lib/python3.12/site-packages/airflow/example_dags/example_branch_day_of_week_operator.py took 0.190 seconds
[2025-08-04T15:53:12.182+0000] {processor.py:161} INFO - Started process (PID=106) to work on /home/airflow/.local/lib/python3.12/site-packages/airflow/example_dags/example_branch_day_of_week_operator.py
[2025-08-04T15:53:12.185+0000] {processor.py:830} INFO - Processing file /home/airflow/.local/lib/python3.12/site-packages/airflow/example_dags/example_branch_day_of_week_operator.py for tasks to queue
[2025-08-04T15:53:12.199+0000] {logging_mixin.py:188} INFO - [2025-08-04T15:53:12.191+0000] {dagbag.py:545} INFO - Filling up the DagBag from /home/airflow/.local/lib/python3.12/site-packages/airflow/example_dags/example_branch_day_of_week_operator.py
[2025-08-04T15:53:12.227+0000] {processor.py:840} INFO - DAG(s) 'example_weekday_branch_operator' retrieved from /home/airflow/.local/lib/python3.12/site-packages/airflow/example_dags/example_branch_day_of_week_operator.py
[2025-08-04T15:53:12.314+0000] {logging_mixin.py:188} INFO - [2025-08-04T15:53:12.313+0000] {dag.py:3096} INFO - Sync 1 DAGs
[2025-08-04T15:53:12.616+0000] {logging_mixin.py:188} INFO - [2025-08-04T15:53:12.612+0000] {dag.py:3954} INFO - Setting next_dagrun for example_weekday_branch_operator to 2025-08-03 00:00:00+00:00, run_after=2025-08-04 00:00:00+00:00
[2025-08-04T15:53:12.877+0000] {processor.py:183} INFO - Processing /home/airflow/.local/lib/python3.12/site-packages/airflow/example_dags/example_branch_day_of_week_operator.py took 0.716 seconds
[2025-08-04T15:53:43.312+0000] {processor.py:161} INFO - Started process (PID=164) to work on /home/airflow/.local/lib/python3.12/site-packages/airflow/example_dags/example_branch_day_of_week_operator.py
[2025-08-04T15:53:43.313+0000] {processor.py:830} INFO - Processing file /home/airflow/.local/lib/python3.12/site-packages/airflow/example_dags/example_branch_day_of_week_operator.py for tasks to queue
[2025-08-04T15:53:43.314+0000] {logging_mixin.py:188} INFO - [2025-08-04T15:53:43.314+0000] {dagbag.py:545} INFO - Filling up the DagBag from /home/airflow/.local/lib/python3.12/site-packages/airflow/example_dags/example_branch_day_of_week_operator.py
[2025-08-04T15:53:43.318+0000] {processor.py:840} INFO - DAG(s) 'example_weekday_branch_operator' retrieved from /home/airflow/.local/lib/python3.12/site-packages/airflow/example_dags/example_branch_day_of_week_operator.py
[2025-08-04T15:53:43.329+0000] {logging_mixin.py:188} INFO - [2025-08-04T15:53:43.328+0000] {dag.py:3096} INFO - Sync 1 DAGs
[2025-08-04T15:53:43.337+0000] {logging_mixin.py:188} INFO - [2025-08-04T15:53:43.337+0000] {dag.py:3954} INFO - Setting next_dagrun for example_weekday_branch_operator to 2025-08-03 00:00:00+00:00, run_after=2025-08-04 00:00:00+00:00
[2025-08-04T15:53:43.346+0000] {processor.py:183} INFO - Processing /home/airflow/.local/lib/python3.12/site-packages/airflow/example_dags/example_branch_day_of_week_operator.py took 0.037 seconds
[2025-08-04T15:54:13.865+0000] {processor.py:161} INFO - Started process (PID=222) to work on /home/airflow/.local/lib/python3.12/site-packages/airflow/example_dags/example_branch_day_of_week_operator.py
[2025-08-04T15:54:13.868+0000] {processor.py:830} INFO - Processing file /home/airflow/.local/lib/python3.12/site-packages/airflow/example_dags/example_branch_day_of_week_operator.py for tasks to queue
[2025-08-04T15:54:13.871+0000] {logging_mixin.py:188} INFO - [2025-08-04T15:54:13.871+0000] {dagbag.py:545} INFO - Filling up the DagBag from /home/airflow/.local/lib/python3.12/site-packages/airflow/example_dags/example_branch_day_of_week_operator.py
[2025-08-04T15:54:13.879+0000] {processor.py:840} INFO - DAG(s) 'example_weekday_branch_operator' retrieved from /home/airflow/.local/lib/python3.12/site-packages/airflow/example_dags/example_branch_day_of_week_operator.py
[2025-08-04T15:54:13.908+0000] {logging_mixin.py:188} INFO - [2025-08-04T15:54:13.908+0000] {dag.py:3096} INFO - Sync 1 DAGs
[2025-08-04T15:54:13.962+0000] {logging_mixin.py:188} INFO - [2025-08-04T15:54:13.961+0000] {dag.py:3954} INFO - Setting next_dagrun for example_weekday_branch_operator to 2025-08-03 00:00:00+00:00, run_after=2025-08-04 00:00:00+00:00
[2025-08-04T15:54:13.990+0000] {processor.py:183} INFO - Processing /home/airflow/.local/lib/python3.12/site-packages/airflow/example_dags/example_branch_day_of_week_operator.py took 0.134 seconds
[2025-08-04T15:54:44.342+0000] {processor.py:161} INFO - Started process (PID=280) to work on /home/airflow/.local/lib/python3.12/site-packages/airflow/example_dags/example_branch_day_of_week_operator.py
[2025-08-04T15:54:44.343+0000] {processor.py:830} INFO - Processing file /home/airflow/.local/lib/python3.12/site-packages/airflow/example_dags/example_branch_day_of_week_operator.py for tasks to queue
[2025-08-04T15:54:44.344+0000] {logging_mixin.py:188} INFO - [2025-08-04T15:54:44.344+0000] {dagbag.py:545} INFO - Filling up the DagBag from /home/airflow/.local/lib/python3.12/site-packages/airflow/example_dags/example_branch_day_of_week_operator.py
[2025-08-04T15:54:44.362+0000] {processor.py:840} INFO - DAG(s) 'example_weekday_branch_operator' retrieved from /home/airflow/.local/lib/python3.12/site-packages/airflow/example_dags/example_branch_day_of_week_operator.py
[2025-08-04T15:54:44.388+0000] {logging_mixin.py:188} INFO - [2025-08-04T15:54:44.388+0000] {dag.py:3096} INFO - Sync 1 DAGs
[2025-08-04T15:54:44.414+0000] {logging_mixin.py:188} INFO - [2025-08-04T15:54:44.414+0000] {dag.py:3954} INFO - Setting next_dagrun for example_weekday_branch_operator to 2025-08-03 00:00:00+00:00, run_after=2025-08-04 00:00:00+00:00
[2025-08-04T15:54:44.429+0000] {processor.py:183} INFO - Processing /home/airflow/.local/lib/python3.12/site-packages/airflow/example_dags/example_branch_day_of_week_operator.py took 0.091 seconds
[2025-08-04T15:55:22.852+0000] {processor.py:161} INFO - Started process (PID=344) to work on /home/airflow/.local/lib/python3.12/site-packages/airflow/example_dags/example_branch_day_of_week_operator.py
[2025-08-04T15:55:22.854+0000] {processor.py:830} INFO - Processing file /home/airflow/.local/lib/python3.12/site-packages/airflow/example_dags/example_branch_day_of_week_operator.py for tasks to queue
[2025-08-04T15:55:22.855+0000] {logging_mixin.py:188} INFO - [2025-08-04T15:55:22.855+0000] {dagbag.py:545} INFO - Filling up the DagBag from /home/airflow/.local/lib/python3.12/site-packages/airflow/example_dags/example_branch_day_of_week_operator.py
[2025-08-04T15:55:22.880+0000] {processor.py:840} INFO - DAG(s) 'example_weekday_branch_operator' retrieved from /home/airflow/.local/lib/python3.12/site-packages/airflow/example_dags/example_branch_day_of_week_operator.py
[2025-08-04T15:55:22.983+0000] {logging_mixin.py:188} INFO - [2025-08-04T15:55:22.983+0000] {dag.py:3096} INFO - Sync 1 DAGs
[2025-08-04T15:55:23.043+0000] {logging_mixin.py:188} INFO - [2025-08-04T15:55:23.042+0000] {dag.py:3954} INFO - Setting next_dagrun for example_weekday_branch_operator to 2025-08-03 00:00:00+00:00, run_after=2025-08-04 00:00:00+00:00
[2025-08-04T15:55:23.120+0000] {processor.py:183} INFO - Processing /home/airflow/.local/lib/python3.12/site-packages/airflow/example_dags/example_branch_day_of_week_operator.py took 0.272 seconds
[2025-08-04T15:55:53.342+0000] {processor.py:161} INFO - Started process (PID=402) to work on /home/airflow/.local/lib/python3.12/site-packages/airflow/example_dags/example_branch_day_of_week_operator.py
[2025-08-04T15:55:53.343+0000] {processor.py:830} INFO - Processing file /home/airflow/.local/lib/python3.12/site-packages/airflow/example_dags/example_branch_day_of_week_operator.py for tasks to queue
[2025-08-04T15:55:53.345+0000] {logging_mixin.py:188} INFO - [2025-08-04T15:55:53.344+0000] {dagbag.py:545} INFO - Filling up the DagBag from /home/airflow/.local/lib/python3.12/site-packages/airflow/example_dags/example_branch_day_of_week_operator.py
[2025-08-04T15:55:53.349+0000] {processor.py:840} INFO - DAG(s) 'example_weekday_branch_operator' retrieved from /home/airflow/.local/lib/python3.12/site-packages/airflow/example_dags/example_branch_day_of_week_operator.py
[2025-08-04T15:55:53.369+0000] {logging_mixin.py:188} INFO - [2025-08-04T15:55:53.369+0000] {dag.py:3096} INFO - Sync 1 DAGs
[2025-08-04T15:55:53.384+0000] {logging_mixin.py:188} INFO - [2025-08-04T15:55:53.384+0000] {dag.py:3954} INFO - Setting next_dagrun for example_weekday_branch_operator to 2025-08-03 00:00:00+00:00, run_after=2025-08-04 00:00:00+00:00
[2025-08-04T15:55:53.393+0000] {processor.py:183} INFO - Processing /home/airflow/.local/lib/python3.12/site-packages/airflow/example_dags/example_branch_day_of_week_operator.py took 0.057 seconds
[2025-08-04T15:59:11.417+0000] {processor.py:161} INFO - Started process (PID=112) to work on /home/airflow/.local/lib/python3.12/site-packages/airflow/example_dags/example_branch_day_of_week_operator.py
[2025-08-04T15:59:11.418+0000] {processor.py:830} INFO - Processing file /home/airflow/.local/lib/python3.12/site-packages/airflow/example_dags/example_branch_day_of_week_operator.py for tasks to queue
[2025-08-04T15:59:11.421+0000] {logging_mixin.py:188} INFO - [2025-08-04T15:59:11.420+0000] {dagbag.py:545} INFO - Filling up the DagBag from /home/airflow/.local/lib/python3.12/site-packages/airflow/example_dags/example_branch_day_of_week_operator.py
[2025-08-04T15:59:11.493+0000] {processor.py:840} INFO - DAG(s) 'example_weekday_branch_operator' retrieved from /home/airflow/.local/lib/python3.12/site-packages/airflow/example_dags/example_branch_day_of_week_operator.py
[2025-08-04T15:59:11.603+0000] {logging_mixin.py:188} INFO - [2025-08-04T15:59:11.602+0000] {dag.py:3096} INFO - Sync 1 DAGs
[2025-08-04T15:59:11.772+0000] {logging_mixin.py:188} INFO - [2025-08-04T15:59:11.772+0000] {dag.py:3954} INFO - Setting next_dagrun for example_weekday_branch_operator to 2025-08-03 00:00:00+00:00, run_after=2025-08-04 00:00:00+00:00
[2025-08-04T15:59:11.880+0000] {processor.py:183} INFO - Processing /home/airflow/.local/lib/python3.12/site-packages/airflow/example_dags/example_branch_day_of_week_operator.py took 0.485 seconds
[2025-08-04T15:59:42.653+0000] {processor.py:161} INFO - Started process (PID=164) to work on /home/airflow/.local/lib/python3.12/site-packages/airflow/example_dags/example_branch_day_of_week_operator.py
[2025-08-04T15:59:42.654+0000] {processor.py:830} INFO - Processing file /home/airflow/.local/lib/python3.12/site-packages/airflow/example_dags/example_branch_day_of_week_operator.py for tasks to queue
[2025-08-04T15:59:42.656+0000] {logging_mixin.py:188} INFO - [2025-08-04T15:59:42.656+0000] {dagbag.py:545} INFO - Filling up the DagBag from /home/airflow/.local/lib/python3.12/site-packages/airflow/example_dags/example_branch_day_of_week_operator.py
[2025-08-04T15:59:42.666+0000] {processor.py:840} INFO - DAG(s) 'example_weekday_branch_operator' retrieved from /home/airflow/.local/lib/python3.12/site-packages/airflow/example_dags/example_branch_day_of_week_operator.py
[2025-08-04T15:59:42.684+0000] {logging_mixin.py:188} INFO - [2025-08-04T15:59:42.684+0000] {dag.py:3096} INFO - Sync 1 DAGs
[2025-08-04T15:59:42.699+0000] {logging_mixin.py:188} INFO - [2025-08-04T15:59:42.699+0000] {dag.py:3954} INFO - Setting next_dagrun for example_weekday_branch_operator to 2025-08-03 00:00:00+00:00, run_after=2025-08-04 00:00:00+00:00
[2025-08-04T15:59:42.712+0000] {processor.py:183} INFO - Processing /home/airflow/.local/lib/python3.12/site-packages/airflow/example_dags/example_branch_day_of_week_operator.py took 0.063 seconds
[2025-08-04T16:00:12.878+0000] {processor.py:161} INFO - Started process (PID=222) to work on /home/airflow/.local/lib/python3.12/site-packages/airflow/example_dags/example_branch_day_of_week_operator.py
[2025-08-04T16:00:12.879+0000] {processor.py:830} INFO - Processing file /home/airflow/.local/lib/python3.12/site-packages/airflow/example_dags/example_branch_day_of_week_operator.py for tasks to queue
[2025-08-04T16:00:12.880+0000] {logging_mixin.py:188} INFO - [2025-08-04T16:00:12.880+0000] {dagbag.py:545} INFO - Filling up the DagBag from /home/airflow/.local/lib/python3.12/site-packages/airflow/example_dags/example_branch_day_of_week_operator.py
[2025-08-04T16:00:12.887+0000] {processor.py:840} INFO - DAG(s) 'example_weekday_branch_operator' retrieved from /home/airflow/.local/lib/python3.12/site-packages/airflow/example_dags/example_branch_day_of_week_operator.py
[2025-08-04T16:00:12.904+0000] {logging_mixin.py:188} INFO - [2025-08-04T16:00:12.904+0000] {dag.py:3096} INFO - Sync 1 DAGs
[2025-08-04T16:00:12.915+0000] {logging_mixin.py:188} INFO - [2025-08-04T16:00:12.915+0000] {dag.py:3954} INFO - Setting next_dagrun for example_weekday_branch_operator to 2025-08-03 00:00:00+00:00, run_after=2025-08-04 00:00:00+00:00
[2025-08-04T16:00:12.922+0000] {processor.py:183} INFO - Processing /home/airflow/.local/lib/python3.12/site-packages/airflow/example_dags/example_branch_day_of_week_operator.py took 0.049 seconds
[2025-08-04T16:00:43.492+0000] {processor.py:161} INFO - Started process (PID=280) to work on /home/airflow/.local/lib/python3.12/site-packages/airflow/example_dags/example_branch_day_of_week_operator.py
[2025-08-04T16:00:43.514+0000] {processor.py:830} INFO - Processing file /home/airflow/.local/lib/python3.12/site-packages/airflow/example_dags/example_branch_day_of_week_operator.py for tasks to queue
[2025-08-04T16:00:43.536+0000] {logging_mixin.py:188} INFO - [2025-08-04T16:00:43.535+0000] {dagbag.py:545} INFO - Filling up the DagBag from /home/airflow/.local/lib/python3.12/site-packages/airflow/example_dags/example_branch_day_of_week_operator.py
[2025-08-04T16:00:43.564+0000] {processor.py:840} INFO - DAG(s) 'example_weekday_branch_operator' retrieved from /home/airflow/.local/lib/python3.12/site-packages/airflow/example_dags/example_branch_day_of_week_operator.py
[2025-08-04T16:00:43.780+0000] {logging_mixin.py:188} INFO - [2025-08-04T16:00:43.780+0000] {dag.py:3096} INFO - Sync 1 DAGs
[2025-08-04T16:00:43.834+0000] {logging_mixin.py:188} INFO - [2025-08-04T16:00:43.834+0000] {dag.py:3954} INFO - Setting next_dagrun for example_weekday_branch_operator to 2025-08-03 00:00:00+00:00, run_after=2025-08-04 00:00:00+00:00
[2025-08-04T16:00:43.907+0000] {processor.py:183} INFO - Processing /home/airflow/.local/lib/python3.12/site-packages/airflow/example_dags/example_branch_day_of_week_operator.py took 0.434 seconds
[2025-08-04T16:01:14.290+0000] {processor.py:161} INFO - Started process (PID=338) to work on /home/airflow/.local/lib/python3.12/site-packages/airflow/example_dags/example_branch_day_of_week_operator.py
[2025-08-04T16:01:14.295+0000] {processor.py:830} INFO - Processing file /home/airflow/.local/lib/python3.12/site-packages/airflow/example_dags/example_branch_day_of_week_operator.py for tasks to queue
[2025-08-04T16:01:14.298+0000] {logging_mixin.py:188} INFO - [2025-08-04T16:01:14.298+0000] {dagbag.py:545} INFO - Filling up the DagBag from /home/airflow/.local/lib/python3.12/site-packages/airflow/example_dags/example_branch_day_of_week_operator.py
[2025-08-04T16:01:14.307+0000] {processor.py:840} INFO - DAG(s) 'example_weekday_branch_operator' retrieved from /home/airflow/.local/lib/python3.12/site-packages/airflow/example_dags/example_branch_day_of_week_operator.py
[2025-08-04T16:01:14.333+0000] {logging_mixin.py:188} INFO - [2025-08-04T16:01:14.333+0000] {dag.py:3096} INFO - Sync 1 DAGs
[2025-08-04T16:01:14.348+0000] {logging_mixin.py:188} INFO - [2025-08-04T16:01:14.348+0000] {dag.py:3954} INFO - Setting next_dagrun for example_weekday_branch_operator to 2025-08-03 00:00:00+00:00, run_after=2025-08-04 00:00:00+00:00
[2025-08-04T16:01:14.364+0000] {processor.py:183} INFO - Processing /home/airflow/.local/lib/python3.12/site-packages/airflow/example_dags/example_branch_day_of_week_operator.py took 0.086 seconds
