[2025-08-04T03:46:06.668+0000] {processor.py:161} INFO - Started process (PID=105) to work on /home/airflow/.local/lib/python3.12/site-packages/airflow/example_dags/example_latest_only_with_trigger.py
[2025-08-04T03:46:06.672+0000] {processor.py:830} INFO - Processing file /home/airflow/.local/lib/python3.12/site-packages/airflow/example_dags/example_latest_only_with_trigger.py for tasks to queue
[2025-08-04T03:46:06.679+0000] {logging_mixin.py:188} INFO - [2025-08-04T03:46:06.679+0000] {dagbag.py:545} INFO - Filling up the DagBag from /home/airflow/.local/lib/python3.12/site-packages/airflow/example_dags/example_latest_only_with_trigger.py
[2025-08-04T03:46:06.695+0000] {processor.py:840} INFO - DAG(s) 'latest_only_with_trigger' retrieved from /home/airflow/.local/lib/python3.12/site-packages/airflow/example_dags/example_latest_only_with_trigger.py
[2025-08-04T03:46:06.756+0000] {logging_mixin.py:188} INFO - [2025-08-04T03:46:06.755+0000] {dag.py:3096} INFO - Sync 1 DAGs
[2025-08-04T03:46:06.918+0000] {logging_mixin.py:188} INFO - [2025-08-04T03:46:06.918+0000] {dag.py:3954} INFO - Setting next_dagrun for latest_only_with_trigger to 2025-08-03 20:00:00+00:00, run_after=2025-08-04 00:00:00+00:00
[2025-08-04T03:46:07.030+0000] {processor.py:183} INFO - Processing /home/airflow/.local/lib/python3.12/site-packages/airflow/example_dags/example_latest_only_with_trigger.py took 0.411 seconds
[2025-08-04T03:47:30.406+0000] {processor.py:161} INFO - Started process (PID=180) to work on /home/airflow/.local/lib/python3.12/site-packages/airflow/example_dags/example_latest_only_with_trigger.py
[2025-08-04T03:47:30.420+0000] {processor.py:830} INFO - Processing file /home/airflow/.local/lib/python3.12/site-packages/airflow/example_dags/example_latest_only_with_trigger.py for tasks to queue
[2025-08-04T03:47:30.429+0000] {logging_mixin.py:188} INFO - [2025-08-04T03:47:30.429+0000] {dagbag.py:545} INFO - Filling up the DagBag from /home/airflow/.local/lib/python3.12/site-packages/airflow/example_dags/example_latest_only_with_trigger.py
[2025-08-04T03:47:30.453+0000] {processor.py:840} INFO - DAG(s) 'latest_only_with_trigger' retrieved from /home/airflow/.local/lib/python3.12/site-packages/airflow/example_dags/example_latest_only_with_trigger.py
[2025-08-04T03:47:30.637+0000] {logging_mixin.py:188} INFO - [2025-08-04T03:47:30.637+0000] {dag.py:3096} INFO - Sync 1 DAGs
[2025-08-04T03:47:30.945+0000] {logging_mixin.py:188} INFO - [2025-08-04T03:47:30.942+0000] {dag.py:3954} INFO - Setting next_dagrun for latest_only_with_trigger to 2025-08-03 20:00:00+00:00, run_after=2025-08-04 00:00:00+00:00
[2025-08-04T03:47:31.389+0000] {processor.py:183} INFO - Processing /home/airflow/.local/lib/python3.12/site-packages/airflow/example_dags/example_latest_only_with_trigger.py took 0.993 seconds
[2025-08-04T03:48:02.571+0000] {processor.py:161} INFO - Started process (PID=237) to work on /home/airflow/.local/lib/python3.12/site-packages/airflow/example_dags/example_latest_only_with_trigger.py
[2025-08-04T03:48:02.590+0000] {processor.py:830} INFO - Processing file /home/airflow/.local/lib/python3.12/site-packages/airflow/example_dags/example_latest_only_with_trigger.py for tasks to queue
[2025-08-04T03:48:02.629+0000] {logging_mixin.py:188} INFO - [2025-08-04T03:48:02.628+0000] {dagbag.py:545} INFO - Filling up the DagBag from /home/airflow/.local/lib/python3.12/site-packages/airflow/example_dags/example_latest_only_with_trigger.py
[2025-08-04T03:48:02.737+0000] {processor.py:840} INFO - DAG(s) 'latest_only_with_trigger' retrieved from /home/airflow/.local/lib/python3.12/site-packages/airflow/example_dags/example_latest_only_with_trigger.py
[2025-08-04T03:48:02.974+0000] {logging_mixin.py:188} INFO - [2025-08-04T03:48:02.964+0000] {dag.py:3096} INFO - Sync 1 DAGs
[2025-08-04T03:48:03.405+0000] {logging_mixin.py:188} INFO - [2025-08-04T03:48:03.398+0000] {dag.py:3954} INFO - Setting next_dagrun for latest_only_with_trigger to 2025-08-03 20:00:00+00:00, run_after=2025-08-04 00:00:00+00:00
[2025-08-04T03:48:03.633+0000] {processor.py:183} INFO - Processing /home/airflow/.local/lib/python3.12/site-packages/airflow/example_dags/example_latest_only_with_trigger.py took 1.129 seconds
[2025-08-04T03:48:33.859+0000] {processor.py:161} INFO - Started process (PID=295) to work on /home/airflow/.local/lib/python3.12/site-packages/airflow/example_dags/example_latest_only_with_trigger.py
[2025-08-04T03:48:33.860+0000] {processor.py:830} INFO - Processing file /home/airflow/.local/lib/python3.12/site-packages/airflow/example_dags/example_latest_only_with_trigger.py for tasks to queue
[2025-08-04T03:48:33.862+0000] {logging_mixin.py:188} INFO - [2025-08-04T03:48:33.862+0000] {dagbag.py:545} INFO - Filling up the DagBag from /home/airflow/.local/lib/python3.12/site-packages/airflow/example_dags/example_latest_only_with_trigger.py
[2025-08-04T03:48:33.870+0000] {processor.py:840} INFO - DAG(s) 'latest_only_with_trigger' retrieved from /home/airflow/.local/lib/python3.12/site-packages/airflow/example_dags/example_latest_only_with_trigger.py
[2025-08-04T03:48:33.885+0000] {logging_mixin.py:188} INFO - [2025-08-04T03:48:33.885+0000] {dag.py:3096} INFO - Sync 1 DAGs
[2025-08-04T03:48:33.903+0000] {logging_mixin.py:188} INFO - [2025-08-04T03:48:33.903+0000] {dag.py:3954} INFO - Setting next_dagrun for latest_only_with_trigger to 2025-08-03 20:00:00+00:00, run_after=2025-08-04 00:00:00+00:00
[2025-08-04T03:48:33.920+0000] {processor.py:183} INFO - Processing /home/airflow/.local/lib/python3.12/site-packages/airflow/example_dags/example_latest_only_with_trigger.py took 0.063 seconds
[2025-08-04T03:49:34.343+0000] {processor.py:161} INFO - Started process (PID=353) to work on /home/airflow/.local/lib/python3.12/site-packages/airflow/example_dags/example_latest_only_with_trigger.py
[2025-08-04T03:49:34.345+0000] {processor.py:830} INFO - Processing file /home/airflow/.local/lib/python3.12/site-packages/airflow/example_dags/example_latest_only_with_trigger.py for tasks to queue
[2025-08-04T03:49:34.364+0000] {logging_mixin.py:188} INFO - [2025-08-04T03:49:34.363+0000] {dagbag.py:545} INFO - Filling up the DagBag from /home/airflow/.local/lib/python3.12/site-packages/airflow/example_dags/example_latest_only_with_trigger.py
[2025-08-04T03:49:34.390+0000] {processor.py:840} INFO - DAG(s) 'latest_only_with_trigger' retrieved from /home/airflow/.local/lib/python3.12/site-packages/airflow/example_dags/example_latest_only_with_trigger.py
[2025-08-04T03:49:34.494+0000] {logging_mixin.py:188} INFO - [2025-08-04T03:49:34.491+0000] {dag.py:3096} INFO - Sync 1 DAGs
[2025-08-04T03:49:34.573+0000] {logging_mixin.py:188} INFO - [2025-08-04T03:49:34.572+0000] {dag.py:3954} INFO - Setting next_dagrun for latest_only_with_trigger to 2025-08-03 20:00:00+00:00, run_after=2025-08-04 00:00:00+00:00
[2025-08-04T03:49:34.689+0000] {processor.py:183} INFO - Processing /home/airflow/.local/lib/python3.12/site-packages/airflow/example_dags/example_latest_only_with_trigger.py took 0.352 seconds
[2025-08-04T15:16:49.250+0000] {processor.py:161} INFO - Started process (PID=100) to work on /home/airflow/.local/lib/python3.12/site-packages/airflow/example_dags/example_latest_only_with_trigger.py
[2025-08-04T15:16:49.265+0000] {processor.py:830} INFO - Processing file /home/airflow/.local/lib/python3.12/site-packages/airflow/example_dags/example_latest_only_with_trigger.py for tasks to queue
[2025-08-04T15:16:49.270+0000] {logging_mixin.py:188} INFO - [2025-08-04T15:16:49.270+0000] {dagbag.py:545} INFO - Filling up the DagBag from /home/airflow/.local/lib/python3.12/site-packages/airflow/example_dags/example_latest_only_with_trigger.py
[2025-08-04T15:16:49.289+0000] {processor.py:840} INFO - DAG(s) 'latest_only_with_trigger' retrieved from /home/airflow/.local/lib/python3.12/site-packages/airflow/example_dags/example_latest_only_with_trigger.py
[2025-08-04T15:16:49.330+0000] {logging_mixin.py:188} INFO - [2025-08-04T15:16:49.330+0000] {dag.py:3096} INFO - Sync 1 DAGs
[2025-08-04T15:16:49.390+0000] {logging_mixin.py:188} INFO - [2025-08-04T15:16:49.390+0000] {dag.py:3954} INFO - Setting next_dagrun for latest_only_with_trigger to 2025-08-04 08:00:00+00:00, run_after=2025-08-04 12:00:00+00:00
[2025-08-04T15:16:49.464+0000] {processor.py:183} INFO - Processing /home/airflow/.local/lib/python3.12/site-packages/airflow/example_dags/example_latest_only_with_trigger.py took 0.248 seconds
[2025-08-04T15:17:19.594+0000] {processor.py:161} INFO - Started process (PID=157) to work on /home/airflow/.local/lib/python3.12/site-packages/airflow/example_dags/example_latest_only_with_trigger.py
[2025-08-04T15:17:19.594+0000] {processor.py:830} INFO - Processing file /home/airflow/.local/lib/python3.12/site-packages/airflow/example_dags/example_latest_only_with_trigger.py for tasks to queue
[2025-08-04T15:17:19.595+0000] {logging_mixin.py:188} INFO - [2025-08-04T15:17:19.595+0000] {dagbag.py:545} INFO - Filling up the DagBag from /home/airflow/.local/lib/python3.12/site-packages/airflow/example_dags/example_latest_only_with_trigger.py
[2025-08-04T15:17:19.599+0000] {processor.py:840} INFO - DAG(s) 'latest_only_with_trigger' retrieved from /home/airflow/.local/lib/python3.12/site-packages/airflow/example_dags/example_latest_only_with_trigger.py
[2025-08-04T15:17:19.610+0000] {logging_mixin.py:188} INFO - [2025-08-04T15:17:19.610+0000] {dag.py:3096} INFO - Sync 1 DAGs
[2025-08-04T15:17:19.621+0000] {logging_mixin.py:188} INFO - [2025-08-04T15:17:19.621+0000] {dag.py:3954} INFO - Setting next_dagrun for latest_only_with_trigger to 2025-08-04 08:00:00+00:00, run_after=2025-08-04 12:00:00+00:00
[2025-08-04T15:17:19.629+0000] {processor.py:183} INFO - Processing /home/airflow/.local/lib/python3.12/site-packages/airflow/example_dags/example_latest_only_with_trigger.py took 0.039 seconds
[2025-08-04T15:17:50.020+0000] {processor.py:161} INFO - Started process (PID=216) to work on /home/airflow/.local/lib/python3.12/site-packages/airflow/example_dags/example_latest_only_with_trigger.py
[2025-08-04T15:17:50.021+0000] {processor.py:830} INFO - Processing file /home/airflow/.local/lib/python3.12/site-packages/airflow/example_dags/example_latest_only_with_trigger.py for tasks to queue
[2025-08-04T15:17:50.022+0000] {logging_mixin.py:188} INFO - [2025-08-04T15:17:50.022+0000] {dagbag.py:545} INFO - Filling up the DagBag from /home/airflow/.local/lib/python3.12/site-packages/airflow/example_dags/example_latest_only_with_trigger.py
[2025-08-04T15:17:50.024+0000] {processor.py:840} INFO - DAG(s) 'latest_only_with_trigger' retrieved from /home/airflow/.local/lib/python3.12/site-packages/airflow/example_dags/example_latest_only_with_trigger.py
[2025-08-04T15:17:50.032+0000] {logging_mixin.py:188} INFO - [2025-08-04T15:17:50.032+0000] {dag.py:3096} INFO - Sync 1 DAGs
[2025-08-04T15:17:50.041+0000] {logging_mixin.py:188} INFO - [2025-08-04T15:17:50.040+0000] {dag.py:3954} INFO - Setting next_dagrun for latest_only_with_trigger to 2025-08-04 08:00:00+00:00, run_after=2025-08-04 12:00:00+00:00
[2025-08-04T15:17:50.047+0000] {processor.py:183} INFO - Processing /home/airflow/.local/lib/python3.12/site-packages/airflow/example_dags/example_latest_only_with_trigger.py took 0.030 seconds
[2025-08-04T15:18:20.653+0000] {processor.py:161} INFO - Started process (PID=274) to work on /home/airflow/.local/lib/python3.12/site-packages/airflow/example_dags/example_latest_only_with_trigger.py
[2025-08-04T15:18:20.654+0000] {processor.py:830} INFO - Processing file /home/airflow/.local/lib/python3.12/site-packages/airflow/example_dags/example_latest_only_with_trigger.py for tasks to queue
[2025-08-04T15:18:20.655+0000] {logging_mixin.py:188} INFO - [2025-08-04T15:18:20.655+0000] {dagbag.py:545} INFO - Filling up the DagBag from /home/airflow/.local/lib/python3.12/site-packages/airflow/example_dags/example_latest_only_with_trigger.py
[2025-08-04T15:18:20.660+0000] {processor.py:840} INFO - DAG(s) 'latest_only_with_trigger' retrieved from /home/airflow/.local/lib/python3.12/site-packages/airflow/example_dags/example_latest_only_with_trigger.py
[2025-08-04T15:18:20.675+0000] {logging_mixin.py:188} INFO - [2025-08-04T15:18:20.674+0000] {dag.py:3096} INFO - Sync 1 DAGs
[2025-08-04T15:18:20.689+0000] {logging_mixin.py:188} INFO - [2025-08-04T15:18:20.689+0000] {dag.py:3954} INFO - Setting next_dagrun for latest_only_with_trigger to 2025-08-04 08:00:00+00:00, run_after=2025-08-04 12:00:00+00:00
[2025-08-04T15:18:20.696+0000] {processor.py:183} INFO - Processing /home/airflow/.local/lib/python3.12/site-packages/airflow/example_dags/example_latest_only_with_trigger.py took 0.049 seconds
[2025-08-04T15:18:53.200+0000] {processor.py:161} INFO - Started process (PID=332) to work on /home/airflow/.local/lib/python3.12/site-packages/airflow/example_dags/example_latest_only_with_trigger.py
[2025-08-04T15:18:53.201+0000] {processor.py:830} INFO - Processing file /home/airflow/.local/lib/python3.12/site-packages/airflow/example_dags/example_latest_only_with_trigger.py for tasks to queue
[2025-08-04T15:18:53.207+0000] {logging_mixin.py:188} INFO - [2025-08-04T15:18:53.206+0000] {dagbag.py:545} INFO - Filling up the DagBag from /home/airflow/.local/lib/python3.12/site-packages/airflow/example_dags/example_latest_only_with_trigger.py
[2025-08-04T15:18:53.243+0000] {processor.py:840} INFO - DAG(s) 'latest_only_with_trigger' retrieved from /home/airflow/.local/lib/python3.12/site-packages/airflow/example_dags/example_latest_only_with_trigger.py
[2025-08-04T15:18:53.368+0000] {logging_mixin.py:188} INFO - [2025-08-04T15:18:53.368+0000] {dag.py:3096} INFO - Sync 1 DAGs
[2025-08-04T15:18:53.423+0000] {logging_mixin.py:188} INFO - [2025-08-04T15:18:53.423+0000] {dag.py:3954} INFO - Setting next_dagrun for latest_only_with_trigger to 2025-08-04 08:00:00+00:00, run_after=2025-08-04 12:00:00+00:00
[2025-08-04T15:18:53.474+0000] {processor.py:183} INFO - Processing /home/airflow/.local/lib/python3.12/site-packages/airflow/example_dags/example_latest_only_with_trigger.py took 0.289 seconds
[2025-08-04T15:19:24.483+0000] {processor.py:161} INFO - Started process (PID=390) to work on /home/airflow/.local/lib/python3.12/site-packages/airflow/example_dags/example_latest_only_with_trigger.py
[2025-08-04T15:19:24.483+0000] {processor.py:830} INFO - Processing file /home/airflow/.local/lib/python3.12/site-packages/airflow/example_dags/example_latest_only_with_trigger.py for tasks to queue
[2025-08-04T15:19:24.486+0000] {logging_mixin.py:188} INFO - [2025-08-04T15:19:24.486+0000] {dagbag.py:545} INFO - Filling up the DagBag from /home/airflow/.local/lib/python3.12/site-packages/airflow/example_dags/example_latest_only_with_trigger.py
[2025-08-04T15:19:24.493+0000] {processor.py:840} INFO - DAG(s) 'latest_only_with_trigger' retrieved from /home/airflow/.local/lib/python3.12/site-packages/airflow/example_dags/example_latest_only_with_trigger.py
[2025-08-04T15:19:24.528+0000] {logging_mixin.py:188} INFO - [2025-08-04T15:19:24.527+0000] {dag.py:3096} INFO - Sync 1 DAGs
[2025-08-04T15:19:24.592+0000] {logging_mixin.py:188} INFO - [2025-08-04T15:19:24.592+0000] {dag.py:3954} INFO - Setting next_dagrun for latest_only_with_trigger to 2025-08-04 08:00:00+00:00, run_after=2025-08-04 12:00:00+00:00
[2025-08-04T15:19:24.607+0000] {processor.py:183} INFO - Processing /home/airflow/.local/lib/python3.12/site-packages/airflow/example_dags/example_latest_only_with_trigger.py took 0.128 seconds
[2025-08-04T15:27:17.597+0000] {processor.py:161} INFO - Started process (PID=99) to work on /home/airflow/.local/lib/python3.12/site-packages/airflow/example_dags/example_latest_only_with_trigger.py
[2025-08-04T15:27:17.599+0000] {processor.py:830} INFO - Processing file /home/airflow/.local/lib/python3.12/site-packages/airflow/example_dags/example_latest_only_with_trigger.py for tasks to queue
[2025-08-04T15:27:17.602+0000] {logging_mixin.py:188} INFO - [2025-08-04T15:27:17.602+0000] {dagbag.py:545} INFO - Filling up the DagBag from /home/airflow/.local/lib/python3.12/site-packages/airflow/example_dags/example_latest_only_with_trigger.py
[2025-08-04T15:27:17.609+0000] {processor.py:840} INFO - DAG(s) 'latest_only_with_trigger' retrieved from /home/airflow/.local/lib/python3.12/site-packages/airflow/example_dags/example_latest_only_with_trigger.py
[2025-08-04T15:27:17.640+0000] {logging_mixin.py:188} INFO - [2025-08-04T15:27:17.640+0000] {dag.py:3096} INFO - Sync 1 DAGs
[2025-08-04T15:27:17.693+0000] {logging_mixin.py:188} INFO - [2025-08-04T15:27:17.693+0000] {dag.py:3954} INFO - Setting next_dagrun for latest_only_with_trigger to 2025-08-04 08:00:00+00:00, run_after=2025-08-04 12:00:00+00:00
[2025-08-04T15:27:17.738+0000] {processor.py:183} INFO - Processing /home/airflow/.local/lib/python3.12/site-packages/airflow/example_dags/example_latest_only_with_trigger.py took 0.150 seconds
[2025-08-04T15:27:48.077+0000] {processor.py:161} INFO - Started process (PID=157) to work on /home/airflow/.local/lib/python3.12/site-packages/airflow/example_dags/example_latest_only_with_trigger.py
[2025-08-04T15:27:48.078+0000] {processor.py:830} INFO - Processing file /home/airflow/.local/lib/python3.12/site-packages/airflow/example_dags/example_latest_only_with_trigger.py for tasks to queue
[2025-08-04T15:27:48.080+0000] {logging_mixin.py:188} INFO - [2025-08-04T15:27:48.080+0000] {dagbag.py:545} INFO - Filling up the DagBag from /home/airflow/.local/lib/python3.12/site-packages/airflow/example_dags/example_latest_only_with_trigger.py
[2025-08-04T15:27:48.083+0000] {processor.py:840} INFO - DAG(s) 'latest_only_with_trigger' retrieved from /home/airflow/.local/lib/python3.12/site-packages/airflow/example_dags/example_latest_only_with_trigger.py
[2025-08-04T15:27:48.096+0000] {logging_mixin.py:188} INFO - [2025-08-04T15:27:48.096+0000] {dag.py:3096} INFO - Sync 1 DAGs
[2025-08-04T15:27:48.105+0000] {logging_mixin.py:188} INFO - [2025-08-04T15:27:48.104+0000] {dag.py:3954} INFO - Setting next_dagrun for latest_only_with_trigger to 2025-08-04 08:00:00+00:00, run_after=2025-08-04 12:00:00+00:00
[2025-08-04T15:27:48.116+0000] {processor.py:183} INFO - Processing /home/airflow/.local/lib/python3.12/site-packages/airflow/example_dags/example_latest_only_with_trigger.py took 0.042 seconds
[2025-08-04T15:28:18.223+0000] {processor.py:161} INFO - Started process (PID=215) to work on /home/airflow/.local/lib/python3.12/site-packages/airflow/example_dags/example_latest_only_with_trigger.py
[2025-08-04T15:28:18.224+0000] {processor.py:830} INFO - Processing file /home/airflow/.local/lib/python3.12/site-packages/airflow/example_dags/example_latest_only_with_trigger.py for tasks to queue
[2025-08-04T15:28:18.227+0000] {logging_mixin.py:188} INFO - [2025-08-04T15:28:18.227+0000] {dagbag.py:545} INFO - Filling up the DagBag from /home/airflow/.local/lib/python3.12/site-packages/airflow/example_dags/example_latest_only_with_trigger.py
[2025-08-04T15:28:18.232+0000] {processor.py:840} INFO - DAG(s) 'latest_only_with_trigger' retrieved from /home/airflow/.local/lib/python3.12/site-packages/airflow/example_dags/example_latest_only_with_trigger.py
[2025-08-04T15:28:18.255+0000] {logging_mixin.py:188} INFO - [2025-08-04T15:28:18.255+0000] {dag.py:3096} INFO - Sync 1 DAGs
[2025-08-04T15:28:18.287+0000] {logging_mixin.py:188} INFO - [2025-08-04T15:28:18.287+0000] {dag.py:3954} INFO - Setting next_dagrun for latest_only_with_trigger to 2025-08-04 08:00:00+00:00, run_after=2025-08-04 12:00:00+00:00
[2025-08-04T15:28:18.310+0000] {processor.py:183} INFO - Processing /home/airflow/.local/lib/python3.12/site-packages/airflow/example_dags/example_latest_only_with_trigger.py took 0.090 seconds
[2025-08-04T15:28:48.636+0000] {processor.py:161} INFO - Started process (PID=273) to work on /home/airflow/.local/lib/python3.12/site-packages/airflow/example_dags/example_latest_only_with_trigger.py
[2025-08-04T15:28:48.637+0000] {processor.py:830} INFO - Processing file /home/airflow/.local/lib/python3.12/site-packages/airflow/example_dags/example_latest_only_with_trigger.py for tasks to queue
[2025-08-04T15:28:48.638+0000] {logging_mixin.py:188} INFO - [2025-08-04T15:28:48.638+0000] {dagbag.py:545} INFO - Filling up the DagBag from /home/airflow/.local/lib/python3.12/site-packages/airflow/example_dags/example_latest_only_with_trigger.py
[2025-08-04T15:28:48.646+0000] {processor.py:840} INFO - DAG(s) 'latest_only_with_trigger' retrieved from /home/airflow/.local/lib/python3.12/site-packages/airflow/example_dags/example_latest_only_with_trigger.py
[2025-08-04T15:28:48.659+0000] {logging_mixin.py:188} INFO - [2025-08-04T15:28:48.659+0000] {dag.py:3096} INFO - Sync 1 DAGs
[2025-08-04T15:28:48.668+0000] {logging_mixin.py:188} INFO - [2025-08-04T15:28:48.668+0000] {dag.py:3954} INFO - Setting next_dagrun for latest_only_with_trigger to 2025-08-04 08:00:00+00:00, run_after=2025-08-04 12:00:00+00:00
[2025-08-04T15:28:48.674+0000] {processor.py:183} INFO - Processing /home/airflow/.local/lib/python3.12/site-packages/airflow/example_dags/example_latest_only_with_trigger.py took 0.040 seconds
[2025-08-04T15:29:19.247+0000] {processor.py:161} INFO - Started process (PID=331) to work on /home/airflow/.local/lib/python3.12/site-packages/airflow/example_dags/example_latest_only_with_trigger.py
[2025-08-04T15:29:19.248+0000] {processor.py:830} INFO - Processing file /home/airflow/.local/lib/python3.12/site-packages/airflow/example_dags/example_latest_only_with_trigger.py for tasks to queue
[2025-08-04T15:29:19.249+0000] {logging_mixin.py:188} INFO - [2025-08-04T15:29:19.249+0000] {dagbag.py:545} INFO - Filling up the DagBag from /home/airflow/.local/lib/python3.12/site-packages/airflow/example_dags/example_latest_only_with_trigger.py
[2025-08-04T15:29:19.253+0000] {processor.py:840} INFO - DAG(s) 'latest_only_with_trigger' retrieved from /home/airflow/.local/lib/python3.12/site-packages/airflow/example_dags/example_latest_only_with_trigger.py
[2025-08-04T15:29:19.270+0000] {logging_mixin.py:188} INFO - [2025-08-04T15:29:19.270+0000] {dag.py:3096} INFO - Sync 1 DAGs
[2025-08-04T15:29:19.280+0000] {logging_mixin.py:188} INFO - [2025-08-04T15:29:19.280+0000] {dag.py:3954} INFO - Setting next_dagrun for latest_only_with_trigger to 2025-08-04 08:00:00+00:00, run_after=2025-08-04 12:00:00+00:00
[2025-08-04T15:29:19.293+0000] {processor.py:183} INFO - Processing /home/airflow/.local/lib/python3.12/site-packages/airflow/example_dags/example_latest_only_with_trigger.py took 0.049 seconds
[2025-08-04T15:29:49.666+0000] {processor.py:161} INFO - Started process (PID=389) to work on /home/airflow/.local/lib/python3.12/site-packages/airflow/example_dags/example_latest_only_with_trigger.py
[2025-08-04T15:29:49.667+0000] {processor.py:830} INFO - Processing file /home/airflow/.local/lib/python3.12/site-packages/airflow/example_dags/example_latest_only_with_trigger.py for tasks to queue
[2025-08-04T15:29:49.669+0000] {logging_mixin.py:188} INFO - [2025-08-04T15:29:49.669+0000] {dagbag.py:545} INFO - Filling up the DagBag from /home/airflow/.local/lib/python3.12/site-packages/airflow/example_dags/example_latest_only_with_trigger.py
[2025-08-04T15:29:49.671+0000] {processor.py:840} INFO - DAG(s) 'latest_only_with_trigger' retrieved from /home/airflow/.local/lib/python3.12/site-packages/airflow/example_dags/example_latest_only_with_trigger.py
[2025-08-04T15:29:49.687+0000] {logging_mixin.py:188} INFO - [2025-08-04T15:29:49.687+0000] {dag.py:3096} INFO - Sync 1 DAGs
[2025-08-04T15:29:49.696+0000] {logging_mixin.py:188} INFO - [2025-08-04T15:29:49.696+0000] {dag.py:3954} INFO - Setting next_dagrun for latest_only_with_trigger to 2025-08-04 08:00:00+00:00, run_after=2025-08-04 12:00:00+00:00
[2025-08-04T15:29:49.705+0000] {processor.py:183} INFO - Processing /home/airflow/.local/lib/python3.12/site-packages/airflow/example_dags/example_latest_only_with_trigger.py took 0.041 seconds
[2025-08-04T15:30:19.997+0000] {processor.py:161} INFO - Started process (PID=447) to work on /home/airflow/.local/lib/python3.12/site-packages/airflow/example_dags/example_latest_only_with_trigger.py
[2025-08-04T15:30:19.997+0000] {processor.py:830} INFO - Processing file /home/airflow/.local/lib/python3.12/site-packages/airflow/example_dags/example_latest_only_with_trigger.py for tasks to queue
[2025-08-04T15:30:19.999+0000] {logging_mixin.py:188} INFO - [2025-08-04T15:30:19.999+0000] {dagbag.py:545} INFO - Filling up the DagBag from /home/airflow/.local/lib/python3.12/site-packages/airflow/example_dags/example_latest_only_with_trigger.py
[2025-08-04T15:30:20.002+0000] {processor.py:840} INFO - DAG(s) 'latest_only_with_trigger' retrieved from /home/airflow/.local/lib/python3.12/site-packages/airflow/example_dags/example_latest_only_with_trigger.py
[2025-08-04T15:30:20.018+0000] {logging_mixin.py:188} INFO - [2025-08-04T15:30:20.018+0000] {dag.py:3096} INFO - Sync 1 DAGs
[2025-08-04T15:30:20.029+0000] {logging_mixin.py:188} INFO - [2025-08-04T15:30:20.029+0000] {dag.py:3954} INFO - Setting next_dagrun for latest_only_with_trigger to 2025-08-04 08:00:00+00:00, run_after=2025-08-04 12:00:00+00:00
[2025-08-04T15:30:20.040+0000] {processor.py:183} INFO - Processing /home/airflow/.local/lib/python3.12/site-packages/airflow/example_dags/example_latest_only_with_trigger.py took 0.046 seconds
[2025-08-04T15:30:50.842+0000] {processor.py:161} INFO - Started process (PID=505) to work on /home/airflow/.local/lib/python3.12/site-packages/airflow/example_dags/example_latest_only_with_trigger.py
[2025-08-04T15:30:50.844+0000] {processor.py:830} INFO - Processing file /home/airflow/.local/lib/python3.12/site-packages/airflow/example_dags/example_latest_only_with_trigger.py for tasks to queue
[2025-08-04T15:30:50.846+0000] {logging_mixin.py:188} INFO - [2025-08-04T15:30:50.846+0000] {dagbag.py:545} INFO - Filling up the DagBag from /home/airflow/.local/lib/python3.12/site-packages/airflow/example_dags/example_latest_only_with_trigger.py
[2025-08-04T15:30:50.851+0000] {processor.py:840} INFO - DAG(s) 'latest_only_with_trigger' retrieved from /home/airflow/.local/lib/python3.12/site-packages/airflow/example_dags/example_latest_only_with_trigger.py
[2025-08-04T15:30:50.873+0000] {logging_mixin.py:188} INFO - [2025-08-04T15:30:50.873+0000] {dag.py:3096} INFO - Sync 1 DAGs
[2025-08-04T15:30:50.888+0000] {logging_mixin.py:188} INFO - [2025-08-04T15:30:50.888+0000] {dag.py:3954} INFO - Setting next_dagrun for latest_only_with_trigger to 2025-08-04 08:00:00+00:00, run_after=2025-08-04 12:00:00+00:00
[2025-08-04T15:30:50.902+0000] {processor.py:183} INFO - Processing /home/airflow/.local/lib/python3.12/site-packages/airflow/example_dags/example_latest_only_with_trigger.py took 0.063 seconds
[2025-08-04T15:31:21.202+0000] {processor.py:161} INFO - Started process (PID=563) to work on /home/airflow/.local/lib/python3.12/site-packages/airflow/example_dags/example_latest_only_with_trigger.py
[2025-08-04T15:31:21.203+0000] {processor.py:830} INFO - Processing file /home/airflow/.local/lib/python3.12/site-packages/airflow/example_dags/example_latest_only_with_trigger.py for tasks to queue
[2025-08-04T15:31:21.204+0000] {logging_mixin.py:188} INFO - [2025-08-04T15:31:21.203+0000] {dagbag.py:545} INFO - Filling up the DagBag from /home/airflow/.local/lib/python3.12/site-packages/airflow/example_dags/example_latest_only_with_trigger.py
[2025-08-04T15:31:21.206+0000] {processor.py:840} INFO - DAG(s) 'latest_only_with_trigger' retrieved from /home/airflow/.local/lib/python3.12/site-packages/airflow/example_dags/example_latest_only_with_trigger.py
[2025-08-04T15:31:21.216+0000] {logging_mixin.py:188} INFO - [2025-08-04T15:31:21.216+0000] {dag.py:3096} INFO - Sync 1 DAGs
[2025-08-04T15:31:21.227+0000] {logging_mixin.py:188} INFO - [2025-08-04T15:31:21.227+0000] {dag.py:3954} INFO - Setting next_dagrun for latest_only_with_trigger to 2025-08-04 08:00:00+00:00, run_after=2025-08-04 12:00:00+00:00
[2025-08-04T15:31:21.238+0000] {processor.py:183} INFO - Processing /home/airflow/.local/lib/python3.12/site-packages/airflow/example_dags/example_latest_only_with_trigger.py took 0.038 seconds
[2025-08-04T15:31:51.790+0000] {processor.py:161} INFO - Started process (PID=621) to work on /home/airflow/.local/lib/python3.12/site-packages/airflow/example_dags/example_latest_only_with_trigger.py
[2025-08-04T15:31:51.792+0000] {processor.py:830} INFO - Processing file /home/airflow/.local/lib/python3.12/site-packages/airflow/example_dags/example_latest_only_with_trigger.py for tasks to queue
[2025-08-04T15:31:51.794+0000] {logging_mixin.py:188} INFO - [2025-08-04T15:31:51.794+0000] {dagbag.py:545} INFO - Filling up the DagBag from /home/airflow/.local/lib/python3.12/site-packages/airflow/example_dags/example_latest_only_with_trigger.py
[2025-08-04T15:31:51.806+0000] {processor.py:840} INFO - DAG(s) 'latest_only_with_trigger' retrieved from /home/airflow/.local/lib/python3.12/site-packages/airflow/example_dags/example_latest_only_with_trigger.py
[2025-08-04T15:31:51.831+0000] {logging_mixin.py:188} INFO - [2025-08-04T15:31:51.831+0000] {dag.py:3096} INFO - Sync 1 DAGs
[2025-08-04T15:31:51.854+0000] {logging_mixin.py:188} INFO - [2025-08-04T15:31:51.854+0000] {dag.py:3954} INFO - Setting next_dagrun for latest_only_with_trigger to 2025-08-04 08:00:00+00:00, run_after=2025-08-04 12:00:00+00:00
[2025-08-04T15:31:51.870+0000] {processor.py:183} INFO - Processing /home/airflow/.local/lib/python3.12/site-packages/airflow/example_dags/example_latest_only_with_trigger.py took 0.084 seconds
[2025-08-04T15:53:09.844+0000] {processor.py:161} INFO - Started process (PID=101) to work on /home/airflow/.local/lib/python3.12/site-packages/airflow/example_dags/example_latest_only_with_trigger.py
[2025-08-04T15:53:09.855+0000] {processor.py:830} INFO - Processing file /home/airflow/.local/lib/python3.12/site-packages/airflow/example_dags/example_latest_only_with_trigger.py for tasks to queue
[2025-08-04T15:53:09.870+0000] {logging_mixin.py:188} INFO - [2025-08-04T15:53:09.870+0000] {dagbag.py:545} INFO - Filling up the DagBag from /home/airflow/.local/lib/python3.12/site-packages/airflow/example_dags/example_latest_only_with_trigger.py
[2025-08-04T15:53:09.896+0000] {processor.py:840} INFO - DAG(s) 'latest_only_with_trigger' retrieved from /home/airflow/.local/lib/python3.12/site-packages/airflow/example_dags/example_latest_only_with_trigger.py
[2025-08-04T15:53:10.038+0000] {logging_mixin.py:188} INFO - [2025-08-04T15:53:10.038+0000] {dag.py:3096} INFO - Sync 1 DAGs
[2025-08-04T15:53:10.121+0000] {logging_mixin.py:188} INFO - [2025-08-04T15:53:10.121+0000] {dag.py:3954} INFO - Setting next_dagrun for latest_only_with_trigger to 2025-08-04 08:00:00+00:00, run_after=2025-08-04 12:00:00+00:00
[2025-08-04T15:53:10.163+0000] {processor.py:183} INFO - Processing /home/airflow/.local/lib/python3.12/site-packages/airflow/example_dags/example_latest_only_with_trigger.py took 0.358 seconds
[2025-08-04T15:53:41.187+0000] {processor.py:161} INFO - Started process (PID=159) to work on /home/airflow/.local/lib/python3.12/site-packages/airflow/example_dags/example_latest_only_with_trigger.py
[2025-08-04T15:53:41.189+0000] {processor.py:830} INFO - Processing file /home/airflow/.local/lib/python3.12/site-packages/airflow/example_dags/example_latest_only_with_trigger.py for tasks to queue
[2025-08-04T15:53:41.192+0000] {logging_mixin.py:188} INFO - [2025-08-04T15:53:41.191+0000] {dagbag.py:545} INFO - Filling up the DagBag from /home/airflow/.local/lib/python3.12/site-packages/airflow/example_dags/example_latest_only_with_trigger.py
[2025-08-04T15:53:41.198+0000] {processor.py:840} INFO - DAG(s) 'latest_only_with_trigger' retrieved from /home/airflow/.local/lib/python3.12/site-packages/airflow/example_dags/example_latest_only_with_trigger.py
[2025-08-04T15:53:41.216+0000] {logging_mixin.py:188} INFO - [2025-08-04T15:53:41.216+0000] {dag.py:3096} INFO - Sync 1 DAGs
[2025-08-04T15:53:41.228+0000] {logging_mixin.py:188} INFO - [2025-08-04T15:53:41.228+0000] {dag.py:3954} INFO - Setting next_dagrun for latest_only_with_trigger to 2025-08-04 08:00:00+00:00, run_after=2025-08-04 12:00:00+00:00
[2025-08-04T15:53:41.236+0000] {processor.py:183} INFO - Processing /home/airflow/.local/lib/python3.12/site-packages/airflow/example_dags/example_latest_only_with_trigger.py took 0.056 seconds
[2025-08-04T15:54:11.637+0000] {processor.py:161} INFO - Started process (PID=217) to work on /home/airflow/.local/lib/python3.12/site-packages/airflow/example_dags/example_latest_only_with_trigger.py
[2025-08-04T15:54:11.639+0000] {processor.py:830} INFO - Processing file /home/airflow/.local/lib/python3.12/site-packages/airflow/example_dags/example_latest_only_with_trigger.py for tasks to queue
[2025-08-04T15:54:11.642+0000] {logging_mixin.py:188} INFO - [2025-08-04T15:54:11.641+0000] {dagbag.py:545} INFO - Filling up the DagBag from /home/airflow/.local/lib/python3.12/site-packages/airflow/example_dags/example_latest_only_with_trigger.py
[2025-08-04T15:54:11.648+0000] {processor.py:840} INFO - DAG(s) 'latest_only_with_trigger' retrieved from /home/airflow/.local/lib/python3.12/site-packages/airflow/example_dags/example_latest_only_with_trigger.py
[2025-08-04T15:54:11.667+0000] {logging_mixin.py:188} INFO - [2025-08-04T15:54:11.667+0000] {dag.py:3096} INFO - Sync 1 DAGs
[2025-08-04T15:54:11.682+0000] {logging_mixin.py:188} INFO - [2025-08-04T15:54:11.682+0000] {dag.py:3954} INFO - Setting next_dagrun for latest_only_with_trigger to 2025-08-04 08:00:00+00:00, run_after=2025-08-04 12:00:00+00:00
[2025-08-04T15:54:11.729+0000] {processor.py:183} INFO - Processing /home/airflow/.local/lib/python3.12/site-packages/airflow/example_dags/example_latest_only_with_trigger.py took 0.099 seconds
[2025-08-04T15:54:42.035+0000] {processor.py:161} INFO - Started process (PID=275) to work on /home/airflow/.local/lib/python3.12/site-packages/airflow/example_dags/example_latest_only_with_trigger.py
[2025-08-04T15:54:42.036+0000] {processor.py:830} INFO - Processing file /home/airflow/.local/lib/python3.12/site-packages/airflow/example_dags/example_latest_only_with_trigger.py for tasks to queue
[2025-08-04T15:54:42.037+0000] {logging_mixin.py:188} INFO - [2025-08-04T15:54:42.036+0000] {dagbag.py:545} INFO - Filling up the DagBag from /home/airflow/.local/lib/python3.12/site-packages/airflow/example_dags/example_latest_only_with_trigger.py
[2025-08-04T15:54:42.040+0000] {processor.py:840} INFO - DAG(s) 'latest_only_with_trigger' retrieved from /home/airflow/.local/lib/python3.12/site-packages/airflow/example_dags/example_latest_only_with_trigger.py
[2025-08-04T15:54:42.053+0000] {logging_mixin.py:188} INFO - [2025-08-04T15:54:42.053+0000] {dag.py:3096} INFO - Sync 1 DAGs
[2025-08-04T15:54:42.070+0000] {logging_mixin.py:188} INFO - [2025-08-04T15:54:42.070+0000] {dag.py:3954} INFO - Setting next_dagrun for latest_only_with_trigger to 2025-08-04 08:00:00+00:00, run_after=2025-08-04 12:00:00+00:00
[2025-08-04T15:54:42.098+0000] {processor.py:183} INFO - Processing /home/airflow/.local/lib/python3.12/site-packages/airflow/example_dags/example_latest_only_with_trigger.py took 0.067 seconds
[2025-08-04T15:55:20.312+0000] {processor.py:161} INFO - Started process (PID=333) to work on /home/airflow/.local/lib/python3.12/site-packages/airflow/example_dags/example_latest_only_with_trigger.py
[2025-08-04T15:55:20.316+0000] {processor.py:830} INFO - Processing file /home/airflow/.local/lib/python3.12/site-packages/airflow/example_dags/example_latest_only_with_trigger.py for tasks to queue
[2025-08-04T15:55:20.343+0000] {logging_mixin.py:188} INFO - [2025-08-04T15:55:20.338+0000] {dagbag.py:545} INFO - Filling up the DagBag from /home/airflow/.local/lib/python3.12/site-packages/airflow/example_dags/example_latest_only_with_trigger.py
[2025-08-04T15:55:20.408+0000] {processor.py:840} INFO - DAG(s) 'latest_only_with_trigger' retrieved from /home/airflow/.local/lib/python3.12/site-packages/airflow/example_dags/example_latest_only_with_trigger.py
[2025-08-04T15:55:20.599+0000] {logging_mixin.py:188} INFO - [2025-08-04T15:55:20.597+0000] {dag.py:3096} INFO - Sync 1 DAGs
[2025-08-04T15:55:20.737+0000] {logging_mixin.py:188} INFO - [2025-08-04T15:55:20.736+0000] {dag.py:3954} INFO - Setting next_dagrun for latest_only_with_trigger to 2025-08-04 08:00:00+00:00, run_after=2025-08-04 12:00:00+00:00
[2025-08-04T15:55:20.990+0000] {processor.py:183} INFO - Processing /home/airflow/.local/lib/python3.12/site-packages/airflow/example_dags/example_latest_only_with_trigger.py took 0.692 seconds
[2025-08-04T15:55:51.688+0000] {processor.py:161} INFO - Started process (PID=391) to work on /home/airflow/.local/lib/python3.12/site-packages/airflow/example_dags/example_latest_only_with_trigger.py
[2025-08-04T15:55:51.689+0000] {processor.py:830} INFO - Processing file /home/airflow/.local/lib/python3.12/site-packages/airflow/example_dags/example_latest_only_with_trigger.py for tasks to queue
[2025-08-04T15:55:51.691+0000] {logging_mixin.py:188} INFO - [2025-08-04T15:55:51.691+0000] {dagbag.py:545} INFO - Filling up the DagBag from /home/airflow/.local/lib/python3.12/site-packages/airflow/example_dags/example_latest_only_with_trigger.py
[2025-08-04T15:55:51.695+0000] {processor.py:840} INFO - DAG(s) 'latest_only_with_trigger' retrieved from /home/airflow/.local/lib/python3.12/site-packages/airflow/example_dags/example_latest_only_with_trigger.py
[2025-08-04T15:55:51.706+0000] {logging_mixin.py:188} INFO - [2025-08-04T15:55:51.706+0000] {dag.py:3096} INFO - Sync 1 DAGs
[2025-08-04T15:55:51.719+0000] {logging_mixin.py:188} INFO - [2025-08-04T15:55:51.719+0000] {dag.py:3954} INFO - Setting next_dagrun for latest_only_with_trigger to 2025-08-04 08:00:00+00:00, run_after=2025-08-04 12:00:00+00:00
[2025-08-04T15:55:51.728+0000] {processor.py:183} INFO - Processing /home/airflow/.local/lib/python3.12/site-packages/airflow/example_dags/example_latest_only_with_trigger.py took 0.044 seconds
[2025-08-04T15:59:04.062+0000] {processor.py:161} INFO - Started process (PID=101) to work on /home/airflow/.local/lib/python3.12/site-packages/airflow/example_dags/example_latest_only_with_trigger.py
[2025-08-04T15:59:04.089+0000] {processor.py:830} INFO - Processing file /home/airflow/.local/lib/python3.12/site-packages/airflow/example_dags/example_latest_only_with_trigger.py for tasks to queue
[2025-08-04T15:59:04.107+0000] {logging_mixin.py:188} INFO - [2025-08-04T15:59:04.104+0000] {dagbag.py:545} INFO - Filling up the DagBag from /home/airflow/.local/lib/python3.12/site-packages/airflow/example_dags/example_latest_only_with_trigger.py
[2025-08-04T15:59:04.171+0000] {processor.py:840} INFO - DAG(s) 'latest_only_with_trigger' retrieved from /home/airflow/.local/lib/python3.12/site-packages/airflow/example_dags/example_latest_only_with_trigger.py
[2025-08-04T15:59:04.265+0000] {logging_mixin.py:188} INFO - [2025-08-04T15:59:04.264+0000] {dag.py:3096} INFO - Sync 1 DAGs
[2025-08-04T15:59:04.992+0000] {logging_mixin.py:188} INFO - [2025-08-04T15:59:04.990+0000] {dag.py:3954} INFO - Setting next_dagrun for latest_only_with_trigger to 2025-08-04 08:00:00+00:00, run_after=2025-08-04 12:00:00+00:00
[2025-08-04T15:59:05.733+0000] {processor.py:183} INFO - Processing /home/airflow/.local/lib/python3.12/site-packages/airflow/example_dags/example_latest_only_with_trigger.py took 1.700 seconds
[2025-08-04T15:59:36.541+0000] {processor.py:161} INFO - Started process (PID=159) to work on /home/airflow/.local/lib/python3.12/site-packages/airflow/example_dags/example_latest_only_with_trigger.py
[2025-08-04T15:59:36.543+0000] {processor.py:830} INFO - Processing file /home/airflow/.local/lib/python3.12/site-packages/airflow/example_dags/example_latest_only_with_trigger.py for tasks to queue
[2025-08-04T15:59:36.544+0000] {logging_mixin.py:188} INFO - [2025-08-04T15:59:36.544+0000] {dagbag.py:545} INFO - Filling up the DagBag from /home/airflow/.local/lib/python3.12/site-packages/airflow/example_dags/example_latest_only_with_trigger.py
[2025-08-04T15:59:36.547+0000] {processor.py:840} INFO - DAG(s) 'latest_only_with_trigger' retrieved from /home/airflow/.local/lib/python3.12/site-packages/airflow/example_dags/example_latest_only_with_trigger.py
[2025-08-04T15:59:36.560+0000] {logging_mixin.py:188} INFO - [2025-08-04T15:59:36.559+0000] {dag.py:3096} INFO - Sync 1 DAGs
[2025-08-04T15:59:36.587+0000] {logging_mixin.py:188} INFO - [2025-08-04T15:59:36.587+0000] {dag.py:3954} INFO - Setting next_dagrun for latest_only_with_trigger to 2025-08-04 08:00:00+00:00, run_after=2025-08-04 12:00:00+00:00
[2025-08-04T15:59:36.596+0000] {processor.py:183} INFO - Processing /home/airflow/.local/lib/python3.12/site-packages/airflow/example_dags/example_latest_only_with_trigger.py took 0.058 seconds
[2025-08-04T16:00:07.520+0000] {processor.py:161} INFO - Started process (PID=217) to work on /home/airflow/.local/lib/python3.12/site-packages/airflow/example_dags/example_latest_only_with_trigger.py
[2025-08-04T16:00:07.523+0000] {processor.py:830} INFO - Processing file /home/airflow/.local/lib/python3.12/site-packages/airflow/example_dags/example_latest_only_with_trigger.py for tasks to queue
[2025-08-04T16:00:07.525+0000] {logging_mixin.py:188} INFO - [2025-08-04T16:00:07.525+0000] {dagbag.py:545} INFO - Filling up the DagBag from /home/airflow/.local/lib/python3.12/site-packages/airflow/example_dags/example_latest_only_with_trigger.py
[2025-08-04T16:00:07.539+0000] {processor.py:840} INFO - DAG(s) 'latest_only_with_trigger' retrieved from /home/airflow/.local/lib/python3.12/site-packages/airflow/example_dags/example_latest_only_with_trigger.py
[2025-08-04T16:00:07.614+0000] {logging_mixin.py:188} INFO - [2025-08-04T16:00:07.613+0000] {dag.py:3096} INFO - Sync 1 DAGs
[2025-08-04T16:00:07.660+0000] {logging_mixin.py:188} INFO - [2025-08-04T16:00:07.659+0000] {dag.py:3954} INFO - Setting next_dagrun for latest_only_with_trigger to 2025-08-04 12:00:00+00:00, run_after=2025-08-04 16:00:00+00:00
[2025-08-04T16:00:07.702+0000] {processor.py:183} INFO - Processing /home/airflow/.local/lib/python3.12/site-packages/airflow/example_dags/example_latest_only_with_trigger.py took 0.189 seconds
[2025-08-04T16:00:38.307+0000] {processor.py:161} INFO - Started process (PID=275) to work on /home/airflow/.local/lib/python3.12/site-packages/airflow/example_dags/example_latest_only_with_trigger.py
[2025-08-04T16:00:38.309+0000] {processor.py:830} INFO - Processing file /home/airflow/.local/lib/python3.12/site-packages/airflow/example_dags/example_latest_only_with_trigger.py for tasks to queue
[2025-08-04T16:00:38.322+0000] {logging_mixin.py:188} INFO - [2025-08-04T16:00:38.322+0000] {dagbag.py:545} INFO - Filling up the DagBag from /home/airflow/.local/lib/python3.12/site-packages/airflow/example_dags/example_latest_only_with_trigger.py
[2025-08-04T16:00:38.359+0000] {processor.py:840} INFO - DAG(s) 'latest_only_with_trigger' retrieved from /home/airflow/.local/lib/python3.12/site-packages/airflow/example_dags/example_latest_only_with_trigger.py
[2025-08-04T16:00:38.434+0000] {logging_mixin.py:188} INFO - [2025-08-04T16:00:38.433+0000] {dag.py:3096} INFO - Sync 1 DAGs
[2025-08-04T16:00:38.485+0000] {logging_mixin.py:188} INFO - [2025-08-04T16:00:38.485+0000] {dag.py:3954} INFO - Setting next_dagrun for latest_only_with_trigger to 2025-08-04 12:00:00+00:00, run_after=2025-08-04 16:00:00+00:00
[2025-08-04T16:00:38.521+0000] {processor.py:183} INFO - Processing /home/airflow/.local/lib/python3.12/site-packages/airflow/example_dags/example_latest_only_with_trigger.py took 0.244 seconds
[2025-08-04T16:01:09.078+0000] {processor.py:161} INFO - Started process (PID=333) to work on /home/airflow/.local/lib/python3.12/site-packages/airflow/example_dags/example_latest_only_with_trigger.py
[2025-08-04T16:01:09.079+0000] {processor.py:830} INFO - Processing file /home/airflow/.local/lib/python3.12/site-packages/airflow/example_dags/example_latest_only_with_trigger.py for tasks to queue
[2025-08-04T16:01:09.081+0000] {logging_mixin.py:188} INFO - [2025-08-04T16:01:09.080+0000] {dagbag.py:545} INFO - Filling up the DagBag from /home/airflow/.local/lib/python3.12/site-packages/airflow/example_dags/example_latest_only_with_trigger.py
[2025-08-04T16:01:09.091+0000] {processor.py:840} INFO - DAG(s) 'latest_only_with_trigger' retrieved from /home/airflow/.local/lib/python3.12/site-packages/airflow/example_dags/example_latest_only_with_trigger.py
[2025-08-04T16:01:09.108+0000] {logging_mixin.py:188} INFO - [2025-08-04T16:01:09.107+0000] {dag.py:3096} INFO - Sync 1 DAGs
[2025-08-04T16:01:09.124+0000] {logging_mixin.py:188} INFO - [2025-08-04T16:01:09.124+0000] {dag.py:3954} INFO - Setting next_dagrun for latest_only_with_trigger to 2025-08-04 12:00:00+00:00, run_after=2025-08-04 16:00:00+00:00
[2025-08-04T16:01:09.141+0000] {processor.py:183} INFO - Processing /home/airflow/.local/lib/python3.12/site-packages/airflow/example_dags/example_latest_only_with_trigger.py took 0.067 seconds
