[2025-08-04T03:45:34.296+0000] {processor.py:161} INFO - Started process (PID=63) to work on /home/airflow/.local/lib/python3.12/site-packages/airflow/example_dags/example_nested_branch_dag.py
[2025-08-04T03:45:34.301+0000] {processor.py:830} INFO - Processing file /home/airflow/.local/lib/python3.12/site-packages/airflow/example_dags/example_nested_branch_dag.py for tasks to queue
[2025-08-04T03:45:34.308+0000] {logging_mixin.py:188} INFO - [2025-08-04T03:45:34.308+0000] {dagbag.py:545} INFO - Filling up the DagBag from /home/airflow/.local/lib/python3.12/site-packages/airflow/example_dags/example_nested_branch_dag.py
[2025-08-04T03:45:34.483+0000] {processor.py:840} INFO - DAG(s) 'example_nested_branch_dag' retrieved from /home/airflow/.local/lib/python3.12/site-packages/airflow/example_dags/example_nested_branch_dag.py
[2025-08-04T03:45:34.912+0000] {logging_mixin.py:188} INFO - [2025-08-04T03:45:34.911+0000] {dag.py:3096} INFO - Sync 1 DAGs
[2025-08-04T03:45:35.104+0000] {logging_mixin.py:188} INFO - [2025-08-04T03:45:35.100+0000] {dag.py:3954} INFO - Setting next_dagrun for example_nested_branch_dag to 2025-08-03 00:00:00+00:00, run_after=2025-08-04 00:00:00+00:00
[2025-08-04T03:45:35.238+0000] {processor.py:183} INFO - Processing /home/airflow/.local/lib/python3.12/site-packages/airflow/example_dags/example_nested_branch_dag.py took 0.973 seconds
[2025-08-04T03:46:23.300+0000] {processor.py:161} INFO - Started process (PID=126) to work on /home/airflow/.local/lib/python3.12/site-packages/airflow/example_dags/example_nested_branch_dag.py
[2025-08-04T03:46:23.308+0000] {processor.py:830} INFO - Processing file /home/airflow/.local/lib/python3.12/site-packages/airflow/example_dags/example_nested_branch_dag.py for tasks to queue
[2025-08-04T03:46:23.342+0000] {logging_mixin.py:188} INFO - [2025-08-04T03:46:23.332+0000] {dagbag.py:545} INFO - Filling up the DagBag from /home/airflow/.local/lib/python3.12/site-packages/airflow/example_dags/example_nested_branch_dag.py
[2025-08-04T03:46:23.432+0000] {processor.py:840} INFO - DAG(s) 'example_nested_branch_dag' retrieved from /home/airflow/.local/lib/python3.12/site-packages/airflow/example_dags/example_nested_branch_dag.py
[2025-08-04T03:46:23.726+0000] {logging_mixin.py:188} INFO - [2025-08-04T03:46:23.723+0000] {dag.py:3096} INFO - Sync 1 DAGs
[2025-08-04T03:46:23.905+0000] {logging_mixin.py:188} INFO - [2025-08-04T03:46:23.904+0000] {dag.py:3954} INFO - Setting next_dagrun for example_nested_branch_dag to 2025-08-03 00:00:00+00:00, run_after=2025-08-04 00:00:00+00:00
[2025-08-04T03:46:24.267+0000] {processor.py:183} INFO - Processing /home/airflow/.local/lib/python3.12/site-packages/airflow/example_dags/example_nested_branch_dag.py took 1.009 seconds
[2025-08-04T03:47:11.949+0000] {processor.py:161} INFO - Started process (PID=158) to work on /home/airflow/.local/lib/python3.12/site-packages/airflow/example_dags/example_nested_branch_dag.py
[2025-08-04T03:47:12.043+0000] {processor.py:830} INFO - Processing file /home/airflow/.local/lib/python3.12/site-packages/airflow/example_dags/example_nested_branch_dag.py for tasks to queue
[2025-08-04T03:47:12.128+0000] {logging_mixin.py:188} INFO - [2025-08-04T03:47:12.126+0000] {dagbag.py:545} INFO - Filling up the DagBag from /home/airflow/.local/lib/python3.12/site-packages/airflow/example_dags/example_nested_branch_dag.py
[2025-08-04T03:47:12.836+0000] {processor.py:840} INFO - DAG(s) 'example_nested_branch_dag' retrieved from /home/airflow/.local/lib/python3.12/site-packages/airflow/example_dags/example_nested_branch_dag.py
[2025-08-04T03:47:14.146+0000] {logging_mixin.py:188} INFO - [2025-08-04T03:47:14.143+0000] {dag.py:3096} INFO - Sync 1 DAGs
[2025-08-04T03:47:14.641+0000] {logging_mixin.py:188} INFO - [2025-08-04T03:47:14.639+0000] {dag.py:3954} INFO - Setting next_dagrun for example_nested_branch_dag to 2025-08-03 00:00:00+00:00, run_after=2025-08-04 00:00:00+00:00
[2025-08-04T03:47:16.013+0000] {processor.py:183} INFO - Processing /home/airflow/.local/lib/python3.12/site-packages/airflow/example_dags/example_nested_branch_dag.py took 4.387 seconds
[2025-08-04T03:47:46.961+0000] {processor.py:161} INFO - Started process (PID=215) to work on /home/airflow/.local/lib/python3.12/site-packages/airflow/example_dags/example_nested_branch_dag.py
[2025-08-04T03:47:47.003+0000] {processor.py:830} INFO - Processing file /home/airflow/.local/lib/python3.12/site-packages/airflow/example_dags/example_nested_branch_dag.py for tasks to queue
[2025-08-04T03:47:47.018+0000] {logging_mixin.py:188} INFO - [2025-08-04T03:47:47.016+0000] {dagbag.py:545} INFO - Filling up the DagBag from /home/airflow/.local/lib/python3.12/site-packages/airflow/example_dags/example_nested_branch_dag.py
[2025-08-04T03:47:47.147+0000] {processor.py:840} INFO - DAG(s) 'example_nested_branch_dag' retrieved from /home/airflow/.local/lib/python3.12/site-packages/airflow/example_dags/example_nested_branch_dag.py
[2025-08-04T03:47:47.459+0000] {logging_mixin.py:188} INFO - [2025-08-04T03:47:47.458+0000] {dag.py:3096} INFO - Sync 1 DAGs
[2025-08-04T03:47:48.135+0000] {logging_mixin.py:188} INFO - [2025-08-04T03:47:48.130+0000] {dag.py:3954} INFO - Setting next_dagrun for example_nested_branch_dag to 2025-08-03 00:00:00+00:00, run_after=2025-08-04 00:00:00+00:00
[2025-08-04T03:47:48.466+0000] {processor.py:183} INFO - Processing /home/airflow/.local/lib/python3.12/site-packages/airflow/example_dags/example_nested_branch_dag.py took 1.686 seconds
[2025-08-04T03:48:21.825+0000] {processor.py:161} INFO - Started process (PID=271) to work on /home/airflow/.local/lib/python3.12/site-packages/airflow/example_dags/example_nested_branch_dag.py
[2025-08-04T03:48:21.831+0000] {processor.py:830} INFO - Processing file /home/airflow/.local/lib/python3.12/site-packages/airflow/example_dags/example_nested_branch_dag.py for tasks to queue
[2025-08-04T03:48:21.875+0000] {logging_mixin.py:188} INFO - [2025-08-04T03:48:21.874+0000] {dagbag.py:545} INFO - Filling up the DagBag from /home/airflow/.local/lib/python3.12/site-packages/airflow/example_dags/example_nested_branch_dag.py
[2025-08-04T03:48:21.950+0000] {processor.py:840} INFO - DAG(s) 'example_nested_branch_dag' retrieved from /home/airflow/.local/lib/python3.12/site-packages/airflow/example_dags/example_nested_branch_dag.py
[2025-08-04T03:48:22.085+0000] {logging_mixin.py:188} INFO - [2025-08-04T03:48:22.084+0000] {dag.py:3096} INFO - Sync 1 DAGs
[2025-08-04T03:48:22.372+0000] {logging_mixin.py:188} INFO - [2025-08-04T03:48:22.372+0000] {dag.py:3954} INFO - Setting next_dagrun for example_nested_branch_dag to 2025-08-03 00:00:00+00:00, run_after=2025-08-04 00:00:00+00:00
[2025-08-04T03:48:22.477+0000] {processor.py:183} INFO - Processing /home/airflow/.local/lib/python3.12/site-packages/airflow/example_dags/example_nested_branch_dag.py took 0.694 seconds
[2025-08-04T03:48:52.764+0000] {processor.py:161} INFO - Started process (PID=333) to work on /home/airflow/.local/lib/python3.12/site-packages/airflow/example_dags/example_nested_branch_dag.py
[2025-08-04T03:48:52.773+0000] {processor.py:830} INFO - Processing file /home/airflow/.local/lib/python3.12/site-packages/airflow/example_dags/example_nested_branch_dag.py for tasks to queue
[2025-08-04T03:48:52.776+0000] {logging_mixin.py:188} INFO - [2025-08-04T03:48:52.776+0000] {dagbag.py:545} INFO - Filling up the DagBag from /home/airflow/.local/lib/python3.12/site-packages/airflow/example_dags/example_nested_branch_dag.py
[2025-08-04T03:48:52.801+0000] {processor.py:840} INFO - DAG(s) 'example_nested_branch_dag' retrieved from /home/airflow/.local/lib/python3.12/site-packages/airflow/example_dags/example_nested_branch_dag.py
[2025-08-04T03:48:52.860+0000] {logging_mixin.py:188} INFO - [2025-08-04T03:48:52.859+0000] {dag.py:3096} INFO - Sync 1 DAGs
[2025-08-04T03:48:52.906+0000] {logging_mixin.py:188} INFO - [2025-08-04T03:48:52.906+0000] {dag.py:3954} INFO - Setting next_dagrun for example_nested_branch_dag to 2025-08-03 00:00:00+00:00, run_after=2025-08-04 00:00:00+00:00
[2025-08-04T03:48:52.950+0000] {processor.py:183} INFO - Processing /home/airflow/.local/lib/python3.12/site-packages/airflow/example_dags/example_nested_branch_dag.py took 0.194 seconds
[2025-08-04T03:49:50.124+0000] {processor.py:161} INFO - Started process (PID=366) to work on /home/airflow/.local/lib/python3.12/site-packages/airflow/example_dags/example_nested_branch_dag.py
[2025-08-04T03:49:50.173+0000] {processor.py:830} INFO - Processing file /home/airflow/.local/lib/python3.12/site-packages/airflow/example_dags/example_nested_branch_dag.py for tasks to queue
[2025-08-04T03:49:50.479+0000] {logging_mixin.py:188} INFO - [2025-08-04T03:49:50.407+0000] {dagbag.py:545} INFO - Filling up the DagBag from /home/airflow/.local/lib/python3.12/site-packages/airflow/example_dags/example_nested_branch_dag.py
[2025-08-04T03:49:51.055+0000] {processor.py:840} INFO - DAG(s) 'example_nested_branch_dag' retrieved from /home/airflow/.local/lib/python3.12/site-packages/airflow/example_dags/example_nested_branch_dag.py
[2025-08-04T03:49:52.874+0000] {logging_mixin.py:188} INFO - [2025-08-04T03:49:52.802+0000] {dag.py:3096} INFO - Sync 1 DAGs
[2025-08-04T03:49:57.040+0000] {logging_mixin.py:188} INFO - [2025-08-04T03:49:56.960+0000] {dag.py:3954} INFO - Setting next_dagrun for example_nested_branch_dag to 2025-08-03 00:00:00+00:00, run_after=2025-08-04 00:00:00+00:00
[2025-08-04T03:49:57.561+0000] {processor.py:183} INFO - Processing /home/airflow/.local/lib/python3.12/site-packages/airflow/example_dags/example_nested_branch_dag.py took 7.706 seconds
[2025-08-04T15:16:38.533+0000] {processor.py:161} INFO - Started process (PID=64) to work on /home/airflow/.local/lib/python3.12/site-packages/airflow/example_dags/example_nested_branch_dag.py
[2025-08-04T15:16:38.535+0000] {processor.py:830} INFO - Processing file /home/airflow/.local/lib/python3.12/site-packages/airflow/example_dags/example_nested_branch_dag.py for tasks to queue
[2025-08-04T15:16:38.540+0000] {logging_mixin.py:188} INFO - [2025-08-04T15:16:38.539+0000] {dagbag.py:545} INFO - Filling up the DagBag from /home/airflow/.local/lib/python3.12/site-packages/airflow/example_dags/example_nested_branch_dag.py
[2025-08-04T15:16:38.632+0000] {processor.py:840} INFO - DAG(s) 'example_nested_branch_dag' retrieved from /home/airflow/.local/lib/python3.12/site-packages/airflow/example_dags/example_nested_branch_dag.py
[2025-08-04T15:16:39.078+0000] {logging_mixin.py:188} INFO - [2025-08-04T15:16:39.073+0000] {dag.py:3096} INFO - Sync 1 DAGs
[2025-08-04T15:16:39.391+0000] {logging_mixin.py:188} INFO - [2025-08-04T15:16:39.391+0000] {dag.py:3954} INFO - Setting next_dagrun for example_nested_branch_dag to 2025-08-03 00:00:00+00:00, run_after=2025-08-04 00:00:00+00:00
[2025-08-04T15:16:39.540+0000] {processor.py:183} INFO - Processing /home/airflow/.local/lib/python3.12/site-packages/airflow/example_dags/example_nested_branch_dag.py took 1.015 seconds
[2025-08-04T15:17:10.127+0000] {processor.py:161} INFO - Started process (PID=122) to work on /home/airflow/.local/lib/python3.12/site-packages/airflow/example_dags/example_nested_branch_dag.py
[2025-08-04T15:17:10.129+0000] {processor.py:830} INFO - Processing file /home/airflow/.local/lib/python3.12/site-packages/airflow/example_dags/example_nested_branch_dag.py for tasks to queue
[2025-08-04T15:17:10.135+0000] {logging_mixin.py:188} INFO - [2025-08-04T15:17:10.134+0000] {dagbag.py:545} INFO - Filling up the DagBag from /home/airflow/.local/lib/python3.12/site-packages/airflow/example_dags/example_nested_branch_dag.py
[2025-08-04T15:17:10.166+0000] {processor.py:840} INFO - DAG(s) 'example_nested_branch_dag' retrieved from /home/airflow/.local/lib/python3.12/site-packages/airflow/example_dags/example_nested_branch_dag.py
[2025-08-04T15:17:10.209+0000] {logging_mixin.py:188} INFO - [2025-08-04T15:17:10.209+0000] {dag.py:3096} INFO - Sync 1 DAGs
[2025-08-04T15:17:10.278+0000] {logging_mixin.py:188} INFO - [2025-08-04T15:17:10.277+0000] {dag.py:3954} INFO - Setting next_dagrun for example_nested_branch_dag to 2025-08-03 00:00:00+00:00, run_after=2025-08-04 00:00:00+00:00
[2025-08-04T15:17:10.294+0000] {processor.py:183} INFO - Processing /home/airflow/.local/lib/python3.12/site-packages/airflow/example_dags/example_nested_branch_dag.py took 0.180 seconds
[2025-08-04T15:17:40.508+0000] {processor.py:161} INFO - Started process (PID=180) to work on /home/airflow/.local/lib/python3.12/site-packages/airflow/example_dags/example_nested_branch_dag.py
[2025-08-04T15:17:40.509+0000] {processor.py:830} INFO - Processing file /home/airflow/.local/lib/python3.12/site-packages/airflow/example_dags/example_nested_branch_dag.py for tasks to queue
[2025-08-04T15:17:40.516+0000] {logging_mixin.py:188} INFO - [2025-08-04T15:17:40.514+0000] {dagbag.py:545} INFO - Filling up the DagBag from /home/airflow/.local/lib/python3.12/site-packages/airflow/example_dags/example_nested_branch_dag.py
[2025-08-04T15:17:40.556+0000] {processor.py:840} INFO - DAG(s) 'example_nested_branch_dag' retrieved from /home/airflow/.local/lib/python3.12/site-packages/airflow/example_dags/example_nested_branch_dag.py
[2025-08-04T15:17:40.579+0000] {logging_mixin.py:188} INFO - [2025-08-04T15:17:40.579+0000] {dag.py:3096} INFO - Sync 1 DAGs
[2025-08-04T15:17:40.618+0000] {logging_mixin.py:188} INFO - [2025-08-04T15:17:40.618+0000] {dag.py:3954} INFO - Setting next_dagrun for example_nested_branch_dag to 2025-08-03 00:00:00+00:00, run_after=2025-08-04 00:00:00+00:00
[2025-08-04T15:17:40.636+0000] {processor.py:183} INFO - Processing /home/airflow/.local/lib/python3.12/site-packages/airflow/example_dags/example_nested_branch_dag.py took 0.143 seconds
[2025-08-04T15:18:11.101+0000] {processor.py:161} INFO - Started process (PID=238) to work on /home/airflow/.local/lib/python3.12/site-packages/airflow/example_dags/example_nested_branch_dag.py
[2025-08-04T15:18:11.102+0000] {processor.py:830} INFO - Processing file /home/airflow/.local/lib/python3.12/site-packages/airflow/example_dags/example_nested_branch_dag.py for tasks to queue
[2025-08-04T15:18:11.106+0000] {logging_mixin.py:188} INFO - [2025-08-04T15:18:11.104+0000] {dagbag.py:545} INFO - Filling up the DagBag from /home/airflow/.local/lib/python3.12/site-packages/airflow/example_dags/example_nested_branch_dag.py
[2025-08-04T15:18:11.118+0000] {processor.py:840} INFO - DAG(s) 'example_nested_branch_dag' retrieved from /home/airflow/.local/lib/python3.12/site-packages/airflow/example_dags/example_nested_branch_dag.py
[2025-08-04T15:18:11.134+0000] {logging_mixin.py:188} INFO - [2025-08-04T15:18:11.134+0000] {dag.py:3096} INFO - Sync 1 DAGs
[2025-08-04T15:18:11.151+0000] {logging_mixin.py:188} INFO - [2025-08-04T15:18:11.151+0000] {dag.py:3954} INFO - Setting next_dagrun for example_nested_branch_dag to 2025-08-03 00:00:00+00:00, run_after=2025-08-04 00:00:00+00:00
[2025-08-04T15:18:11.174+0000] {processor.py:183} INFO - Processing /home/airflow/.local/lib/python3.12/site-packages/airflow/example_dags/example_nested_branch_dag.py took 0.078 seconds
[2025-08-04T15:18:41.453+0000] {processor.py:161} INFO - Started process (PID=296) to work on /home/airflow/.local/lib/python3.12/site-packages/airflow/example_dags/example_nested_branch_dag.py
[2025-08-04T15:18:41.456+0000] {processor.py:830} INFO - Processing file /home/airflow/.local/lib/python3.12/site-packages/airflow/example_dags/example_nested_branch_dag.py for tasks to queue
[2025-08-04T15:18:41.464+0000] {logging_mixin.py:188} INFO - [2025-08-04T15:18:41.463+0000] {dagbag.py:545} INFO - Filling up the DagBag from /home/airflow/.local/lib/python3.12/site-packages/airflow/example_dags/example_nested_branch_dag.py
[2025-08-04T15:18:41.489+0000] {processor.py:840} INFO - DAG(s) 'example_nested_branch_dag' retrieved from /home/airflow/.local/lib/python3.12/site-packages/airflow/example_dags/example_nested_branch_dag.py
[2025-08-04T15:18:41.524+0000] {logging_mixin.py:188} INFO - [2025-08-04T15:18:41.523+0000] {dag.py:3096} INFO - Sync 1 DAGs
[2025-08-04T15:18:41.562+0000] {logging_mixin.py:188} INFO - [2025-08-04T15:18:41.562+0000] {dag.py:3954} INFO - Setting next_dagrun for example_nested_branch_dag to 2025-08-03 00:00:00+00:00, run_after=2025-08-04 00:00:00+00:00
[2025-08-04T15:18:41.598+0000] {processor.py:183} INFO - Processing /home/airflow/.local/lib/python3.12/site-packages/airflow/example_dags/example_nested_branch_dag.py took 0.157 seconds
[2025-08-04T15:19:11.970+0000] {processor.py:161} INFO - Started process (PID=354) to work on /home/airflow/.local/lib/python3.12/site-packages/airflow/example_dags/example_nested_branch_dag.py
[2025-08-04T15:19:11.974+0000] {processor.py:830} INFO - Processing file /home/airflow/.local/lib/python3.12/site-packages/airflow/example_dags/example_nested_branch_dag.py for tasks to queue
[2025-08-04T15:19:11.995+0000] {logging_mixin.py:188} INFO - [2025-08-04T15:19:11.986+0000] {dagbag.py:545} INFO - Filling up the DagBag from /home/airflow/.local/lib/python3.12/site-packages/airflow/example_dags/example_nested_branch_dag.py
[2025-08-04T15:19:12.133+0000] {processor.py:840} INFO - DAG(s) 'example_nested_branch_dag' retrieved from /home/airflow/.local/lib/python3.12/site-packages/airflow/example_dags/example_nested_branch_dag.py
[2025-08-04T15:19:12.404+0000] {logging_mixin.py:188} INFO - [2025-08-04T15:19:12.403+0000] {dag.py:3096} INFO - Sync 1 DAGs
[2025-08-04T15:19:12.453+0000] {logging_mixin.py:188} INFO - [2025-08-04T15:19:12.453+0000] {dag.py:3954} INFO - Setting next_dagrun for example_nested_branch_dag to 2025-08-03 00:00:00+00:00, run_after=2025-08-04 00:00:00+00:00
[2025-08-04T15:19:12.491+0000] {processor.py:183} INFO - Processing /home/airflow/.local/lib/python3.12/site-packages/airflow/example_dags/example_nested_branch_dag.py took 0.597 seconds
[2025-08-04T15:27:04.446+0000] {processor.py:161} INFO - Started process (PID=63) to work on /home/airflow/.local/lib/python3.12/site-packages/airflow/example_dags/example_nested_branch_dag.py
[2025-08-04T15:27:04.454+0000] {processor.py:830} INFO - Processing file /home/airflow/.local/lib/python3.12/site-packages/airflow/example_dags/example_nested_branch_dag.py for tasks to queue
[2025-08-04T15:27:04.582+0000] {logging_mixin.py:188} INFO - [2025-08-04T15:27:04.581+0000] {dagbag.py:545} INFO - Filling up the DagBag from /home/airflow/.local/lib/python3.12/site-packages/airflow/example_dags/example_nested_branch_dag.py
[2025-08-04T15:27:04.686+0000] {processor.py:840} INFO - DAG(s) 'example_nested_branch_dag' retrieved from /home/airflow/.local/lib/python3.12/site-packages/airflow/example_dags/example_nested_branch_dag.py
[2025-08-04T15:27:05.307+0000] {logging_mixin.py:188} INFO - [2025-08-04T15:27:05.306+0000] {dag.py:3096} INFO - Sync 1 DAGs
[2025-08-04T15:27:05.560+0000] {logging_mixin.py:188} INFO - [2025-08-04T15:27:05.560+0000] {dag.py:3954} INFO - Setting next_dagrun for example_nested_branch_dag to 2025-08-03 00:00:00+00:00, run_after=2025-08-04 00:00:00+00:00
[2025-08-04T15:27:05.690+0000] {processor.py:183} INFO - Processing /home/airflow/.local/lib/python3.12/site-packages/airflow/example_dags/example_nested_branch_dag.py took 1.378 seconds
[2025-08-04T15:27:35.787+0000] {processor.py:161} INFO - Started process (PID=121) to work on /home/airflow/.local/lib/python3.12/site-packages/airflow/example_dags/example_nested_branch_dag.py
[2025-08-04T15:27:35.788+0000] {processor.py:830} INFO - Processing file /home/airflow/.local/lib/python3.12/site-packages/airflow/example_dags/example_nested_branch_dag.py for tasks to queue
[2025-08-04T15:27:35.792+0000] {logging_mixin.py:188} INFO - [2025-08-04T15:27:35.791+0000] {dagbag.py:545} INFO - Filling up the DagBag from /home/airflow/.local/lib/python3.12/site-packages/airflow/example_dags/example_nested_branch_dag.py
[2025-08-04T15:27:35.806+0000] {processor.py:840} INFO - DAG(s) 'example_nested_branch_dag' retrieved from /home/airflow/.local/lib/python3.12/site-packages/airflow/example_dags/example_nested_branch_dag.py
[2025-08-04T15:27:35.823+0000] {logging_mixin.py:188} INFO - [2025-08-04T15:27:35.823+0000] {dag.py:3096} INFO - Sync 1 DAGs
[2025-08-04T15:27:35.846+0000] {logging_mixin.py:188} INFO - [2025-08-04T15:27:35.846+0000] {dag.py:3954} INFO - Setting next_dagrun for example_nested_branch_dag to 2025-08-03 00:00:00+00:00, run_after=2025-08-04 00:00:00+00:00
[2025-08-04T15:27:35.857+0000] {processor.py:183} INFO - Processing /home/airflow/.local/lib/python3.12/site-packages/airflow/example_dags/example_nested_branch_dag.py took 0.074 seconds
[2025-08-04T15:28:06.101+0000] {processor.py:161} INFO - Started process (PID=179) to work on /home/airflow/.local/lib/python3.12/site-packages/airflow/example_dags/example_nested_branch_dag.py
[2025-08-04T15:28:06.102+0000] {processor.py:830} INFO - Processing file /home/airflow/.local/lib/python3.12/site-packages/airflow/example_dags/example_nested_branch_dag.py for tasks to queue
[2025-08-04T15:28:06.105+0000] {logging_mixin.py:188} INFO - [2025-08-04T15:28:06.104+0000] {dagbag.py:545} INFO - Filling up the DagBag from /home/airflow/.local/lib/python3.12/site-packages/airflow/example_dags/example_nested_branch_dag.py
[2025-08-04T15:28:06.116+0000] {processor.py:840} INFO - DAG(s) 'example_nested_branch_dag' retrieved from /home/airflow/.local/lib/python3.12/site-packages/airflow/example_dags/example_nested_branch_dag.py
[2025-08-04T15:28:06.139+0000] {logging_mixin.py:188} INFO - [2025-08-04T15:28:06.139+0000] {dag.py:3096} INFO - Sync 1 DAGs
[2025-08-04T15:28:06.153+0000] {logging_mixin.py:188} INFO - [2025-08-04T15:28:06.153+0000] {dag.py:3954} INFO - Setting next_dagrun for example_nested_branch_dag to 2025-08-03 00:00:00+00:00, run_after=2025-08-04 00:00:00+00:00
[2025-08-04T15:28:06.162+0000] {processor.py:183} INFO - Processing /home/airflow/.local/lib/python3.12/site-packages/airflow/example_dags/example_nested_branch_dag.py took 0.069 seconds
[2025-08-04T15:28:36.501+0000] {processor.py:161} INFO - Started process (PID=237) to work on /home/airflow/.local/lib/python3.12/site-packages/airflow/example_dags/example_nested_branch_dag.py
[2025-08-04T15:28:36.502+0000] {processor.py:830} INFO - Processing file /home/airflow/.local/lib/python3.12/site-packages/airflow/example_dags/example_nested_branch_dag.py for tasks to queue
[2025-08-04T15:28:36.504+0000] {logging_mixin.py:188} INFO - [2025-08-04T15:28:36.504+0000] {dagbag.py:545} INFO - Filling up the DagBag from /home/airflow/.local/lib/python3.12/site-packages/airflow/example_dags/example_nested_branch_dag.py
[2025-08-04T15:28:36.518+0000] {processor.py:840} INFO - DAG(s) 'example_nested_branch_dag' retrieved from /home/airflow/.local/lib/python3.12/site-packages/airflow/example_dags/example_nested_branch_dag.py
[2025-08-04T15:28:36.542+0000] {logging_mixin.py:188} INFO - [2025-08-04T15:28:36.542+0000] {dag.py:3096} INFO - Sync 1 DAGs
[2025-08-04T15:28:36.564+0000] {logging_mixin.py:188} INFO - [2025-08-04T15:28:36.564+0000] {dag.py:3954} INFO - Setting next_dagrun for example_nested_branch_dag to 2025-08-03 00:00:00+00:00, run_after=2025-08-04 00:00:00+00:00
[2025-08-04T15:28:36.588+0000] {processor.py:183} INFO - Processing /home/airflow/.local/lib/python3.12/site-packages/airflow/example_dags/example_nested_branch_dag.py took 0.091 seconds
[2025-08-04T15:29:06.812+0000] {processor.py:161} INFO - Started process (PID=295) to work on /home/airflow/.local/lib/python3.12/site-packages/airflow/example_dags/example_nested_branch_dag.py
[2025-08-04T15:29:06.814+0000] {processor.py:830} INFO - Processing file /home/airflow/.local/lib/python3.12/site-packages/airflow/example_dags/example_nested_branch_dag.py for tasks to queue
[2025-08-04T15:29:06.816+0000] {logging_mixin.py:188} INFO - [2025-08-04T15:29:06.816+0000] {dagbag.py:545} INFO - Filling up the DagBag from /home/airflow/.local/lib/python3.12/site-packages/airflow/example_dags/example_nested_branch_dag.py
[2025-08-04T15:29:06.840+0000] {processor.py:840} INFO - DAG(s) 'example_nested_branch_dag' retrieved from /home/airflow/.local/lib/python3.12/site-packages/airflow/example_dags/example_nested_branch_dag.py
[2025-08-04T15:29:06.873+0000] {logging_mixin.py:188} INFO - [2025-08-04T15:29:06.873+0000] {dag.py:3096} INFO - Sync 1 DAGs
[2025-08-04T15:29:06.891+0000] {logging_mixin.py:188} INFO - [2025-08-04T15:29:06.891+0000] {dag.py:3954} INFO - Setting next_dagrun for example_nested_branch_dag to 2025-08-03 00:00:00+00:00, run_after=2025-08-04 00:00:00+00:00
[2025-08-04T15:29:06.904+0000] {processor.py:183} INFO - Processing /home/airflow/.local/lib/python3.12/site-packages/airflow/example_dags/example_nested_branch_dag.py took 0.097 seconds
[2025-08-04T15:29:37.083+0000] {processor.py:161} INFO - Started process (PID=353) to work on /home/airflow/.local/lib/python3.12/site-packages/airflow/example_dags/example_nested_branch_dag.py
[2025-08-04T15:29:37.087+0000] {processor.py:830} INFO - Processing file /home/airflow/.local/lib/python3.12/site-packages/airflow/example_dags/example_nested_branch_dag.py for tasks to queue
[2025-08-04T15:29:37.097+0000] {logging_mixin.py:188} INFO - [2025-08-04T15:29:37.096+0000] {dagbag.py:545} INFO - Filling up the DagBag from /home/airflow/.local/lib/python3.12/site-packages/airflow/example_dags/example_nested_branch_dag.py
[2025-08-04T15:29:37.124+0000] {processor.py:840} INFO - DAG(s) 'example_nested_branch_dag' retrieved from /home/airflow/.local/lib/python3.12/site-packages/airflow/example_dags/example_nested_branch_dag.py
[2025-08-04T15:29:37.166+0000] {logging_mixin.py:188} INFO - [2025-08-04T15:29:37.165+0000] {dag.py:3096} INFO - Sync 1 DAGs
[2025-08-04T15:29:37.193+0000] {logging_mixin.py:188} INFO - [2025-08-04T15:29:37.193+0000] {dag.py:3954} INFO - Setting next_dagrun for example_nested_branch_dag to 2025-08-03 00:00:00+00:00, run_after=2025-08-04 00:00:00+00:00
[2025-08-04T15:29:37.214+0000] {processor.py:183} INFO - Processing /home/airflow/.local/lib/python3.12/site-packages/airflow/example_dags/example_nested_branch_dag.py took 0.143 seconds
[2025-08-04T15:30:07.686+0000] {processor.py:161} INFO - Started process (PID=411) to work on /home/airflow/.local/lib/python3.12/site-packages/airflow/example_dags/example_nested_branch_dag.py
[2025-08-04T15:30:07.688+0000] {processor.py:830} INFO - Processing file /home/airflow/.local/lib/python3.12/site-packages/airflow/example_dags/example_nested_branch_dag.py for tasks to queue
[2025-08-04T15:30:07.692+0000] {logging_mixin.py:188} INFO - [2025-08-04T15:30:07.692+0000] {dagbag.py:545} INFO - Filling up the DagBag from /home/airflow/.local/lib/python3.12/site-packages/airflow/example_dags/example_nested_branch_dag.py
[2025-08-04T15:30:07.708+0000] {processor.py:840} INFO - DAG(s) 'example_nested_branch_dag' retrieved from /home/airflow/.local/lib/python3.12/site-packages/airflow/example_dags/example_nested_branch_dag.py
[2025-08-04T15:30:07.735+0000] {logging_mixin.py:188} INFO - [2025-08-04T15:30:07.735+0000] {dag.py:3096} INFO - Sync 1 DAGs
[2025-08-04T15:30:07.749+0000] {logging_mixin.py:188} INFO - [2025-08-04T15:30:07.748+0000] {dag.py:3954} INFO - Setting next_dagrun for example_nested_branch_dag to 2025-08-03 00:00:00+00:00, run_after=2025-08-04 00:00:00+00:00
[2025-08-04T15:30:07.761+0000] {processor.py:183} INFO - Processing /home/airflow/.local/lib/python3.12/site-packages/airflow/example_dags/example_nested_branch_dag.py took 0.084 seconds
[2025-08-04T15:30:37.787+0000] {processor.py:161} INFO - Started process (PID=469) to work on /home/airflow/.local/lib/python3.12/site-packages/airflow/example_dags/example_nested_branch_dag.py
[2025-08-04T15:30:37.788+0000] {processor.py:830} INFO - Processing file /home/airflow/.local/lib/python3.12/site-packages/airflow/example_dags/example_nested_branch_dag.py for tasks to queue
[2025-08-04T15:30:37.790+0000] {logging_mixin.py:188} INFO - [2025-08-04T15:30:37.789+0000] {dagbag.py:545} INFO - Filling up the DagBag from /home/airflow/.local/lib/python3.12/site-packages/airflow/example_dags/example_nested_branch_dag.py
[2025-08-04T15:30:37.794+0000] {processor.py:840} INFO - DAG(s) 'example_nested_branch_dag' retrieved from /home/airflow/.local/lib/python3.12/site-packages/airflow/example_dags/example_nested_branch_dag.py
[2025-08-04T15:30:37.808+0000] {logging_mixin.py:188} INFO - [2025-08-04T15:30:37.808+0000] {dag.py:3096} INFO - Sync 1 DAGs
[2025-08-04T15:30:37.818+0000] {logging_mixin.py:188} INFO - [2025-08-04T15:30:37.818+0000] {dag.py:3954} INFO - Setting next_dagrun for example_nested_branch_dag to 2025-08-03 00:00:00+00:00, run_after=2025-08-04 00:00:00+00:00
[2025-08-04T15:30:37.830+0000] {processor.py:183} INFO - Processing /home/airflow/.local/lib/python3.12/site-packages/airflow/example_dags/example_nested_branch_dag.py took 0.046 seconds
[2025-08-04T15:31:08.636+0000] {processor.py:161} INFO - Started process (PID=527) to work on /home/airflow/.local/lib/python3.12/site-packages/airflow/example_dags/example_nested_branch_dag.py
[2025-08-04T15:31:08.638+0000] {processor.py:830} INFO - Processing file /home/airflow/.local/lib/python3.12/site-packages/airflow/example_dags/example_nested_branch_dag.py for tasks to queue
[2025-08-04T15:31:08.641+0000] {logging_mixin.py:188} INFO - [2025-08-04T15:31:08.641+0000] {dagbag.py:545} INFO - Filling up the DagBag from /home/airflow/.local/lib/python3.12/site-packages/airflow/example_dags/example_nested_branch_dag.py
[2025-08-04T15:31:08.654+0000] {processor.py:840} INFO - DAG(s) 'example_nested_branch_dag' retrieved from /home/airflow/.local/lib/python3.12/site-packages/airflow/example_dags/example_nested_branch_dag.py
[2025-08-04T15:31:08.679+0000] {logging_mixin.py:188} INFO - [2025-08-04T15:31:08.679+0000] {dag.py:3096} INFO - Sync 1 DAGs
[2025-08-04T15:31:08.699+0000] {logging_mixin.py:188} INFO - [2025-08-04T15:31:08.699+0000] {dag.py:3954} INFO - Setting next_dagrun for example_nested_branch_dag to 2025-08-03 00:00:00+00:00, run_after=2025-08-04 00:00:00+00:00
[2025-08-04T15:31:08.711+0000] {processor.py:183} INFO - Processing /home/airflow/.local/lib/python3.12/site-packages/airflow/example_dags/example_nested_branch_dag.py took 0.085 seconds
[2025-08-04T15:31:38.889+0000] {processor.py:161} INFO - Started process (PID=585) to work on /home/airflow/.local/lib/python3.12/site-packages/airflow/example_dags/example_nested_branch_dag.py
[2025-08-04T15:31:38.890+0000] {processor.py:830} INFO - Processing file /home/airflow/.local/lib/python3.12/site-packages/airflow/example_dags/example_nested_branch_dag.py for tasks to queue
[2025-08-04T15:31:38.892+0000] {logging_mixin.py:188} INFO - [2025-08-04T15:31:38.891+0000] {dagbag.py:545} INFO - Filling up the DagBag from /home/airflow/.local/lib/python3.12/site-packages/airflow/example_dags/example_nested_branch_dag.py
[2025-08-04T15:31:38.906+0000] {processor.py:840} INFO - DAG(s) 'example_nested_branch_dag' retrieved from /home/airflow/.local/lib/python3.12/site-packages/airflow/example_dags/example_nested_branch_dag.py
[2025-08-04T15:31:38.926+0000] {logging_mixin.py:188} INFO - [2025-08-04T15:31:38.926+0000] {dag.py:3096} INFO - Sync 1 DAGs
[2025-08-04T15:31:38.942+0000] {logging_mixin.py:188} INFO - [2025-08-04T15:31:38.942+0000] {dag.py:3954} INFO - Setting next_dagrun for example_nested_branch_dag to 2025-08-03 00:00:00+00:00, run_after=2025-08-04 00:00:00+00:00
[2025-08-04T15:31:38.958+0000] {processor.py:183} INFO - Processing /home/airflow/.local/lib/python3.12/site-packages/airflow/example_dags/example_nested_branch_dag.py took 0.081 seconds
[2025-08-04T15:32:09.397+0000] {processor.py:161} INFO - Started process (PID=643) to work on /home/airflow/.local/lib/python3.12/site-packages/airflow/example_dags/example_nested_branch_dag.py
[2025-08-04T15:32:09.399+0000] {processor.py:830} INFO - Processing file /home/airflow/.local/lib/python3.12/site-packages/airflow/example_dags/example_nested_branch_dag.py for tasks to queue
[2025-08-04T15:32:09.402+0000] {logging_mixin.py:188} INFO - [2025-08-04T15:32:09.401+0000] {dagbag.py:545} INFO - Filling up the DagBag from /home/airflow/.local/lib/python3.12/site-packages/airflow/example_dags/example_nested_branch_dag.py
[2025-08-04T15:32:09.415+0000] {processor.py:840} INFO - DAG(s) 'example_nested_branch_dag' retrieved from /home/airflow/.local/lib/python3.12/site-packages/airflow/example_dags/example_nested_branch_dag.py
[2025-08-04T15:32:09.431+0000] {logging_mixin.py:188} INFO - [2025-08-04T15:32:09.431+0000] {dag.py:3096} INFO - Sync 1 DAGs
[2025-08-04T15:32:09.443+0000] {logging_mixin.py:188} INFO - [2025-08-04T15:32:09.442+0000] {dag.py:3954} INFO - Setting next_dagrun for example_nested_branch_dag to 2025-08-03 00:00:00+00:00, run_after=2025-08-04 00:00:00+00:00
[2025-08-04T15:32:09.452+0000] {processor.py:183} INFO - Processing /home/airflow/.local/lib/python3.12/site-packages/airflow/example_dags/example_nested_branch_dag.py took 0.064 seconds
[2025-08-04T15:52:53.280+0000] {processor.py:161} INFO - Started process (PID=65) to work on /home/airflow/.local/lib/python3.12/site-packages/airflow/example_dags/example_nested_branch_dag.py
[2025-08-04T15:52:53.281+0000] {processor.py:830} INFO - Processing file /home/airflow/.local/lib/python3.12/site-packages/airflow/example_dags/example_nested_branch_dag.py for tasks to queue
[2025-08-04T15:52:53.310+0000] {logging_mixin.py:188} INFO - [2025-08-04T15:52:53.310+0000] {dagbag.py:545} INFO - Filling up the DagBag from /home/airflow/.local/lib/python3.12/site-packages/airflow/example_dags/example_nested_branch_dag.py
[2025-08-04T15:52:53.360+0000] {processor.py:840} INFO - DAG(s) 'example_nested_branch_dag' retrieved from /home/airflow/.local/lib/python3.12/site-packages/airflow/example_dags/example_nested_branch_dag.py
[2025-08-04T15:52:53.639+0000] {logging_mixin.py:188} INFO - [2025-08-04T15:52:53.639+0000] {dag.py:3096} INFO - Sync 1 DAGs
[2025-08-04T15:52:53.711+0000] {logging_mixin.py:188} INFO - [2025-08-04T15:52:53.711+0000] {dag.py:3954} INFO - Setting next_dagrun for example_nested_branch_dag to 2025-08-03 00:00:00+00:00, run_after=2025-08-04 00:00:00+00:00
[2025-08-04T15:52:53.895+0000] {processor.py:183} INFO - Processing /home/airflow/.local/lib/python3.12/site-packages/airflow/example_dags/example_nested_branch_dag.py took 0.641 seconds
[2025-08-04T15:53:24.073+0000] {processor.py:161} INFO - Started process (PID=123) to work on /home/airflow/.local/lib/python3.12/site-packages/airflow/example_dags/example_nested_branch_dag.py
[2025-08-04T15:53:24.075+0000] {processor.py:830} INFO - Processing file /home/airflow/.local/lib/python3.12/site-packages/airflow/example_dags/example_nested_branch_dag.py for tasks to queue
[2025-08-04T15:53:24.077+0000] {logging_mixin.py:188} INFO - [2025-08-04T15:53:24.076+0000] {dagbag.py:545} INFO - Filling up the DagBag from /home/airflow/.local/lib/python3.12/site-packages/airflow/example_dags/example_nested_branch_dag.py
[2025-08-04T15:53:24.092+0000] {processor.py:840} INFO - DAG(s) 'example_nested_branch_dag' retrieved from /home/airflow/.local/lib/python3.12/site-packages/airflow/example_dags/example_nested_branch_dag.py
[2025-08-04T15:53:24.120+0000] {logging_mixin.py:188} INFO - [2025-08-04T15:53:24.120+0000] {dag.py:3096} INFO - Sync 1 DAGs
[2025-08-04T15:53:24.138+0000] {logging_mixin.py:188} INFO - [2025-08-04T15:53:24.138+0000] {dag.py:3954} INFO - Setting next_dagrun for example_nested_branch_dag to 2025-08-03 00:00:00+00:00, run_after=2025-08-04 00:00:00+00:00
[2025-08-04T15:53:24.152+0000] {processor.py:183} INFO - Processing /home/airflow/.local/lib/python3.12/site-packages/airflow/example_dags/example_nested_branch_dag.py took 0.090 seconds
[2025-08-04T15:53:54.486+0000] {processor.py:161} INFO - Started process (PID=181) to work on /home/airflow/.local/lib/python3.12/site-packages/airflow/example_dags/example_nested_branch_dag.py
[2025-08-04T15:53:54.487+0000] {processor.py:830} INFO - Processing file /home/airflow/.local/lib/python3.12/site-packages/airflow/example_dags/example_nested_branch_dag.py for tasks to queue
[2025-08-04T15:53:54.489+0000] {logging_mixin.py:188} INFO - [2025-08-04T15:53:54.489+0000] {dagbag.py:545} INFO - Filling up the DagBag from /home/airflow/.local/lib/python3.12/site-packages/airflow/example_dags/example_nested_branch_dag.py
[2025-08-04T15:53:54.515+0000] {processor.py:840} INFO - DAG(s) 'example_nested_branch_dag' retrieved from /home/airflow/.local/lib/python3.12/site-packages/airflow/example_dags/example_nested_branch_dag.py
[2025-08-04T15:53:54.576+0000] {logging_mixin.py:188} INFO - [2025-08-04T15:53:54.575+0000] {dag.py:3096} INFO - Sync 1 DAGs
[2025-08-04T15:53:54.622+0000] {logging_mixin.py:188} INFO - [2025-08-04T15:53:54.621+0000] {dag.py:3954} INFO - Setting next_dagrun for example_nested_branch_dag to 2025-08-03 00:00:00+00:00, run_after=2025-08-04 00:00:00+00:00
[2025-08-04T15:53:54.640+0000] {processor.py:183} INFO - Processing /home/airflow/.local/lib/python3.12/site-packages/airflow/example_dags/example_nested_branch_dag.py took 0.173 seconds
[2025-08-04T15:54:24.741+0000] {processor.py:161} INFO - Started process (PID=239) to work on /home/airflow/.local/lib/python3.12/site-packages/airflow/example_dags/example_nested_branch_dag.py
[2025-08-04T15:54:24.743+0000] {processor.py:830} INFO - Processing file /home/airflow/.local/lib/python3.12/site-packages/airflow/example_dags/example_nested_branch_dag.py for tasks to queue
[2025-08-04T15:54:24.744+0000] {logging_mixin.py:188} INFO - [2025-08-04T15:54:24.744+0000] {dagbag.py:545} INFO - Filling up the DagBag from /home/airflow/.local/lib/python3.12/site-packages/airflow/example_dags/example_nested_branch_dag.py
[2025-08-04T15:54:24.751+0000] {processor.py:840} INFO - DAG(s) 'example_nested_branch_dag' retrieved from /home/airflow/.local/lib/python3.12/site-packages/airflow/example_dags/example_nested_branch_dag.py
[2025-08-04T15:54:24.764+0000] {logging_mixin.py:188} INFO - [2025-08-04T15:54:24.763+0000] {dag.py:3096} INFO - Sync 1 DAGs
[2025-08-04T15:54:24.783+0000] {logging_mixin.py:188} INFO - [2025-08-04T15:54:24.783+0000] {dag.py:3954} INFO - Setting next_dagrun for example_nested_branch_dag to 2025-08-03 00:00:00+00:00, run_after=2025-08-04 00:00:00+00:00
[2025-08-04T15:54:24.799+0000] {processor.py:183} INFO - Processing /home/airflow/.local/lib/python3.12/site-packages/airflow/example_dags/example_nested_branch_dag.py took 0.060 seconds
[2025-08-04T15:54:55.125+0000] {processor.py:161} INFO - Started process (PID=297) to work on /home/airflow/.local/lib/python3.12/site-packages/airflow/example_dags/example_nested_branch_dag.py
[2025-08-04T15:54:55.126+0000] {processor.py:830} INFO - Processing file /home/airflow/.local/lib/python3.12/site-packages/airflow/example_dags/example_nested_branch_dag.py for tasks to queue
[2025-08-04T15:54:55.136+0000] {logging_mixin.py:188} INFO - [2025-08-04T15:54:55.132+0000] {dagbag.py:545} INFO - Filling up the DagBag from /home/airflow/.local/lib/python3.12/site-packages/airflow/example_dags/example_nested_branch_dag.py
[2025-08-04T15:54:55.178+0000] {processor.py:840} INFO - DAG(s) 'example_nested_branch_dag' retrieved from /home/airflow/.local/lib/python3.12/site-packages/airflow/example_dags/example_nested_branch_dag.py
[2025-08-04T15:54:55.328+0000] {logging_mixin.py:188} INFO - [2025-08-04T15:54:55.328+0000] {dag.py:3096} INFO - Sync 1 DAGs
[2025-08-04T15:54:55.393+0000] {logging_mixin.py:188} INFO - [2025-08-04T15:54:55.393+0000] {dag.py:3954} INFO - Setting next_dagrun for example_nested_branch_dag to 2025-08-03 00:00:00+00:00, run_after=2025-08-04 00:00:00+00:00
[2025-08-04T15:54:55.456+0000] {processor.py:183} INFO - Processing /home/airflow/.local/lib/python3.12/site-packages/airflow/example_dags/example_nested_branch_dag.py took 0.341 seconds
[2025-08-04T15:55:26.385+0000] {processor.py:161} INFO - Started process (PID=355) to work on /home/airflow/.local/lib/python3.12/site-packages/airflow/example_dags/example_nested_branch_dag.py
[2025-08-04T15:55:26.391+0000] {processor.py:830} INFO - Processing file /home/airflow/.local/lib/python3.12/site-packages/airflow/example_dags/example_nested_branch_dag.py for tasks to queue
[2025-08-04T15:55:26.413+0000] {logging_mixin.py:188} INFO - [2025-08-04T15:55:26.410+0000] {dagbag.py:545} INFO - Filling up the DagBag from /home/airflow/.local/lib/python3.12/site-packages/airflow/example_dags/example_nested_branch_dag.py
[2025-08-04T15:55:26.532+0000] {processor.py:840} INFO - DAG(s) 'example_nested_branch_dag' retrieved from /home/airflow/.local/lib/python3.12/site-packages/airflow/example_dags/example_nested_branch_dag.py
[2025-08-04T15:55:27.252+0000] {logging_mixin.py:188} INFO - [2025-08-04T15:55:27.250+0000] {dag.py:3096} INFO - Sync 1 DAGs
[2025-08-04T15:55:27.410+0000] {logging_mixin.py:188} INFO - [2025-08-04T15:55:27.409+0000] {dag.py:3954} INFO - Setting next_dagrun for example_nested_branch_dag to 2025-08-03 00:00:00+00:00, run_after=2025-08-04 00:00:00+00:00
[2025-08-04T15:55:27.466+0000] {processor.py:183} INFO - Processing /home/airflow/.local/lib/python3.12/site-packages/airflow/example_dags/example_nested_branch_dag.py took 1.236 seconds
[2025-08-04T15:55:57.960+0000] {processor.py:161} INFO - Started process (PID=411) to work on /home/airflow/.local/lib/python3.12/site-packages/airflow/example_dags/example_nested_branch_dag.py
[2025-08-04T15:55:57.962+0000] {processor.py:830} INFO - Processing file /home/airflow/.local/lib/python3.12/site-packages/airflow/example_dags/example_nested_branch_dag.py for tasks to queue
[2025-08-04T15:55:57.970+0000] {logging_mixin.py:188} INFO - [2025-08-04T15:55:57.969+0000] {dagbag.py:545} INFO - Filling up the DagBag from /home/airflow/.local/lib/python3.12/site-packages/airflow/example_dags/example_nested_branch_dag.py
[2025-08-04T15:55:58.009+0000] {processor.py:840} INFO - DAG(s) 'example_nested_branch_dag' retrieved from /home/airflow/.local/lib/python3.12/site-packages/airflow/example_dags/example_nested_branch_dag.py
[2025-08-04T15:55:58.054+0000] {logging_mixin.py:188} INFO - [2025-08-04T15:55:58.054+0000] {dag.py:3096} INFO - Sync 1 DAGs
[2025-08-04T15:55:58.074+0000] {logging_mixin.py:188} INFO - [2025-08-04T15:55:58.074+0000] {dag.py:3954} INFO - Setting next_dagrun for example_nested_branch_dag to 2025-08-03 00:00:00+00:00, run_after=2025-08-04 00:00:00+00:00
[2025-08-04T15:55:58.086+0000] {processor.py:183} INFO - Processing /home/airflow/.local/lib/python3.12/site-packages/airflow/example_dags/example_nested_branch_dag.py took 0.135 seconds
[2025-08-04T15:58:48.202+0000] {processor.py:161} INFO - Started process (PID=65) to work on /home/airflow/.local/lib/python3.12/site-packages/airflow/example_dags/example_nested_branch_dag.py
[2025-08-04T15:58:48.210+0000] {processor.py:830} INFO - Processing file /home/airflow/.local/lib/python3.12/site-packages/airflow/example_dags/example_nested_branch_dag.py for tasks to queue
[2025-08-04T15:58:48.227+0000] {logging_mixin.py:188} INFO - [2025-08-04T15:58:48.226+0000] {dagbag.py:545} INFO - Filling up the DagBag from /home/airflow/.local/lib/python3.12/site-packages/airflow/example_dags/example_nested_branch_dag.py
[2025-08-04T15:58:48.429+0000] {processor.py:840} INFO - DAG(s) 'example_nested_branch_dag' retrieved from /home/airflow/.local/lib/python3.12/site-packages/airflow/example_dags/example_nested_branch_dag.py
[2025-08-04T15:58:48.957+0000] {logging_mixin.py:188} INFO - [2025-08-04T15:58:48.952+0000] {dag.py:3096} INFO - Sync 1 DAGs
[2025-08-04T15:58:49.086+0000] {logging_mixin.py:188} INFO - [2025-08-04T15:58:49.085+0000] {dag.py:3954} INFO - Setting next_dagrun for example_nested_branch_dag to 2025-08-03 00:00:00+00:00, run_after=2025-08-04 00:00:00+00:00
[2025-08-04T15:58:49.401+0000] {processor.py:183} INFO - Processing /home/airflow/.local/lib/python3.12/site-packages/airflow/example_dags/example_nested_branch_dag.py took 1.215 seconds
[2025-08-04T15:59:19.873+0000] {processor.py:161} INFO - Started process (PID=123) to work on /home/airflow/.local/lib/python3.12/site-packages/airflow/example_dags/example_nested_branch_dag.py
[2025-08-04T15:59:19.874+0000] {processor.py:830} INFO - Processing file /home/airflow/.local/lib/python3.12/site-packages/airflow/example_dags/example_nested_branch_dag.py for tasks to queue
[2025-08-04T15:59:19.894+0000] {logging_mixin.py:188} INFO - [2025-08-04T15:59:19.891+0000] {dagbag.py:545} INFO - Filling up the DagBag from /home/airflow/.local/lib/python3.12/site-packages/airflow/example_dags/example_nested_branch_dag.py
[2025-08-04T15:59:19.948+0000] {processor.py:840} INFO - DAG(s) 'example_nested_branch_dag' retrieved from /home/airflow/.local/lib/python3.12/site-packages/airflow/example_dags/example_nested_branch_dag.py
[2025-08-04T15:59:20.147+0000] {logging_mixin.py:188} INFO - [2025-08-04T15:59:20.147+0000] {dag.py:3096} INFO - Sync 1 DAGs
[2025-08-04T15:59:20.245+0000] {logging_mixin.py:188} INFO - [2025-08-04T15:59:20.244+0000] {dag.py:3954} INFO - Setting next_dagrun for example_nested_branch_dag to 2025-08-03 00:00:00+00:00, run_after=2025-08-04 00:00:00+00:00
[2025-08-04T15:59:20.304+0000] {processor.py:183} INFO - Processing /home/airflow/.local/lib/python3.12/site-packages/airflow/example_dags/example_nested_branch_dag.py took 0.446 seconds
[2025-08-04T15:59:50.410+0000] {processor.py:161} INFO - Started process (PID=181) to work on /home/airflow/.local/lib/python3.12/site-packages/airflow/example_dags/example_nested_branch_dag.py
[2025-08-04T15:59:50.411+0000] {processor.py:830} INFO - Processing file /home/airflow/.local/lib/python3.12/site-packages/airflow/example_dags/example_nested_branch_dag.py for tasks to queue
[2025-08-04T15:59:50.414+0000] {logging_mixin.py:188} INFO - [2025-08-04T15:59:50.413+0000] {dagbag.py:545} INFO - Filling up the DagBag from /home/airflow/.local/lib/python3.12/site-packages/airflow/example_dags/example_nested_branch_dag.py
[2025-08-04T15:59:50.428+0000] {processor.py:840} INFO - DAG(s) 'example_nested_branch_dag' retrieved from /home/airflow/.local/lib/python3.12/site-packages/airflow/example_dags/example_nested_branch_dag.py
[2025-08-04T15:59:50.456+0000] {logging_mixin.py:188} INFO - [2025-08-04T15:59:50.456+0000] {dag.py:3096} INFO - Sync 1 DAGs
[2025-08-04T15:59:50.494+0000] {logging_mixin.py:188} INFO - [2025-08-04T15:59:50.494+0000] {dag.py:3954} INFO - Setting next_dagrun for example_nested_branch_dag to 2025-08-03 00:00:00+00:00, run_after=2025-08-04 00:00:00+00:00
[2025-08-04T15:59:50.526+0000] {processor.py:183} INFO - Processing /home/airflow/.local/lib/python3.12/site-packages/airflow/example_dags/example_nested_branch_dag.py took 0.121 seconds
[2025-08-04T16:00:20.962+0000] {processor.py:161} INFO - Started process (PID=239) to work on /home/airflow/.local/lib/python3.12/site-packages/airflow/example_dags/example_nested_branch_dag.py
[2025-08-04T16:00:20.963+0000] {processor.py:830} INFO - Processing file /home/airflow/.local/lib/python3.12/site-packages/airflow/example_dags/example_nested_branch_dag.py for tasks to queue
[2025-08-04T16:00:20.964+0000] {logging_mixin.py:188} INFO - [2025-08-04T16:00:20.964+0000] {dagbag.py:545} INFO - Filling up the DagBag from /home/airflow/.local/lib/python3.12/site-packages/airflow/example_dags/example_nested_branch_dag.py
[2025-08-04T16:00:20.970+0000] {processor.py:840} INFO - DAG(s) 'example_nested_branch_dag' retrieved from /home/airflow/.local/lib/python3.12/site-packages/airflow/example_dags/example_nested_branch_dag.py
[2025-08-04T16:00:20.987+0000] {logging_mixin.py:188} INFO - [2025-08-04T16:00:20.987+0000] {dag.py:3096} INFO - Sync 1 DAGs
[2025-08-04T16:00:21.008+0000] {logging_mixin.py:188} INFO - [2025-08-04T16:00:21.008+0000] {dag.py:3954} INFO - Setting next_dagrun for example_nested_branch_dag to 2025-08-03 00:00:00+00:00, run_after=2025-08-04 00:00:00+00:00
[2025-08-04T16:00:21.033+0000] {processor.py:183} INFO - Processing /home/airflow/.local/lib/python3.12/site-packages/airflow/example_dags/example_nested_branch_dag.py took 0.074 seconds
[2025-08-04T16:00:51.158+0000] {processor.py:161} INFO - Started process (PID=297) to work on /home/airflow/.local/lib/python3.12/site-packages/airflow/example_dags/example_nested_branch_dag.py
[2025-08-04T16:00:51.163+0000] {processor.py:830} INFO - Processing file /home/airflow/.local/lib/python3.12/site-packages/airflow/example_dags/example_nested_branch_dag.py for tasks to queue
[2025-08-04T16:00:51.172+0000] {logging_mixin.py:188} INFO - [2025-08-04T16:00:51.171+0000] {dagbag.py:545} INFO - Filling up the DagBag from /home/airflow/.local/lib/python3.12/site-packages/airflow/example_dags/example_nested_branch_dag.py
[2025-08-04T16:00:51.201+0000] {processor.py:840} INFO - DAG(s) 'example_nested_branch_dag' retrieved from /home/airflow/.local/lib/python3.12/site-packages/airflow/example_dags/example_nested_branch_dag.py
[2025-08-04T16:00:51.409+0000] {logging_mixin.py:188} INFO - [2025-08-04T16:00:51.408+0000] {dag.py:3096} INFO - Sync 1 DAGs
[2025-08-04T16:00:51.436+0000] {logging_mixin.py:188} INFO - [2025-08-04T16:00:51.435+0000] {dag.py:3954} INFO - Setting next_dagrun for example_nested_branch_dag to 2025-08-03 00:00:00+00:00, run_after=2025-08-04 00:00:00+00:00
[2025-08-04T16:00:51.481+0000] {processor.py:183} INFO - Processing /home/airflow/.local/lib/python3.12/site-packages/airflow/example_dags/example_nested_branch_dag.py took 0.335 seconds
[2025-08-04T16:01:21.601+0000] {processor.py:161} INFO - Started process (PID=353) to work on /home/airflow/.local/lib/python3.12/site-packages/airflow/example_dags/example_nested_branch_dag.py
[2025-08-04T16:01:21.601+0000] {processor.py:830} INFO - Processing file /home/airflow/.local/lib/python3.12/site-packages/airflow/example_dags/example_nested_branch_dag.py for tasks to queue
[2025-08-04T16:01:21.603+0000] {logging_mixin.py:188} INFO - [2025-08-04T16:01:21.602+0000] {dagbag.py:545} INFO - Filling up the DagBag from /home/airflow/.local/lib/python3.12/site-packages/airflow/example_dags/example_nested_branch_dag.py
[2025-08-04T16:01:21.621+0000] {processor.py:840} INFO - DAG(s) 'example_nested_branch_dag' retrieved from /home/airflow/.local/lib/python3.12/site-packages/airflow/example_dags/example_nested_branch_dag.py
[2025-08-04T16:01:21.675+0000] {logging_mixin.py:188} INFO - [2025-08-04T16:01:21.675+0000] {dag.py:3096} INFO - Sync 1 DAGs
[2025-08-04T16:01:21.693+0000] {logging_mixin.py:188} INFO - [2025-08-04T16:01:21.693+0000] {dag.py:3954} INFO - Setting next_dagrun for example_nested_branch_dag to 2025-08-03 00:00:00+00:00, run_after=2025-08-04 00:00:00+00:00
[2025-08-04T16:01:21.704+0000] {processor.py:183} INFO - Processing /home/airflow/.local/lib/python3.12/site-packages/airflow/example_dags/example_nested_branch_dag.py took 0.114 seconds
[2025-08-04T16:35:18.400+0000] {processor.py:161} INFO - Started process (PID=66) to work on /home/airflow/.local/lib/python3.12/site-packages/airflow/example_dags/example_nested_branch_dag.py
[2025-08-04T16:35:18.402+0000] {processor.py:830} INFO - Processing file /home/airflow/.local/lib/python3.12/site-packages/airflow/example_dags/example_nested_branch_dag.py for tasks to queue
[2025-08-04T16:35:18.405+0000] {logging_mixin.py:188} INFO - [2025-08-04T16:35:18.404+0000] {dagbag.py:545} INFO - Filling up the DagBag from /home/airflow/.local/lib/python3.12/site-packages/airflow/example_dags/example_nested_branch_dag.py
[2025-08-04T16:35:18.533+0000] {processor.py:840} INFO - DAG(s) 'example_nested_branch_dag' retrieved from /home/airflow/.local/lib/python3.12/site-packages/airflow/example_dags/example_nested_branch_dag.py
[2025-08-04T16:35:18.619+0000] {logging_mixin.py:188} INFO - [2025-08-04T16:35:18.618+0000] {dag.py:3096} INFO - Sync 1 DAGs
[2025-08-04T16:35:18.684+0000] {logging_mixin.py:188} INFO - [2025-08-04T16:35:18.683+0000] {dag.py:3954} INFO - Setting next_dagrun for example_nested_branch_dag to 2025-08-03 00:00:00+00:00, run_after=2025-08-04 00:00:00+00:00
[2025-08-04T16:35:18.781+0000] {processor.py:183} INFO - Processing /home/airflow/.local/lib/python3.12/site-packages/airflow/example_dags/example_nested_branch_dag.py took 0.394 seconds
