[2025-08-04T03:46:05.819+0000] {processor.py:161} INFO - Started process (PID=103) to work on /home/airflow/.local/lib/python3.12/site-packages/airflow/example_dags/example_external_task_marker_dag.py
[2025-08-04T03:46:05.824+0000] {processor.py:830} INFO - Processing file /home/airflow/.local/lib/python3.12/site-packages/airflow/example_dags/example_external_task_marker_dag.py for tasks to queue
[2025-08-04T03:46:05.837+0000] {logging_mixin.py:188} INFO - [2025-08-04T03:46:05.830+0000] {dagbag.py:545} INFO - Filling up the DagBag from /home/airflow/.local/lib/python3.12/site-packages/airflow/example_dags/example_external_task_marker_dag.py
[2025-08-04T03:46:05.891+0000] {processor.py:840} INFO - DAG(s) 'example_external_task_marker_parent', 'example_external_task_marker_child' retrieved from /home/airflow/.local/lib/python3.12/site-packages/airflow/example_dags/example_external_task_marker_dag.py
[2025-08-04T03:46:06.247+0000] {logging_mixin.py:188} INFO - [2025-08-04T03:46:06.246+0000] {dag.py:3096} INFO - Sync 2 DAGs
[2025-08-04T03:46:06.450+0000] {logging_mixin.py:188} INFO - [2025-08-04T03:46:06.449+0000] {dag.py:3954} INFO - Setting next_dagrun for example_external_task_marker_child to None, run_after=None
[2025-08-04T03:46:06.479+0000] {logging_mixin.py:188} INFO - [2025-08-04T03:46:06.478+0000] {dag.py:3954} INFO - Setting next_dagrun for example_external_task_marker_parent to None, run_after=None
[2025-08-04T03:46:06.579+0000] {processor.py:183} INFO - Processing /home/airflow/.local/lib/python3.12/site-packages/airflow/example_dags/example_external_task_marker_dag.py took 0.862 seconds
[2025-08-04T03:47:30.072+0000] {processor.py:161} INFO - Started process (PID=178) to work on /home/airflow/.local/lib/python3.12/site-packages/airflow/example_dags/example_external_task_marker_dag.py
[2025-08-04T03:47:30.073+0000] {processor.py:830} INFO - Processing file /home/airflow/.local/lib/python3.12/site-packages/airflow/example_dags/example_external_task_marker_dag.py for tasks to queue
[2025-08-04T03:47:30.077+0000] {logging_mixin.py:188} INFO - [2025-08-04T03:47:30.077+0000] {dagbag.py:545} INFO - Filling up the DagBag from /home/airflow/.local/lib/python3.12/site-packages/airflow/example_dags/example_external_task_marker_dag.py
[2025-08-04T03:47:30.093+0000] {processor.py:840} INFO - DAG(s) 'example_external_task_marker_child', 'example_external_task_marker_parent' retrieved from /home/airflow/.local/lib/python3.12/site-packages/airflow/example_dags/example_external_task_marker_dag.py
[2025-08-04T03:47:30.173+0000] {logging_mixin.py:188} INFO - [2025-08-04T03:47:30.173+0000] {dag.py:3096} INFO - Sync 2 DAGs
[2025-08-04T03:47:30.207+0000] {logging_mixin.py:188} INFO - [2025-08-04T03:47:30.206+0000] {dag.py:3954} INFO - Setting next_dagrun for example_external_task_marker_child to None, run_after=None
[2025-08-04T03:47:30.224+0000] {logging_mixin.py:188} INFO - [2025-08-04T03:47:30.223+0000] {dag.py:3954} INFO - Setting next_dagrun for example_external_task_marker_parent to None, run_after=None
[2025-08-04T03:47:30.330+0000] {processor.py:183} INFO - Processing /home/airflow/.local/lib/python3.12/site-packages/airflow/example_dags/example_external_task_marker_dag.py took 0.264 seconds
[2025-08-04T03:48:01.959+0000] {processor.py:161} INFO - Started process (PID=236) to work on /home/airflow/.local/lib/python3.12/site-packages/airflow/example_dags/example_external_task_marker_dag.py
[2025-08-04T03:48:01.966+0000] {processor.py:830} INFO - Processing file /home/airflow/.local/lib/python3.12/site-packages/airflow/example_dags/example_external_task_marker_dag.py for tasks to queue
[2025-08-04T03:48:01.984+0000] {logging_mixin.py:188} INFO - [2025-08-04T03:48:01.983+0000] {dagbag.py:545} INFO - Filling up the DagBag from /home/airflow/.local/lib/python3.12/site-packages/airflow/example_dags/example_external_task_marker_dag.py
[2025-08-04T03:48:02.188+0000] {processor.py:840} INFO - DAG(s) 'example_external_task_marker_parent', 'example_external_task_marker_child' retrieved from /home/airflow/.local/lib/python3.12/site-packages/airflow/example_dags/example_external_task_marker_dag.py
[2025-08-04T03:48:02.764+0000] {logging_mixin.py:188} INFO - [2025-08-04T03:48:02.759+0000] {dag.py:3096} INFO - Sync 2 DAGs
[2025-08-04T03:48:02.908+0000] {logging_mixin.py:188} INFO - [2025-08-04T03:48:02.908+0000] {dag.py:3954} INFO - Setting next_dagrun for example_external_task_marker_child to None, run_after=None
[2025-08-04T03:48:02.938+0000] {logging_mixin.py:188} INFO - [2025-08-04T03:48:02.938+0000] {dag.py:3954} INFO - Setting next_dagrun for example_external_task_marker_parent to None, run_after=None
[2025-08-04T03:48:03.279+0000] {processor.py:183} INFO - Processing /home/airflow/.local/lib/python3.12/site-packages/airflow/example_dags/example_external_task_marker_dag.py took 1.374 seconds
[2025-08-04T03:48:33.857+0000] {processor.py:161} INFO - Started process (PID=294) to work on /home/airflow/.local/lib/python3.12/site-packages/airflow/example_dags/example_external_task_marker_dag.py
[2025-08-04T03:48:33.858+0000] {processor.py:830} INFO - Processing file /home/airflow/.local/lib/python3.12/site-packages/airflow/example_dags/example_external_task_marker_dag.py for tasks to queue
[2025-08-04T03:48:33.860+0000] {logging_mixin.py:188} INFO - [2025-08-04T03:48:33.860+0000] {dagbag.py:545} INFO - Filling up the DagBag from /home/airflow/.local/lib/python3.12/site-packages/airflow/example_dags/example_external_task_marker_dag.py
[2025-08-04T03:48:33.868+0000] {processor.py:840} INFO - DAG(s) 'example_external_task_marker_parent', 'example_external_task_marker_child' retrieved from /home/airflow/.local/lib/python3.12/site-packages/airflow/example_dags/example_external_task_marker_dag.py
[2025-08-04T03:48:33.891+0000] {logging_mixin.py:188} INFO - [2025-08-04T03:48:33.891+0000] {dag.py:3096} INFO - Sync 2 DAGs
[2025-08-04T03:48:33.898+0000] {logging_mixin.py:188} INFO - [2025-08-04T03:48:33.898+0000] {dag.py:3954} INFO - Setting next_dagrun for example_external_task_marker_child to None, run_after=None
[2025-08-04T03:48:33.902+0000] {logging_mixin.py:188} INFO - [2025-08-04T03:48:33.902+0000] {dag.py:3954} INFO - Setting next_dagrun for example_external_task_marker_parent to None, run_after=None
[2025-08-04T03:48:33.915+0000] {processor.py:183} INFO - Processing /home/airflow/.local/lib/python3.12/site-packages/airflow/example_dags/example_external_task_marker_dag.py took 0.061 seconds
[2025-08-04T03:49:34.007+0000] {processor.py:161} INFO - Started process (PID=351) to work on /home/airflow/.local/lib/python3.12/site-packages/airflow/example_dags/example_external_task_marker_dag.py
[2025-08-04T03:49:34.011+0000] {processor.py:830} INFO - Processing file /home/airflow/.local/lib/python3.12/site-packages/airflow/example_dags/example_external_task_marker_dag.py for tasks to queue
[2025-08-04T03:49:34.022+0000] {logging_mixin.py:188} INFO - [2025-08-04T03:49:34.022+0000] {dagbag.py:545} INFO - Filling up the DagBag from /home/airflow/.local/lib/python3.12/site-packages/airflow/example_dags/example_external_task_marker_dag.py
[2025-08-04T03:49:34.054+0000] {processor.py:840} INFO - DAG(s) 'example_external_task_marker_parent', 'example_external_task_marker_child' retrieved from /home/airflow/.local/lib/python3.12/site-packages/airflow/example_dags/example_external_task_marker_dag.py
[2025-08-04T03:49:34.103+0000] {logging_mixin.py:188} INFO - [2025-08-04T03:49:34.103+0000] {dag.py:3096} INFO - Sync 2 DAGs
[2025-08-04T03:49:34.175+0000] {logging_mixin.py:188} INFO - [2025-08-04T03:49:34.175+0000] {dag.py:3954} INFO - Setting next_dagrun for example_external_task_marker_child to None, run_after=None
[2025-08-04T03:49:34.237+0000] {logging_mixin.py:188} INFO - [2025-08-04T03:49:34.237+0000] {dag.py:3954} INFO - Setting next_dagrun for example_external_task_marker_parent to None, run_after=None
[2025-08-04T03:49:34.269+0000] {processor.py:183} INFO - Processing /home/airflow/.local/lib/python3.12/site-packages/airflow/example_dags/example_external_task_marker_dag.py took 0.275 seconds
[2025-08-04T15:16:49.105+0000] {processor.py:161} INFO - Started process (PID=98) to work on /home/airflow/.local/lib/python3.12/site-packages/airflow/example_dags/example_external_task_marker_dag.py
[2025-08-04T15:16:49.125+0000] {processor.py:830} INFO - Processing file /home/airflow/.local/lib/python3.12/site-packages/airflow/example_dags/example_external_task_marker_dag.py for tasks to queue
[2025-08-04T15:16:49.130+0000] {logging_mixin.py:188} INFO - [2025-08-04T15:16:49.129+0000] {dagbag.py:545} INFO - Filling up the DagBag from /home/airflow/.local/lib/python3.12/site-packages/airflow/example_dags/example_external_task_marker_dag.py
[2025-08-04T15:16:49.149+0000] {processor.py:840} INFO - DAG(s) 'example_external_task_marker_child', 'example_external_task_marker_parent' retrieved from /home/airflow/.local/lib/python3.12/site-packages/airflow/example_dags/example_external_task_marker_dag.py
[2025-08-04T15:16:49.227+0000] {logging_mixin.py:188} INFO - [2025-08-04T15:16:49.226+0000] {dag.py:3096} INFO - Sync 2 DAGs
[2025-08-04T15:16:49.323+0000] {logging_mixin.py:188} INFO - [2025-08-04T15:16:49.322+0000] {dag.py:3954} INFO - Setting next_dagrun for example_external_task_marker_child to None, run_after=None
[2025-08-04T15:16:49.374+0000] {logging_mixin.py:188} INFO - [2025-08-04T15:16:49.373+0000] {dag.py:3954} INFO - Setting next_dagrun for example_external_task_marker_parent to None, run_after=None
[2025-08-04T15:16:49.604+0000] {processor.py:183} INFO - Processing /home/airflow/.local/lib/python3.12/site-packages/airflow/example_dags/example_external_task_marker_dag.py took 0.619 seconds
[2025-08-04T15:17:19.643+0000] {processor.py:161} INFO - Started process (PID=158) to work on /home/airflow/.local/lib/python3.12/site-packages/airflow/example_dags/example_external_task_marker_dag.py
[2025-08-04T15:17:19.643+0000] {processor.py:830} INFO - Processing file /home/airflow/.local/lib/python3.12/site-packages/airflow/example_dags/example_external_task_marker_dag.py for tasks to queue
[2025-08-04T15:17:19.644+0000] {logging_mixin.py:188} INFO - [2025-08-04T15:17:19.644+0000] {dagbag.py:545} INFO - Filling up the DagBag from /home/airflow/.local/lib/python3.12/site-packages/airflow/example_dags/example_external_task_marker_dag.py
[2025-08-04T15:17:19.650+0000] {processor.py:840} INFO - DAG(s) 'example_external_task_marker_child', 'example_external_task_marker_parent' retrieved from /home/airflow/.local/lib/python3.12/site-packages/airflow/example_dags/example_external_task_marker_dag.py
[2025-08-04T15:17:19.662+0000] {logging_mixin.py:188} INFO - [2025-08-04T15:17:19.662+0000] {dag.py:3096} INFO - Sync 2 DAGs
[2025-08-04T15:17:19.670+0000] {logging_mixin.py:188} INFO - [2025-08-04T15:17:19.669+0000] {dag.py:3954} INFO - Setting next_dagrun for example_external_task_marker_child to None, run_after=None
[2025-08-04T15:17:19.672+0000] {logging_mixin.py:188} INFO - [2025-08-04T15:17:19.672+0000] {dag.py:3954} INFO - Setting next_dagrun for example_external_task_marker_parent to None, run_after=None
[2025-08-04T15:17:19.685+0000] {processor.py:183} INFO - Processing /home/airflow/.local/lib/python3.12/site-packages/airflow/example_dags/example_external_task_marker_dag.py took 0.046 seconds
[2025-08-04T15:17:49.977+0000] {processor.py:161} INFO - Started process (PID=214) to work on /home/airflow/.local/lib/python3.12/site-packages/airflow/example_dags/example_external_task_marker_dag.py
[2025-08-04T15:17:49.977+0000] {processor.py:830} INFO - Processing file /home/airflow/.local/lib/python3.12/site-packages/airflow/example_dags/example_external_task_marker_dag.py for tasks to queue
[2025-08-04T15:17:49.978+0000] {logging_mixin.py:188} INFO - [2025-08-04T15:17:49.978+0000] {dagbag.py:545} INFO - Filling up the DagBag from /home/airflow/.local/lib/python3.12/site-packages/airflow/example_dags/example_external_task_marker_dag.py
[2025-08-04T15:17:49.981+0000] {processor.py:840} INFO - DAG(s) 'example_external_task_marker_parent', 'example_external_task_marker_child' retrieved from /home/airflow/.local/lib/python3.12/site-packages/airflow/example_dags/example_external_task_marker_dag.py
[2025-08-04T15:17:49.992+0000] {logging_mixin.py:188} INFO - [2025-08-04T15:17:49.992+0000] {dag.py:3096} INFO - Sync 2 DAGs
[2025-08-04T15:17:49.998+0000] {logging_mixin.py:188} INFO - [2025-08-04T15:17:49.998+0000] {dag.py:3954} INFO - Setting next_dagrun for example_external_task_marker_child to None, run_after=None
[2025-08-04T15:17:50.000+0000] {logging_mixin.py:188} INFO - [2025-08-04T15:17:50.000+0000] {dag.py:3954} INFO - Setting next_dagrun for example_external_task_marker_parent to None, run_after=None
[2025-08-04T15:17:50.006+0000] {processor.py:183} INFO - Processing /home/airflow/.local/lib/python3.12/site-packages/airflow/example_dags/example_external_task_marker_dag.py took 0.033 seconds
[2025-08-04T15:18:20.590+0000] {processor.py:161} INFO - Started process (PID=272) to work on /home/airflow/.local/lib/python3.12/site-packages/airflow/example_dags/example_external_task_marker_dag.py
[2025-08-04T15:18:20.591+0000] {processor.py:830} INFO - Processing file /home/airflow/.local/lib/python3.12/site-packages/airflow/example_dags/example_external_task_marker_dag.py for tasks to queue
[2025-08-04T15:18:20.592+0000] {logging_mixin.py:188} INFO - [2025-08-04T15:18:20.592+0000] {dagbag.py:545} INFO - Filling up the DagBag from /home/airflow/.local/lib/python3.12/site-packages/airflow/example_dags/example_external_task_marker_dag.py
[2025-08-04T15:18:20.595+0000] {processor.py:840} INFO - DAG(s) 'example_external_task_marker_child', 'example_external_task_marker_parent' retrieved from /home/airflow/.local/lib/python3.12/site-packages/airflow/example_dags/example_external_task_marker_dag.py
[2025-08-04T15:18:20.613+0000] {logging_mixin.py:188} INFO - [2025-08-04T15:18:20.613+0000] {dag.py:3096} INFO - Sync 2 DAGs
[2025-08-04T15:18:20.622+0000] {logging_mixin.py:188} INFO - [2025-08-04T15:18:20.622+0000] {dag.py:3954} INFO - Setting next_dagrun for example_external_task_marker_child to None, run_after=None
[2025-08-04T15:18:20.626+0000] {logging_mixin.py:188} INFO - [2025-08-04T15:18:20.626+0000] {dag.py:3954} INFO - Setting next_dagrun for example_external_task_marker_parent to None, run_after=None
[2025-08-04T15:18:20.637+0000] {processor.py:183} INFO - Processing /home/airflow/.local/lib/python3.12/site-packages/airflow/example_dags/example_external_task_marker_dag.py took 0.049 seconds
[2025-08-04T15:18:52.887+0000] {processor.py:161} INFO - Started process (PID=330) to work on /home/airflow/.local/lib/python3.12/site-packages/airflow/example_dags/example_external_task_marker_dag.py
[2025-08-04T15:18:52.889+0000] {processor.py:830} INFO - Processing file /home/airflow/.local/lib/python3.12/site-packages/airflow/example_dags/example_external_task_marker_dag.py for tasks to queue
[2025-08-04T15:18:52.902+0000] {logging_mixin.py:188} INFO - [2025-08-04T15:18:52.900+0000] {dagbag.py:545} INFO - Filling up the DagBag from /home/airflow/.local/lib/python3.12/site-packages/airflow/example_dags/example_external_task_marker_dag.py
[2025-08-04T15:18:52.914+0000] {processor.py:840} INFO - DAG(s) 'example_external_task_marker_child', 'example_external_task_marker_parent' retrieved from /home/airflow/.local/lib/python3.12/site-packages/airflow/example_dags/example_external_task_marker_dag.py
[2025-08-04T15:18:52.989+0000] {logging_mixin.py:188} INFO - [2025-08-04T15:18:52.983+0000] {dag.py:3096} INFO - Sync 2 DAGs
[2025-08-04T15:18:53.017+0000] {logging_mixin.py:188} INFO - [2025-08-04T15:18:53.017+0000] {dag.py:3954} INFO - Setting next_dagrun for example_external_task_marker_child to None, run_after=None
[2025-08-04T15:18:53.021+0000] {logging_mixin.py:188} INFO - [2025-08-04T15:18:53.021+0000] {dag.py:3954} INFO - Setting next_dagrun for example_external_task_marker_parent to None, run_after=None
[2025-08-04T15:18:53.092+0000] {processor.py:183} INFO - Processing /home/airflow/.local/lib/python3.12/site-packages/airflow/example_dags/example_external_task_marker_dag.py took 0.214 seconds
[2025-08-04T15:19:23.427+0000] {processor.py:161} INFO - Started process (PID=388) to work on /home/airflow/.local/lib/python3.12/site-packages/airflow/example_dags/example_external_task_marker_dag.py
[2025-08-04T15:19:23.429+0000] {processor.py:830} INFO - Processing file /home/airflow/.local/lib/python3.12/site-packages/airflow/example_dags/example_external_task_marker_dag.py for tasks to queue
[2025-08-04T15:19:23.430+0000] {logging_mixin.py:188} INFO - [2025-08-04T15:19:23.429+0000] {dagbag.py:545} INFO - Filling up the DagBag from /home/airflow/.local/lib/python3.12/site-packages/airflow/example_dags/example_external_task_marker_dag.py
[2025-08-04T15:19:23.432+0000] {processor.py:840} INFO - DAG(s) 'example_external_task_marker_child', 'example_external_task_marker_parent' retrieved from /home/airflow/.local/lib/python3.12/site-packages/airflow/example_dags/example_external_task_marker_dag.py
[2025-08-04T15:19:23.449+0000] {logging_mixin.py:188} INFO - [2025-08-04T15:19:23.449+0000] {dag.py:3096} INFO - Sync 2 DAGs
[2025-08-04T15:19:23.456+0000] {logging_mixin.py:188} INFO - [2025-08-04T15:19:23.456+0000] {dag.py:3954} INFO - Setting next_dagrun for example_external_task_marker_child to None, run_after=None
[2025-08-04T15:19:23.458+0000] {logging_mixin.py:188} INFO - [2025-08-04T15:19:23.458+0000] {dag.py:3954} INFO - Setting next_dagrun for example_external_task_marker_parent to None, run_after=None
[2025-08-04T15:19:23.467+0000] {processor.py:183} INFO - Processing /home/airflow/.local/lib/python3.12/site-packages/airflow/example_dags/example_external_task_marker_dag.py took 0.043 seconds
[2025-08-04T15:27:17.362+0000] {processor.py:161} INFO - Started process (PID=97) to work on /home/airflow/.local/lib/python3.12/site-packages/airflow/example_dags/example_external_task_marker_dag.py
[2025-08-04T15:27:17.365+0000] {processor.py:830} INFO - Processing file /home/airflow/.local/lib/python3.12/site-packages/airflow/example_dags/example_external_task_marker_dag.py for tasks to queue
[2025-08-04T15:27:17.369+0000] {logging_mixin.py:188} INFO - [2025-08-04T15:27:17.368+0000] {dagbag.py:545} INFO - Filling up the DagBag from /home/airflow/.local/lib/python3.12/site-packages/airflow/example_dags/example_external_task_marker_dag.py
[2025-08-04T15:27:17.439+0000] {processor.py:840} INFO - DAG(s) 'example_external_task_marker_child', 'example_external_task_marker_parent' retrieved from /home/airflow/.local/lib/python3.12/site-packages/airflow/example_dags/example_external_task_marker_dag.py
[2025-08-04T15:27:17.497+0000] {logging_mixin.py:188} INFO - [2025-08-04T15:27:17.497+0000] {dag.py:3096} INFO - Sync 2 DAGs
[2025-08-04T15:27:17.512+0000] {logging_mixin.py:188} INFO - [2025-08-04T15:27:17.512+0000] {dag.py:3954} INFO - Setting next_dagrun for example_external_task_marker_child to None, run_after=None
[2025-08-04T15:27:17.525+0000] {logging_mixin.py:188} INFO - [2025-08-04T15:27:17.524+0000] {dag.py:3954} INFO - Setting next_dagrun for example_external_task_marker_parent to None, run_after=None
[2025-08-04T15:27:17.566+0000] {processor.py:183} INFO - Processing /home/airflow/.local/lib/python3.12/site-packages/airflow/example_dags/example_external_task_marker_dag.py took 0.212 seconds
[2025-08-04T15:27:48.029+0000] {processor.py:161} INFO - Started process (PID=155) to work on /home/airflow/.local/lib/python3.12/site-packages/airflow/example_dags/example_external_task_marker_dag.py
[2025-08-04T15:27:48.030+0000] {processor.py:830} INFO - Processing file /home/airflow/.local/lib/python3.12/site-packages/airflow/example_dags/example_external_task_marker_dag.py for tasks to queue
[2025-08-04T15:27:48.031+0000] {logging_mixin.py:188} INFO - [2025-08-04T15:27:48.031+0000] {dagbag.py:545} INFO - Filling up the DagBag from /home/airflow/.local/lib/python3.12/site-packages/airflow/example_dags/example_external_task_marker_dag.py
[2025-08-04T15:27:48.034+0000] {processor.py:840} INFO - DAG(s) 'example_external_task_marker_parent', 'example_external_task_marker_child' retrieved from /home/airflow/.local/lib/python3.12/site-packages/airflow/example_dags/example_external_task_marker_dag.py
[2025-08-04T15:27:48.048+0000] {logging_mixin.py:188} INFO - [2025-08-04T15:27:48.048+0000] {dag.py:3096} INFO - Sync 2 DAGs
[2025-08-04T15:27:48.053+0000] {logging_mixin.py:188} INFO - [2025-08-04T15:27:48.053+0000] {dag.py:3954} INFO - Setting next_dagrun for example_external_task_marker_child to None, run_after=None
[2025-08-04T15:27:48.056+0000] {logging_mixin.py:188} INFO - [2025-08-04T15:27:48.056+0000] {dag.py:3954} INFO - Setting next_dagrun for example_external_task_marker_parent to None, run_after=None
[2025-08-04T15:27:48.064+0000] {processor.py:183} INFO - Processing /home/airflow/.local/lib/python3.12/site-packages/airflow/example_dags/example_external_task_marker_dag.py took 0.038 seconds
[2025-08-04T15:28:18.150+0000] {processor.py:161} INFO - Started process (PID=213) to work on /home/airflow/.local/lib/python3.12/site-packages/airflow/example_dags/example_external_task_marker_dag.py
[2025-08-04T15:28:18.152+0000] {processor.py:830} INFO - Processing file /home/airflow/.local/lib/python3.12/site-packages/airflow/example_dags/example_external_task_marker_dag.py for tasks to queue
[2025-08-04T15:28:18.153+0000] {logging_mixin.py:188} INFO - [2025-08-04T15:28:18.153+0000] {dagbag.py:545} INFO - Filling up the DagBag from /home/airflow/.local/lib/python3.12/site-packages/airflow/example_dags/example_external_task_marker_dag.py
[2025-08-04T15:28:18.157+0000] {processor.py:840} INFO - DAG(s) 'example_external_task_marker_child', 'example_external_task_marker_parent' retrieved from /home/airflow/.local/lib/python3.12/site-packages/airflow/example_dags/example_external_task_marker_dag.py
[2025-08-04T15:28:18.173+0000] {logging_mixin.py:188} INFO - [2025-08-04T15:28:18.173+0000] {dag.py:3096} INFO - Sync 2 DAGs
[2025-08-04T15:28:18.184+0000] {logging_mixin.py:188} INFO - [2025-08-04T15:28:18.184+0000] {dag.py:3954} INFO - Setting next_dagrun for example_external_task_marker_child to None, run_after=None
[2025-08-04T15:28:18.188+0000] {logging_mixin.py:188} INFO - [2025-08-04T15:28:18.188+0000] {dag.py:3954} INFO - Setting next_dagrun for example_external_task_marker_parent to None, run_after=None
[2025-08-04T15:28:18.205+0000] {processor.py:183} INFO - Processing /home/airflow/.local/lib/python3.12/site-packages/airflow/example_dags/example_external_task_marker_dag.py took 0.058 seconds
[2025-08-04T15:28:48.583+0000] {processor.py:161} INFO - Started process (PID=271) to work on /home/airflow/.local/lib/python3.12/site-packages/airflow/example_dags/example_external_task_marker_dag.py
[2025-08-04T15:28:48.584+0000] {processor.py:830} INFO - Processing file /home/airflow/.local/lib/python3.12/site-packages/airflow/example_dags/example_external_task_marker_dag.py for tasks to queue
[2025-08-04T15:28:48.585+0000] {logging_mixin.py:188} INFO - [2025-08-04T15:28:48.585+0000] {dagbag.py:545} INFO - Filling up the DagBag from /home/airflow/.local/lib/python3.12/site-packages/airflow/example_dags/example_external_task_marker_dag.py
[2025-08-04T15:28:48.588+0000] {processor.py:840} INFO - DAG(s) 'example_external_task_marker_parent', 'example_external_task_marker_child' retrieved from /home/airflow/.local/lib/python3.12/site-packages/airflow/example_dags/example_external_task_marker_dag.py
[2025-08-04T15:28:48.609+0000] {logging_mixin.py:188} INFO - [2025-08-04T15:28:48.609+0000] {dag.py:3096} INFO - Sync 2 DAGs
[2025-08-04T15:28:48.616+0000] {logging_mixin.py:188} INFO - [2025-08-04T15:28:48.616+0000] {dag.py:3954} INFO - Setting next_dagrun for example_external_task_marker_child to None, run_after=None
[2025-08-04T15:28:48.619+0000] {logging_mixin.py:188} INFO - [2025-08-04T15:28:48.618+0000] {dag.py:3954} INFO - Setting next_dagrun for example_external_task_marker_parent to None, run_after=None
[2025-08-04T15:28:48.626+0000] {processor.py:183} INFO - Processing /home/airflow/.local/lib/python3.12/site-packages/airflow/example_dags/example_external_task_marker_dag.py took 0.045 seconds
[2025-08-04T15:29:19.150+0000] {processor.py:161} INFO - Started process (PID=329) to work on /home/airflow/.local/lib/python3.12/site-packages/airflow/example_dags/example_external_task_marker_dag.py
[2025-08-04T15:29:19.150+0000] {processor.py:830} INFO - Processing file /home/airflow/.local/lib/python3.12/site-packages/airflow/example_dags/example_external_task_marker_dag.py for tasks to queue
[2025-08-04T15:29:19.152+0000] {logging_mixin.py:188} INFO - [2025-08-04T15:29:19.152+0000] {dagbag.py:545} INFO - Filling up the DagBag from /home/airflow/.local/lib/python3.12/site-packages/airflow/example_dags/example_external_task_marker_dag.py
[2025-08-04T15:29:19.167+0000] {processor.py:840} INFO - DAG(s) 'example_external_task_marker_child', 'example_external_task_marker_parent' retrieved from /home/airflow/.local/lib/python3.12/site-packages/airflow/example_dags/example_external_task_marker_dag.py
[2025-08-04T15:29:19.195+0000] {logging_mixin.py:188} INFO - [2025-08-04T15:29:19.195+0000] {dag.py:3096} INFO - Sync 2 DAGs
[2025-08-04T15:29:19.209+0000] {logging_mixin.py:188} INFO - [2025-08-04T15:29:19.209+0000] {dag.py:3954} INFO - Setting next_dagrun for example_external_task_marker_child to None, run_after=None
[2025-08-04T15:29:19.212+0000] {logging_mixin.py:188} INFO - [2025-08-04T15:29:19.212+0000] {dag.py:3954} INFO - Setting next_dagrun for example_external_task_marker_parent to None, run_after=None
[2025-08-04T15:29:19.229+0000] {processor.py:183} INFO - Processing /home/airflow/.local/lib/python3.12/site-packages/airflow/example_dags/example_external_task_marker_dag.py took 0.083 seconds
[2025-08-04T15:29:49.608+0000] {processor.py:161} INFO - Started process (PID=387) to work on /home/airflow/.local/lib/python3.12/site-packages/airflow/example_dags/example_external_task_marker_dag.py
[2025-08-04T15:29:49.610+0000] {processor.py:830} INFO - Processing file /home/airflow/.local/lib/python3.12/site-packages/airflow/example_dags/example_external_task_marker_dag.py for tasks to queue
[2025-08-04T15:29:49.612+0000] {logging_mixin.py:188} INFO - [2025-08-04T15:29:49.612+0000] {dagbag.py:545} INFO - Filling up the DagBag from /home/airflow/.local/lib/python3.12/site-packages/airflow/example_dags/example_external_task_marker_dag.py
[2025-08-04T15:29:49.617+0000] {processor.py:840} INFO - DAG(s) 'example_external_task_marker_parent', 'example_external_task_marker_child' retrieved from /home/airflow/.local/lib/python3.12/site-packages/airflow/example_dags/example_external_task_marker_dag.py
[2025-08-04T15:29:49.633+0000] {logging_mixin.py:188} INFO - [2025-08-04T15:29:49.633+0000] {dag.py:3096} INFO - Sync 2 DAGs
[2025-08-04T15:29:49.640+0000] {logging_mixin.py:188} INFO - [2025-08-04T15:29:49.640+0000] {dag.py:3954} INFO - Setting next_dagrun for example_external_task_marker_child to None, run_after=None
[2025-08-04T15:29:49.642+0000] {logging_mixin.py:188} INFO - [2025-08-04T15:29:49.642+0000] {dag.py:3954} INFO - Setting next_dagrun for example_external_task_marker_parent to None, run_after=None
[2025-08-04T15:29:49.654+0000] {processor.py:183} INFO - Processing /home/airflow/.local/lib/python3.12/site-packages/airflow/example_dags/example_external_task_marker_dag.py took 0.050 seconds
[2025-08-04T15:30:19.948+0000] {processor.py:161} INFO - Started process (PID=445) to work on /home/airflow/.local/lib/python3.12/site-packages/airflow/example_dags/example_external_task_marker_dag.py
[2025-08-04T15:30:19.948+0000] {processor.py:830} INFO - Processing file /home/airflow/.local/lib/python3.12/site-packages/airflow/example_dags/example_external_task_marker_dag.py for tasks to queue
[2025-08-04T15:30:19.949+0000] {logging_mixin.py:188} INFO - [2025-08-04T15:30:19.949+0000] {dagbag.py:545} INFO - Filling up the DagBag from /home/airflow/.local/lib/python3.12/site-packages/airflow/example_dags/example_external_task_marker_dag.py
[2025-08-04T15:30:19.952+0000] {processor.py:840} INFO - DAG(s) 'example_external_task_marker_parent', 'example_external_task_marker_child' retrieved from /home/airflow/.local/lib/python3.12/site-packages/airflow/example_dags/example_external_task_marker_dag.py
[2025-08-04T15:30:19.969+0000] {logging_mixin.py:188} INFO - [2025-08-04T15:30:19.969+0000] {dag.py:3096} INFO - Sync 2 DAGs
[2025-08-04T15:30:19.976+0000] {logging_mixin.py:188} INFO - [2025-08-04T15:30:19.976+0000] {dag.py:3954} INFO - Setting next_dagrun for example_external_task_marker_child to None, run_after=None
[2025-08-04T15:30:19.979+0000] {logging_mixin.py:188} INFO - [2025-08-04T15:30:19.979+0000] {dag.py:3954} INFO - Setting next_dagrun for example_external_task_marker_parent to None, run_after=None
[2025-08-04T15:30:19.986+0000] {processor.py:183} INFO - Processing /home/airflow/.local/lib/python3.12/site-packages/airflow/example_dags/example_external_task_marker_dag.py took 0.041 seconds
[2025-08-04T15:30:50.747+0000] {processor.py:161} INFO - Started process (PID=503) to work on /home/airflow/.local/lib/python3.12/site-packages/airflow/example_dags/example_external_task_marker_dag.py
[2025-08-04T15:30:50.749+0000] {processor.py:830} INFO - Processing file /home/airflow/.local/lib/python3.12/site-packages/airflow/example_dags/example_external_task_marker_dag.py for tasks to queue
[2025-08-04T15:30:50.754+0000] {logging_mixin.py:188} INFO - [2025-08-04T15:30:50.754+0000] {dagbag.py:545} INFO - Filling up the DagBag from /home/airflow/.local/lib/python3.12/site-packages/airflow/example_dags/example_external_task_marker_dag.py
[2025-08-04T15:30:50.765+0000] {processor.py:840} INFO - DAG(s) 'example_external_task_marker_child', 'example_external_task_marker_parent' retrieved from /home/airflow/.local/lib/python3.12/site-packages/airflow/example_dags/example_external_task_marker_dag.py
[2025-08-04T15:30:50.791+0000] {logging_mixin.py:188} INFO - [2025-08-04T15:30:50.791+0000] {dag.py:3096} INFO - Sync 2 DAGs
[2025-08-04T15:30:50.804+0000] {logging_mixin.py:188} INFO - [2025-08-04T15:30:50.804+0000] {dag.py:3954} INFO - Setting next_dagrun for example_external_task_marker_child to None, run_after=None
[2025-08-04T15:30:50.807+0000] {logging_mixin.py:188} INFO - [2025-08-04T15:30:50.807+0000] {dag.py:3954} INFO - Setting next_dagrun for example_external_task_marker_parent to None, run_after=None
[2025-08-04T15:30:50.820+0000] {processor.py:183} INFO - Processing /home/airflow/.local/lib/python3.12/site-packages/airflow/example_dags/example_external_task_marker_dag.py took 0.081 seconds
[2025-08-04T15:31:21.140+0000] {processor.py:161} INFO - Started process (PID=561) to work on /home/airflow/.local/lib/python3.12/site-packages/airflow/example_dags/example_external_task_marker_dag.py
[2025-08-04T15:31:21.140+0000] {processor.py:830} INFO - Processing file /home/airflow/.local/lib/python3.12/site-packages/airflow/example_dags/example_external_task_marker_dag.py for tasks to queue
[2025-08-04T15:31:21.142+0000] {logging_mixin.py:188} INFO - [2025-08-04T15:31:21.141+0000] {dagbag.py:545} INFO - Filling up the DagBag from /home/airflow/.local/lib/python3.12/site-packages/airflow/example_dags/example_external_task_marker_dag.py
[2025-08-04T15:31:21.145+0000] {processor.py:840} INFO - DAG(s) 'example_external_task_marker_parent', 'example_external_task_marker_child' retrieved from /home/airflow/.local/lib/python3.12/site-packages/airflow/example_dags/example_external_task_marker_dag.py
[2025-08-04T15:31:21.161+0000] {logging_mixin.py:188} INFO - [2025-08-04T15:31:21.160+0000] {dag.py:3096} INFO - Sync 2 DAGs
[2025-08-04T15:31:21.170+0000] {logging_mixin.py:188} INFO - [2025-08-04T15:31:21.170+0000] {dag.py:3954} INFO - Setting next_dagrun for example_external_task_marker_child to None, run_after=None
[2025-08-04T15:31:21.174+0000] {logging_mixin.py:188} INFO - [2025-08-04T15:31:21.174+0000] {dag.py:3954} INFO - Setting next_dagrun for example_external_task_marker_parent to None, run_after=None
[2025-08-04T15:31:21.189+0000] {processor.py:183} INFO - Processing /home/airflow/.local/lib/python3.12/site-packages/airflow/example_dags/example_external_task_marker_dag.py took 0.053 seconds
[2025-08-04T15:31:51.686+0000] {processor.py:161} INFO - Started process (PID=619) to work on /home/airflow/.local/lib/python3.12/site-packages/airflow/example_dags/example_external_task_marker_dag.py
[2025-08-04T15:31:51.688+0000] {processor.py:830} INFO - Processing file /home/airflow/.local/lib/python3.12/site-packages/airflow/example_dags/example_external_task_marker_dag.py for tasks to queue
[2025-08-04T15:31:51.689+0000] {logging_mixin.py:188} INFO - [2025-08-04T15:31:51.689+0000] {dagbag.py:545} INFO - Filling up the DagBag from /home/airflow/.local/lib/python3.12/site-packages/airflow/example_dags/example_external_task_marker_dag.py
[2025-08-04T15:31:51.692+0000] {processor.py:840} INFO - DAG(s) 'example_external_task_marker_child', 'example_external_task_marker_parent' retrieved from /home/airflow/.local/lib/python3.12/site-packages/airflow/example_dags/example_external_task_marker_dag.py
[2025-08-04T15:31:51.711+0000] {logging_mixin.py:188} INFO - [2025-08-04T15:31:51.711+0000] {dag.py:3096} INFO - Sync 2 DAGs
[2025-08-04T15:31:51.722+0000] {logging_mixin.py:188} INFO - [2025-08-04T15:31:51.722+0000] {dag.py:3954} INFO - Setting next_dagrun for example_external_task_marker_child to None, run_after=None
[2025-08-04T15:31:51.733+0000] {logging_mixin.py:188} INFO - [2025-08-04T15:31:51.733+0000] {dag.py:3954} INFO - Setting next_dagrun for example_external_task_marker_parent to None, run_after=None
[2025-08-04T15:31:51.765+0000] {processor.py:183} INFO - Processing /home/airflow/.local/lib/python3.12/site-packages/airflow/example_dags/example_external_task_marker_dag.py took 0.083 seconds
[2025-08-04T15:53:09.448+0000] {processor.py:161} INFO - Started process (PID=99) to work on /home/airflow/.local/lib/python3.12/site-packages/airflow/example_dags/example_external_task_marker_dag.py
[2025-08-04T15:53:09.451+0000] {processor.py:830} INFO - Processing file /home/airflow/.local/lib/python3.12/site-packages/airflow/example_dags/example_external_task_marker_dag.py for tasks to queue
[2025-08-04T15:53:09.456+0000] {logging_mixin.py:188} INFO - [2025-08-04T15:53:09.455+0000] {dagbag.py:545} INFO - Filling up the DagBag from /home/airflow/.local/lib/python3.12/site-packages/airflow/example_dags/example_external_task_marker_dag.py
[2025-08-04T15:53:09.469+0000] {processor.py:840} INFO - DAG(s) 'example_external_task_marker_child', 'example_external_task_marker_parent' retrieved from /home/airflow/.local/lib/python3.12/site-packages/airflow/example_dags/example_external_task_marker_dag.py
[2025-08-04T15:53:09.528+0000] {logging_mixin.py:188} INFO - [2025-08-04T15:53:09.528+0000] {dag.py:3096} INFO - Sync 2 DAGs
[2025-08-04T15:53:09.585+0000] {logging_mixin.py:188} INFO - [2025-08-04T15:53:09.585+0000] {dag.py:3954} INFO - Setting next_dagrun for example_external_task_marker_child to None, run_after=None
[2025-08-04T15:53:09.601+0000] {logging_mixin.py:188} INFO - [2025-08-04T15:53:09.601+0000] {dag.py:3954} INFO - Setting next_dagrun for example_external_task_marker_parent to None, run_after=None
[2025-08-04T15:53:09.711+0000] {processor.py:183} INFO - Processing /home/airflow/.local/lib/python3.12/site-packages/airflow/example_dags/example_external_task_marker_dag.py took 0.268 seconds
[2025-08-04T15:53:40.122+0000] {processor.py:161} INFO - Started process (PID=157) to work on /home/airflow/.local/lib/python3.12/site-packages/airflow/example_dags/example_external_task_marker_dag.py
[2025-08-04T15:53:40.122+0000] {processor.py:830} INFO - Processing file /home/airflow/.local/lib/python3.12/site-packages/airflow/example_dags/example_external_task_marker_dag.py for tasks to queue
[2025-08-04T15:53:40.123+0000] {logging_mixin.py:188} INFO - [2025-08-04T15:53:40.123+0000] {dagbag.py:545} INFO - Filling up the DagBag from /home/airflow/.local/lib/python3.12/site-packages/airflow/example_dags/example_external_task_marker_dag.py
[2025-08-04T15:53:40.126+0000] {processor.py:840} INFO - DAG(s) 'example_external_task_marker_child', 'example_external_task_marker_parent' retrieved from /home/airflow/.local/lib/python3.12/site-packages/airflow/example_dags/example_external_task_marker_dag.py
[2025-08-04T15:53:40.135+0000] {logging_mixin.py:188} INFO - [2025-08-04T15:53:40.135+0000] {dag.py:3096} INFO - Sync 2 DAGs
[2025-08-04T15:53:40.141+0000] {logging_mixin.py:188} INFO - [2025-08-04T15:53:40.141+0000] {dag.py:3954} INFO - Setting next_dagrun for example_external_task_marker_child to None, run_after=None
[2025-08-04T15:53:40.142+0000] {logging_mixin.py:188} INFO - [2025-08-04T15:53:40.142+0000] {dag.py:3954} INFO - Setting next_dagrun for example_external_task_marker_parent to None, run_after=None
[2025-08-04T15:53:40.148+0000] {processor.py:183} INFO - Processing /home/airflow/.local/lib/python3.12/site-packages/airflow/example_dags/example_external_task_marker_dag.py took 0.029 seconds
[2025-08-04T15:54:10.570+0000] {processor.py:161} INFO - Started process (PID=215) to work on /home/airflow/.local/lib/python3.12/site-packages/airflow/example_dags/example_external_task_marker_dag.py
[2025-08-04T15:54:10.571+0000] {processor.py:830} INFO - Processing file /home/airflow/.local/lib/python3.12/site-packages/airflow/example_dags/example_external_task_marker_dag.py for tasks to queue
[2025-08-04T15:54:10.572+0000] {logging_mixin.py:188} INFO - [2025-08-04T15:54:10.572+0000] {dagbag.py:545} INFO - Filling up the DagBag from /home/airflow/.local/lib/python3.12/site-packages/airflow/example_dags/example_external_task_marker_dag.py
[2025-08-04T15:54:10.575+0000] {processor.py:840} INFO - DAG(s) 'example_external_task_marker_child', 'example_external_task_marker_parent' retrieved from /home/airflow/.local/lib/python3.12/site-packages/airflow/example_dags/example_external_task_marker_dag.py
[2025-08-04T15:54:10.585+0000] {logging_mixin.py:188} INFO - [2025-08-04T15:54:10.585+0000] {dag.py:3096} INFO - Sync 2 DAGs
[2025-08-04T15:54:10.591+0000] {logging_mixin.py:188} INFO - [2025-08-04T15:54:10.591+0000] {dag.py:3954} INFO - Setting next_dagrun for example_external_task_marker_child to None, run_after=None
[2025-08-04T15:54:10.593+0000] {logging_mixin.py:188} INFO - [2025-08-04T15:54:10.593+0000] {dag.py:3954} INFO - Setting next_dagrun for example_external_task_marker_parent to None, run_after=None
[2025-08-04T15:54:10.599+0000] {processor.py:183} INFO - Processing /home/airflow/.local/lib/python3.12/site-packages/airflow/example_dags/example_external_task_marker_dag.py took 0.033 seconds
[2025-08-04T15:54:40.956+0000] {processor.py:161} INFO - Started process (PID=273) to work on /home/airflow/.local/lib/python3.12/site-packages/airflow/example_dags/example_external_task_marker_dag.py
[2025-08-04T15:54:40.957+0000] {processor.py:830} INFO - Processing file /home/airflow/.local/lib/python3.12/site-packages/airflow/example_dags/example_external_task_marker_dag.py for tasks to queue
[2025-08-04T15:54:40.959+0000] {logging_mixin.py:188} INFO - [2025-08-04T15:54:40.958+0000] {dagbag.py:545} INFO - Filling up the DagBag from /home/airflow/.local/lib/python3.12/site-packages/airflow/example_dags/example_external_task_marker_dag.py
[2025-08-04T15:54:40.962+0000] {processor.py:840} INFO - DAG(s) 'example_external_task_marker_child', 'example_external_task_marker_parent' retrieved from /home/airflow/.local/lib/python3.12/site-packages/airflow/example_dags/example_external_task_marker_dag.py
[2025-08-04T15:54:40.976+0000] {logging_mixin.py:188} INFO - [2025-08-04T15:54:40.976+0000] {dag.py:3096} INFO - Sync 2 DAGs
[2025-08-04T15:54:40.984+0000] {logging_mixin.py:188} INFO - [2025-08-04T15:54:40.983+0000] {dag.py:3954} INFO - Setting next_dagrun for example_external_task_marker_child to None, run_after=None
[2025-08-04T15:54:40.989+0000] {logging_mixin.py:188} INFO - [2025-08-04T15:54:40.989+0000] {dag.py:3954} INFO - Setting next_dagrun for example_external_task_marker_parent to None, run_after=None
[2025-08-04T15:54:41.012+0000] {processor.py:183} INFO - Processing /home/airflow/.local/lib/python3.12/site-packages/airflow/example_dags/example_external_task_marker_dag.py took 0.059 seconds
[2025-08-04T15:55:18.453+0000] {processor.py:161} INFO - Started process (PID=331) to work on /home/airflow/.local/lib/python3.12/site-packages/airflow/example_dags/example_external_task_marker_dag.py
[2025-08-04T15:55:18.456+0000] {processor.py:830} INFO - Processing file /home/airflow/.local/lib/python3.12/site-packages/airflow/example_dags/example_external_task_marker_dag.py for tasks to queue
[2025-08-04T15:55:18.472+0000] {logging_mixin.py:188} INFO - [2025-08-04T15:55:18.467+0000] {dagbag.py:545} INFO - Filling up the DagBag from /home/airflow/.local/lib/python3.12/site-packages/airflow/example_dags/example_external_task_marker_dag.py
[2025-08-04T15:55:18.517+0000] {processor.py:840} INFO - DAG(s) 'example_external_task_marker_parent', 'example_external_task_marker_child' retrieved from /home/airflow/.local/lib/python3.12/site-packages/airflow/example_dags/example_external_task_marker_dag.py
[2025-08-04T15:55:19.214+0000] {logging_mixin.py:188} INFO - [2025-08-04T15:55:19.179+0000] {dag.py:3096} INFO - Sync 2 DAGs
[2025-08-04T15:55:19.447+0000] {logging_mixin.py:188} INFO - [2025-08-04T15:55:19.423+0000] {dag.py:3954} INFO - Setting next_dagrun for example_external_task_marker_child to None, run_after=None
[2025-08-04T15:55:19.640+0000] {logging_mixin.py:188} INFO - [2025-08-04T15:55:19.617+0000] {dag.py:3954} INFO - Setting next_dagrun for example_external_task_marker_parent to None, run_after=None
[2025-08-04T15:55:20.191+0000] {processor.py:183} INFO - Processing /home/airflow/.local/lib/python3.12/site-packages/airflow/example_dags/example_external_task_marker_dag.py took 1.766 seconds
[2025-08-04T15:55:50.623+0000] {processor.py:161} INFO - Started process (PID=389) to work on /home/airflow/.local/lib/python3.12/site-packages/airflow/example_dags/example_external_task_marker_dag.py
[2025-08-04T15:55:50.624+0000] {processor.py:830} INFO - Processing file /home/airflow/.local/lib/python3.12/site-packages/airflow/example_dags/example_external_task_marker_dag.py for tasks to queue
[2025-08-04T15:55:50.626+0000] {logging_mixin.py:188} INFO - [2025-08-04T15:55:50.626+0000] {dagbag.py:545} INFO - Filling up the DagBag from /home/airflow/.local/lib/python3.12/site-packages/airflow/example_dags/example_external_task_marker_dag.py
[2025-08-04T15:55:50.634+0000] {processor.py:840} INFO - DAG(s) 'example_external_task_marker_parent', 'example_external_task_marker_child' retrieved from /home/airflow/.local/lib/python3.12/site-packages/airflow/example_dags/example_external_task_marker_dag.py
[2025-08-04T15:55:50.656+0000] {logging_mixin.py:188} INFO - [2025-08-04T15:55:50.656+0000] {dag.py:3096} INFO - Sync 2 DAGs
[2025-08-04T15:55:50.671+0000] {logging_mixin.py:188} INFO - [2025-08-04T15:55:50.671+0000] {dag.py:3954} INFO - Setting next_dagrun for example_external_task_marker_child to None, run_after=None
[2025-08-04T15:55:50.675+0000] {logging_mixin.py:188} INFO - [2025-08-04T15:55:50.675+0000] {dag.py:3954} INFO - Setting next_dagrun for example_external_task_marker_parent to None, run_after=None
[2025-08-04T15:55:50.692+0000] {processor.py:183} INFO - Processing /home/airflow/.local/lib/python3.12/site-packages/airflow/example_dags/example_external_task_marker_dag.py took 0.074 seconds
[2025-08-04T15:59:03.308+0000] {processor.py:161} INFO - Started process (PID=99) to work on /home/airflow/.local/lib/python3.12/site-packages/airflow/example_dags/example_external_task_marker_dag.py
[2025-08-04T15:59:03.312+0000] {processor.py:830} INFO - Processing file /home/airflow/.local/lib/python3.12/site-packages/airflow/example_dags/example_external_task_marker_dag.py for tasks to queue
[2025-08-04T15:59:03.334+0000] {logging_mixin.py:188} INFO - [2025-08-04T15:59:03.325+0000] {dagbag.py:545} INFO - Filling up the DagBag from /home/airflow/.local/lib/python3.12/site-packages/airflow/example_dags/example_external_task_marker_dag.py
[2025-08-04T15:59:03.411+0000] {processor.py:840} INFO - DAG(s) 'example_external_task_marker_parent', 'example_external_task_marker_child' retrieved from /home/airflow/.local/lib/python3.12/site-packages/airflow/example_dags/example_external_task_marker_dag.py
[2025-08-04T15:59:03.571+0000] {logging_mixin.py:188} INFO - [2025-08-04T15:59:03.552+0000] {dag.py:3096} INFO - Sync 2 DAGs
[2025-08-04T15:59:03.730+0000] {logging_mixin.py:188} INFO - [2025-08-04T15:59:03.729+0000] {dag.py:3954} INFO - Setting next_dagrun for example_external_task_marker_child to None, run_after=None
[2025-08-04T15:59:03.826+0000] {logging_mixin.py:188} INFO - [2025-08-04T15:59:03.825+0000] {dag.py:3954} INFO - Setting next_dagrun for example_external_task_marker_parent to None, run_after=None
[2025-08-04T15:59:03.967+0000] {processor.py:183} INFO - Processing /home/airflow/.local/lib/python3.12/site-packages/airflow/example_dags/example_external_task_marker_dag.py took 0.745 seconds
[2025-08-04T15:59:34.514+0000] {processor.py:161} INFO - Started process (PID=157) to work on /home/airflow/.local/lib/python3.12/site-packages/airflow/example_dags/example_external_task_marker_dag.py
[2025-08-04T15:59:34.518+0000] {processor.py:830} INFO - Processing file /home/airflow/.local/lib/python3.12/site-packages/airflow/example_dags/example_external_task_marker_dag.py for tasks to queue
[2025-08-04T15:59:34.521+0000] {logging_mixin.py:188} INFO - [2025-08-04T15:59:34.521+0000] {dagbag.py:545} INFO - Filling up the DagBag from /home/airflow/.local/lib/python3.12/site-packages/airflow/example_dags/example_external_task_marker_dag.py
[2025-08-04T15:59:34.530+0000] {processor.py:840} INFO - DAG(s) 'example_external_task_marker_child', 'example_external_task_marker_parent' retrieved from /home/airflow/.local/lib/python3.12/site-packages/airflow/example_dags/example_external_task_marker_dag.py
[2025-08-04T15:59:34.560+0000] {logging_mixin.py:188} INFO - [2025-08-04T15:59:34.560+0000] {dag.py:3096} INFO - Sync 2 DAGs
[2025-08-04T15:59:34.570+0000] {logging_mixin.py:188} INFO - [2025-08-04T15:59:34.570+0000] {dag.py:3954} INFO - Setting next_dagrun for example_external_task_marker_child to None, run_after=None
[2025-08-04T15:59:34.575+0000] {logging_mixin.py:188} INFO - [2025-08-04T15:59:34.575+0000] {dag.py:3954} INFO - Setting next_dagrun for example_external_task_marker_parent to None, run_after=None
[2025-08-04T15:59:34.589+0000] {processor.py:183} INFO - Processing /home/airflow/.local/lib/python3.12/site-packages/airflow/example_dags/example_external_task_marker_dag.py took 0.084 seconds
[2025-08-04T16:00:05.286+0000] {processor.py:161} INFO - Started process (PID=215) to work on /home/airflow/.local/lib/python3.12/site-packages/airflow/example_dags/example_external_task_marker_dag.py
[2025-08-04T16:00:05.288+0000] {processor.py:830} INFO - Processing file /home/airflow/.local/lib/python3.12/site-packages/airflow/example_dags/example_external_task_marker_dag.py for tasks to queue
[2025-08-04T16:00:05.293+0000] {logging_mixin.py:188} INFO - [2025-08-04T16:00:05.292+0000] {dagbag.py:545} INFO - Filling up the DagBag from /home/airflow/.local/lib/python3.12/site-packages/airflow/example_dags/example_external_task_marker_dag.py
[2025-08-04T16:00:05.308+0000] {processor.py:840} INFO - DAG(s) 'example_external_task_marker_parent', 'example_external_task_marker_child' retrieved from /home/airflow/.local/lib/python3.12/site-packages/airflow/example_dags/example_external_task_marker_dag.py
[2025-08-04T16:00:05.349+0000] {logging_mixin.py:188} INFO - [2025-08-04T16:00:05.349+0000] {dag.py:3096} INFO - Sync 2 DAGs
[2025-08-04T16:00:05.373+0000] {logging_mixin.py:188} INFO - [2025-08-04T16:00:05.372+0000] {dag.py:3954} INFO - Setting next_dagrun for example_external_task_marker_child to None, run_after=None
[2025-08-04T16:00:05.388+0000] {logging_mixin.py:188} INFO - [2025-08-04T16:00:05.388+0000] {dag.py:3954} INFO - Setting next_dagrun for example_external_task_marker_parent to None, run_after=None
[2025-08-04T16:00:05.491+0000] {processor.py:183} INFO - Processing /home/airflow/.local/lib/python3.12/site-packages/airflow/example_dags/example_external_task_marker_dag.py took 0.211 seconds
[2025-08-04T16:00:36.111+0000] {processor.py:161} INFO - Started process (PID=273) to work on /home/airflow/.local/lib/python3.12/site-packages/airflow/example_dags/example_external_task_marker_dag.py
[2025-08-04T16:00:36.112+0000] {processor.py:830} INFO - Processing file /home/airflow/.local/lib/python3.12/site-packages/airflow/example_dags/example_external_task_marker_dag.py for tasks to queue
[2025-08-04T16:00:36.114+0000] {logging_mixin.py:188} INFO - [2025-08-04T16:00:36.114+0000] {dagbag.py:545} INFO - Filling up the DagBag from /home/airflow/.local/lib/python3.12/site-packages/airflow/example_dags/example_external_task_marker_dag.py
[2025-08-04T16:00:36.124+0000] {processor.py:840} INFO - DAG(s) 'example_external_task_marker_parent', 'example_external_task_marker_child' retrieved from /home/airflow/.local/lib/python3.12/site-packages/airflow/example_dags/example_external_task_marker_dag.py
[2025-08-04T16:00:36.159+0000] {logging_mixin.py:188} INFO - [2025-08-04T16:00:36.159+0000] {dag.py:3096} INFO - Sync 2 DAGs
[2025-08-04T16:00:36.182+0000] {logging_mixin.py:188} INFO - [2025-08-04T16:00:36.182+0000] {dag.py:3954} INFO - Setting next_dagrun for example_external_task_marker_child to None, run_after=None
[2025-08-04T16:00:36.189+0000] {logging_mixin.py:188} INFO - [2025-08-04T16:00:36.188+0000] {dag.py:3954} INFO - Setting next_dagrun for example_external_task_marker_parent to None, run_after=None
[2025-08-04T16:00:36.222+0000] {processor.py:183} INFO - Processing /home/airflow/.local/lib/python3.12/site-packages/airflow/example_dags/example_external_task_marker_dag.py took 0.116 seconds
[2025-08-04T16:01:07.007+0000] {processor.py:161} INFO - Started process (PID=331) to work on /home/airflow/.local/lib/python3.12/site-packages/airflow/example_dags/example_external_task_marker_dag.py
[2025-08-04T16:01:07.007+0000] {processor.py:830} INFO - Processing file /home/airflow/.local/lib/python3.12/site-packages/airflow/example_dags/example_external_task_marker_dag.py for tasks to queue
[2025-08-04T16:01:07.009+0000] {logging_mixin.py:188} INFO - [2025-08-04T16:01:07.008+0000] {dagbag.py:545} INFO - Filling up the DagBag from /home/airflow/.local/lib/python3.12/site-packages/airflow/example_dags/example_external_task_marker_dag.py
[2025-08-04T16:01:07.012+0000] {processor.py:840} INFO - DAG(s) 'example_external_task_marker_parent', 'example_external_task_marker_child' retrieved from /home/airflow/.local/lib/python3.12/site-packages/airflow/example_dags/example_external_task_marker_dag.py
[2025-08-04T16:01:07.027+0000] {logging_mixin.py:188} INFO - [2025-08-04T16:01:07.027+0000] {dag.py:3096} INFO - Sync 2 DAGs
[2025-08-04T16:01:07.036+0000] {logging_mixin.py:188} INFO - [2025-08-04T16:01:07.035+0000] {dag.py:3954} INFO - Setting next_dagrun for example_external_task_marker_child to None, run_after=None
[2025-08-04T16:01:07.037+0000] {logging_mixin.py:188} INFO - [2025-08-04T16:01:07.037+0000] {dag.py:3954} INFO - Setting next_dagrun for example_external_task_marker_parent to None, run_after=None
[2025-08-04T16:01:07.051+0000] {processor.py:183} INFO - Processing /home/airflow/.local/lib/python3.12/site-packages/airflow/example_dags/example_external_task_marker_dag.py took 0.048 seconds
