[2025-08-04T03:38:03.682+0000] {processor.py:161} INFO - Started process (PID=617) to work on /home/airflow/.local/lib/python3.12/site-packages/airflow/example_dags/example_python_operator.py
[2025-08-04T03:38:03.781+0000] {processor.py:830} INFO - Processing file /home/airflow/.local/lib/python3.12/site-packages/airflow/example_dags/example_python_operator.py for tasks to queue
[2025-08-04T03:38:04.000+0000] {logging_mixin.py:188} INFO - [2025-08-04T03:38:03.940+0000] {dagbag.py:545} INFO - Filling up the DagBag from /home/airflow/.local/lib/python3.12/site-packages/airflow/example_dags/example_python_operator.py
[2025-08-04T03:38:08.057+0000] {processor.py:840} INFO - DAG(s) 'example_python_operator' retrieved from /home/airflow/.local/lib/python3.12/site-packages/airflow/example_dags/example_python_operator.py
[2025-08-04T03:46:19.099+0000] {processor.py:161} INFO - Started process (PID=119) to work on /home/airflow/.local/lib/python3.12/site-packages/airflow/example_dags/example_python_operator.py
[2025-08-04T03:46:19.115+0000] {processor.py:830} INFO - Processing file /home/airflow/.local/lib/python3.12/site-packages/airflow/example_dags/example_python_operator.py for tasks to queue
[2025-08-04T03:46:19.158+0000] {logging_mixin.py:188} INFO - [2025-08-04T03:46:19.150+0000] {dagbag.py:545} INFO - Filling up the DagBag from /home/airflow/.local/lib/python3.12/site-packages/airflow/example_dags/example_python_operator.py
[2025-08-04T03:46:19.287+0000] {processor.py:840} INFO - DAG(s) 'example_python_operator' retrieved from /home/airflow/.local/lib/python3.12/site-packages/airflow/example_dags/example_python_operator.py
[2025-08-04T03:46:20.982+0000] {logging_mixin.py:188} INFO - [2025-08-04T03:46:20.981+0000] {dag.py:3096} INFO - Sync 1 DAGs
[2025-08-04T03:46:21.227+0000] {logging_mixin.py:188} INFO - [2025-08-04T03:46:21.226+0000] {dag.py:3954} INFO - Setting next_dagrun for example_python_operator to None, run_after=None
[2025-08-04T03:46:21.442+0000] {processor.py:183} INFO - Processing /home/airflow/.local/lib/python3.12/site-packages/airflow/example_dags/example_python_operator.py took 2.378 seconds
[2025-08-04T03:47:37.359+0000] {processor.py:161} INFO - Started process (PID=188) to work on /home/airflow/.local/lib/python3.12/site-packages/airflow/example_dags/example_python_operator.py
[2025-08-04T03:47:37.362+0000] {processor.py:830} INFO - Processing file /home/airflow/.local/lib/python3.12/site-packages/airflow/example_dags/example_python_operator.py for tasks to queue
[2025-08-04T03:47:37.367+0000] {logging_mixin.py:188} INFO - [2025-08-04T03:47:37.367+0000] {dagbag.py:545} INFO - Filling up the DagBag from /home/airflow/.local/lib/python3.12/site-packages/airflow/example_dags/example_python_operator.py
[2025-08-04T03:47:37.447+0000] {processor.py:840} INFO - DAG(s) 'example_python_operator' retrieved from /home/airflow/.local/lib/python3.12/site-packages/airflow/example_dags/example_python_operator.py
[2025-08-04T03:47:37.541+0000] {logging_mixin.py:188} INFO - [2025-08-04T03:47:37.541+0000] {dag.py:3096} INFO - Sync 1 DAGs
[2025-08-04T03:47:37.588+0000] {logging_mixin.py:188} INFO - [2025-08-04T03:47:37.587+0000] {dag.py:3954} INFO - Setting next_dagrun for example_python_operator to None, run_after=None
[2025-08-04T03:47:37.661+0000] {processor.py:183} INFO - Processing /home/airflow/.local/lib/python3.12/site-packages/airflow/example_dags/example_python_operator.py took 0.323 seconds
[2025-08-04T03:48:09.819+0000] {processor.py:161} INFO - Started process (PID=246) to work on /home/airflow/.local/lib/python3.12/site-packages/airflow/example_dags/example_python_operator.py
[2025-08-04T03:48:09.836+0000] {processor.py:830} INFO - Processing file /home/airflow/.local/lib/python3.12/site-packages/airflow/example_dags/example_python_operator.py for tasks to queue
[2025-08-04T03:48:09.854+0000] {logging_mixin.py:188} INFO - [2025-08-04T03:48:09.851+0000] {dagbag.py:545} INFO - Filling up the DagBag from /home/airflow/.local/lib/python3.12/site-packages/airflow/example_dags/example_python_operator.py
[2025-08-04T03:48:09.944+0000] {processor.py:840} INFO - DAG(s) 'example_python_operator' retrieved from /home/airflow/.local/lib/python3.12/site-packages/airflow/example_dags/example_python_operator.py
[2025-08-04T03:48:10.115+0000] {logging_mixin.py:188} INFO - [2025-08-04T03:48:10.115+0000] {dag.py:3096} INFO - Sync 1 DAGs
[2025-08-04T03:48:10.579+0000] {logging_mixin.py:188} INFO - [2025-08-04T03:48:10.578+0000] {dag.py:3954} INFO - Setting next_dagrun for example_python_operator to None, run_after=None
[2025-08-04T03:48:10.730+0000] {processor.py:183} INFO - Processing /home/airflow/.local/lib/python3.12/site-packages/airflow/example_dags/example_python_operator.py took 0.967 seconds
[2025-08-04T03:48:41.275+0000] {processor.py:161} INFO - Started process (PID=304) to work on /home/airflow/.local/lib/python3.12/site-packages/airflow/example_dags/example_python_operator.py
[2025-08-04T03:48:41.279+0000] {processor.py:830} INFO - Processing file /home/airflow/.local/lib/python3.12/site-packages/airflow/example_dags/example_python_operator.py for tasks to queue
[2025-08-04T03:48:41.280+0000] {logging_mixin.py:188} INFO - [2025-08-04T03:48:41.280+0000] {dagbag.py:545} INFO - Filling up the DagBag from /home/airflow/.local/lib/python3.12/site-packages/airflow/example_dags/example_python_operator.py
[2025-08-04T03:48:41.287+0000] {processor.py:840} INFO - DAG(s) 'example_python_operator' retrieved from /home/airflow/.local/lib/python3.12/site-packages/airflow/example_dags/example_python_operator.py
[2025-08-04T03:48:41.300+0000] {logging_mixin.py:188} INFO - [2025-08-04T03:48:41.300+0000] {dag.py:3096} INFO - Sync 1 DAGs
[2025-08-04T03:48:41.310+0000] {logging_mixin.py:188} INFO - [2025-08-04T03:48:41.310+0000] {dag.py:3954} INFO - Setting next_dagrun for example_python_operator to None, run_after=None
[2025-08-04T03:48:41.320+0000] {processor.py:183} INFO - Processing /home/airflow/.local/lib/python3.12/site-packages/airflow/example_dags/example_python_operator.py took 0.048 seconds
[2025-08-04T15:16:51.871+0000] {processor.py:161} INFO - Started process (PID=108) to work on /home/airflow/.local/lib/python3.12/site-packages/airflow/example_dags/example_python_operator.py
[2025-08-04T15:16:51.874+0000] {processor.py:830} INFO - Processing file /home/airflow/.local/lib/python3.12/site-packages/airflow/example_dags/example_python_operator.py for tasks to queue
[2025-08-04T15:16:51.878+0000] {logging_mixin.py:188} INFO - [2025-08-04T15:16:51.877+0000] {dagbag.py:545} INFO - Filling up the DagBag from /home/airflow/.local/lib/python3.12/site-packages/airflow/example_dags/example_python_operator.py
[2025-08-04T15:16:51.890+0000] {processor.py:840} INFO - DAG(s) 'example_python_operator' retrieved from /home/airflow/.local/lib/python3.12/site-packages/airflow/example_dags/example_python_operator.py
[2025-08-04T15:16:52.109+0000] {logging_mixin.py:188} INFO - [2025-08-04T15:16:52.109+0000] {dag.py:3096} INFO - Sync 1 DAGs
[2025-08-04T15:16:52.151+0000] {logging_mixin.py:188} INFO - [2025-08-04T15:16:52.151+0000] {dag.py:3954} INFO - Setting next_dagrun for example_python_operator to None, run_after=None
[2025-08-04T15:16:52.180+0000] {processor.py:183} INFO - Processing /home/airflow/.local/lib/python3.12/site-packages/airflow/example_dags/example_python_operator.py took 0.317 seconds
[2025-08-04T15:17:23.140+0000] {processor.py:161} INFO - Started process (PID=168) to work on /home/airflow/.local/lib/python3.12/site-packages/airflow/example_dags/example_python_operator.py
[2025-08-04T15:17:23.141+0000] {processor.py:830} INFO - Processing file /home/airflow/.local/lib/python3.12/site-packages/airflow/example_dags/example_python_operator.py for tasks to queue
[2025-08-04T15:17:23.142+0000] {logging_mixin.py:188} INFO - [2025-08-04T15:17:23.142+0000] {dagbag.py:545} INFO - Filling up the DagBag from /home/airflow/.local/lib/python3.12/site-packages/airflow/example_dags/example_python_operator.py
[2025-08-04T15:17:23.151+0000] {processor.py:840} INFO - DAG(s) 'example_python_operator' retrieved from /home/airflow/.local/lib/python3.12/site-packages/airflow/example_dags/example_python_operator.py
[2025-08-04T15:17:23.170+0000] {logging_mixin.py:188} INFO - [2025-08-04T15:17:23.170+0000] {dag.py:3096} INFO - Sync 1 DAGs
[2025-08-04T15:17:23.185+0000] {logging_mixin.py:188} INFO - [2025-08-04T15:17:23.185+0000] {dag.py:3954} INFO - Setting next_dagrun for example_python_operator to None, run_after=None
[2025-08-04T15:17:23.199+0000] {processor.py:183} INFO - Processing /home/airflow/.local/lib/python3.12/site-packages/airflow/example_dags/example_python_operator.py took 0.064 seconds
[2025-08-04T15:17:53.416+0000] {processor.py:161} INFO - Started process (PID=226) to work on /home/airflow/.local/lib/python3.12/site-packages/airflow/example_dags/example_python_operator.py
[2025-08-04T15:17:53.417+0000] {processor.py:830} INFO - Processing file /home/airflow/.local/lib/python3.12/site-packages/airflow/example_dags/example_python_operator.py for tasks to queue
[2025-08-04T15:17:53.420+0000] {logging_mixin.py:188} INFO - [2025-08-04T15:17:53.420+0000] {dagbag.py:545} INFO - Filling up the DagBag from /home/airflow/.local/lib/python3.12/site-packages/airflow/example_dags/example_python_operator.py
[2025-08-04T15:17:53.436+0000] {processor.py:840} INFO - DAG(s) 'example_python_operator' retrieved from /home/airflow/.local/lib/python3.12/site-packages/airflow/example_dags/example_python_operator.py
[2025-08-04T15:17:53.458+0000] {logging_mixin.py:188} INFO - [2025-08-04T15:17:53.458+0000] {dag.py:3096} INFO - Sync 1 DAGs
[2025-08-04T15:17:53.469+0000] {logging_mixin.py:188} INFO - [2025-08-04T15:17:53.469+0000] {dag.py:3954} INFO - Setting next_dagrun for example_python_operator to None, run_after=None
[2025-08-04T15:17:53.480+0000] {processor.py:183} INFO - Processing /home/airflow/.local/lib/python3.12/site-packages/airflow/example_dags/example_python_operator.py took 0.071 seconds
[2025-08-04T15:18:24.241+0000] {processor.py:161} INFO - Started process (PID=284) to work on /home/airflow/.local/lib/python3.12/site-packages/airflow/example_dags/example_python_operator.py
[2025-08-04T15:18:24.243+0000] {processor.py:830} INFO - Processing file /home/airflow/.local/lib/python3.12/site-packages/airflow/example_dags/example_python_operator.py for tasks to queue
[2025-08-04T15:18:24.244+0000] {logging_mixin.py:188} INFO - [2025-08-04T15:18:24.244+0000] {dagbag.py:545} INFO - Filling up the DagBag from /home/airflow/.local/lib/python3.12/site-packages/airflow/example_dags/example_python_operator.py
[2025-08-04T15:18:24.251+0000] {processor.py:840} INFO - DAG(s) 'example_python_operator' retrieved from /home/airflow/.local/lib/python3.12/site-packages/airflow/example_dags/example_python_operator.py
[2025-08-04T15:18:24.268+0000] {logging_mixin.py:188} INFO - [2025-08-04T15:18:24.268+0000] {dag.py:3096} INFO - Sync 1 DAGs
[2025-08-04T15:18:24.277+0000] {logging_mixin.py:188} INFO - [2025-08-04T15:18:24.277+0000] {dag.py:3954} INFO - Setting next_dagrun for example_python_operator to None, run_after=None
[2025-08-04T15:18:24.288+0000] {processor.py:183} INFO - Processing /home/airflow/.local/lib/python3.12/site-packages/airflow/example_dags/example_python_operator.py took 0.050 seconds
[2025-08-04T15:18:55.236+0000] {processor.py:161} INFO - Started process (PID=342) to work on /home/airflow/.local/lib/python3.12/site-packages/airflow/example_dags/example_python_operator.py
[2025-08-04T15:18:55.245+0000] {processor.py:830} INFO - Processing file /home/airflow/.local/lib/python3.12/site-packages/airflow/example_dags/example_python_operator.py for tasks to queue
[2025-08-04T15:18:55.248+0000] {logging_mixin.py:188} INFO - [2025-08-04T15:18:55.247+0000] {dagbag.py:545} INFO - Filling up the DagBag from /home/airflow/.local/lib/python3.12/site-packages/airflow/example_dags/example_python_operator.py
[2025-08-04T15:18:55.282+0000] {processor.py:840} INFO - DAG(s) 'example_python_operator' retrieved from /home/airflow/.local/lib/python3.12/site-packages/airflow/example_dags/example_python_operator.py
[2025-08-04T15:18:55.325+0000] {logging_mixin.py:188} INFO - [2025-08-04T15:18:55.325+0000] {dag.py:3096} INFO - Sync 1 DAGs
[2025-08-04T15:18:55.350+0000] {logging_mixin.py:188} INFO - [2025-08-04T15:18:55.350+0000] {dag.py:3954} INFO - Setting next_dagrun for example_python_operator to None, run_after=None
[2025-08-04T15:18:55.445+0000] {processor.py:183} INFO - Processing /home/airflow/.local/lib/python3.12/site-packages/airflow/example_dags/example_python_operator.py took 0.213 seconds
[2025-08-04T15:19:26.094+0000] {processor.py:161} INFO - Started process (PID=398) to work on /home/airflow/.local/lib/python3.12/site-packages/airflow/example_dags/example_python_operator.py
[2025-08-04T15:19:26.095+0000] {processor.py:830} INFO - Processing file /home/airflow/.local/lib/python3.12/site-packages/airflow/example_dags/example_python_operator.py for tasks to queue
[2025-08-04T15:19:26.096+0000] {logging_mixin.py:188} INFO - [2025-08-04T15:19:26.096+0000] {dagbag.py:545} INFO - Filling up the DagBag from /home/airflow/.local/lib/python3.12/site-packages/airflow/example_dags/example_python_operator.py
[2025-08-04T15:19:26.109+0000] {processor.py:840} INFO - DAG(s) 'example_python_operator' retrieved from /home/airflow/.local/lib/python3.12/site-packages/airflow/example_dags/example_python_operator.py
[2025-08-04T15:19:26.126+0000] {logging_mixin.py:188} INFO - [2025-08-04T15:19:26.126+0000] {dag.py:3096} INFO - Sync 1 DAGs
[2025-08-04T15:19:26.134+0000] {logging_mixin.py:188} INFO - [2025-08-04T15:19:26.134+0000] {dag.py:3954} INFO - Setting next_dagrun for example_python_operator to None, run_after=None
[2025-08-04T15:19:26.146+0000] {processor.py:183} INFO - Processing /home/airflow/.local/lib/python3.12/site-packages/airflow/example_dags/example_python_operator.py took 0.055 seconds
[2025-08-04T15:27:19.304+0000] {processor.py:161} INFO - Started process (PID=107) to work on /home/airflow/.local/lib/python3.12/site-packages/airflow/example_dags/example_python_operator.py
[2025-08-04T15:27:19.307+0000] {processor.py:830} INFO - Processing file /home/airflow/.local/lib/python3.12/site-packages/airflow/example_dags/example_python_operator.py for tasks to queue
[2025-08-04T15:27:19.318+0000] {logging_mixin.py:188} INFO - [2025-08-04T15:27:19.318+0000] {dagbag.py:545} INFO - Filling up the DagBag from /home/airflow/.local/lib/python3.12/site-packages/airflow/example_dags/example_python_operator.py
[2025-08-04T15:27:19.346+0000] {processor.py:840} INFO - DAG(s) 'example_python_operator' retrieved from /home/airflow/.local/lib/python3.12/site-packages/airflow/example_dags/example_python_operator.py
[2025-08-04T15:27:19.695+0000] {logging_mixin.py:188} INFO - [2025-08-04T15:27:19.695+0000] {dag.py:3096} INFO - Sync 1 DAGs
[2025-08-04T15:27:19.730+0000] {logging_mixin.py:188} INFO - [2025-08-04T15:27:19.730+0000] {dag.py:3954} INFO - Setting next_dagrun for example_python_operator to None, run_after=None
[2025-08-04T15:27:19.789+0000] {processor.py:183} INFO - Processing /home/airflow/.local/lib/python3.12/site-packages/airflow/example_dags/example_python_operator.py took 0.496 seconds
[2025-08-04T15:27:50.370+0000] {processor.py:161} INFO - Started process (PID=165) to work on /home/airflow/.local/lib/python3.12/site-packages/airflow/example_dags/example_python_operator.py
[2025-08-04T15:27:50.371+0000] {processor.py:830} INFO - Processing file /home/airflow/.local/lib/python3.12/site-packages/airflow/example_dags/example_python_operator.py for tasks to queue
[2025-08-04T15:27:50.373+0000] {logging_mixin.py:188} INFO - [2025-08-04T15:27:50.373+0000] {dagbag.py:545} INFO - Filling up the DagBag from /home/airflow/.local/lib/python3.12/site-packages/airflow/example_dags/example_python_operator.py
[2025-08-04T15:27:50.386+0000] {processor.py:840} INFO - DAG(s) 'example_python_operator' retrieved from /home/airflow/.local/lib/python3.12/site-packages/airflow/example_dags/example_python_operator.py
[2025-08-04T15:27:50.438+0000] {logging_mixin.py:188} INFO - [2025-08-04T15:27:50.438+0000] {dag.py:3096} INFO - Sync 1 DAGs
[2025-08-04T15:27:50.450+0000] {logging_mixin.py:188} INFO - [2025-08-04T15:27:50.449+0000] {dag.py:3954} INFO - Setting next_dagrun for example_python_operator to None, run_after=None
[2025-08-04T15:27:50.467+0000] {processor.py:183} INFO - Processing /home/airflow/.local/lib/python3.12/site-packages/airflow/example_dags/example_python_operator.py took 0.102 seconds
[2025-08-04T15:28:20.666+0000] {processor.py:161} INFO - Started process (PID=223) to work on /home/airflow/.local/lib/python3.12/site-packages/airflow/example_dags/example_python_operator.py
[2025-08-04T15:28:20.669+0000] {processor.py:830} INFO - Processing file /home/airflow/.local/lib/python3.12/site-packages/airflow/example_dags/example_python_operator.py for tasks to queue
[2025-08-04T15:28:20.671+0000] {logging_mixin.py:188} INFO - [2025-08-04T15:28:20.670+0000] {dagbag.py:545} INFO - Filling up the DagBag from /home/airflow/.local/lib/python3.12/site-packages/airflow/example_dags/example_python_operator.py
[2025-08-04T15:28:20.680+0000] {processor.py:840} INFO - DAG(s) 'example_python_operator' retrieved from /home/airflow/.local/lib/python3.12/site-packages/airflow/example_dags/example_python_operator.py
[2025-08-04T15:28:20.696+0000] {logging_mixin.py:188} INFO - [2025-08-04T15:28:20.696+0000] {dag.py:3096} INFO - Sync 1 DAGs
[2025-08-04T15:28:20.704+0000] {logging_mixin.py:188} INFO - [2025-08-04T15:28:20.704+0000] {dag.py:3954} INFO - Setting next_dagrun for example_python_operator to None, run_after=None
[2025-08-04T15:28:20.718+0000] {processor.py:183} INFO - Processing /home/airflow/.local/lib/python3.12/site-packages/airflow/example_dags/example_python_operator.py took 0.057 seconds
[2025-08-04T15:28:50.954+0000] {processor.py:161} INFO - Started process (PID=281) to work on /home/airflow/.local/lib/python3.12/site-packages/airflow/example_dags/example_python_operator.py
[2025-08-04T15:28:50.954+0000] {processor.py:830} INFO - Processing file /home/airflow/.local/lib/python3.12/site-packages/airflow/example_dags/example_python_operator.py for tasks to queue
[2025-08-04T15:28:50.955+0000] {logging_mixin.py:188} INFO - [2025-08-04T15:28:50.955+0000] {dagbag.py:545} INFO - Filling up the DagBag from /home/airflow/.local/lib/python3.12/site-packages/airflow/example_dags/example_python_operator.py
[2025-08-04T15:28:50.966+0000] {processor.py:840} INFO - DAG(s) 'example_python_operator' retrieved from /home/airflow/.local/lib/python3.12/site-packages/airflow/example_dags/example_python_operator.py
[2025-08-04T15:28:50.985+0000] {logging_mixin.py:188} INFO - [2025-08-04T15:28:50.985+0000] {dag.py:3096} INFO - Sync 1 DAGs
[2025-08-04T15:28:50.997+0000] {logging_mixin.py:188} INFO - [2025-08-04T15:28:50.997+0000] {dag.py:3954} INFO - Setting next_dagrun for example_python_operator to None, run_after=None
[2025-08-04T15:28:51.012+0000] {processor.py:183} INFO - Processing /home/airflow/.local/lib/python3.12/site-packages/airflow/example_dags/example_python_operator.py took 0.061 seconds
[2025-08-04T15:29:21.693+0000] {processor.py:161} INFO - Started process (PID=339) to work on /home/airflow/.local/lib/python3.12/site-packages/airflow/example_dags/example_python_operator.py
[2025-08-04T15:29:21.695+0000] {processor.py:830} INFO - Processing file /home/airflow/.local/lib/python3.12/site-packages/airflow/example_dags/example_python_operator.py for tasks to queue
[2025-08-04T15:29:21.698+0000] {logging_mixin.py:188} INFO - [2025-08-04T15:29:21.697+0000] {dagbag.py:545} INFO - Filling up the DagBag from /home/airflow/.local/lib/python3.12/site-packages/airflow/example_dags/example_python_operator.py
[2025-08-04T15:29:21.706+0000] {processor.py:840} INFO - DAG(s) 'example_python_operator' retrieved from /home/airflow/.local/lib/python3.12/site-packages/airflow/example_dags/example_python_operator.py
[2025-08-04T15:29:21.727+0000] {logging_mixin.py:188} INFO - [2025-08-04T15:29:21.727+0000] {dag.py:3096} INFO - Sync 1 DAGs
[2025-08-04T15:29:21.737+0000] {logging_mixin.py:188} INFO - [2025-08-04T15:29:21.737+0000] {dag.py:3954} INFO - Setting next_dagrun for example_python_operator to None, run_after=None
[2025-08-04T15:29:21.807+0000] {processor.py:183} INFO - Processing /home/airflow/.local/lib/python3.12/site-packages/airflow/example_dags/example_python_operator.py took 0.121 seconds
[2025-08-04T15:29:51.915+0000] {processor.py:161} INFO - Started process (PID=397) to work on /home/airflow/.local/lib/python3.12/site-packages/airflow/example_dags/example_python_operator.py
[2025-08-04T15:29:51.916+0000] {processor.py:830} INFO - Processing file /home/airflow/.local/lib/python3.12/site-packages/airflow/example_dags/example_python_operator.py for tasks to queue
[2025-08-04T15:29:51.917+0000] {logging_mixin.py:188} INFO - [2025-08-04T15:29:51.917+0000] {dagbag.py:545} INFO - Filling up the DagBag from /home/airflow/.local/lib/python3.12/site-packages/airflow/example_dags/example_python_operator.py
[2025-08-04T15:29:51.928+0000] {processor.py:840} INFO - DAG(s) 'example_python_operator' retrieved from /home/airflow/.local/lib/python3.12/site-packages/airflow/example_dags/example_python_operator.py
[2025-08-04T15:29:51.952+0000] {logging_mixin.py:188} INFO - [2025-08-04T15:29:51.952+0000] {dag.py:3096} INFO - Sync 1 DAGs
[2025-08-04T15:29:51.962+0000] {logging_mixin.py:188} INFO - [2025-08-04T15:29:51.962+0000] {dag.py:3954} INFO - Setting next_dagrun for example_python_operator to None, run_after=None
[2025-08-04T15:29:51.985+0000] {processor.py:183} INFO - Processing /home/airflow/.local/lib/python3.12/site-packages/airflow/example_dags/example_python_operator.py took 0.073 seconds
[2025-08-04T15:30:22.295+0000] {processor.py:161} INFO - Started process (PID=455) to work on /home/airflow/.local/lib/python3.12/site-packages/airflow/example_dags/example_python_operator.py
[2025-08-04T15:30:22.296+0000] {processor.py:830} INFO - Processing file /home/airflow/.local/lib/python3.12/site-packages/airflow/example_dags/example_python_operator.py for tasks to queue
[2025-08-04T15:30:22.297+0000] {logging_mixin.py:188} INFO - [2025-08-04T15:30:22.297+0000] {dagbag.py:545} INFO - Filling up the DagBag from /home/airflow/.local/lib/python3.12/site-packages/airflow/example_dags/example_python_operator.py
[2025-08-04T15:30:22.303+0000] {processor.py:840} INFO - DAG(s) 'example_python_operator' retrieved from /home/airflow/.local/lib/python3.12/site-packages/airflow/example_dags/example_python_operator.py
[2025-08-04T15:30:22.311+0000] {logging_mixin.py:188} INFO - [2025-08-04T15:30:22.311+0000] {dag.py:3096} INFO - Sync 1 DAGs
[2025-08-04T15:30:22.316+0000] {logging_mixin.py:188} INFO - [2025-08-04T15:30:22.316+0000] {dag.py:3954} INFO - Setting next_dagrun for example_python_operator to None, run_after=None
[2025-08-04T15:30:22.324+0000] {processor.py:183} INFO - Processing /home/airflow/.local/lib/python3.12/site-packages/airflow/example_dags/example_python_operator.py took 0.031 seconds
[2025-08-04T15:30:52.435+0000] {processor.py:161} INFO - Started process (PID=513) to work on /home/airflow/.local/lib/python3.12/site-packages/airflow/example_dags/example_python_operator.py
[2025-08-04T15:30:52.436+0000] {processor.py:830} INFO - Processing file /home/airflow/.local/lib/python3.12/site-packages/airflow/example_dags/example_python_operator.py for tasks to queue
[2025-08-04T15:30:52.438+0000] {logging_mixin.py:188} INFO - [2025-08-04T15:30:52.438+0000] {dagbag.py:545} INFO - Filling up the DagBag from /home/airflow/.local/lib/python3.12/site-packages/airflow/example_dags/example_python_operator.py
[2025-08-04T15:30:52.446+0000] {processor.py:840} INFO - DAG(s) 'example_python_operator' retrieved from /home/airflow/.local/lib/python3.12/site-packages/airflow/example_dags/example_python_operator.py
[2025-08-04T15:30:52.472+0000] {logging_mixin.py:188} INFO - [2025-08-04T15:30:52.472+0000] {dag.py:3096} INFO - Sync 1 DAGs
[2025-08-04T15:30:52.478+0000] {logging_mixin.py:188} INFO - [2025-08-04T15:30:52.478+0000] {dag.py:3954} INFO - Setting next_dagrun for example_python_operator to None, run_after=None
[2025-08-04T15:30:52.509+0000] {processor.py:183} INFO - Processing /home/airflow/.local/lib/python3.12/site-packages/airflow/example_dags/example_python_operator.py took 0.078 seconds
[2025-08-04T15:31:23.594+0000] {processor.py:161} INFO - Started process (PID=571) to work on /home/airflow/.local/lib/python3.12/site-packages/airflow/example_dags/example_python_operator.py
[2025-08-04T15:31:23.594+0000] {processor.py:830} INFO - Processing file /home/airflow/.local/lib/python3.12/site-packages/airflow/example_dags/example_python_operator.py for tasks to queue
[2025-08-04T15:31:23.596+0000] {logging_mixin.py:188} INFO - [2025-08-04T15:31:23.596+0000] {dagbag.py:545} INFO - Filling up the DagBag from /home/airflow/.local/lib/python3.12/site-packages/airflow/example_dags/example_python_operator.py
[2025-08-04T15:31:23.602+0000] {processor.py:840} INFO - DAG(s) 'example_python_operator' retrieved from /home/airflow/.local/lib/python3.12/site-packages/airflow/example_dags/example_python_operator.py
[2025-08-04T15:31:23.627+0000] {logging_mixin.py:188} INFO - [2025-08-04T15:31:23.627+0000] {dag.py:3096} INFO - Sync 1 DAGs
[2025-08-04T15:31:23.638+0000] {logging_mixin.py:188} INFO - [2025-08-04T15:31:23.638+0000] {dag.py:3954} INFO - Setting next_dagrun for example_python_operator to None, run_after=None
[2025-08-04T15:31:23.656+0000] {processor.py:183} INFO - Processing /home/airflow/.local/lib/python3.12/site-packages/airflow/example_dags/example_python_operator.py took 0.066 seconds
[2025-08-04T15:31:54.513+0000] {processor.py:161} INFO - Started process (PID=629) to work on /home/airflow/.local/lib/python3.12/site-packages/airflow/example_dags/example_python_operator.py
[2025-08-04T15:31:54.514+0000] {processor.py:830} INFO - Processing file /home/airflow/.local/lib/python3.12/site-packages/airflow/example_dags/example_python_operator.py for tasks to queue
[2025-08-04T15:31:54.516+0000] {logging_mixin.py:188} INFO - [2025-08-04T15:31:54.516+0000] {dagbag.py:545} INFO - Filling up the DagBag from /home/airflow/.local/lib/python3.12/site-packages/airflow/example_dags/example_python_operator.py
[2025-08-04T15:31:54.525+0000] {processor.py:840} INFO - DAG(s) 'example_python_operator' retrieved from /home/airflow/.local/lib/python3.12/site-packages/airflow/example_dags/example_python_operator.py
[2025-08-04T15:31:54.543+0000] {logging_mixin.py:188} INFO - [2025-08-04T15:31:54.543+0000] {dag.py:3096} INFO - Sync 1 DAGs
[2025-08-04T15:31:54.553+0000] {logging_mixin.py:188} INFO - [2025-08-04T15:31:54.553+0000] {dag.py:3954} INFO - Setting next_dagrun for example_python_operator to None, run_after=None
[2025-08-04T15:31:54.566+0000] {processor.py:183} INFO - Processing /home/airflow/.local/lib/python3.12/site-packages/airflow/example_dags/example_python_operator.py took 0.057 seconds
[2025-08-04T15:53:13.599+0000] {processor.py:161} INFO - Started process (PID=109) to work on /home/airflow/.local/lib/python3.12/site-packages/airflow/example_dags/example_python_operator.py
[2025-08-04T15:53:13.604+0000] {processor.py:830} INFO - Processing file /home/airflow/.local/lib/python3.12/site-packages/airflow/example_dags/example_python_operator.py for tasks to queue
[2025-08-04T15:53:13.606+0000] {logging_mixin.py:188} INFO - [2025-08-04T15:53:13.606+0000] {dagbag.py:545} INFO - Filling up the DagBag from /home/airflow/.local/lib/python3.12/site-packages/airflow/example_dags/example_python_operator.py
[2025-08-04T15:53:13.677+0000] {processor.py:840} INFO - DAG(s) 'example_python_operator' retrieved from /home/airflow/.local/lib/python3.12/site-packages/airflow/example_dags/example_python_operator.py
[2025-08-04T15:53:14.053+0000] {logging_mixin.py:188} INFO - [2025-08-04T15:53:14.052+0000] {dag.py:3096} INFO - Sync 1 DAGs
[2025-08-04T15:53:14.100+0000] {logging_mixin.py:188} INFO - [2025-08-04T15:53:14.100+0000] {dag.py:3954} INFO - Setting next_dagrun for example_python_operator to None, run_after=None
[2025-08-04T15:53:14.270+0000] {processor.py:183} INFO - Processing /home/airflow/.local/lib/python3.12/site-packages/airflow/example_dags/example_python_operator.py took 0.837 seconds
[2025-08-04T15:53:44.419+0000] {processor.py:161} INFO - Started process (PID=167) to work on /home/airflow/.local/lib/python3.12/site-packages/airflow/example_dags/example_python_operator.py
[2025-08-04T15:53:44.422+0000] {processor.py:830} INFO - Processing file /home/airflow/.local/lib/python3.12/site-packages/airflow/example_dags/example_python_operator.py for tasks to queue
[2025-08-04T15:53:44.424+0000] {logging_mixin.py:188} INFO - [2025-08-04T15:53:44.423+0000] {dagbag.py:545} INFO - Filling up the DagBag from /home/airflow/.local/lib/python3.12/site-packages/airflow/example_dags/example_python_operator.py
[2025-08-04T15:53:44.431+0000] {processor.py:840} INFO - DAG(s) 'example_python_operator' retrieved from /home/airflow/.local/lib/python3.12/site-packages/airflow/example_dags/example_python_operator.py
[2025-08-04T15:53:44.447+0000] {logging_mixin.py:188} INFO - [2025-08-04T15:53:44.447+0000] {dag.py:3096} INFO - Sync 1 DAGs
[2025-08-04T15:53:44.452+0000] {logging_mixin.py:188} INFO - [2025-08-04T15:53:44.452+0000] {dag.py:3954} INFO - Setting next_dagrun for example_python_operator to None, run_after=None
[2025-08-04T15:53:44.461+0000] {processor.py:183} INFO - Processing /home/airflow/.local/lib/python3.12/site-packages/airflow/example_dags/example_python_operator.py took 0.045 seconds
[2025-08-04T15:54:14.966+0000] {processor.py:161} INFO - Started process (PID=225) to work on /home/airflow/.local/lib/python3.12/site-packages/airflow/example_dags/example_python_operator.py
[2025-08-04T15:54:14.967+0000] {processor.py:830} INFO - Processing file /home/airflow/.local/lib/python3.12/site-packages/airflow/example_dags/example_python_operator.py for tasks to queue
[2025-08-04T15:54:14.968+0000] {logging_mixin.py:188} INFO - [2025-08-04T15:54:14.968+0000] {dagbag.py:545} INFO - Filling up the DagBag from /home/airflow/.local/lib/python3.12/site-packages/airflow/example_dags/example_python_operator.py
[2025-08-04T15:54:14.981+0000] {processor.py:840} INFO - DAG(s) 'example_python_operator' retrieved from /home/airflow/.local/lib/python3.12/site-packages/airflow/example_dags/example_python_operator.py
[2025-08-04T15:54:15.003+0000] {logging_mixin.py:188} INFO - [2025-08-04T15:54:14.999+0000] {dag.py:3096} INFO - Sync 1 DAGs
[2025-08-04T15:54:15.011+0000] {logging_mixin.py:188} INFO - [2025-08-04T15:54:15.011+0000] {dag.py:3954} INFO - Setting next_dagrun for example_python_operator to None, run_after=None
[2025-08-04T15:54:15.023+0000] {processor.py:183} INFO - Processing /home/airflow/.local/lib/python3.12/site-packages/airflow/example_dags/example_python_operator.py took 0.061 seconds
[2025-08-04T15:54:45.566+0000] {processor.py:161} INFO - Started process (PID=283) to work on /home/airflow/.local/lib/python3.12/site-packages/airflow/example_dags/example_python_operator.py
[2025-08-04T15:54:45.567+0000] {processor.py:830} INFO - Processing file /home/airflow/.local/lib/python3.12/site-packages/airflow/example_dags/example_python_operator.py for tasks to queue
[2025-08-04T15:54:45.569+0000] {logging_mixin.py:188} INFO - [2025-08-04T15:54:45.569+0000] {dagbag.py:545} INFO - Filling up the DagBag from /home/airflow/.local/lib/python3.12/site-packages/airflow/example_dags/example_python_operator.py
[2025-08-04T15:54:45.603+0000] {processor.py:840} INFO - DAG(s) 'example_python_operator' retrieved from /home/airflow/.local/lib/python3.12/site-packages/airflow/example_dags/example_python_operator.py
[2025-08-04T15:54:45.682+0000] {logging_mixin.py:188} INFO - [2025-08-04T15:54:45.681+0000] {dag.py:3096} INFO - Sync 1 DAGs
[2025-08-04T15:54:45.696+0000] {logging_mixin.py:188} INFO - [2025-08-04T15:54:45.696+0000] {dag.py:3954} INFO - Setting next_dagrun for example_python_operator to None, run_after=None
[2025-08-04T15:54:45.713+0000] {processor.py:183} INFO - Processing /home/airflow/.local/lib/python3.12/site-packages/airflow/example_dags/example_python_operator.py took 0.150 seconds
[2025-08-04T15:55:23.213+0000] {processor.py:161} INFO - Started process (PID=347) to work on /home/airflow/.local/lib/python3.12/site-packages/airflow/example_dags/example_python_operator.py
[2025-08-04T15:55:23.214+0000] {processor.py:830} INFO - Processing file /home/airflow/.local/lib/python3.12/site-packages/airflow/example_dags/example_python_operator.py for tasks to queue
[2025-08-04T15:55:23.225+0000] {logging_mixin.py:188} INFO - [2025-08-04T15:55:23.225+0000] {dagbag.py:545} INFO - Filling up the DagBag from /home/airflow/.local/lib/python3.12/site-packages/airflow/example_dags/example_python_operator.py
[2025-08-04T15:55:23.292+0000] {processor.py:840} INFO - DAG(s) 'example_python_operator' retrieved from /home/airflow/.local/lib/python3.12/site-packages/airflow/example_dags/example_python_operator.py
[2025-08-04T15:55:23.362+0000] {logging_mixin.py:188} INFO - [2025-08-04T15:55:23.362+0000] {dag.py:3096} INFO - Sync 1 DAGs
[2025-08-04T15:55:23.389+0000] {logging_mixin.py:188} INFO - [2025-08-04T15:55:23.389+0000] {dag.py:3954} INFO - Setting next_dagrun for example_python_operator to None, run_after=None
[2025-08-04T15:55:23.444+0000] {processor.py:183} INFO - Processing /home/airflow/.local/lib/python3.12/site-packages/airflow/example_dags/example_python_operator.py took 0.243 seconds
[2025-08-04T15:55:53.533+0000] {processor.py:161} INFO - Started process (PID=406) to work on /home/airflow/.local/lib/python3.12/site-packages/airflow/example_dags/example_python_operator.py
[2025-08-04T15:55:53.534+0000] {processor.py:830} INFO - Processing file /home/airflow/.local/lib/python3.12/site-packages/airflow/example_dags/example_python_operator.py for tasks to queue
[2025-08-04T15:55:53.534+0000] {logging_mixin.py:188} INFO - [2025-08-04T15:55:53.534+0000] {dagbag.py:545} INFO - Filling up the DagBag from /home/airflow/.local/lib/python3.12/site-packages/airflow/example_dags/example_python_operator.py
[2025-08-04T15:55:53.539+0000] {processor.py:840} INFO - DAG(s) 'example_python_operator' retrieved from /home/airflow/.local/lib/python3.12/site-packages/airflow/example_dags/example_python_operator.py
[2025-08-04T15:55:53.549+0000] {logging_mixin.py:188} INFO - [2025-08-04T15:55:53.549+0000] {dag.py:3096} INFO - Sync 1 DAGs
[2025-08-04T15:55:53.555+0000] {logging_mixin.py:188} INFO - [2025-08-04T15:55:53.555+0000] {dag.py:3954} INFO - Setting next_dagrun for example_python_operator to None, run_after=None
[2025-08-04T15:55:53.565+0000] {processor.py:183} INFO - Processing /home/airflow/.local/lib/python3.12/site-packages/airflow/example_dags/example_python_operator.py took 0.034 seconds
[2025-08-04T15:59:12.192+0000] {processor.py:161} INFO - Started process (PID=115) to work on /home/airflow/.local/lib/python3.12/site-packages/airflow/example_dags/example_python_operator.py
[2025-08-04T15:59:12.201+0000] {processor.py:830} INFO - Processing file /home/airflow/.local/lib/python3.12/site-packages/airflow/example_dags/example_python_operator.py for tasks to queue
[2025-08-04T15:59:12.213+0000] {logging_mixin.py:188} INFO - [2025-08-04T15:59:12.213+0000] {dagbag.py:545} INFO - Filling up the DagBag from /home/airflow/.local/lib/python3.12/site-packages/airflow/example_dags/example_python_operator.py
[2025-08-04T15:59:12.268+0000] {processor.py:840} INFO - DAG(s) 'example_python_operator' retrieved from /home/airflow/.local/lib/python3.12/site-packages/airflow/example_dags/example_python_operator.py
[2025-08-04T15:59:13.059+0000] {logging_mixin.py:188} INFO - [2025-08-04T15:59:13.059+0000] {dag.py:3096} INFO - Sync 1 DAGs
[2025-08-04T15:59:13.199+0000] {logging_mixin.py:188} INFO - [2025-08-04T15:59:13.169+0000] {dag.py:3954} INFO - Setting next_dagrun for example_python_operator to None, run_after=None
[2025-08-04T15:59:13.717+0000] {processor.py:183} INFO - Processing /home/airflow/.local/lib/python3.12/site-packages/airflow/example_dags/example_python_operator.py took 1.536 seconds
[2025-08-04T15:59:44.037+0000] {processor.py:161} INFO - Started process (PID=167) to work on /home/airflow/.local/lib/python3.12/site-packages/airflow/example_dags/example_python_operator.py
[2025-08-04T15:59:44.043+0000] {processor.py:830} INFO - Processing file /home/airflow/.local/lib/python3.12/site-packages/airflow/example_dags/example_python_operator.py for tasks to queue
[2025-08-04T15:59:44.056+0000] {logging_mixin.py:188} INFO - [2025-08-04T15:59:44.056+0000] {dagbag.py:545} INFO - Filling up the DagBag from /home/airflow/.local/lib/python3.12/site-packages/airflow/example_dags/example_python_operator.py
[2025-08-04T15:59:44.121+0000] {processor.py:840} INFO - DAG(s) 'example_python_operator' retrieved from /home/airflow/.local/lib/python3.12/site-packages/airflow/example_dags/example_python_operator.py
[2025-08-04T15:59:44.185+0000] {logging_mixin.py:188} INFO - [2025-08-04T15:59:44.184+0000] {dag.py:3096} INFO - Sync 1 DAGs
[2025-08-04T15:59:44.203+0000] {logging_mixin.py:188} INFO - [2025-08-04T15:59:44.203+0000] {dag.py:3954} INFO - Setting next_dagrun for example_python_operator to None, run_after=None
[2025-08-04T15:59:44.281+0000] {processor.py:183} INFO - Processing /home/airflow/.local/lib/python3.12/site-packages/airflow/example_dags/example_python_operator.py took 0.255 seconds
[2025-08-04T16:00:14.925+0000] {processor.py:161} INFO - Started process (PID=231) to work on /home/airflow/.local/lib/python3.12/site-packages/airflow/example_dags/example_python_operator.py
[2025-08-04T16:00:14.926+0000] {processor.py:830} INFO - Processing file /home/airflow/.local/lib/python3.12/site-packages/airflow/example_dags/example_python_operator.py for tasks to queue
[2025-08-04T16:00:14.930+0000] {logging_mixin.py:188} INFO - [2025-08-04T16:00:14.930+0000] {dagbag.py:545} INFO - Filling up the DagBag from /home/airflow/.local/lib/python3.12/site-packages/airflow/example_dags/example_python_operator.py
[2025-08-04T16:00:14.951+0000] {processor.py:840} INFO - DAG(s) 'example_python_operator' retrieved from /home/airflow/.local/lib/python3.12/site-packages/airflow/example_dags/example_python_operator.py
[2025-08-04T16:00:14.997+0000] {logging_mixin.py:188} INFO - [2025-08-04T16:00:14.997+0000] {dag.py:3096} INFO - Sync 1 DAGs
[2025-08-04T16:00:15.018+0000] {logging_mixin.py:188} INFO - [2025-08-04T16:00:15.018+0000] {dag.py:3954} INFO - Setting next_dagrun for example_python_operator to None, run_after=None
[2025-08-04T16:00:15.046+0000] {processor.py:183} INFO - Processing /home/airflow/.local/lib/python3.12/site-packages/airflow/example_dags/example_python_operator.py took 0.128 seconds
[2025-08-04T16:00:45.501+0000] {processor.py:161} INFO - Started process (PID=289) to work on /home/airflow/.local/lib/python3.12/site-packages/airflow/example_dags/example_python_operator.py
[2025-08-04T16:00:45.507+0000] {processor.py:830} INFO - Processing file /home/airflow/.local/lib/python3.12/site-packages/airflow/example_dags/example_python_operator.py for tasks to queue
[2025-08-04T16:00:45.515+0000] {logging_mixin.py:188} INFO - [2025-08-04T16:00:45.515+0000] {dagbag.py:545} INFO - Filling up the DagBag from /home/airflow/.local/lib/python3.12/site-packages/airflow/example_dags/example_python_operator.py
[2025-08-04T16:00:45.537+0000] {processor.py:840} INFO - DAG(s) 'example_python_operator' retrieved from /home/airflow/.local/lib/python3.12/site-packages/airflow/example_dags/example_python_operator.py
[2025-08-04T16:00:45.619+0000] {logging_mixin.py:188} INFO - [2025-08-04T16:00:45.619+0000] {dag.py:3096} INFO - Sync 1 DAGs
[2025-08-04T16:00:45.648+0000] {logging_mixin.py:188} INFO - [2025-08-04T16:00:45.648+0000] {dag.py:3954} INFO - Setting next_dagrun for example_python_operator to None, run_after=None
[2025-08-04T16:00:45.679+0000] {processor.py:183} INFO - Processing /home/airflow/.local/lib/python3.12/site-packages/airflow/example_dags/example_python_operator.py took 0.183 seconds
[2025-08-04T16:01:16.397+0000] {processor.py:161} INFO - Started process (PID=347) to work on /home/airflow/.local/lib/python3.12/site-packages/airflow/example_dags/example_python_operator.py
[2025-08-04T16:01:16.397+0000] {processor.py:830} INFO - Processing file /home/airflow/.local/lib/python3.12/site-packages/airflow/example_dags/example_python_operator.py for tasks to queue
[2025-08-04T16:01:16.398+0000] {logging_mixin.py:188} INFO - [2025-08-04T16:01:16.398+0000] {dagbag.py:545} INFO - Filling up the DagBag from /home/airflow/.local/lib/python3.12/site-packages/airflow/example_dags/example_python_operator.py
[2025-08-04T16:01:16.406+0000] {processor.py:840} INFO - DAG(s) 'example_python_operator' retrieved from /home/airflow/.local/lib/python3.12/site-packages/airflow/example_dags/example_python_operator.py
[2025-08-04T16:01:16.436+0000] {logging_mixin.py:188} INFO - [2025-08-04T16:01:16.436+0000] {dag.py:3096} INFO - Sync 1 DAGs
[2025-08-04T16:01:16.451+0000] {logging_mixin.py:188} INFO - [2025-08-04T16:01:16.450+0000] {dag.py:3954} INFO - Setting next_dagrun for example_python_operator to None, run_after=None
[2025-08-04T16:01:16.466+0000] {processor.py:183} INFO - Processing /home/airflow/.local/lib/python3.12/site-packages/airflow/example_dags/example_python_operator.py took 0.072 seconds
