[2025-08-04T03:45:48.938+0000] {processor.py:161} INFO - Started process (PID=93) to work on /home/airflow/.local/lib/python3.12/site-packages/airflow/example_dags/example_task_group.py
[2025-08-04T03:45:49.001+0000] {processor.py:830} INFO - Processing file /home/airflow/.local/lib/python3.12/site-packages/airflow/example_dags/example_task_group.py for tasks to queue
[2025-08-04T03:45:49.027+0000] {logging_mixin.py:188} INFO - [2025-08-04T03:45:49.027+0000] {dagbag.py:545} INFO - Filling up the DagBag from /home/airflow/.local/lib/python3.12/site-packages/airflow/example_dags/example_task_group.py
[2025-08-04T03:45:49.141+0000] {processor.py:840} INFO - DAG(s) 'example_task_group' retrieved from /home/airflow/.local/lib/python3.12/site-packages/airflow/example_dags/example_task_group.py
[2025-08-04T03:45:49.385+0000] {logging_mixin.py:188} INFO - [2025-08-04T03:45:49.384+0000] {dag.py:3096} INFO - Sync 1 DAGs
[2025-08-04T03:45:49.578+0000] {logging_mixin.py:188} INFO - [2025-08-04T03:45:49.577+0000] {dag.py:3954} INFO - Setting next_dagrun for example_task_group to 2025-08-03 00:00:00+00:00, run_after=2025-08-04 00:00:00+00:00
[2025-08-04T03:45:50.130+0000] {processor.py:183} INFO - Processing /home/airflow/.local/lib/python3.12/site-packages/airflow/example_dags/example_task_group.py took 1.228 seconds
[2025-08-04T03:47:11.036+0000] {processor.py:161} INFO - Started process (PID=157) to work on /home/airflow/.local/lib/python3.12/site-packages/airflow/example_dags/example_task_group.py
[2025-08-04T03:47:11.048+0000] {processor.py:830} INFO - Processing file /home/airflow/.local/lib/python3.12/site-packages/airflow/example_dags/example_task_group.py for tasks to queue
[2025-08-04T03:47:11.109+0000] {logging_mixin.py:188} INFO - [2025-08-04T03:47:11.107+0000] {dagbag.py:545} INFO - Filling up the DagBag from /home/airflow/.local/lib/python3.12/site-packages/airflow/example_dags/example_task_group.py
[2025-08-04T03:47:12.304+0000] {processor.py:840} INFO - DAG(s) 'example_task_group' retrieved from /home/airflow/.local/lib/python3.12/site-packages/airflow/example_dags/example_task_group.py
[2025-08-04T03:47:13.743+0000] {logging_mixin.py:188} INFO - [2025-08-04T03:47:13.676+0000] {dag.py:3096} INFO - Sync 1 DAGs
[2025-08-04T03:47:14.616+0000] {logging_mixin.py:188} INFO - [2025-08-04T03:47:14.611+0000] {dag.py:3954} INFO - Setting next_dagrun for example_task_group to 2025-08-03 00:00:00+00:00, run_after=2025-08-04 00:00:00+00:00
[2025-08-04T03:47:15.262+0000] {processor.py:183} INFO - Processing /home/airflow/.local/lib/python3.12/site-packages/airflow/example_dags/example_task_group.py took 4.338 seconds
[2025-08-04T03:47:48.872+0000] {processor.py:161} INFO - Started process (PID=216) to work on /home/airflow/.local/lib/python3.12/site-packages/airflow/example_dags/example_task_group.py
[2025-08-04T03:47:48.890+0000] {processor.py:830} INFO - Processing file /home/airflow/.local/lib/python3.12/site-packages/airflow/example_dags/example_task_group.py for tasks to queue
[2025-08-04T03:47:48.922+0000] {logging_mixin.py:188} INFO - [2025-08-04T03:47:48.922+0000] {dagbag.py:545} INFO - Filling up the DagBag from /home/airflow/.local/lib/python3.12/site-packages/airflow/example_dags/example_task_group.py
[2025-08-04T03:47:49.094+0000] {processor.py:840} INFO - DAG(s) 'example_task_group' retrieved from /home/airflow/.local/lib/python3.12/site-packages/airflow/example_dags/example_task_group.py
[2025-08-04T03:47:49.536+0000] {logging_mixin.py:188} INFO - [2025-08-04T03:47:49.534+0000] {dag.py:3096} INFO - Sync 1 DAGs
[2025-08-04T03:47:49.773+0000] {logging_mixin.py:188} INFO - [2025-08-04T03:47:49.762+0000] {dag.py:3954} INFO - Setting next_dagrun for example_task_group to 2025-08-03 00:00:00+00:00, run_after=2025-08-04 00:00:00+00:00
[2025-08-04T03:47:50.239+0000] {processor.py:183} INFO - Processing /home/airflow/.local/lib/python3.12/site-packages/airflow/example_dags/example_task_group.py took 1.391 seconds
[2025-08-04T03:48:22.728+0000] {processor.py:161} INFO - Started process (PID=279) to work on /home/airflow/.local/lib/python3.12/site-packages/airflow/example_dags/example_task_group.py
[2025-08-04T03:48:22.736+0000] {processor.py:830} INFO - Processing file /home/airflow/.local/lib/python3.12/site-packages/airflow/example_dags/example_task_group.py for tasks to queue
[2025-08-04T03:48:22.747+0000] {logging_mixin.py:188} INFO - [2025-08-04T03:48:22.746+0000] {dagbag.py:545} INFO - Filling up the DagBag from /home/airflow/.local/lib/python3.12/site-packages/airflow/example_dags/example_task_group.py
[2025-08-04T03:48:22.854+0000] {processor.py:840} INFO - DAG(s) 'example_task_group' retrieved from /home/airflow/.local/lib/python3.12/site-packages/airflow/example_dags/example_task_group.py
[2025-08-04T03:48:23.047+0000] {logging_mixin.py:188} INFO - [2025-08-04T03:48:23.046+0000] {dag.py:3096} INFO - Sync 1 DAGs
[2025-08-04T03:48:23.252+0000] {logging_mixin.py:188} INFO - [2025-08-04T03:48:23.251+0000] {dag.py:3954} INFO - Setting next_dagrun for example_task_group to 2025-08-03 00:00:00+00:00, run_after=2025-08-04 00:00:00+00:00
[2025-08-04T03:48:23.646+0000] {processor.py:183} INFO - Processing /home/airflow/.local/lib/python3.12/site-packages/airflow/example_dags/example_task_group.py took 0.962 seconds
[2025-08-04T03:48:54.032+0000] {processor.py:161} INFO - Started process (PID=337) to work on /home/airflow/.local/lib/python3.12/site-packages/airflow/example_dags/example_task_group.py
[2025-08-04T03:48:54.034+0000] {processor.py:830} INFO - Processing file /home/airflow/.local/lib/python3.12/site-packages/airflow/example_dags/example_task_group.py for tasks to queue
[2025-08-04T03:48:54.035+0000] {logging_mixin.py:188} INFO - [2025-08-04T03:48:54.035+0000] {dagbag.py:545} INFO - Filling up the DagBag from /home/airflow/.local/lib/python3.12/site-packages/airflow/example_dags/example_task_group.py
[2025-08-04T03:48:54.044+0000] {processor.py:840} INFO - DAG(s) 'example_task_group' retrieved from /home/airflow/.local/lib/python3.12/site-packages/airflow/example_dags/example_task_group.py
[2025-08-04T03:48:54.076+0000] {logging_mixin.py:188} INFO - [2025-08-04T03:48:54.075+0000] {dag.py:3096} INFO - Sync 1 DAGs
[2025-08-04T03:48:54.101+0000] {logging_mixin.py:188} INFO - [2025-08-04T03:48:54.101+0000] {dag.py:3954} INFO - Setting next_dagrun for example_task_group to 2025-08-03 00:00:00+00:00, run_after=2025-08-04 00:00:00+00:00
[2025-08-04T03:48:54.133+0000] {processor.py:183} INFO - Processing /home/airflow/.local/lib/python3.12/site-packages/airflow/example_dags/example_task_group.py took 0.104 seconds
[2025-08-04T15:16:45.256+0000] {processor.py:161} INFO - Started process (PID=88) to work on /home/airflow/.local/lib/python3.12/site-packages/airflow/example_dags/example_task_group.py
[2025-08-04T15:16:45.257+0000] {processor.py:830} INFO - Processing file /home/airflow/.local/lib/python3.12/site-packages/airflow/example_dags/example_task_group.py for tasks to queue
[2025-08-04T15:16:45.260+0000] {logging_mixin.py:188} INFO - [2025-08-04T15:16:45.259+0000] {dagbag.py:545} INFO - Filling up the DagBag from /home/airflow/.local/lib/python3.12/site-packages/airflow/example_dags/example_task_group.py
[2025-08-04T15:16:45.272+0000] {processor.py:840} INFO - DAG(s) 'example_task_group' retrieved from /home/airflow/.local/lib/python3.12/site-packages/airflow/example_dags/example_task_group.py
[2025-08-04T15:16:45.357+0000] {logging_mixin.py:188} INFO - [2025-08-04T15:16:45.356+0000] {dag.py:3096} INFO - Sync 1 DAGs
[2025-08-04T15:16:45.420+0000] {logging_mixin.py:188} INFO - [2025-08-04T15:16:45.419+0000] {dag.py:3954} INFO - Setting next_dagrun for example_task_group to 2025-08-03 00:00:00+00:00, run_after=2025-08-04 00:00:00+00:00
[2025-08-04T15:16:45.499+0000] {processor.py:183} INFO - Processing /home/airflow/.local/lib/python3.12/site-packages/airflow/example_dags/example_task_group.py took 0.275 seconds
[2025-08-04T15:17:15.802+0000] {processor.py:161} INFO - Started process (PID=146) to work on /home/airflow/.local/lib/python3.12/site-packages/airflow/example_dags/example_task_group.py
[2025-08-04T15:17:15.803+0000] {processor.py:830} INFO - Processing file /home/airflow/.local/lib/python3.12/site-packages/airflow/example_dags/example_task_group.py for tasks to queue
[2025-08-04T15:17:15.806+0000] {logging_mixin.py:188} INFO - [2025-08-04T15:17:15.806+0000] {dagbag.py:545} INFO - Filling up the DagBag from /home/airflow/.local/lib/python3.12/site-packages/airflow/example_dags/example_task_group.py
[2025-08-04T15:17:15.813+0000] {processor.py:840} INFO - DAG(s) 'example_task_group' retrieved from /home/airflow/.local/lib/python3.12/site-packages/airflow/example_dags/example_task_group.py
[2025-08-04T15:17:15.834+0000] {logging_mixin.py:188} INFO - [2025-08-04T15:17:15.833+0000] {dag.py:3096} INFO - Sync 1 DAGs
[2025-08-04T15:17:15.850+0000] {logging_mixin.py:188} INFO - [2025-08-04T15:17:15.850+0000] {dag.py:3954} INFO - Setting next_dagrun for example_task_group to 2025-08-03 00:00:00+00:00, run_after=2025-08-04 00:00:00+00:00
[2025-08-04T15:17:15.869+0000] {processor.py:183} INFO - Processing /home/airflow/.local/lib/python3.12/site-packages/airflow/example_dags/example_task_group.py took 0.073 seconds
[2025-08-04T15:17:46.559+0000] {processor.py:161} INFO - Started process (PID=204) to work on /home/airflow/.local/lib/python3.12/site-packages/airflow/example_dags/example_task_group.py
[2025-08-04T15:17:46.561+0000] {processor.py:830} INFO - Processing file /home/airflow/.local/lib/python3.12/site-packages/airflow/example_dags/example_task_group.py for tasks to queue
[2025-08-04T15:17:46.562+0000] {logging_mixin.py:188} INFO - [2025-08-04T15:17:46.562+0000] {dagbag.py:545} INFO - Filling up the DagBag from /home/airflow/.local/lib/python3.12/site-packages/airflow/example_dags/example_task_group.py
[2025-08-04T15:17:46.567+0000] {processor.py:840} INFO - DAG(s) 'example_task_group' retrieved from /home/airflow/.local/lib/python3.12/site-packages/airflow/example_dags/example_task_group.py
[2025-08-04T15:17:46.583+0000] {logging_mixin.py:188} INFO - [2025-08-04T15:17:46.583+0000] {dag.py:3096} INFO - Sync 1 DAGs
[2025-08-04T15:17:46.602+0000] {logging_mixin.py:188} INFO - [2025-08-04T15:17:46.602+0000] {dag.py:3954} INFO - Setting next_dagrun for example_task_group to 2025-08-03 00:00:00+00:00, run_after=2025-08-04 00:00:00+00:00
[2025-08-04T15:17:46.613+0000] {processor.py:183} INFO - Processing /home/airflow/.local/lib/python3.12/site-packages/airflow/example_dags/example_task_group.py took 0.073 seconds
[2025-08-04T15:18:17.132+0000] {processor.py:161} INFO - Started process (PID=262) to work on /home/airflow/.local/lib/python3.12/site-packages/airflow/example_dags/example_task_group.py
[2025-08-04T15:18:17.133+0000] {processor.py:830} INFO - Processing file /home/airflow/.local/lib/python3.12/site-packages/airflow/example_dags/example_task_group.py for tasks to queue
[2025-08-04T15:18:17.136+0000] {logging_mixin.py:188} INFO - [2025-08-04T15:18:17.136+0000] {dagbag.py:545} INFO - Filling up the DagBag from /home/airflow/.local/lib/python3.12/site-packages/airflow/example_dags/example_task_group.py
[2025-08-04T15:18:17.140+0000] {processor.py:840} INFO - DAG(s) 'example_task_group' retrieved from /home/airflow/.local/lib/python3.12/site-packages/airflow/example_dags/example_task_group.py
[2025-08-04T15:18:17.151+0000] {logging_mixin.py:188} INFO - [2025-08-04T15:18:17.151+0000] {dag.py:3096} INFO - Sync 1 DAGs
[2025-08-04T15:18:17.161+0000] {logging_mixin.py:188} INFO - [2025-08-04T15:18:17.161+0000] {dag.py:3954} INFO - Setting next_dagrun for example_task_group to 2025-08-03 00:00:00+00:00, run_after=2025-08-04 00:00:00+00:00
[2025-08-04T15:18:17.169+0000] {processor.py:183} INFO - Processing /home/airflow/.local/lib/python3.12/site-packages/airflow/example_dags/example_task_group.py took 0.040 seconds
[2025-08-04T15:18:49.486+0000] {processor.py:161} INFO - Started process (PID=320) to work on /home/airflow/.local/lib/python3.12/site-packages/airflow/example_dags/example_task_group.py
[2025-08-04T15:18:49.488+0000] {processor.py:830} INFO - Processing file /home/airflow/.local/lib/python3.12/site-packages/airflow/example_dags/example_task_group.py for tasks to queue
[2025-08-04T15:18:49.497+0000] {logging_mixin.py:188} INFO - [2025-08-04T15:18:49.492+0000] {dagbag.py:545} INFO - Filling up the DagBag from /home/airflow/.local/lib/python3.12/site-packages/airflow/example_dags/example_task_group.py
[2025-08-04T15:18:49.542+0000] {processor.py:840} INFO - DAG(s) 'example_task_group' retrieved from /home/airflow/.local/lib/python3.12/site-packages/airflow/example_dags/example_task_group.py
[2025-08-04T15:18:49.639+0000] {logging_mixin.py:188} INFO - [2025-08-04T15:18:49.633+0000] {dag.py:3096} INFO - Sync 1 DAGs
[2025-08-04T15:18:49.702+0000] {logging_mixin.py:188} INFO - [2025-08-04T15:18:49.701+0000] {dag.py:3954} INFO - Setting next_dagrun for example_task_group to 2025-08-03 00:00:00+00:00, run_after=2025-08-04 00:00:00+00:00
[2025-08-04T15:18:49.767+0000] {processor.py:183} INFO - Processing /home/airflow/.local/lib/python3.12/site-packages/airflow/example_dags/example_task_group.py took 0.293 seconds
[2025-08-04T15:19:20.169+0000] {processor.py:161} INFO - Started process (PID=378) to work on /home/airflow/.local/lib/python3.12/site-packages/airflow/example_dags/example_task_group.py
[2025-08-04T15:19:20.170+0000] {processor.py:830} INFO - Processing file /home/airflow/.local/lib/python3.12/site-packages/airflow/example_dags/example_task_group.py for tasks to queue
[2025-08-04T15:19:20.171+0000] {logging_mixin.py:188} INFO - [2025-08-04T15:19:20.171+0000] {dagbag.py:545} INFO - Filling up the DagBag from /home/airflow/.local/lib/python3.12/site-packages/airflow/example_dags/example_task_group.py
[2025-08-04T15:19:20.175+0000] {processor.py:840} INFO - DAG(s) 'example_task_group' retrieved from /home/airflow/.local/lib/python3.12/site-packages/airflow/example_dags/example_task_group.py
[2025-08-04T15:19:20.186+0000] {logging_mixin.py:188} INFO - [2025-08-04T15:19:20.186+0000] {dag.py:3096} INFO - Sync 1 DAGs
[2025-08-04T15:19:20.196+0000] {logging_mixin.py:188} INFO - [2025-08-04T15:19:20.196+0000] {dag.py:3954} INFO - Setting next_dagrun for example_task_group to 2025-08-03 00:00:00+00:00, run_after=2025-08-04 00:00:00+00:00
[2025-08-04T15:19:20.204+0000] {processor.py:183} INFO - Processing /home/airflow/.local/lib/python3.12/site-packages/airflow/example_dags/example_task_group.py took 0.039 seconds
[2025-08-04T15:27:12.446+0000] {processor.py:161} INFO - Started process (PID=87) to work on /home/airflow/.local/lib/python3.12/site-packages/airflow/example_dags/example_task_group.py
[2025-08-04T15:27:12.448+0000] {processor.py:830} INFO - Processing file /home/airflow/.local/lib/python3.12/site-packages/airflow/example_dags/example_task_group.py for tasks to queue
[2025-08-04T15:27:12.457+0000] {logging_mixin.py:188} INFO - [2025-08-04T15:27:12.452+0000] {dagbag.py:545} INFO - Filling up the DagBag from /home/airflow/.local/lib/python3.12/site-packages/airflow/example_dags/example_task_group.py
[2025-08-04T15:27:12.478+0000] {processor.py:840} INFO - DAG(s) 'example_task_group' retrieved from /home/airflow/.local/lib/python3.12/site-packages/airflow/example_dags/example_task_group.py
[2025-08-04T15:27:12.620+0000] {logging_mixin.py:188} INFO - [2025-08-04T15:27:12.620+0000] {dag.py:3096} INFO - Sync 1 DAGs
[2025-08-04T15:27:12.883+0000] {logging_mixin.py:188} INFO - [2025-08-04T15:27:12.883+0000] {dag.py:3954} INFO - Setting next_dagrun for example_task_group to 2025-08-03 00:00:00+00:00, run_after=2025-08-04 00:00:00+00:00
[2025-08-04T15:27:12.992+0000] {processor.py:183} INFO - Processing /home/airflow/.local/lib/python3.12/site-packages/airflow/example_dags/example_task_group.py took 0.561 seconds
[2025-08-04T15:27:43.672+0000] {processor.py:161} INFO - Started process (PID=145) to work on /home/airflow/.local/lib/python3.12/site-packages/airflow/example_dags/example_task_group.py
[2025-08-04T15:27:43.674+0000] {processor.py:830} INFO - Processing file /home/airflow/.local/lib/python3.12/site-packages/airflow/example_dags/example_task_group.py for tasks to queue
[2025-08-04T15:27:43.675+0000] {logging_mixin.py:188} INFO - [2025-08-04T15:27:43.675+0000] {dagbag.py:545} INFO - Filling up the DagBag from /home/airflow/.local/lib/python3.12/site-packages/airflow/example_dags/example_task_group.py
[2025-08-04T15:27:43.681+0000] {processor.py:840} INFO - DAG(s) 'example_task_group' retrieved from /home/airflow/.local/lib/python3.12/site-packages/airflow/example_dags/example_task_group.py
[2025-08-04T15:27:43.698+0000] {logging_mixin.py:188} INFO - [2025-08-04T15:27:43.698+0000] {dag.py:3096} INFO - Sync 1 DAGs
[2025-08-04T15:27:43.714+0000] {logging_mixin.py:188} INFO - [2025-08-04T15:27:43.714+0000] {dag.py:3954} INFO - Setting next_dagrun for example_task_group to 2025-08-03 00:00:00+00:00, run_after=2025-08-04 00:00:00+00:00
[2025-08-04T15:27:43.727+0000] {processor.py:183} INFO - Processing /home/airflow/.local/lib/python3.12/site-packages/airflow/example_dags/example_task_group.py took 0.062 seconds
[2025-08-04T15:28:13.789+0000] {processor.py:161} INFO - Started process (PID=203) to work on /home/airflow/.local/lib/python3.12/site-packages/airflow/example_dags/example_task_group.py
[2025-08-04T15:28:13.790+0000] {processor.py:830} INFO - Processing file /home/airflow/.local/lib/python3.12/site-packages/airflow/example_dags/example_task_group.py for tasks to queue
[2025-08-04T15:28:13.795+0000] {logging_mixin.py:188} INFO - [2025-08-04T15:28:13.795+0000] {dagbag.py:545} INFO - Filling up the DagBag from /home/airflow/.local/lib/python3.12/site-packages/airflow/example_dags/example_task_group.py
[2025-08-04T15:28:13.805+0000] {processor.py:840} INFO - DAG(s) 'example_task_group' retrieved from /home/airflow/.local/lib/python3.12/site-packages/airflow/example_dags/example_task_group.py
[2025-08-04T15:28:13.826+0000] {logging_mixin.py:188} INFO - [2025-08-04T15:28:13.826+0000] {dag.py:3096} INFO - Sync 1 DAGs
[2025-08-04T15:28:13.844+0000] {logging_mixin.py:188} INFO - [2025-08-04T15:28:13.844+0000] {dag.py:3954} INFO - Setting next_dagrun for example_task_group to 2025-08-03 00:00:00+00:00, run_after=2025-08-04 00:00:00+00:00
[2025-08-04T15:28:13.863+0000] {processor.py:183} INFO - Processing /home/airflow/.local/lib/python3.12/site-packages/airflow/example_dags/example_task_group.py took 0.079 seconds
[2025-08-04T15:28:44.217+0000] {processor.py:161} INFO - Started process (PID=261) to work on /home/airflow/.local/lib/python3.12/site-packages/airflow/example_dags/example_task_group.py
[2025-08-04T15:28:44.218+0000] {processor.py:830} INFO - Processing file /home/airflow/.local/lib/python3.12/site-packages/airflow/example_dags/example_task_group.py for tasks to queue
[2025-08-04T15:28:44.218+0000] {logging_mixin.py:188} INFO - [2025-08-04T15:28:44.218+0000] {dagbag.py:545} INFO - Filling up the DagBag from /home/airflow/.local/lib/python3.12/site-packages/airflow/example_dags/example_task_group.py
[2025-08-04T15:28:44.222+0000] {processor.py:840} INFO - DAG(s) 'example_task_group' retrieved from /home/airflow/.local/lib/python3.12/site-packages/airflow/example_dags/example_task_group.py
[2025-08-04T15:28:44.234+0000] {logging_mixin.py:188} INFO - [2025-08-04T15:28:44.234+0000] {dag.py:3096} INFO - Sync 1 DAGs
[2025-08-04T15:28:44.244+0000] {logging_mixin.py:188} INFO - [2025-08-04T15:28:44.244+0000] {dag.py:3954} INFO - Setting next_dagrun for example_task_group to 2025-08-03 00:00:00+00:00, run_after=2025-08-04 00:00:00+00:00
[2025-08-04T15:28:44.253+0000] {processor.py:183} INFO - Processing /home/airflow/.local/lib/python3.12/site-packages/airflow/example_dags/example_task_group.py took 0.039 seconds
[2025-08-04T15:29:14.711+0000] {processor.py:161} INFO - Started process (PID=319) to work on /home/airflow/.local/lib/python3.12/site-packages/airflow/example_dags/example_task_group.py
[2025-08-04T15:29:14.712+0000] {processor.py:830} INFO - Processing file /home/airflow/.local/lib/python3.12/site-packages/airflow/example_dags/example_task_group.py for tasks to queue
[2025-08-04T15:29:14.714+0000] {logging_mixin.py:188} INFO - [2025-08-04T15:29:14.713+0000] {dagbag.py:545} INFO - Filling up the DagBag from /home/airflow/.local/lib/python3.12/site-packages/airflow/example_dags/example_task_group.py
[2025-08-04T15:29:14.720+0000] {processor.py:840} INFO - DAG(s) 'example_task_group' retrieved from /home/airflow/.local/lib/python3.12/site-packages/airflow/example_dags/example_task_group.py
[2025-08-04T15:29:14.750+0000] {logging_mixin.py:188} INFO - [2025-08-04T15:29:14.750+0000] {dag.py:3096} INFO - Sync 1 DAGs
[2025-08-04T15:29:14.777+0000] {logging_mixin.py:188} INFO - [2025-08-04T15:29:14.777+0000] {dag.py:3954} INFO - Setting next_dagrun for example_task_group to 2025-08-03 00:00:00+00:00, run_after=2025-08-04 00:00:00+00:00
[2025-08-04T15:29:14.791+0000] {processor.py:183} INFO - Processing /home/airflow/.local/lib/python3.12/site-packages/airflow/example_dags/example_task_group.py took 0.085 seconds
[2025-08-04T15:29:45.342+0000] {processor.py:161} INFO - Started process (PID=377) to work on /home/airflow/.local/lib/python3.12/site-packages/airflow/example_dags/example_task_group.py
[2025-08-04T15:29:45.344+0000] {processor.py:830} INFO - Processing file /home/airflow/.local/lib/python3.12/site-packages/airflow/example_dags/example_task_group.py for tasks to queue
[2025-08-04T15:29:45.348+0000] {logging_mixin.py:188} INFO - [2025-08-04T15:29:45.347+0000] {dagbag.py:545} INFO - Filling up the DagBag from /home/airflow/.local/lib/python3.12/site-packages/airflow/example_dags/example_task_group.py
[2025-08-04T15:29:45.355+0000] {processor.py:840} INFO - DAG(s) 'example_task_group' retrieved from /home/airflow/.local/lib/python3.12/site-packages/airflow/example_dags/example_task_group.py
[2025-08-04T15:29:45.374+0000] {logging_mixin.py:188} INFO - [2025-08-04T15:29:45.374+0000] {dag.py:3096} INFO - Sync 1 DAGs
[2025-08-04T15:29:45.392+0000] {logging_mixin.py:188} INFO - [2025-08-04T15:29:45.392+0000] {dag.py:3954} INFO - Setting next_dagrun for example_task_group to 2025-08-03 00:00:00+00:00, run_after=2025-08-04 00:00:00+00:00
[2025-08-04T15:29:45.402+0000] {processor.py:183} INFO - Processing /home/airflow/.local/lib/python3.12/site-packages/airflow/example_dags/example_task_group.py took 0.066 seconds
[2025-08-04T15:30:15.693+0000] {processor.py:161} INFO - Started process (PID=435) to work on /home/airflow/.local/lib/python3.12/site-packages/airflow/example_dags/example_task_group.py
[2025-08-04T15:30:15.694+0000] {processor.py:830} INFO - Processing file /home/airflow/.local/lib/python3.12/site-packages/airflow/example_dags/example_task_group.py for tasks to queue
[2025-08-04T15:30:15.695+0000] {logging_mixin.py:188} INFO - [2025-08-04T15:30:15.695+0000] {dagbag.py:545} INFO - Filling up the DagBag from /home/airflow/.local/lib/python3.12/site-packages/airflow/example_dags/example_task_group.py
[2025-08-04T15:30:15.699+0000] {processor.py:840} INFO - DAG(s) 'example_task_group' retrieved from /home/airflow/.local/lib/python3.12/site-packages/airflow/example_dags/example_task_group.py
[2025-08-04T15:30:15.718+0000] {logging_mixin.py:188} INFO - [2025-08-04T15:30:15.718+0000] {dag.py:3096} INFO - Sync 1 DAGs
[2025-08-04T15:30:15.729+0000] {logging_mixin.py:188} INFO - [2025-08-04T15:30:15.729+0000] {dag.py:3954} INFO - Setting next_dagrun for example_task_group to 2025-08-03 00:00:00+00:00, run_after=2025-08-04 00:00:00+00:00
[2025-08-04T15:30:15.743+0000] {processor.py:183} INFO - Processing /home/airflow/.local/lib/python3.12/site-packages/airflow/example_dags/example_task_group.py took 0.054 seconds
[2025-08-04T15:30:46.236+0000] {processor.py:161} INFO - Started process (PID=493) to work on /home/airflow/.local/lib/python3.12/site-packages/airflow/example_dags/example_task_group.py
[2025-08-04T15:30:46.237+0000] {processor.py:830} INFO - Processing file /home/airflow/.local/lib/python3.12/site-packages/airflow/example_dags/example_task_group.py for tasks to queue
[2025-08-04T15:30:46.241+0000] {logging_mixin.py:188} INFO - [2025-08-04T15:30:46.241+0000] {dagbag.py:545} INFO - Filling up the DagBag from /home/airflow/.local/lib/python3.12/site-packages/airflow/example_dags/example_task_group.py
[2025-08-04T15:30:46.264+0000] {processor.py:840} INFO - DAG(s) 'example_task_group' retrieved from /home/airflow/.local/lib/python3.12/site-packages/airflow/example_dags/example_task_group.py
[2025-08-04T15:30:46.356+0000] {logging_mixin.py:188} INFO - [2025-08-04T15:30:46.356+0000] {dag.py:3096} INFO - Sync 1 DAGs
[2025-08-04T15:30:46.410+0000] {logging_mixin.py:188} INFO - [2025-08-04T15:30:46.409+0000] {dag.py:3954} INFO - Setting next_dagrun for example_task_group to 2025-08-03 00:00:00+00:00, run_after=2025-08-04 00:00:00+00:00
[2025-08-04T15:30:46.436+0000] {processor.py:183} INFO - Processing /home/airflow/.local/lib/python3.12/site-packages/airflow/example_dags/example_task_group.py took 0.216 seconds
[2025-08-04T15:31:16.718+0000] {processor.py:161} INFO - Started process (PID=551) to work on /home/airflow/.local/lib/python3.12/site-packages/airflow/example_dags/example_task_group.py
[2025-08-04T15:31:16.719+0000] {processor.py:830} INFO - Processing file /home/airflow/.local/lib/python3.12/site-packages/airflow/example_dags/example_task_group.py for tasks to queue
[2025-08-04T15:31:16.721+0000] {logging_mixin.py:188} INFO - [2025-08-04T15:31:16.721+0000] {dagbag.py:545} INFO - Filling up the DagBag from /home/airflow/.local/lib/python3.12/site-packages/airflow/example_dags/example_task_group.py
[2025-08-04T15:31:16.730+0000] {processor.py:840} INFO - DAG(s) 'example_task_group' retrieved from /home/airflow/.local/lib/python3.12/site-packages/airflow/example_dags/example_task_group.py
[2025-08-04T15:31:16.752+0000] {logging_mixin.py:188} INFO - [2025-08-04T15:31:16.752+0000] {dag.py:3096} INFO - Sync 1 DAGs
[2025-08-04T15:31:16.764+0000] {logging_mixin.py:188} INFO - [2025-08-04T15:31:16.763+0000] {dag.py:3954} INFO - Setting next_dagrun for example_task_group to 2025-08-03 00:00:00+00:00, run_after=2025-08-04 00:00:00+00:00
[2025-08-04T15:31:16.775+0000] {processor.py:183} INFO - Processing /home/airflow/.local/lib/python3.12/site-packages/airflow/example_dags/example_task_group.py took 0.064 seconds
[2025-08-04T15:31:47.116+0000] {processor.py:161} INFO - Started process (PID=609) to work on /home/airflow/.local/lib/python3.12/site-packages/airflow/example_dags/example_task_group.py
[2025-08-04T15:31:47.121+0000] {processor.py:830} INFO - Processing file /home/airflow/.local/lib/python3.12/site-packages/airflow/example_dags/example_task_group.py for tasks to queue
[2025-08-04T15:31:47.130+0000] {logging_mixin.py:188} INFO - [2025-08-04T15:31:47.128+0000] {dagbag.py:545} INFO - Filling up the DagBag from /home/airflow/.local/lib/python3.12/site-packages/airflow/example_dags/example_task_group.py
[2025-08-04T15:31:47.145+0000] {processor.py:840} INFO - DAG(s) 'example_task_group' retrieved from /home/airflow/.local/lib/python3.12/site-packages/airflow/example_dags/example_task_group.py
[2025-08-04T15:31:47.216+0000] {logging_mixin.py:188} INFO - [2025-08-04T15:31:47.216+0000] {dag.py:3096} INFO - Sync 1 DAGs
[2025-08-04T15:31:47.248+0000] {logging_mixin.py:188} INFO - [2025-08-04T15:31:47.248+0000] {dag.py:3954} INFO - Setting next_dagrun for example_task_group to 2025-08-03 00:00:00+00:00, run_after=2025-08-04 00:00:00+00:00
[2025-08-04T15:31:47.304+0000] {processor.py:183} INFO - Processing /home/airflow/.local/lib/python3.12/site-packages/airflow/example_dags/example_task_group.py took 0.200 seconds
[2025-08-04T15:53:05.514+0000] {processor.py:161} INFO - Started process (PID=89) to work on /home/airflow/.local/lib/python3.12/site-packages/airflow/example_dags/example_task_group.py
[2025-08-04T15:53:05.528+0000] {processor.py:830} INFO - Processing file /home/airflow/.local/lib/python3.12/site-packages/airflow/example_dags/example_task_group.py for tasks to queue
[2025-08-04T15:53:05.545+0000] {logging_mixin.py:188} INFO - [2025-08-04T15:53:05.545+0000] {dagbag.py:545} INFO - Filling up the DagBag from /home/airflow/.local/lib/python3.12/site-packages/airflow/example_dags/example_task_group.py
[2025-08-04T15:53:05.603+0000] {processor.py:840} INFO - DAG(s) 'example_task_group' retrieved from /home/airflow/.local/lib/python3.12/site-packages/airflow/example_dags/example_task_group.py
[2025-08-04T15:53:05.776+0000] {logging_mixin.py:188} INFO - [2025-08-04T15:53:05.775+0000] {dag.py:3096} INFO - Sync 1 DAGs
[2025-08-04T15:53:05.876+0000] {logging_mixin.py:188} INFO - [2025-08-04T15:53:05.876+0000] {dag.py:3954} INFO - Setting next_dagrun for example_task_group to 2025-08-03 00:00:00+00:00, run_after=2025-08-04 00:00:00+00:00
[2025-08-04T15:53:05.954+0000] {processor.py:183} INFO - Processing /home/airflow/.local/lib/python3.12/site-packages/airflow/example_dags/example_task_group.py took 0.470 seconds
[2025-08-04T15:53:36.722+0000] {processor.py:161} INFO - Started process (PID=147) to work on /home/airflow/.local/lib/python3.12/site-packages/airflow/example_dags/example_task_group.py
[2025-08-04T15:53:36.724+0000] {processor.py:830} INFO - Processing file /home/airflow/.local/lib/python3.12/site-packages/airflow/example_dags/example_task_group.py for tasks to queue
[2025-08-04T15:53:36.727+0000] {logging_mixin.py:188} INFO - [2025-08-04T15:53:36.726+0000] {dagbag.py:545} INFO - Filling up the DagBag from /home/airflow/.local/lib/python3.12/site-packages/airflow/example_dags/example_task_group.py
[2025-08-04T15:53:36.732+0000] {processor.py:840} INFO - DAG(s) 'example_task_group' retrieved from /home/airflow/.local/lib/python3.12/site-packages/airflow/example_dags/example_task_group.py
[2025-08-04T15:53:36.746+0000] {logging_mixin.py:188} INFO - [2025-08-04T15:53:36.746+0000] {dag.py:3096} INFO - Sync 1 DAGs
[2025-08-04T15:53:36.759+0000] {logging_mixin.py:188} INFO - [2025-08-04T15:53:36.759+0000] {dag.py:3954} INFO - Setting next_dagrun for example_task_group to 2025-08-03 00:00:00+00:00, run_after=2025-08-04 00:00:00+00:00
[2025-08-04T15:53:36.770+0000] {processor.py:183} INFO - Processing /home/airflow/.local/lib/python3.12/site-packages/airflow/example_dags/example_task_group.py took 0.052 seconds
[2025-08-04T15:54:07.179+0000] {processor.py:161} INFO - Started process (PID=205) to work on /home/airflow/.local/lib/python3.12/site-packages/airflow/example_dags/example_task_group.py
[2025-08-04T15:54:07.183+0000] {processor.py:830} INFO - Processing file /home/airflow/.local/lib/python3.12/site-packages/airflow/example_dags/example_task_group.py for tasks to queue
[2025-08-04T15:54:07.185+0000] {logging_mixin.py:188} INFO - [2025-08-04T15:54:07.185+0000] {dagbag.py:545} INFO - Filling up the DagBag from /home/airflow/.local/lib/python3.12/site-packages/airflow/example_dags/example_task_group.py
[2025-08-04T15:54:07.191+0000] {processor.py:840} INFO - DAG(s) 'example_task_group' retrieved from /home/airflow/.local/lib/python3.12/site-packages/airflow/example_dags/example_task_group.py
[2025-08-04T15:54:07.209+0000] {logging_mixin.py:188} INFO - [2025-08-04T15:54:07.208+0000] {dag.py:3096} INFO - Sync 1 DAGs
[2025-08-04T15:54:07.221+0000] {logging_mixin.py:188} INFO - [2025-08-04T15:54:07.221+0000] {dag.py:3954} INFO - Setting next_dagrun for example_task_group to 2025-08-03 00:00:00+00:00, run_after=2025-08-04 00:00:00+00:00
[2025-08-04T15:54:07.240+0000] {processor.py:183} INFO - Processing /home/airflow/.local/lib/python3.12/site-packages/airflow/example_dags/example_task_group.py took 0.066 seconds
[2025-08-04T15:54:37.424+0000] {processor.py:161} INFO - Started process (PID=263) to work on /home/airflow/.local/lib/python3.12/site-packages/airflow/example_dags/example_task_group.py
[2025-08-04T15:54:37.425+0000] {processor.py:830} INFO - Processing file /home/airflow/.local/lib/python3.12/site-packages/airflow/example_dags/example_task_group.py for tasks to queue
[2025-08-04T15:54:37.428+0000] {logging_mixin.py:188} INFO - [2025-08-04T15:54:37.427+0000] {dagbag.py:545} INFO - Filling up the DagBag from /home/airflow/.local/lib/python3.12/site-packages/airflow/example_dags/example_task_group.py
[2025-08-04T15:54:37.435+0000] {processor.py:840} INFO - DAG(s) 'example_task_group' retrieved from /home/airflow/.local/lib/python3.12/site-packages/airflow/example_dags/example_task_group.py
[2025-08-04T15:54:37.463+0000] {logging_mixin.py:188} INFO - [2025-08-04T15:54:37.463+0000] {dag.py:3096} INFO - Sync 1 DAGs
[2025-08-04T15:54:37.497+0000] {logging_mixin.py:188} INFO - [2025-08-04T15:54:37.497+0000] {dag.py:3954} INFO - Setting next_dagrun for example_task_group to 2025-08-03 00:00:00+00:00, run_after=2025-08-04 00:00:00+00:00
[2025-08-04T15:54:37.523+0000] {processor.py:183} INFO - Processing /home/airflow/.local/lib/python3.12/site-packages/airflow/example_dags/example_task_group.py took 0.104 seconds
[2025-08-04T15:55:11.997+0000] {processor.py:161} INFO - Started process (PID=321) to work on /home/airflow/.local/lib/python3.12/site-packages/airflow/example_dags/example_task_group.py
[2025-08-04T15:55:11.999+0000] {processor.py:830} INFO - Processing file /home/airflow/.local/lib/python3.12/site-packages/airflow/example_dags/example_task_group.py for tasks to queue
[2025-08-04T15:55:12.026+0000] {logging_mixin.py:188} INFO - [2025-08-04T15:55:12.005+0000] {dagbag.py:545} INFO - Filling up the DagBag from /home/airflow/.local/lib/python3.12/site-packages/airflow/example_dags/example_task_group.py
[2025-08-04T15:55:12.131+0000] {processor.py:840} INFO - DAG(s) 'example_task_group' retrieved from /home/airflow/.local/lib/python3.12/site-packages/airflow/example_dags/example_task_group.py
[2025-08-04T15:55:12.941+0000] {logging_mixin.py:188} INFO - [2025-08-04T15:55:12.926+0000] {dag.py:3096} INFO - Sync 1 DAGs
[2025-08-04T15:55:13.083+0000] {logging_mixin.py:188} INFO - [2025-08-04T15:55:13.068+0000] {dag.py:3954} INFO - Setting next_dagrun for example_task_group to 2025-08-03 00:00:00+00:00, run_after=2025-08-04 00:00:00+00:00
[2025-08-04T15:55:13.722+0000] {processor.py:183} INFO - Processing /home/airflow/.local/lib/python3.12/site-packages/airflow/example_dags/example_task_group.py took 1.757 seconds
[2025-08-04T15:55:44.030+0000] {processor.py:161} INFO - Started process (PID=379) to work on /home/airflow/.local/lib/python3.12/site-packages/airflow/example_dags/example_task_group.py
[2025-08-04T15:55:44.031+0000] {processor.py:830} INFO - Processing file /home/airflow/.local/lib/python3.12/site-packages/airflow/example_dags/example_task_group.py for tasks to queue
[2025-08-04T15:55:44.034+0000] {logging_mixin.py:188} INFO - [2025-08-04T15:55:44.034+0000] {dagbag.py:545} INFO - Filling up the DagBag from /home/airflow/.local/lib/python3.12/site-packages/airflow/example_dags/example_task_group.py
[2025-08-04T15:55:44.045+0000] {processor.py:840} INFO - DAG(s) 'example_task_group' retrieved from /home/airflow/.local/lib/python3.12/site-packages/airflow/example_dags/example_task_group.py
[2025-08-04T15:55:44.089+0000] {logging_mixin.py:188} INFO - [2025-08-04T15:55:44.089+0000] {dag.py:3096} INFO - Sync 1 DAGs
[2025-08-04T15:55:44.120+0000] {logging_mixin.py:188} INFO - [2025-08-04T15:55:44.120+0000] {dag.py:3954} INFO - Setting next_dagrun for example_task_group to 2025-08-03 00:00:00+00:00, run_after=2025-08-04 00:00:00+00:00
[2025-08-04T15:55:44.147+0000] {processor.py:183} INFO - Processing /home/airflow/.local/lib/python3.12/site-packages/airflow/example_dags/example_task_group.py took 0.124 seconds
[2025-08-04T15:56:14.586+0000] {processor.py:161} INFO - Started process (PID=437) to work on /home/airflow/.local/lib/python3.12/site-packages/airflow/example_dags/example_task_group.py
[2025-08-04T15:56:14.587+0000] {processor.py:830} INFO - Processing file /home/airflow/.local/lib/python3.12/site-packages/airflow/example_dags/example_task_group.py for tasks to queue
[2025-08-04T15:56:14.589+0000] {logging_mixin.py:188} INFO - [2025-08-04T15:56:14.589+0000] {dagbag.py:545} INFO - Filling up the DagBag from /home/airflow/.local/lib/python3.12/site-packages/airflow/example_dags/example_task_group.py
[2025-08-04T15:56:14.595+0000] {processor.py:840} INFO - DAG(s) 'example_task_group' retrieved from /home/airflow/.local/lib/python3.12/site-packages/airflow/example_dags/example_task_group.py
[2025-08-04T15:56:14.611+0000] {logging_mixin.py:188} INFO - [2025-08-04T15:56:14.611+0000] {dag.py:3096} INFO - Sync 1 DAGs
[2025-08-04T15:56:14.623+0000] {logging_mixin.py:188} INFO - [2025-08-04T15:56:14.623+0000] {dag.py:3954} INFO - Setting next_dagrun for example_task_group to 2025-08-03 00:00:00+00:00, run_after=2025-08-04 00:00:00+00:00
[2025-08-04T15:56:14.637+0000] {processor.py:183} INFO - Processing /home/airflow/.local/lib/python3.12/site-packages/airflow/example_dags/example_task_group.py took 0.055 seconds
[2025-08-04T15:59:00.485+0000] {processor.py:161} INFO - Started process (PID=89) to work on /home/airflow/.local/lib/python3.12/site-packages/airflow/example_dags/example_task_group.py
[2025-08-04T15:59:00.487+0000] {processor.py:830} INFO - Processing file /home/airflow/.local/lib/python3.12/site-packages/airflow/example_dags/example_task_group.py for tasks to queue
[2025-08-04T15:59:00.490+0000] {logging_mixin.py:188} INFO - [2025-08-04T15:59:00.489+0000] {dagbag.py:545} INFO - Filling up the DagBag from /home/airflow/.local/lib/python3.12/site-packages/airflow/example_dags/example_task_group.py
[2025-08-04T15:59:00.512+0000] {processor.py:840} INFO - DAG(s) 'example_task_group' retrieved from /home/airflow/.local/lib/python3.12/site-packages/airflow/example_dags/example_task_group.py
[2025-08-04T15:59:00.636+0000] {logging_mixin.py:188} INFO - [2025-08-04T15:59:00.628+0000] {dag.py:3096} INFO - Sync 1 DAGs
[2025-08-04T15:59:00.864+0000] {logging_mixin.py:188} INFO - [2025-08-04T15:59:00.864+0000] {dag.py:3954} INFO - Setting next_dagrun for example_task_group to 2025-08-03 00:00:00+00:00, run_after=2025-08-04 00:00:00+00:00
[2025-08-04T15:59:01.006+0000] {processor.py:183} INFO - Processing /home/airflow/.local/lib/python3.12/site-packages/airflow/example_dags/example_task_group.py took 0.528 seconds
[2025-08-04T15:59:31.114+0000] {processor.py:161} INFO - Started process (PID=147) to work on /home/airflow/.local/lib/python3.12/site-packages/airflow/example_dags/example_task_group.py
[2025-08-04T15:59:31.115+0000] {processor.py:830} INFO - Processing file /home/airflow/.local/lib/python3.12/site-packages/airflow/example_dags/example_task_group.py for tasks to queue
[2025-08-04T15:59:31.116+0000] {logging_mixin.py:188} INFO - [2025-08-04T15:59:31.116+0000] {dagbag.py:545} INFO - Filling up the DagBag from /home/airflow/.local/lib/python3.12/site-packages/airflow/example_dags/example_task_group.py
[2025-08-04T15:59:31.120+0000] {processor.py:840} INFO - DAG(s) 'example_task_group' retrieved from /home/airflow/.local/lib/python3.12/site-packages/airflow/example_dags/example_task_group.py
[2025-08-04T15:59:31.133+0000] {logging_mixin.py:188} INFO - [2025-08-04T15:59:31.133+0000] {dag.py:3096} INFO - Sync 1 DAGs
[2025-08-04T15:59:31.147+0000] {logging_mixin.py:188} INFO - [2025-08-04T15:59:31.147+0000] {dag.py:3954} INFO - Setting next_dagrun for example_task_group to 2025-08-03 00:00:00+00:00, run_after=2025-08-04 00:00:00+00:00
[2025-08-04T15:59:31.167+0000] {processor.py:183} INFO - Processing /home/airflow/.local/lib/python3.12/site-packages/airflow/example_dags/example_task_group.py took 0.056 seconds
[2025-08-04T16:00:01.858+0000] {processor.py:161} INFO - Started process (PID=205) to work on /home/airflow/.local/lib/python3.12/site-packages/airflow/example_dags/example_task_group.py
[2025-08-04T16:00:01.858+0000] {processor.py:830} INFO - Processing file /home/airflow/.local/lib/python3.12/site-packages/airflow/example_dags/example_task_group.py for tasks to queue
[2025-08-04T16:00:01.859+0000] {logging_mixin.py:188} INFO - [2025-08-04T16:00:01.859+0000] {dagbag.py:545} INFO - Filling up the DagBag from /home/airflow/.local/lib/python3.12/site-packages/airflow/example_dags/example_task_group.py
[2025-08-04T16:00:01.863+0000] {processor.py:840} INFO - DAG(s) 'example_task_group' retrieved from /home/airflow/.local/lib/python3.12/site-packages/airflow/example_dags/example_task_group.py
[2025-08-04T16:00:01.874+0000] {logging_mixin.py:188} INFO - [2025-08-04T16:00:01.874+0000] {dag.py:3096} INFO - Sync 1 DAGs
[2025-08-04T16:00:01.884+0000] {logging_mixin.py:188} INFO - [2025-08-04T16:00:01.883+0000] {dag.py:3954} INFO - Setting next_dagrun for example_task_group to 2025-08-03 00:00:00+00:00, run_after=2025-08-04 00:00:00+00:00
[2025-08-04T16:00:01.891+0000] {processor.py:183} INFO - Processing /home/airflow/.local/lib/python3.12/site-packages/airflow/example_dags/example_task_group.py took 0.036 seconds
[2025-08-04T16:00:32.605+0000] {processor.py:161} INFO - Started process (PID=263) to work on /home/airflow/.local/lib/python3.12/site-packages/airflow/example_dags/example_task_group.py
[2025-08-04T16:00:32.608+0000] {processor.py:830} INFO - Processing file /home/airflow/.local/lib/python3.12/site-packages/airflow/example_dags/example_task_group.py for tasks to queue
[2025-08-04T16:00:32.611+0000] {logging_mixin.py:188} INFO - [2025-08-04T16:00:32.611+0000] {dagbag.py:545} INFO - Filling up the DagBag from /home/airflow/.local/lib/python3.12/site-packages/airflow/example_dags/example_task_group.py
[2025-08-04T16:00:32.624+0000] {processor.py:840} INFO - DAG(s) 'example_task_group' retrieved from /home/airflow/.local/lib/python3.12/site-packages/airflow/example_dags/example_task_group.py
[2025-08-04T16:00:32.659+0000] {logging_mixin.py:188} INFO - [2025-08-04T16:00:32.659+0000] {dag.py:3096} INFO - Sync 1 DAGs
[2025-08-04T16:00:32.705+0000] {logging_mixin.py:188} INFO - [2025-08-04T16:00:32.704+0000] {dag.py:3954} INFO - Setting next_dagrun for example_task_group to 2025-08-03 00:00:00+00:00, run_after=2025-08-04 00:00:00+00:00
[2025-08-04T16:00:32.765+0000] {processor.py:183} INFO - Processing /home/airflow/.local/lib/python3.12/site-packages/airflow/example_dags/example_task_group.py took 0.168 seconds
[2025-08-04T16:01:03.591+0000] {processor.py:161} INFO - Started process (PID=321) to work on /home/airflow/.local/lib/python3.12/site-packages/airflow/example_dags/example_task_group.py
[2025-08-04T16:01:03.592+0000] {processor.py:830} INFO - Processing file /home/airflow/.local/lib/python3.12/site-packages/airflow/example_dags/example_task_group.py for tasks to queue
[2025-08-04T16:01:03.593+0000] {logging_mixin.py:188} INFO - [2025-08-04T16:01:03.593+0000] {dagbag.py:545} INFO - Filling up the DagBag from /home/airflow/.local/lib/python3.12/site-packages/airflow/example_dags/example_task_group.py
[2025-08-04T16:01:03.598+0000] {processor.py:840} INFO - DAG(s) 'example_task_group' retrieved from /home/airflow/.local/lib/python3.12/site-packages/airflow/example_dags/example_task_group.py
[2025-08-04T16:01:03.626+0000] {logging_mixin.py:188} INFO - [2025-08-04T16:01:03.626+0000] {dag.py:3096} INFO - Sync 1 DAGs
[2025-08-04T16:01:03.643+0000] {logging_mixin.py:188} INFO - [2025-08-04T16:01:03.643+0000] {dag.py:3954} INFO - Setting next_dagrun for example_task_group to 2025-08-03 00:00:00+00:00, run_after=2025-08-04 00:00:00+00:00
[2025-08-04T16:01:03.654+0000] {processor.py:183} INFO - Processing /home/airflow/.local/lib/python3.12/site-packages/airflow/example_dags/example_task_group.py took 0.069 seconds
[2025-08-04T16:35:21.009+0000] {processor.py:161} INFO - Started process (PID=90) to work on /home/airflow/.local/lib/python3.12/site-packages/airflow/example_dags/example_task_group.py
[2025-08-04T16:35:21.011+0000] {processor.py:830} INFO - Processing file /home/airflow/.local/lib/python3.12/site-packages/airflow/example_dags/example_task_group.py for tasks to queue
[2025-08-04T16:35:21.013+0000] {logging_mixin.py:188} INFO - [2025-08-04T16:35:21.012+0000] {dagbag.py:545} INFO - Filling up the DagBag from /home/airflow/.local/lib/python3.12/site-packages/airflow/example_dags/example_task_group.py
[2025-08-04T16:35:21.020+0000] {processor.py:840} INFO - DAG(s) 'example_task_group' retrieved from /home/airflow/.local/lib/python3.12/site-packages/airflow/example_dags/example_task_group.py
[2025-08-04T16:35:21.065+0000] {logging_mixin.py:188} INFO - [2025-08-04T16:35:21.065+0000] {dag.py:3096} INFO - Sync 1 DAGs
[2025-08-04T16:35:21.095+0000] {logging_mixin.py:188} INFO - [2025-08-04T16:35:21.094+0000] {dag.py:3954} INFO - Setting next_dagrun for example_task_group to 2025-08-03 00:00:00+00:00, run_after=2025-08-04 00:00:00+00:00
[2025-08-04T16:35:21.150+0000] {processor.py:183} INFO - Processing /home/airflow/.local/lib/python3.12/site-packages/airflow/example_dags/example_task_group.py took 0.145 seconds
