[2025-08-04T03:45:53.476+0000] {processor.py:161} INFO - Started process (PID=96) to work on /home/airflow/.local/lib/python3.12/site-packages/airflow/example_dags/example_python_decorator.py
[2025-08-04T03:45:53.478+0000] {processor.py:830} INFO - Processing file /home/airflow/.local/lib/python3.12/site-packages/airflow/example_dags/example_python_decorator.py for tasks to queue
[2025-08-04T03:45:53.535+0000] {logging_mixin.py:188} INFO - [2025-08-04T03:45:53.534+0000] {dagbag.py:545} INFO - Filling up the DagBag from /home/airflow/.local/lib/python3.12/site-packages/airflow/example_dags/example_python_decorator.py
[2025-08-04T03:45:53.698+0000] {processor.py:840} INFO - DAG(s) 'example_python_decorator' retrieved from /home/airflow/.local/lib/python3.12/site-packages/airflow/example_dags/example_python_decorator.py
[2025-08-04T03:45:55.542+0000] {logging_mixin.py:188} INFO - [2025-08-04T03:45:55.472+0000] {dag.py:3096} INFO - Sync 1 DAGs
[2025-08-04T03:45:55.647+0000] {logging_mixin.py:188} INFO - [2025-08-04T03:45:55.647+0000] {dag.py:3954} INFO - Setting next_dagrun for example_python_decorator to None, run_after=None
[2025-08-04T03:45:55.950+0000] {processor.py:183} INFO - Processing /home/airflow/.local/lib/python3.12/site-packages/airflow/example_dags/example_python_decorator.py took 2.541 seconds
[2025-08-04T03:47:24.978+0000] {processor.py:161} INFO - Started process (PID=171) to work on /home/airflow/.local/lib/python3.12/site-packages/airflow/example_dags/example_python_decorator.py
[2025-08-04T03:47:24.984+0000] {processor.py:830} INFO - Processing file /home/airflow/.local/lib/python3.12/site-packages/airflow/example_dags/example_python_decorator.py for tasks to queue
[2025-08-04T03:47:25.004+0000] {logging_mixin.py:188} INFO - [2025-08-04T03:47:25.003+0000] {dagbag.py:545} INFO - Filling up the DagBag from /home/airflow/.local/lib/python3.12/site-packages/airflow/example_dags/example_python_decorator.py
[2025-08-04T03:47:25.089+0000] {processor.py:840} INFO - DAG(s) 'example_python_decorator' retrieved from /home/airflow/.local/lib/python3.12/site-packages/airflow/example_dags/example_python_decorator.py
[2025-08-04T03:47:25.407+0000] {logging_mixin.py:188} INFO - [2025-08-04T03:47:25.407+0000] {dag.py:3096} INFO - Sync 1 DAGs
[2025-08-04T03:47:25.638+0000] {logging_mixin.py:188} INFO - [2025-08-04T03:47:25.627+0000] {dag.py:3954} INFO - Setting next_dagrun for example_python_decorator to None, run_after=None
[2025-08-04T03:47:25.982+0000] {processor.py:183} INFO - Processing /home/airflow/.local/lib/python3.12/site-packages/airflow/example_dags/example_python_decorator.py took 1.023 seconds
[2025-08-04T03:47:56.691+0000] {processor.py:161} INFO - Started process (PID=229) to work on /home/airflow/.local/lib/python3.12/site-packages/airflow/example_dags/example_python_decorator.py
[2025-08-04T03:47:56.694+0000] {processor.py:830} INFO - Processing file /home/airflow/.local/lib/python3.12/site-packages/airflow/example_dags/example_python_decorator.py for tasks to queue
[2025-08-04T03:47:56.764+0000] {logging_mixin.py:188} INFO - [2025-08-04T03:47:56.727+0000] {dagbag.py:545} INFO - Filling up the DagBag from /home/airflow/.local/lib/python3.12/site-packages/airflow/example_dags/example_python_decorator.py
[2025-08-04T03:47:56.916+0000] {processor.py:840} INFO - DAG(s) 'example_python_decorator' retrieved from /home/airflow/.local/lib/python3.12/site-packages/airflow/example_dags/example_python_decorator.py
[2025-08-04T03:47:57.601+0000] {logging_mixin.py:188} INFO - [2025-08-04T03:47:57.591+0000] {dag.py:3096} INFO - Sync 1 DAGs
[2025-08-04T03:47:57.938+0000] {logging_mixin.py:188} INFO - [2025-08-04T03:47:57.910+0000] {dag.py:3954} INFO - Setting next_dagrun for example_python_decorator to None, run_after=None
[2025-08-04T03:47:58.016+0000] {processor.py:183} INFO - Processing /home/airflow/.local/lib/python3.12/site-packages/airflow/example_dags/example_python_decorator.py took 1.365 seconds
[2025-08-04T03:48:28.361+0000] {processor.py:161} INFO - Started process (PID=287) to work on /home/airflow/.local/lib/python3.12/site-packages/airflow/example_dags/example_python_decorator.py
[2025-08-04T03:48:28.364+0000] {processor.py:830} INFO - Processing file /home/airflow/.local/lib/python3.12/site-packages/airflow/example_dags/example_python_decorator.py for tasks to queue
[2025-08-04T03:48:28.371+0000] {logging_mixin.py:188} INFO - [2025-08-04T03:48:28.370+0000] {dagbag.py:545} INFO - Filling up the DagBag from /home/airflow/.local/lib/python3.12/site-packages/airflow/example_dags/example_python_decorator.py
[2025-08-04T03:48:28.406+0000] {processor.py:840} INFO - DAG(s) 'example_python_decorator' retrieved from /home/airflow/.local/lib/python3.12/site-packages/airflow/example_dags/example_python_decorator.py
[2025-08-04T03:48:28.444+0000] {logging_mixin.py:188} INFO - [2025-08-04T03:48:28.444+0000] {dag.py:3096} INFO - Sync 1 DAGs
[2025-08-04T03:48:28.462+0000] {logging_mixin.py:188} INFO - [2025-08-04T03:48:28.462+0000] {dag.py:3954} INFO - Setting next_dagrun for example_python_decorator to None, run_after=None
[2025-08-04T03:48:28.517+0000] {processor.py:183} INFO - Processing /home/airflow/.local/lib/python3.12/site-packages/airflow/example_dags/example_python_decorator.py took 0.160 seconds
[2025-08-04T03:48:59.231+0000] {processor.py:161} INFO - Started process (PID=344) to work on /home/airflow/.local/lib/python3.12/site-packages/airflow/example_dags/example_python_decorator.py
[2025-08-04T03:48:59.234+0000] {processor.py:830} INFO - Processing file /home/airflow/.local/lib/python3.12/site-packages/airflow/example_dags/example_python_decorator.py for tasks to queue
[2025-08-04T03:48:59.272+0000] {logging_mixin.py:188} INFO - [2025-08-04T03:48:59.269+0000] {dagbag.py:545} INFO - Filling up the DagBag from /home/airflow/.local/lib/python3.12/site-packages/airflow/example_dags/example_python_decorator.py
[2025-08-04T03:48:59.391+0000] {processor.py:840} INFO - DAG(s) 'example_python_decorator' retrieved from /home/airflow/.local/lib/python3.12/site-packages/airflow/example_dags/example_python_decorator.py
[2025-08-04T03:48:59.578+0000] {logging_mixin.py:188} INFO - [2025-08-04T03:48:59.577+0000] {dag.py:3096} INFO - Sync 1 DAGs
[2025-08-04T03:48:59.663+0000] {logging_mixin.py:188} INFO - [2025-08-04T03:48:59.663+0000] {dag.py:3954} INFO - Setting next_dagrun for example_python_decorator to None, run_after=None
[2025-08-04T03:48:59.759+0000] {processor.py:183} INFO - Processing /home/airflow/.local/lib/python3.12/site-packages/airflow/example_dags/example_python_decorator.py took 0.547 seconds
[2025-08-04T15:16:46.399+0000] {processor.py:161} INFO - Started process (PID=91) to work on /home/airflow/.local/lib/python3.12/site-packages/airflow/example_dags/example_python_decorator.py
[2025-08-04T15:16:46.410+0000] {processor.py:830} INFO - Processing file /home/airflow/.local/lib/python3.12/site-packages/airflow/example_dags/example_python_decorator.py for tasks to queue
[2025-08-04T15:16:46.425+0000] {logging_mixin.py:188} INFO - [2025-08-04T15:16:46.422+0000] {dagbag.py:545} INFO - Filling up the DagBag from /home/airflow/.local/lib/python3.12/site-packages/airflow/example_dags/example_python_decorator.py
[2025-08-04T15:16:46.460+0000] {processor.py:840} INFO - DAG(s) 'example_python_decorator' retrieved from /home/airflow/.local/lib/python3.12/site-packages/airflow/example_dags/example_python_decorator.py
[2025-08-04T15:16:46.740+0000] {logging_mixin.py:188} INFO - [2025-08-04T15:16:46.740+0000] {dag.py:3096} INFO - Sync 1 DAGs
[2025-08-04T15:16:46.809+0000] {logging_mixin.py:188} INFO - [2025-08-04T15:16:46.808+0000] {dag.py:3954} INFO - Setting next_dagrun for example_python_decorator to None, run_after=None
[2025-08-04T15:16:47.185+0000] {processor.py:183} INFO - Processing /home/airflow/.local/lib/python3.12/site-packages/airflow/example_dags/example_python_decorator.py took 0.803 seconds
[2025-08-04T15:17:18.083+0000] {processor.py:161} INFO - Started process (PID=149) to work on /home/airflow/.local/lib/python3.12/site-packages/airflow/example_dags/example_python_decorator.py
[2025-08-04T15:17:18.085+0000] {processor.py:830} INFO - Processing file /home/airflow/.local/lib/python3.12/site-packages/airflow/example_dags/example_python_decorator.py for tasks to queue
[2025-08-04T15:17:18.088+0000] {logging_mixin.py:188} INFO - [2025-08-04T15:17:18.087+0000] {dagbag.py:545} INFO - Filling up the DagBag from /home/airflow/.local/lib/python3.12/site-packages/airflow/example_dags/example_python_decorator.py
[2025-08-04T15:17:18.112+0000] {processor.py:840} INFO - DAG(s) 'example_python_decorator' retrieved from /home/airflow/.local/lib/python3.12/site-packages/airflow/example_dags/example_python_decorator.py
[2025-08-04T15:17:18.143+0000] {logging_mixin.py:188} INFO - [2025-08-04T15:17:18.143+0000] {dag.py:3096} INFO - Sync 1 DAGs
[2025-08-04T15:17:18.164+0000] {logging_mixin.py:188} INFO - [2025-08-04T15:17:18.164+0000] {dag.py:3954} INFO - Setting next_dagrun for example_python_decorator to None, run_after=None
[2025-08-04T15:17:18.207+0000] {processor.py:183} INFO - Processing /home/airflow/.local/lib/python3.12/site-packages/airflow/example_dags/example_python_decorator.py took 0.138 seconds
[2025-08-04T15:17:48.725+0000] {processor.py:161} INFO - Started process (PID=207) to work on /home/airflow/.local/lib/python3.12/site-packages/airflow/example_dags/example_python_decorator.py
[2025-08-04T15:17:48.726+0000] {processor.py:830} INFO - Processing file /home/airflow/.local/lib/python3.12/site-packages/airflow/example_dags/example_python_decorator.py for tasks to queue
[2025-08-04T15:17:48.728+0000] {logging_mixin.py:188} INFO - [2025-08-04T15:17:48.728+0000] {dagbag.py:545} INFO - Filling up the DagBag from /home/airflow/.local/lib/python3.12/site-packages/airflow/example_dags/example_python_decorator.py
[2025-08-04T15:17:48.738+0000] {processor.py:840} INFO - DAG(s) 'example_python_decorator' retrieved from /home/airflow/.local/lib/python3.12/site-packages/airflow/example_dags/example_python_decorator.py
[2025-08-04T15:17:48.754+0000] {logging_mixin.py:188} INFO - [2025-08-04T15:17:48.754+0000] {dag.py:3096} INFO - Sync 1 DAGs
[2025-08-04T15:17:48.761+0000] {logging_mixin.py:188} INFO - [2025-08-04T15:17:48.761+0000] {dag.py:3954} INFO - Setting next_dagrun for example_python_decorator to None, run_after=None
[2025-08-04T15:17:48.769+0000] {processor.py:183} INFO - Processing /home/airflow/.local/lib/python3.12/site-packages/airflow/example_dags/example_python_decorator.py took 0.054 seconds
[2025-08-04T15:18:19.335+0000] {processor.py:161} INFO - Started process (PID=265) to work on /home/airflow/.local/lib/python3.12/site-packages/airflow/example_dags/example_python_decorator.py
[2025-08-04T15:18:19.336+0000] {processor.py:830} INFO - Processing file /home/airflow/.local/lib/python3.12/site-packages/airflow/example_dags/example_python_decorator.py for tasks to queue
[2025-08-04T15:18:19.337+0000] {logging_mixin.py:188} INFO - [2025-08-04T15:18:19.337+0000] {dagbag.py:545} INFO - Filling up the DagBag from /home/airflow/.local/lib/python3.12/site-packages/airflow/example_dags/example_python_decorator.py
[2025-08-04T15:18:19.346+0000] {processor.py:840} INFO - DAG(s) 'example_python_decorator' retrieved from /home/airflow/.local/lib/python3.12/site-packages/airflow/example_dags/example_python_decorator.py
[2025-08-04T15:18:19.363+0000] {logging_mixin.py:188} INFO - [2025-08-04T15:18:19.363+0000] {dag.py:3096} INFO - Sync 1 DAGs
[2025-08-04T15:18:19.375+0000] {logging_mixin.py:188} INFO - [2025-08-04T15:18:19.375+0000] {dag.py:3954} INFO - Setting next_dagrun for example_python_decorator to None, run_after=None
[2025-08-04T15:18:19.388+0000] {processor.py:183} INFO - Processing /home/airflow/.local/lib/python3.12/site-packages/airflow/example_dags/example_python_decorator.py took 0.058 seconds
[2025-08-04T15:18:50.576+0000] {processor.py:161} INFO - Started process (PID=323) to work on /home/airflow/.local/lib/python3.12/site-packages/airflow/example_dags/example_python_decorator.py
[2025-08-04T15:18:50.580+0000] {processor.py:830} INFO - Processing file /home/airflow/.local/lib/python3.12/site-packages/airflow/example_dags/example_python_decorator.py for tasks to queue
[2025-08-04T15:18:50.602+0000] {logging_mixin.py:188} INFO - [2025-08-04T15:18:50.601+0000] {dagbag.py:545} INFO - Filling up the DagBag from /home/airflow/.local/lib/python3.12/site-packages/airflow/example_dags/example_python_decorator.py
[2025-08-04T15:18:50.659+0000] {processor.py:840} INFO - DAG(s) 'example_python_decorator' retrieved from /home/airflow/.local/lib/python3.12/site-packages/airflow/example_dags/example_python_decorator.py
[2025-08-04T15:18:50.977+0000] {logging_mixin.py:188} INFO - [2025-08-04T15:18:50.976+0000] {dag.py:3096} INFO - Sync 1 DAGs
[2025-08-04T15:18:51.101+0000] {logging_mixin.py:188} INFO - [2025-08-04T15:18:51.101+0000] {dag.py:3954} INFO - Setting next_dagrun for example_python_decorator to None, run_after=None
[2025-08-04T15:18:51.277+0000] {processor.py:183} INFO - Processing /home/airflow/.local/lib/python3.12/site-packages/airflow/example_dags/example_python_decorator.py took 0.741 seconds
[2025-08-04T15:19:22.246+0000] {processor.py:161} INFO - Started process (PID=381) to work on /home/airflow/.local/lib/python3.12/site-packages/airflow/example_dags/example_python_decorator.py
[2025-08-04T15:19:22.247+0000] {processor.py:830} INFO - Processing file /home/airflow/.local/lib/python3.12/site-packages/airflow/example_dags/example_python_decorator.py for tasks to queue
[2025-08-04T15:19:22.249+0000] {logging_mixin.py:188} INFO - [2025-08-04T15:19:22.248+0000] {dagbag.py:545} INFO - Filling up the DagBag from /home/airflow/.local/lib/python3.12/site-packages/airflow/example_dags/example_python_decorator.py
[2025-08-04T15:19:22.257+0000] {processor.py:840} INFO - DAG(s) 'example_python_decorator' retrieved from /home/airflow/.local/lib/python3.12/site-packages/airflow/example_dags/example_python_decorator.py
[2025-08-04T15:19:22.274+0000] {logging_mixin.py:188} INFO - [2025-08-04T15:19:22.274+0000] {dag.py:3096} INFO - Sync 1 DAGs
[2025-08-04T15:19:22.283+0000] {logging_mixin.py:188} INFO - [2025-08-04T15:19:22.282+0000] {dag.py:3954} INFO - Setting next_dagrun for example_python_decorator to None, run_after=None
[2025-08-04T15:19:22.298+0000] {processor.py:183} INFO - Processing /home/airflow/.local/lib/python3.12/site-packages/airflow/example_dags/example_python_decorator.py took 0.055 seconds
[2025-08-04T15:27:13.748+0000] {processor.py:161} INFO - Started process (PID=90) to work on /home/airflow/.local/lib/python3.12/site-packages/airflow/example_dags/example_python_decorator.py
[2025-08-04T15:27:13.749+0000] {processor.py:830} INFO - Processing file /home/airflow/.local/lib/python3.12/site-packages/airflow/example_dags/example_python_decorator.py for tasks to queue
[2025-08-04T15:27:13.754+0000] {logging_mixin.py:188} INFO - [2025-08-04T15:27:13.753+0000] {dagbag.py:545} INFO - Filling up the DagBag from /home/airflow/.local/lib/python3.12/site-packages/airflow/example_dags/example_python_decorator.py
[2025-08-04T15:27:13.835+0000] {processor.py:840} INFO - DAG(s) 'example_python_decorator' retrieved from /home/airflow/.local/lib/python3.12/site-packages/airflow/example_dags/example_python_decorator.py
[2025-08-04T15:27:14.611+0000] {logging_mixin.py:188} INFO - [2025-08-04T15:27:14.609+0000] {dag.py:3096} INFO - Sync 1 DAGs
[2025-08-04T15:27:14.689+0000] {logging_mixin.py:188} INFO - [2025-08-04T15:27:14.689+0000] {dag.py:3954} INFO - Setting next_dagrun for example_python_decorator to None, run_after=None
[2025-08-04T15:27:15.115+0000] {processor.py:183} INFO - Processing /home/airflow/.local/lib/python3.12/site-packages/airflow/example_dags/example_python_decorator.py took 1.406 seconds
[2025-08-04T15:27:45.776+0000] {processor.py:161} INFO - Started process (PID=148) to work on /home/airflow/.local/lib/python3.12/site-packages/airflow/example_dags/example_python_decorator.py
[2025-08-04T15:27:45.778+0000] {processor.py:830} INFO - Processing file /home/airflow/.local/lib/python3.12/site-packages/airflow/example_dags/example_python_decorator.py for tasks to queue
[2025-08-04T15:27:45.780+0000] {logging_mixin.py:188} INFO - [2025-08-04T15:27:45.779+0000] {dagbag.py:545} INFO - Filling up the DagBag from /home/airflow/.local/lib/python3.12/site-packages/airflow/example_dags/example_python_decorator.py
[2025-08-04T15:27:45.789+0000] {processor.py:840} INFO - DAG(s) 'example_python_decorator' retrieved from /home/airflow/.local/lib/python3.12/site-packages/airflow/example_dags/example_python_decorator.py
[2025-08-04T15:27:45.803+0000] {logging_mixin.py:188} INFO - [2025-08-04T15:27:45.803+0000] {dag.py:3096} INFO - Sync 1 DAGs
[2025-08-04T15:27:45.809+0000] {logging_mixin.py:188} INFO - [2025-08-04T15:27:45.809+0000] {dag.py:3954} INFO - Setting next_dagrun for example_python_decorator to None, run_after=None
[2025-08-04T15:27:45.817+0000] {processor.py:183} INFO - Processing /home/airflow/.local/lib/python3.12/site-packages/airflow/example_dags/example_python_decorator.py took 0.046 seconds
[2025-08-04T15:28:15.895+0000] {processor.py:161} INFO - Started process (PID=206) to work on /home/airflow/.local/lib/python3.12/site-packages/airflow/example_dags/example_python_decorator.py
[2025-08-04T15:28:15.896+0000] {processor.py:830} INFO - Processing file /home/airflow/.local/lib/python3.12/site-packages/airflow/example_dags/example_python_decorator.py for tasks to queue
[2025-08-04T15:28:15.898+0000] {logging_mixin.py:188} INFO - [2025-08-04T15:28:15.897+0000] {dagbag.py:545} INFO - Filling up the DagBag from /home/airflow/.local/lib/python3.12/site-packages/airflow/example_dags/example_python_decorator.py
[2025-08-04T15:28:15.908+0000] {processor.py:840} INFO - DAG(s) 'example_python_decorator' retrieved from /home/airflow/.local/lib/python3.12/site-packages/airflow/example_dags/example_python_decorator.py
[2025-08-04T15:28:15.919+0000] {logging_mixin.py:188} INFO - [2025-08-04T15:28:15.919+0000] {dag.py:3096} INFO - Sync 1 DAGs
[2025-08-04T15:28:15.924+0000] {logging_mixin.py:188} INFO - [2025-08-04T15:28:15.924+0000] {dag.py:3954} INFO - Setting next_dagrun for example_python_decorator to None, run_after=None
[2025-08-04T15:28:15.932+0000] {processor.py:183} INFO - Processing /home/airflow/.local/lib/python3.12/site-packages/airflow/example_dags/example_python_decorator.py took 0.041 seconds
[2025-08-04T15:28:46.286+0000] {processor.py:161} INFO - Started process (PID=264) to work on /home/airflow/.local/lib/python3.12/site-packages/airflow/example_dags/example_python_decorator.py
[2025-08-04T15:28:46.287+0000] {processor.py:830} INFO - Processing file /home/airflow/.local/lib/python3.12/site-packages/airflow/example_dags/example_python_decorator.py for tasks to queue
[2025-08-04T15:28:46.288+0000] {logging_mixin.py:188} INFO - [2025-08-04T15:28:46.288+0000] {dagbag.py:545} INFO - Filling up the DagBag from /home/airflow/.local/lib/python3.12/site-packages/airflow/example_dags/example_python_decorator.py
[2025-08-04T15:28:46.295+0000] {processor.py:840} INFO - DAG(s) 'example_python_decorator' retrieved from /home/airflow/.local/lib/python3.12/site-packages/airflow/example_dags/example_python_decorator.py
[2025-08-04T15:28:46.308+0000] {logging_mixin.py:188} INFO - [2025-08-04T15:28:46.308+0000] {dag.py:3096} INFO - Sync 1 DAGs
[2025-08-04T15:28:46.314+0000] {logging_mixin.py:188} INFO - [2025-08-04T15:28:46.314+0000] {dag.py:3954} INFO - Setting next_dagrun for example_python_decorator to None, run_after=None
[2025-08-04T15:28:46.322+0000] {processor.py:183} INFO - Processing /home/airflow/.local/lib/python3.12/site-packages/airflow/example_dags/example_python_decorator.py took 0.039 seconds
[2025-08-04T15:29:16.846+0000] {processor.py:161} INFO - Started process (PID=322) to work on /home/airflow/.local/lib/python3.12/site-packages/airflow/example_dags/example_python_decorator.py
[2025-08-04T15:29:16.847+0000] {processor.py:830} INFO - Processing file /home/airflow/.local/lib/python3.12/site-packages/airflow/example_dags/example_python_decorator.py for tasks to queue
[2025-08-04T15:29:16.848+0000] {logging_mixin.py:188} INFO - [2025-08-04T15:29:16.848+0000] {dagbag.py:545} INFO - Filling up the DagBag from /home/airflow/.local/lib/python3.12/site-packages/airflow/example_dags/example_python_decorator.py
[2025-08-04T15:29:16.855+0000] {processor.py:840} INFO - DAG(s) 'example_python_decorator' retrieved from /home/airflow/.local/lib/python3.12/site-packages/airflow/example_dags/example_python_decorator.py
[2025-08-04T15:29:16.866+0000] {logging_mixin.py:188} INFO - [2025-08-04T15:29:16.866+0000] {dag.py:3096} INFO - Sync 1 DAGs
[2025-08-04T15:29:16.872+0000] {logging_mixin.py:188} INFO - [2025-08-04T15:29:16.872+0000] {dag.py:3954} INFO - Setting next_dagrun for example_python_decorator to None, run_after=None
[2025-08-04T15:29:16.879+0000] {processor.py:183} INFO - Processing /home/airflow/.local/lib/python3.12/site-packages/airflow/example_dags/example_python_decorator.py took 0.037 seconds
[2025-08-04T15:29:47.437+0000] {processor.py:161} INFO - Started process (PID=380) to work on /home/airflow/.local/lib/python3.12/site-packages/airflow/example_dags/example_python_decorator.py
[2025-08-04T15:29:47.438+0000] {processor.py:830} INFO - Processing file /home/airflow/.local/lib/python3.12/site-packages/airflow/example_dags/example_python_decorator.py for tasks to queue
[2025-08-04T15:29:47.440+0000] {logging_mixin.py:188} INFO - [2025-08-04T15:29:47.439+0000] {dagbag.py:545} INFO - Filling up the DagBag from /home/airflow/.local/lib/python3.12/site-packages/airflow/example_dags/example_python_decorator.py
[2025-08-04T15:29:47.454+0000] {processor.py:840} INFO - DAG(s) 'example_python_decorator' retrieved from /home/airflow/.local/lib/python3.12/site-packages/airflow/example_dags/example_python_decorator.py
[2025-08-04T15:29:47.471+0000] {logging_mixin.py:188} INFO - [2025-08-04T15:29:47.471+0000] {dag.py:3096} INFO - Sync 1 DAGs
[2025-08-04T15:29:47.478+0000] {logging_mixin.py:188} INFO - [2025-08-04T15:29:47.478+0000] {dag.py:3954} INFO - Setting next_dagrun for example_python_decorator to None, run_after=None
[2025-08-04T15:29:47.488+0000] {processor.py:183} INFO - Processing /home/airflow/.local/lib/python3.12/site-packages/airflow/example_dags/example_python_decorator.py took 0.054 seconds
[2025-08-04T15:30:17.790+0000] {processor.py:161} INFO - Started process (PID=438) to work on /home/airflow/.local/lib/python3.12/site-packages/airflow/example_dags/example_python_decorator.py
[2025-08-04T15:30:17.791+0000] {processor.py:830} INFO - Processing file /home/airflow/.local/lib/python3.12/site-packages/airflow/example_dags/example_python_decorator.py for tasks to queue
[2025-08-04T15:30:17.792+0000] {logging_mixin.py:188} INFO - [2025-08-04T15:30:17.792+0000] {dagbag.py:545} INFO - Filling up the DagBag from /home/airflow/.local/lib/python3.12/site-packages/airflow/example_dags/example_python_decorator.py
[2025-08-04T15:30:17.798+0000] {processor.py:840} INFO - DAG(s) 'example_python_decorator' retrieved from /home/airflow/.local/lib/python3.12/site-packages/airflow/example_dags/example_python_decorator.py
[2025-08-04T15:30:17.809+0000] {logging_mixin.py:188} INFO - [2025-08-04T15:30:17.809+0000] {dag.py:3096} INFO - Sync 1 DAGs
[2025-08-04T15:30:17.814+0000] {logging_mixin.py:188} INFO - [2025-08-04T15:30:17.814+0000] {dag.py:3954} INFO - Setting next_dagrun for example_python_decorator to None, run_after=None
[2025-08-04T15:30:17.821+0000] {processor.py:183} INFO - Processing /home/airflow/.local/lib/python3.12/site-packages/airflow/example_dags/example_python_decorator.py took 0.034 seconds
[2025-08-04T15:30:48.514+0000] {processor.py:161} INFO - Started process (PID=496) to work on /home/airflow/.local/lib/python3.12/site-packages/airflow/example_dags/example_python_decorator.py
[2025-08-04T15:30:48.518+0000] {processor.py:830} INFO - Processing file /home/airflow/.local/lib/python3.12/site-packages/airflow/example_dags/example_python_decorator.py for tasks to queue
[2025-08-04T15:30:48.521+0000] {logging_mixin.py:188} INFO - [2025-08-04T15:30:48.520+0000] {dagbag.py:545} INFO - Filling up the DagBag from /home/airflow/.local/lib/python3.12/site-packages/airflow/example_dags/example_python_decorator.py
[2025-08-04T15:30:48.544+0000] {processor.py:840} INFO - DAG(s) 'example_python_decorator' retrieved from /home/airflow/.local/lib/python3.12/site-packages/airflow/example_dags/example_python_decorator.py
[2025-08-04T15:30:48.595+0000] {logging_mixin.py:188} INFO - [2025-08-04T15:30:48.594+0000] {dag.py:3096} INFO - Sync 1 DAGs
[2025-08-04T15:30:48.611+0000] {logging_mixin.py:188} INFO - [2025-08-04T15:30:48.611+0000] {dag.py:3954} INFO - Setting next_dagrun for example_python_decorator to None, run_after=None
[2025-08-04T15:30:48.643+0000] {processor.py:183} INFO - Processing /home/airflow/.local/lib/python3.12/site-packages/airflow/example_dags/example_python_decorator.py took 0.136 seconds
[2025-08-04T15:31:18.822+0000] {processor.py:161} INFO - Started process (PID=554) to work on /home/airflow/.local/lib/python3.12/site-packages/airflow/example_dags/example_python_decorator.py
[2025-08-04T15:31:18.823+0000] {processor.py:830} INFO - Processing file /home/airflow/.local/lib/python3.12/site-packages/airflow/example_dags/example_python_decorator.py for tasks to queue
[2025-08-04T15:31:18.825+0000] {logging_mixin.py:188} INFO - [2025-08-04T15:31:18.825+0000] {dagbag.py:545} INFO - Filling up the DagBag from /home/airflow/.local/lib/python3.12/site-packages/airflow/example_dags/example_python_decorator.py
[2025-08-04T15:31:18.837+0000] {processor.py:840} INFO - DAG(s) 'example_python_decorator' retrieved from /home/airflow/.local/lib/python3.12/site-packages/airflow/example_dags/example_python_decorator.py
[2025-08-04T15:31:18.851+0000] {logging_mixin.py:188} INFO - [2025-08-04T15:31:18.851+0000] {dag.py:3096} INFO - Sync 1 DAGs
[2025-08-04T15:31:18.858+0000] {logging_mixin.py:188} INFO - [2025-08-04T15:31:18.858+0000] {dag.py:3954} INFO - Setting next_dagrun for example_python_decorator to None, run_after=None
[2025-08-04T15:31:18.866+0000] {processor.py:183} INFO - Processing /home/airflow/.local/lib/python3.12/site-packages/airflow/example_dags/example_python_decorator.py took 0.050 seconds
[2025-08-04T15:31:49.401+0000] {processor.py:161} INFO - Started process (PID=612) to work on /home/airflow/.local/lib/python3.12/site-packages/airflow/example_dags/example_python_decorator.py
[2025-08-04T15:31:49.401+0000] {processor.py:830} INFO - Processing file /home/airflow/.local/lib/python3.12/site-packages/airflow/example_dags/example_python_decorator.py for tasks to queue
[2025-08-04T15:31:49.404+0000] {logging_mixin.py:188} INFO - [2025-08-04T15:31:49.403+0000] {dagbag.py:545} INFO - Filling up the DagBag from /home/airflow/.local/lib/python3.12/site-packages/airflow/example_dags/example_python_decorator.py
[2025-08-04T15:31:49.413+0000] {processor.py:840} INFO - DAG(s) 'example_python_decorator' retrieved from /home/airflow/.local/lib/python3.12/site-packages/airflow/example_dags/example_python_decorator.py
[2025-08-04T15:31:49.433+0000] {logging_mixin.py:188} INFO - [2025-08-04T15:31:49.432+0000] {dag.py:3096} INFO - Sync 1 DAGs
[2025-08-04T15:31:49.439+0000] {logging_mixin.py:188} INFO - [2025-08-04T15:31:49.439+0000] {dag.py:3954} INFO - Setting next_dagrun for example_python_decorator to None, run_after=None
[2025-08-04T15:31:49.453+0000] {processor.py:183} INFO - Processing /home/airflow/.local/lib/python3.12/site-packages/airflow/example_dags/example_python_decorator.py took 0.058 seconds
[2025-08-04T15:53:07.151+0000] {processor.py:161} INFO - Started process (PID=92) to work on /home/airflow/.local/lib/python3.12/site-packages/airflow/example_dags/example_python_decorator.py
[2025-08-04T15:53:07.153+0000] {processor.py:830} INFO - Processing file /home/airflow/.local/lib/python3.12/site-packages/airflow/example_dags/example_python_decorator.py for tasks to queue
[2025-08-04T15:53:07.156+0000] {logging_mixin.py:188} INFO - [2025-08-04T15:53:07.156+0000] {dagbag.py:545} INFO - Filling up the DagBag from /home/airflow/.local/lib/python3.12/site-packages/airflow/example_dags/example_python_decorator.py
[2025-08-04T15:53:07.204+0000] {processor.py:840} INFO - DAG(s) 'example_python_decorator' retrieved from /home/airflow/.local/lib/python3.12/site-packages/airflow/example_dags/example_python_decorator.py
[2025-08-04T15:53:08.217+0000] {logging_mixin.py:188} INFO - [2025-08-04T15:53:08.216+0000] {dag.py:3096} INFO - Sync 1 DAGs
[2025-08-04T15:53:08.251+0000] {logging_mixin.py:188} INFO - [2025-08-04T15:53:08.251+0000] {dag.py:3954} INFO - Setting next_dagrun for example_python_decorator to None, run_after=None
[2025-08-04T15:53:08.330+0000] {processor.py:183} INFO - Processing /home/airflow/.local/lib/python3.12/site-packages/airflow/example_dags/example_python_decorator.py took 1.186 seconds
[2025-08-04T15:53:38.923+0000] {processor.py:161} INFO - Started process (PID=150) to work on /home/airflow/.local/lib/python3.12/site-packages/airflow/example_dags/example_python_decorator.py
[2025-08-04T15:53:38.924+0000] {processor.py:830} INFO - Processing file /home/airflow/.local/lib/python3.12/site-packages/airflow/example_dags/example_python_decorator.py for tasks to queue
[2025-08-04T15:53:38.926+0000] {logging_mixin.py:188} INFO - [2025-08-04T15:53:38.926+0000] {dagbag.py:545} INFO - Filling up the DagBag from /home/airflow/.local/lib/python3.12/site-packages/airflow/example_dags/example_python_decorator.py
[2025-08-04T15:53:38.938+0000] {processor.py:840} INFO - DAG(s) 'example_python_decorator' retrieved from /home/airflow/.local/lib/python3.12/site-packages/airflow/example_dags/example_python_decorator.py
[2025-08-04T15:53:38.956+0000] {logging_mixin.py:188} INFO - [2025-08-04T15:53:38.956+0000] {dag.py:3096} INFO - Sync 1 DAGs
[2025-08-04T15:53:38.963+0000] {logging_mixin.py:188} INFO - [2025-08-04T15:53:38.963+0000] {dag.py:3954} INFO - Setting next_dagrun for example_python_decorator to None, run_after=None
[2025-08-04T15:53:38.979+0000] {processor.py:183} INFO - Processing /home/airflow/.local/lib/python3.12/site-packages/airflow/example_dags/example_python_decorator.py took 0.062 seconds
[2025-08-04T15:54:09.320+0000] {processor.py:161} INFO - Started process (PID=208) to work on /home/airflow/.local/lib/python3.12/site-packages/airflow/example_dags/example_python_decorator.py
[2025-08-04T15:54:09.323+0000] {processor.py:830} INFO - Processing file /home/airflow/.local/lib/python3.12/site-packages/airflow/example_dags/example_python_decorator.py for tasks to queue
[2025-08-04T15:54:09.325+0000] {logging_mixin.py:188} INFO - [2025-08-04T15:54:09.325+0000] {dagbag.py:545} INFO - Filling up the DagBag from /home/airflow/.local/lib/python3.12/site-packages/airflow/example_dags/example_python_decorator.py
[2025-08-04T15:54:09.340+0000] {processor.py:840} INFO - DAG(s) 'example_python_decorator' retrieved from /home/airflow/.local/lib/python3.12/site-packages/airflow/example_dags/example_python_decorator.py
[2025-08-04T15:54:09.363+0000] {logging_mixin.py:188} INFO - [2025-08-04T15:54:09.363+0000] {dag.py:3096} INFO - Sync 1 DAGs
[2025-08-04T15:54:09.371+0000] {logging_mixin.py:188} INFO - [2025-08-04T15:54:09.371+0000] {dag.py:3954} INFO - Setting next_dagrun for example_python_decorator to None, run_after=None
[2025-08-04T15:54:09.388+0000] {processor.py:183} INFO - Processing /home/airflow/.local/lib/python3.12/site-packages/airflow/example_dags/example_python_decorator.py took 0.088 seconds
[2025-08-04T15:54:39.709+0000] {processor.py:161} INFO - Started process (PID=266) to work on /home/airflow/.local/lib/python3.12/site-packages/airflow/example_dags/example_python_decorator.py
[2025-08-04T15:54:39.711+0000] {processor.py:830} INFO - Processing file /home/airflow/.local/lib/python3.12/site-packages/airflow/example_dags/example_python_decorator.py for tasks to queue
[2025-08-04T15:54:39.712+0000] {logging_mixin.py:188} INFO - [2025-08-04T15:54:39.712+0000] {dagbag.py:545} INFO - Filling up the DagBag from /home/airflow/.local/lib/python3.12/site-packages/airflow/example_dags/example_python_decorator.py
[2025-08-04T15:54:39.728+0000] {processor.py:840} INFO - DAG(s) 'example_python_decorator' retrieved from /home/airflow/.local/lib/python3.12/site-packages/airflow/example_dags/example_python_decorator.py
[2025-08-04T15:54:39.744+0000] {logging_mixin.py:188} INFO - [2025-08-04T15:54:39.744+0000] {dag.py:3096} INFO - Sync 1 DAGs
[2025-08-04T15:54:39.753+0000] {logging_mixin.py:188} INFO - [2025-08-04T15:54:39.753+0000] {dag.py:3954} INFO - Setting next_dagrun for example_python_decorator to None, run_after=None
[2025-08-04T15:54:39.780+0000] {processor.py:183} INFO - Processing /home/airflow/.local/lib/python3.12/site-packages/airflow/example_dags/example_python_decorator.py took 0.076 seconds
[2025-08-04T15:55:15.183+0000] {processor.py:161} INFO - Started process (PID=324) to work on /home/airflow/.local/lib/python3.12/site-packages/airflow/example_dags/example_python_decorator.py
[2025-08-04T15:55:15.196+0000] {processor.py:830} INFO - Processing file /home/airflow/.local/lib/python3.12/site-packages/airflow/example_dags/example_python_decorator.py for tasks to queue
[2025-08-04T15:55:15.209+0000] {logging_mixin.py:188} INFO - [2025-08-04T15:55:15.205+0000] {dagbag.py:545} INFO - Filling up the DagBag from /home/airflow/.local/lib/python3.12/site-packages/airflow/example_dags/example_python_decorator.py
[2025-08-04T15:55:15.356+0000] {processor.py:840} INFO - DAG(s) 'example_python_decorator' retrieved from /home/airflow/.local/lib/python3.12/site-packages/airflow/example_dags/example_python_decorator.py
[2025-08-04T15:55:15.625+0000] {logging_mixin.py:188} INFO - [2025-08-04T15:55:15.597+0000] {dag.py:3096} INFO - Sync 1 DAGs
[2025-08-04T15:55:15.650+0000] {logging_mixin.py:188} INFO - [2025-08-04T15:55:15.648+0000] {dag.py:3954} INFO - Setting next_dagrun for example_python_decorator to None, run_after=None
[2025-08-04T15:55:15.719+0000] {processor.py:183} INFO - Processing /home/airflow/.local/lib/python3.12/site-packages/airflow/example_dags/example_python_decorator.py took 0.600 seconds
[2025-08-04T15:55:46.265+0000] {processor.py:161} INFO - Started process (PID=382) to work on /home/airflow/.local/lib/python3.12/site-packages/airflow/example_dags/example_python_decorator.py
[2025-08-04T15:55:46.267+0000] {processor.py:830} INFO - Processing file /home/airflow/.local/lib/python3.12/site-packages/airflow/example_dags/example_python_decorator.py for tasks to queue
[2025-08-04T15:55:46.269+0000] {logging_mixin.py:188} INFO - [2025-08-04T15:55:46.269+0000] {dagbag.py:545} INFO - Filling up the DagBag from /home/airflow/.local/lib/python3.12/site-packages/airflow/example_dags/example_python_decorator.py
[2025-08-04T15:55:46.283+0000] {processor.py:840} INFO - DAG(s) 'example_python_decorator' retrieved from /home/airflow/.local/lib/python3.12/site-packages/airflow/example_dags/example_python_decorator.py
[2025-08-04T15:55:46.299+0000] {logging_mixin.py:188} INFO - [2025-08-04T15:55:46.299+0000] {dag.py:3096} INFO - Sync 1 DAGs
[2025-08-04T15:55:46.307+0000] {logging_mixin.py:188} INFO - [2025-08-04T15:55:46.307+0000] {dag.py:3954} INFO - Setting next_dagrun for example_python_decorator to None, run_after=None
[2025-08-04T15:55:46.316+0000] {processor.py:183} INFO - Processing /home/airflow/.local/lib/python3.12/site-packages/airflow/example_dags/example_python_decorator.py took 0.056 seconds
[2025-08-04T15:56:16.692+0000] {processor.py:161} INFO - Started process (PID=440) to work on /home/airflow/.local/lib/python3.12/site-packages/airflow/example_dags/example_python_decorator.py
[2025-08-04T15:56:16.694+0000] {processor.py:830} INFO - Processing file /home/airflow/.local/lib/python3.12/site-packages/airflow/example_dags/example_python_decorator.py for tasks to queue
[2025-08-04T15:56:16.696+0000] {logging_mixin.py:188} INFO - [2025-08-04T15:56:16.696+0000] {dagbag.py:545} INFO - Filling up the DagBag from /home/airflow/.local/lib/python3.12/site-packages/airflow/example_dags/example_python_decorator.py
[2025-08-04T15:56:16.720+0000] {processor.py:840} INFO - DAG(s) 'example_python_decorator' retrieved from /home/airflow/.local/lib/python3.12/site-packages/airflow/example_dags/example_python_decorator.py
[2025-08-04T15:56:16.742+0000] {logging_mixin.py:188} INFO - [2025-08-04T15:56:16.742+0000] {dag.py:3096} INFO - Sync 1 DAGs
[2025-08-04T15:56:16.752+0000] {logging_mixin.py:188} INFO - [2025-08-04T15:56:16.752+0000] {dag.py:3954} INFO - Setting next_dagrun for example_python_decorator to None, run_after=None
[2025-08-04T15:56:16.764+0000] {processor.py:183} INFO - Processing /home/airflow/.local/lib/python3.12/site-packages/airflow/example_dags/example_python_decorator.py took 0.082 seconds
[2025-08-04T15:59:01.316+0000] {processor.py:161} INFO - Started process (PID=92) to work on /home/airflow/.local/lib/python3.12/site-packages/airflow/example_dags/example_python_decorator.py
[2025-08-04T15:59:01.323+0000] {processor.py:830} INFO - Processing file /home/airflow/.local/lib/python3.12/site-packages/airflow/example_dags/example_python_decorator.py for tasks to queue
[2025-08-04T15:59:01.340+0000] {logging_mixin.py:188} INFO - [2025-08-04T15:59:01.340+0000] {dagbag.py:545} INFO - Filling up the DagBag from /home/airflow/.local/lib/python3.12/site-packages/airflow/example_dags/example_python_decorator.py
[2025-08-04T15:59:01.404+0000] {processor.py:840} INFO - DAG(s) 'example_python_decorator' retrieved from /home/airflow/.local/lib/python3.12/site-packages/airflow/example_dags/example_python_decorator.py
[2025-08-04T15:59:01.597+0000] {logging_mixin.py:188} INFO - [2025-08-04T15:59:01.597+0000] {dag.py:3096} INFO - Sync 1 DAGs
[2025-08-04T15:59:01.632+0000] {logging_mixin.py:188} INFO - [2025-08-04T15:59:01.627+0000] {dag.py:3954} INFO - Setting next_dagrun for example_python_decorator to None, run_after=None
[2025-08-04T15:59:01.756+0000] {processor.py:183} INFO - Processing /home/airflow/.local/lib/python3.12/site-packages/airflow/example_dags/example_python_decorator.py took 0.445 seconds
[2025-08-04T15:59:32.259+0000] {processor.py:161} INFO - Started process (PID=150) to work on /home/airflow/.local/lib/python3.12/site-packages/airflow/example_dags/example_python_decorator.py
[2025-08-04T15:59:32.260+0000] {processor.py:830} INFO - Processing file /home/airflow/.local/lib/python3.12/site-packages/airflow/example_dags/example_python_decorator.py for tasks to queue
[2025-08-04T15:59:32.260+0000] {logging_mixin.py:188} INFO - [2025-08-04T15:59:32.260+0000] {dagbag.py:545} INFO - Filling up the DagBag from /home/airflow/.local/lib/python3.12/site-packages/airflow/example_dags/example_python_decorator.py
[2025-08-04T15:59:32.266+0000] {processor.py:840} INFO - DAG(s) 'example_python_decorator' retrieved from /home/airflow/.local/lib/python3.12/site-packages/airflow/example_dags/example_python_decorator.py
[2025-08-04T15:59:32.275+0000] {logging_mixin.py:188} INFO - [2025-08-04T15:59:32.275+0000] {dag.py:3096} INFO - Sync 1 DAGs
[2025-08-04T15:59:32.279+0000] {logging_mixin.py:188} INFO - [2025-08-04T15:59:32.279+0000] {dag.py:3954} INFO - Setting next_dagrun for example_python_decorator to None, run_after=None
[2025-08-04T15:59:32.286+0000] {processor.py:183} INFO - Processing /home/airflow/.local/lib/python3.12/site-packages/airflow/example_dags/example_python_decorator.py took 0.030 seconds
[2025-08-04T16:00:02.952+0000] {processor.py:161} INFO - Started process (PID=208) to work on /home/airflow/.local/lib/python3.12/site-packages/airflow/example_dags/example_python_decorator.py
[2025-08-04T16:00:02.953+0000] {processor.py:830} INFO - Processing file /home/airflow/.local/lib/python3.12/site-packages/airflow/example_dags/example_python_decorator.py for tasks to queue
[2025-08-04T16:00:02.954+0000] {logging_mixin.py:188} INFO - [2025-08-04T16:00:02.954+0000] {dagbag.py:545} INFO - Filling up the DagBag from /home/airflow/.local/lib/python3.12/site-packages/airflow/example_dags/example_python_decorator.py
[2025-08-04T16:00:02.960+0000] {processor.py:840} INFO - DAG(s) 'example_python_decorator' retrieved from /home/airflow/.local/lib/python3.12/site-packages/airflow/example_dags/example_python_decorator.py
[2025-08-04T16:00:02.975+0000] {logging_mixin.py:188} INFO - [2025-08-04T16:00:02.974+0000] {dag.py:3096} INFO - Sync 1 DAGs
[2025-08-04T16:00:02.982+0000] {logging_mixin.py:188} INFO - [2025-08-04T16:00:02.982+0000] {dag.py:3954} INFO - Setting next_dagrun for example_python_decorator to None, run_after=None
[2025-08-04T16:00:02.996+0000] {processor.py:183} INFO - Processing /home/airflow/.local/lib/python3.12/site-packages/airflow/example_dags/example_python_decorator.py took 0.047 seconds
[2025-08-04T16:00:34.031+0000] {processor.py:161} INFO - Started process (PID=266) to work on /home/airflow/.local/lib/python3.12/site-packages/airflow/example_dags/example_python_decorator.py
[2025-08-04T16:00:34.034+0000] {processor.py:830} INFO - Processing file /home/airflow/.local/lib/python3.12/site-packages/airflow/example_dags/example_python_decorator.py for tasks to queue
[2025-08-04T16:00:34.038+0000] {logging_mixin.py:188} INFO - [2025-08-04T16:00:34.038+0000] {dagbag.py:545} INFO - Filling up the DagBag from /home/airflow/.local/lib/python3.12/site-packages/airflow/example_dags/example_python_decorator.py
[2025-08-04T16:00:34.100+0000] {processor.py:840} INFO - DAG(s) 'example_python_decorator' retrieved from /home/airflow/.local/lib/python3.12/site-packages/airflow/example_dags/example_python_decorator.py
[2025-08-04T16:00:34.171+0000] {logging_mixin.py:188} INFO - [2025-08-04T16:00:34.170+0000] {dag.py:3096} INFO - Sync 1 DAGs
[2025-08-04T16:00:34.186+0000] {logging_mixin.py:188} INFO - [2025-08-04T16:00:34.185+0000] {dag.py:3954} INFO - Setting next_dagrun for example_python_decorator to None, run_after=None
[2025-08-04T16:00:34.212+0000] {processor.py:183} INFO - Processing /home/airflow/.local/lib/python3.12/site-packages/airflow/example_dags/example_python_decorator.py took 0.192 seconds
[2025-08-04T16:01:04.761+0000] {processor.py:161} INFO - Started process (PID=324) to work on /home/airflow/.local/lib/python3.12/site-packages/airflow/example_dags/example_python_decorator.py
[2025-08-04T16:01:04.762+0000] {processor.py:830} INFO - Processing file /home/airflow/.local/lib/python3.12/site-packages/airflow/example_dags/example_python_decorator.py for tasks to queue
[2025-08-04T16:01:04.765+0000] {logging_mixin.py:188} INFO - [2025-08-04T16:01:04.764+0000] {dagbag.py:545} INFO - Filling up the DagBag from /home/airflow/.local/lib/python3.12/site-packages/airflow/example_dags/example_python_decorator.py
[2025-08-04T16:01:04.773+0000] {processor.py:840} INFO - DAG(s) 'example_python_decorator' retrieved from /home/airflow/.local/lib/python3.12/site-packages/airflow/example_dags/example_python_decorator.py
[2025-08-04T16:01:04.791+0000] {logging_mixin.py:188} INFO - [2025-08-04T16:01:04.791+0000] {dag.py:3096} INFO - Sync 1 DAGs
[2025-08-04T16:01:04.797+0000] {logging_mixin.py:188} INFO - [2025-08-04T16:01:04.797+0000] {dag.py:3954} INFO - Setting next_dagrun for example_python_decorator to None, run_after=None
[2025-08-04T16:01:04.812+0000] {processor.py:183} INFO - Processing /home/airflow/.local/lib/python3.12/site-packages/airflow/example_dags/example_python_decorator.py took 0.055 seconds
