[2025-08-04T03:45:36.742+0000] {processor.py:161} INFO - Started process (PID=67) to work on /home/airflow/.local/lib/python3.12/site-packages/airflow/example_dags/example_subdag_operator.py
[2025-08-04T03:45:36.745+0000] {processor.py:830} INFO - Processing file /home/airflow/.local/lib/python3.12/site-packages/airflow/example_dags/example_subdag_operator.py for tasks to queue
[2025-08-04T03:45:36.819+0000] {logging_mixin.py:188} INFO - [2025-08-04T03:45:36.816+0000] {dagbag.py:545} INFO - Filling up the DagBag from /home/airflow/.local/lib/python3.12/site-packages/airflow/example_dags/example_subdag_operator.py
[2025-08-04T03:45:36.897+0000] {processor.py:840} INFO - DAG(s) 'example_subdag_operator.section-1', 'example_subdag_operator.section-2', 'example_subdag_operator' retrieved from /home/airflow/.local/lib/python3.12/site-packages/airflow/example_dags/example_subdag_operator.py
[2025-08-04T03:45:37.249+0000] {logging_mixin.py:188} INFO - [2025-08-04T03:45:37.249+0000] {dag.py:3096} INFO - Sync 3 DAGs
[2025-08-04T03:45:37.455+0000] {logging_mixin.py:188} INFO - [2025-08-04T03:45:37.455+0000] {dag.py:3954} INFO - Setting next_dagrun for example_subdag_operator to 2022-01-01 00:00:00+00:00, run_after=2022-01-01 00:00:00+00:00
[2025-08-04T03:45:37.457+0000] {logging_mixin.py:188} INFO - [2025-08-04T03:45:37.457+0000] {dag.py:3954} INFO - Setting next_dagrun for example_subdag_operator.section-1 to None, run_after=None
[2025-08-04T03:45:37.466+0000] {logging_mixin.py:188} INFO - [2025-08-04T03:45:37.466+0000] {dag.py:3954} INFO - Setting next_dagrun for example_subdag_operator.section-2 to None, run_after=None
[2025-08-04T03:45:37.518+0000] {logging_mixin.py:188} INFO - [2025-08-04T03:45:37.518+0000] {dag.py:3096} INFO - Sync 2 DAGs
[2025-08-04T03:45:37.527+0000] {logging_mixin.py:188} INFO - [2025-08-04T03:45:37.527+0000] {dag.py:3954} INFO - Setting next_dagrun for example_subdag_operator.section-1 to None, run_after=None
[2025-08-04T03:45:37.529+0000] {logging_mixin.py:188} INFO - [2025-08-04T03:45:37.529+0000] {dag.py:3954} INFO - Setting next_dagrun for example_subdag_operator.section-2 to None, run_after=None
[2025-08-04T03:45:37.587+0000] {processor.py:183} INFO - Processing /home/airflow/.local/lib/python3.12/site-packages/airflow/example_dags/example_subdag_operator.py took 0.864 seconds
[2025-08-04T03:46:33.748+0000] {processor.py:161} INFO - Started process (PID=131) to work on /home/airflow/.local/lib/python3.12/site-packages/airflow/example_dags/example_subdag_operator.py
[2025-08-04T03:46:33.766+0000] {processor.py:830} INFO - Processing file /home/airflow/.local/lib/python3.12/site-packages/airflow/example_dags/example_subdag_operator.py for tasks to queue
[2025-08-04T03:46:33.876+0000] {logging_mixin.py:188} INFO - [2025-08-04T03:46:33.875+0000] {dagbag.py:545} INFO - Filling up the DagBag from /home/airflow/.local/lib/python3.12/site-packages/airflow/example_dags/example_subdag_operator.py
[2025-08-04T03:46:36.392+0000] {processor.py:840} INFO - DAG(s) 'example_subdag_operator.section-1', 'example_subdag_operator.section-2', 'example_subdag_operator' retrieved from /home/airflow/.local/lib/python3.12/site-packages/airflow/example_dags/example_subdag_operator.py
[2025-08-04T03:46:36.934+0000] {logging_mixin.py:188} INFO - [2025-08-04T03:46:36.918+0000] {dag.py:3096} INFO - Sync 3 DAGs
[2025-08-04T03:46:37.298+0000] {logging_mixin.py:188} INFO - [2025-08-04T03:46:37.297+0000] {dag.py:3954} INFO - Setting next_dagrun for example_subdag_operator to 2022-01-01 00:00:00+00:00, run_after=2022-01-01 00:00:00+00:00
[2025-08-04T03:46:37.392+0000] {logging_mixin.py:188} INFO - [2025-08-04T03:46:37.392+0000] {dag.py:3954} INFO - Setting next_dagrun for example_subdag_operator.section-1 to None, run_after=None
[2025-08-04T03:46:37.422+0000] {logging_mixin.py:188} INFO - [2025-08-04T03:46:37.422+0000] {dag.py:3954} INFO - Setting next_dagrun for example_subdag_operator.section-2 to None, run_after=None
[2025-08-04T03:46:37.553+0000] {logging_mixin.py:188} INFO - [2025-08-04T03:46:37.552+0000] {dag.py:3096} INFO - Sync 2 DAGs
[2025-08-04T03:46:37.666+0000] {logging_mixin.py:188} INFO - [2025-08-04T03:46:37.654+0000] {dag.py:3954} INFO - Setting next_dagrun for example_subdag_operator.section-1 to None, run_after=None
[2025-08-04T03:46:37.669+0000] {logging_mixin.py:188} INFO - [2025-08-04T03:46:37.668+0000] {dag.py:3954} INFO - Setting next_dagrun for example_subdag_operator.section-2 to None, run_after=None
[2025-08-04T03:46:38.066+0000] {processor.py:183} INFO - Processing /home/airflow/.local/lib/python3.12/site-packages/airflow/example_dags/example_subdag_operator.py took 4.401 seconds
[2025-08-04T03:47:20.560+0000] {processor.py:161} INFO - Started process (PID=168) to work on /home/airflow/.local/lib/python3.12/site-packages/airflow/example_dags/example_subdag_operator.py
[2025-08-04T03:47:20.589+0000] {processor.py:830} INFO - Processing file /home/airflow/.local/lib/python3.12/site-packages/airflow/example_dags/example_subdag_operator.py for tasks to queue
[2025-08-04T03:47:20.639+0000] {logging_mixin.py:188} INFO - [2025-08-04T03:47:20.622+0000] {dagbag.py:545} INFO - Filling up the DagBag from /home/airflow/.local/lib/python3.12/site-packages/airflow/example_dags/example_subdag_operator.py
[2025-08-04T03:47:21.123+0000] {processor.py:840} INFO - DAG(s) 'example_subdag_operator.section-1', 'example_subdag_operator.section-2', 'example_subdag_operator' retrieved from /home/airflow/.local/lib/python3.12/site-packages/airflow/example_dags/example_subdag_operator.py
[2025-08-04T03:47:21.549+0000] {logging_mixin.py:188} INFO - [2025-08-04T03:47:21.548+0000] {dag.py:3096} INFO - Sync 3 DAGs
[2025-08-04T03:47:22.234+0000] {logging_mixin.py:188} INFO - [2025-08-04T03:47:22.228+0000] {dag.py:3954} INFO - Setting next_dagrun for example_subdag_operator to 2022-01-01 00:00:00+00:00, run_after=2022-01-01 00:00:00+00:00
[2025-08-04T03:47:22.281+0000] {logging_mixin.py:188} INFO - [2025-08-04T03:47:22.280+0000] {dag.py:3954} INFO - Setting next_dagrun for example_subdag_operator.section-1 to None, run_after=None
[2025-08-04T03:47:22.301+0000] {logging_mixin.py:188} INFO - [2025-08-04T03:47:22.296+0000] {dag.py:3954} INFO - Setting next_dagrun for example_subdag_operator.section-2 to None, run_after=None
[2025-08-04T03:47:22.438+0000] {logging_mixin.py:188} INFO - [2025-08-04T03:47:22.438+0000] {dag.py:3096} INFO - Sync 2 DAGs
[2025-08-04T03:47:22.477+0000] {logging_mixin.py:188} INFO - [2025-08-04T03:47:22.477+0000] {dag.py:3954} INFO - Setting next_dagrun for example_subdag_operator.section-1 to None, run_after=None
[2025-08-04T03:47:22.510+0000] {logging_mixin.py:188} INFO - [2025-08-04T03:47:22.509+0000] {dag.py:3954} INFO - Setting next_dagrun for example_subdag_operator.section-2 to None, run_after=None
[2025-08-04T03:47:22.704+0000] {processor.py:183} INFO - Processing /home/airflow/.local/lib/python3.12/site-packages/airflow/example_dags/example_subdag_operator.py took 2.199 seconds
[2025-08-04T03:47:53.471+0000] {processor.py:161} INFO - Started process (PID=226) to work on /home/airflow/.local/lib/python3.12/site-packages/airflow/example_dags/example_subdag_operator.py
[2025-08-04T03:47:53.480+0000] {processor.py:830} INFO - Processing file /home/airflow/.local/lib/python3.12/site-packages/airflow/example_dags/example_subdag_operator.py for tasks to queue
[2025-08-04T03:47:53.520+0000] {logging_mixin.py:188} INFO - [2025-08-04T03:47:53.520+0000] {dagbag.py:545} INFO - Filling up the DagBag from /home/airflow/.local/lib/python3.12/site-packages/airflow/example_dags/example_subdag_operator.py
[2025-08-04T03:47:53.638+0000] {processor.py:840} INFO - DAG(s) 'example_subdag_operator.section-1', 'example_subdag_operator.section-2', 'example_subdag_operator' retrieved from /home/airflow/.local/lib/python3.12/site-packages/airflow/example_dags/example_subdag_operator.py
[2025-08-04T03:47:53.782+0000] {logging_mixin.py:188} INFO - [2025-08-04T03:47:53.777+0000] {dag.py:3096} INFO - Sync 3 DAGs
[2025-08-04T03:47:53.878+0000] {logging_mixin.py:188} INFO - [2025-08-04T03:47:53.877+0000] {dag.py:3954} INFO - Setting next_dagrun for example_subdag_operator to 2022-01-01 00:00:00+00:00, run_after=2022-01-01 00:00:00+00:00
[2025-08-04T03:47:53.890+0000] {logging_mixin.py:188} INFO - [2025-08-04T03:47:53.890+0000] {dag.py:3954} INFO - Setting next_dagrun for example_subdag_operator.section-1 to None, run_after=None
[2025-08-04T03:47:53.903+0000] {logging_mixin.py:188} INFO - [2025-08-04T03:47:53.903+0000] {dag.py:3954} INFO - Setting next_dagrun for example_subdag_operator.section-2 to None, run_after=None
[2025-08-04T03:47:54.050+0000] {logging_mixin.py:188} INFO - [2025-08-04T03:47:54.049+0000] {dag.py:3096} INFO - Sync 2 DAGs
[2025-08-04T03:47:54.110+0000] {logging_mixin.py:188} INFO - [2025-08-04T03:47:54.110+0000] {dag.py:3954} INFO - Setting next_dagrun for example_subdag_operator.section-1 to None, run_after=None
[2025-08-04T03:47:54.114+0000] {logging_mixin.py:188} INFO - [2025-08-04T03:47:54.114+0000] {dag.py:3954} INFO - Setting next_dagrun for example_subdag_operator.section-2 to None, run_after=None
[2025-08-04T03:47:54.194+0000] {processor.py:183} INFO - Processing /home/airflow/.local/lib/python3.12/site-packages/airflow/example_dags/example_subdag_operator.py took 0.738 seconds
[2025-08-04T03:48:24.457+0000] {processor.py:161} INFO - Started process (PID=282) to work on /home/airflow/.local/lib/python3.12/site-packages/airflow/example_dags/example_subdag_operator.py
[2025-08-04T03:48:24.474+0000] {processor.py:830} INFO - Processing file /home/airflow/.local/lib/python3.12/site-packages/airflow/example_dags/example_subdag_operator.py for tasks to queue
[2025-08-04T03:48:24.491+0000] {logging_mixin.py:188} INFO - [2025-08-04T03:48:24.488+0000] {dagbag.py:545} INFO - Filling up the DagBag from /home/airflow/.local/lib/python3.12/site-packages/airflow/example_dags/example_subdag_operator.py
[2025-08-04T03:48:24.669+0000] {processor.py:840} INFO - DAG(s) 'example_subdag_operator.section-1', 'example_subdag_operator.section-2', 'example_subdag_operator' retrieved from /home/airflow/.local/lib/python3.12/site-packages/airflow/example_dags/example_subdag_operator.py
[2025-08-04T03:48:24.739+0000] {logging_mixin.py:188} INFO - [2025-08-04T03:48:24.737+0000] {dag.py:3096} INFO - Sync 3 DAGs
[2025-08-04T03:48:24.845+0000] {logging_mixin.py:188} INFO - [2025-08-04T03:48:24.844+0000] {dag.py:3954} INFO - Setting next_dagrun for example_subdag_operator to 2022-01-01 00:00:00+00:00, run_after=2022-01-01 00:00:00+00:00
[2025-08-04T03:48:24.855+0000] {logging_mixin.py:188} INFO - [2025-08-04T03:48:24.855+0000] {dag.py:3954} INFO - Setting next_dagrun for example_subdag_operator.section-1 to None, run_after=None
[2025-08-04T03:48:24.863+0000] {logging_mixin.py:188} INFO - [2025-08-04T03:48:24.863+0000] {dag.py:3954} INFO - Setting next_dagrun for example_subdag_operator.section-2 to None, run_after=None
[2025-08-04T03:48:24.891+0000] {logging_mixin.py:188} INFO - [2025-08-04T03:48:24.891+0000] {dag.py:3096} INFO - Sync 2 DAGs
[2025-08-04T03:48:24.951+0000] {logging_mixin.py:188} INFO - [2025-08-04T03:48:24.951+0000] {dag.py:3954} INFO - Setting next_dagrun for example_subdag_operator.section-1 to None, run_after=None
[2025-08-04T03:48:24.952+0000] {logging_mixin.py:188} INFO - [2025-08-04T03:48:24.952+0000] {dag.py:3954} INFO - Setting next_dagrun for example_subdag_operator.section-2 to None, run_after=None
[2025-08-04T03:48:25.064+0000] {processor.py:183} INFO - Processing /home/airflow/.local/lib/python3.12/site-packages/airflow/example_dags/example_subdag_operator.py took 0.640 seconds
[2025-08-04T03:48:55.207+0000] {processor.py:161} INFO - Started process (PID=339) to work on /home/airflow/.local/lib/python3.12/site-packages/airflow/example_dags/example_subdag_operator.py
[2025-08-04T03:48:55.211+0000] {processor.py:830} INFO - Processing file /home/airflow/.local/lib/python3.12/site-packages/airflow/example_dags/example_subdag_operator.py for tasks to queue
[2025-08-04T03:48:55.213+0000] {logging_mixin.py:188} INFO - [2025-08-04T03:48:55.213+0000] {dagbag.py:545} INFO - Filling up the DagBag from /home/airflow/.local/lib/python3.12/site-packages/airflow/example_dags/example_subdag_operator.py
[2025-08-04T03:48:55.243+0000] {processor.py:840} INFO - DAG(s) 'example_subdag_operator.section-1', 'example_subdag_operator.section-2', 'example_subdag_operator' retrieved from /home/airflow/.local/lib/python3.12/site-packages/airflow/example_dags/example_subdag_operator.py
[2025-08-04T03:48:55.268+0000] {logging_mixin.py:188} INFO - [2025-08-04T03:48:55.267+0000] {dag.py:3096} INFO - Sync 3 DAGs
[2025-08-04T03:48:55.474+0000] {logging_mixin.py:188} INFO - [2025-08-04T03:48:55.464+0000] {dag.py:3954} INFO - Setting next_dagrun for example_subdag_operator to 2022-01-01 00:00:00+00:00, run_after=2022-01-01 00:00:00+00:00
[2025-08-04T03:48:55.629+0000] {logging_mixin.py:188} INFO - [2025-08-04T03:48:55.536+0000] {dag.py:3954} INFO - Setting next_dagrun for example_subdag_operator.section-1 to None, run_after=None
[2025-08-04T03:48:55.989+0000] {logging_mixin.py:188} INFO - [2025-08-04T03:48:55.985+0000] {dag.py:3954} INFO - Setting next_dagrun for example_subdag_operator.section-2 to None, run_after=None
[2025-08-04T03:48:56.848+0000] {logging_mixin.py:188} INFO - [2025-08-04T03:48:56.843+0000] {dag.py:3096} INFO - Sync 2 DAGs
[2025-08-04T03:48:56.872+0000] {logging_mixin.py:188} INFO - [2025-08-04T03:48:56.871+0000] {dag.py:3954} INFO - Setting next_dagrun for example_subdag_operator.section-1 to None, run_after=None
[2025-08-04T03:48:56.874+0000] {logging_mixin.py:188} INFO - [2025-08-04T03:48:56.874+0000] {dag.py:3954} INFO - Setting next_dagrun for example_subdag_operator.section-2 to None, run_after=None
[2025-08-04T03:48:56.924+0000] {processor.py:183} INFO - Processing /home/airflow/.local/lib/python3.12/site-packages/airflow/example_dags/example_subdag_operator.py took 1.725 seconds
[2025-08-04T03:50:03.427+0000] {processor.py:161} INFO - Started process (PID=370) to work on /home/airflow/.local/lib/python3.12/site-packages/airflow/example_dags/example_subdag_operator.py
[2025-08-04T03:50:03.471+0000] {processor.py:830} INFO - Processing file /home/airflow/.local/lib/python3.12/site-packages/airflow/example_dags/example_subdag_operator.py for tasks to queue
[2025-08-04T03:50:03.559+0000] {logging_mixin.py:188} INFO - [2025-08-04T03:50:03.543+0000] {dagbag.py:545} INFO - Filling up the DagBag from /home/airflow/.local/lib/python3.12/site-packages/airflow/example_dags/example_subdag_operator.py
[2025-08-04T03:50:05.116+0000] {processor.py:840} INFO - DAG(s) 'example_subdag_operator.section-1', 'example_subdag_operator.section-2', 'example_subdag_operator' retrieved from /home/airflow/.local/lib/python3.12/site-packages/airflow/example_dags/example_subdag_operator.py
[2025-08-04T03:50:05.679+0000] {logging_mixin.py:188} INFO - [2025-08-04T03:50:05.675+0000] {dag.py:3096} INFO - Sync 3 DAGs
[2025-08-04T03:50:06.733+0000] {logging_mixin.py:188} INFO - [2025-08-04T03:50:06.602+0000] {dag.py:3954} INFO - Setting next_dagrun for example_subdag_operator to 2022-01-01 00:00:00+00:00, run_after=2022-01-01 00:00:00+00:00
[2025-08-04T03:50:07.214+0000] {logging_mixin.py:188} INFO - [2025-08-04T03:50:07.213+0000] {dag.py:3954} INFO - Setting next_dagrun for example_subdag_operator.section-1 to None, run_after=None
[2025-08-04T03:50:07.290+0000] {logging_mixin.py:188} INFO - [2025-08-04T03:50:07.288+0000] {dag.py:3954} INFO - Setting next_dagrun for example_subdag_operator.section-2 to None, run_after=None
[2025-08-04T03:50:10.202+0000] {logging_mixin.py:188} INFO - [2025-08-04T03:50:09.202+0000] {dag.py:3096} INFO - Sync 2 DAGs
[2025-08-04T03:50:11.155+0000] {logging_mixin.py:188} INFO - [2025-08-04T03:50:11.096+0000] {dag.py:3954} INFO - Setting next_dagrun for example_subdag_operator.section-1 to None, run_after=None
[2025-08-04T03:50:11.199+0000] {logging_mixin.py:188} INFO - [2025-08-04T03:50:11.196+0000] {dag.py:3954} INFO - Setting next_dagrun for example_subdag_operator.section-2 to None, run_after=None
[2025-08-04T03:50:12.624+0000] {processor.py:183} INFO - Processing /home/airflow/.local/lib/python3.12/site-packages/airflow/example_dags/example_subdag_operator.py took 10.512 seconds
[2025-08-04T15:16:39.953+0000] {processor.py:161} INFO - Started process (PID=68) to work on /home/airflow/.local/lib/python3.12/site-packages/airflow/example_dags/example_subdag_operator.py
[2025-08-04T15:16:39.966+0000] {processor.py:830} INFO - Processing file /home/airflow/.local/lib/python3.12/site-packages/airflow/example_dags/example_subdag_operator.py for tasks to queue
[2025-08-04T15:16:39.984+0000] {logging_mixin.py:188} INFO - [2025-08-04T15:16:39.983+0000] {dagbag.py:545} INFO - Filling up the DagBag from /home/airflow/.local/lib/python3.12/site-packages/airflow/example_dags/example_subdag_operator.py
[2025-08-04T15:16:40.108+0000] {processor.py:840} INFO - DAG(s) 'example_subdag_operator.section-1', 'example_subdag_operator.section-2', 'example_subdag_operator' retrieved from /home/airflow/.local/lib/python3.12/site-packages/airflow/example_dags/example_subdag_operator.py
[2025-08-04T15:16:40.386+0000] {logging_mixin.py:188} INFO - [2025-08-04T15:16:40.383+0000] {dag.py:3096} INFO - Sync 3 DAGs
[2025-08-04T15:16:40.518+0000] {logging_mixin.py:188} INFO - [2025-08-04T15:16:40.512+0000] {dag.py:3954} INFO - Setting next_dagrun for example_subdag_operator to 2022-01-01 00:00:00+00:00, run_after=2022-01-01 00:00:00+00:00
[2025-08-04T15:16:40.537+0000] {logging_mixin.py:188} INFO - [2025-08-04T15:16:40.536+0000] {dag.py:3954} INFO - Setting next_dagrun for example_subdag_operator.section-1 to None, run_after=None
[2025-08-04T15:16:40.543+0000] {logging_mixin.py:188} INFO - [2025-08-04T15:16:40.543+0000] {dag.py:3954} INFO - Setting next_dagrun for example_subdag_operator.section-2 to None, run_after=None
[2025-08-04T15:16:40.583+0000] {logging_mixin.py:188} INFO - [2025-08-04T15:16:40.582+0000] {dag.py:3096} INFO - Sync 2 DAGs
[2025-08-04T15:16:40.640+0000] {logging_mixin.py:188} INFO - [2025-08-04T15:16:40.640+0000] {dag.py:3954} INFO - Setting next_dagrun for example_subdag_operator.section-1 to None, run_after=None
[2025-08-04T15:16:40.641+0000] {logging_mixin.py:188} INFO - [2025-08-04T15:16:40.641+0000] {dag.py:3954} INFO - Setting next_dagrun for example_subdag_operator.section-2 to None, run_after=None
[2025-08-04T15:16:40.716+0000] {processor.py:183} INFO - Processing /home/airflow/.local/lib/python3.12/site-packages/airflow/example_dags/example_subdag_operator.py took 0.778 seconds
[2025-08-04T15:17:11.431+0000] {processor.py:161} INFO - Started process (PID=126) to work on /home/airflow/.local/lib/python3.12/site-packages/airflow/example_dags/example_subdag_operator.py
[2025-08-04T15:17:11.434+0000] {processor.py:830} INFO - Processing file /home/airflow/.local/lib/python3.12/site-packages/airflow/example_dags/example_subdag_operator.py for tasks to queue
[2025-08-04T15:17:11.438+0000] {logging_mixin.py:188} INFO - [2025-08-04T15:17:11.438+0000] {dagbag.py:545} INFO - Filling up the DagBag from /home/airflow/.local/lib/python3.12/site-packages/airflow/example_dags/example_subdag_operator.py
[2025-08-04T15:17:11.490+0000] {processor.py:840} INFO - DAG(s) 'example_subdag_operator.section-1', 'example_subdag_operator.section-2', 'example_subdag_operator' retrieved from /home/airflow/.local/lib/python3.12/site-packages/airflow/example_dags/example_subdag_operator.py
[2025-08-04T15:17:11.516+0000] {logging_mixin.py:188} INFO - [2025-08-04T15:17:11.516+0000] {dag.py:3096} INFO - Sync 3 DAGs
[2025-08-04T15:17:11.545+0000] {logging_mixin.py:188} INFO - [2025-08-04T15:17:11.544+0000] {dag.py:3954} INFO - Setting next_dagrun for example_subdag_operator to 2022-01-01 00:00:00+00:00, run_after=2022-01-01 00:00:00+00:00
[2025-08-04T15:17:11.550+0000] {logging_mixin.py:188} INFO - [2025-08-04T15:17:11.550+0000] {dag.py:3954} INFO - Setting next_dagrun for example_subdag_operator.section-1 to None, run_after=None
[2025-08-04T15:17:11.552+0000] {logging_mixin.py:188} INFO - [2025-08-04T15:17:11.552+0000] {dag.py:3954} INFO - Setting next_dagrun for example_subdag_operator.section-2 to None, run_after=None
[2025-08-04T15:17:11.561+0000] {logging_mixin.py:188} INFO - [2025-08-04T15:17:11.561+0000] {dag.py:3096} INFO - Sync 2 DAGs
[2025-08-04T15:17:11.567+0000] {logging_mixin.py:188} INFO - [2025-08-04T15:17:11.567+0000] {dag.py:3954} INFO - Setting next_dagrun for example_subdag_operator.section-1 to None, run_after=None
[2025-08-04T15:17:11.568+0000] {logging_mixin.py:188} INFO - [2025-08-04T15:17:11.568+0000] {dag.py:3954} INFO - Setting next_dagrun for example_subdag_operator.section-2 to None, run_after=None
[2025-08-04T15:17:11.582+0000] {processor.py:183} INFO - Processing /home/airflow/.local/lib/python3.12/site-packages/airflow/example_dags/example_subdag_operator.py took 0.161 seconds
[2025-08-04T15:17:41.780+0000] {processor.py:161} INFO - Started process (PID=184) to work on /home/airflow/.local/lib/python3.12/site-packages/airflow/example_dags/example_subdag_operator.py
[2025-08-04T15:17:41.781+0000] {processor.py:830} INFO - Processing file /home/airflow/.local/lib/python3.12/site-packages/airflow/example_dags/example_subdag_operator.py for tasks to queue
[2025-08-04T15:17:41.783+0000] {logging_mixin.py:188} INFO - [2025-08-04T15:17:41.783+0000] {dagbag.py:545} INFO - Filling up the DagBag from /home/airflow/.local/lib/python3.12/site-packages/airflow/example_dags/example_subdag_operator.py
[2025-08-04T15:17:41.796+0000] {processor.py:840} INFO - DAG(s) 'example_subdag_operator.section-1', 'example_subdag_operator.section-2', 'example_subdag_operator' retrieved from /home/airflow/.local/lib/python3.12/site-packages/airflow/example_dags/example_subdag_operator.py
[2025-08-04T15:17:41.803+0000] {logging_mixin.py:188} INFO - [2025-08-04T15:17:41.803+0000] {dag.py:3096} INFO - Sync 3 DAGs
[2025-08-04T15:17:41.812+0000] {logging_mixin.py:188} INFO - [2025-08-04T15:17:41.812+0000] {dag.py:3954} INFO - Setting next_dagrun for example_subdag_operator to 2022-01-01 00:00:00+00:00, run_after=2022-01-01 00:00:00+00:00
[2025-08-04T15:17:41.814+0000] {logging_mixin.py:188} INFO - [2025-08-04T15:17:41.814+0000] {dag.py:3954} INFO - Setting next_dagrun for example_subdag_operator.section-1 to None, run_after=None
[2025-08-04T15:17:41.814+0000] {logging_mixin.py:188} INFO - [2025-08-04T15:17:41.814+0000] {dag.py:3954} INFO - Setting next_dagrun for example_subdag_operator.section-2 to None, run_after=None
[2025-08-04T15:17:41.817+0000] {logging_mixin.py:188} INFO - [2025-08-04T15:17:41.817+0000] {dag.py:3096} INFO - Sync 2 DAGs
[2025-08-04T15:17:41.819+0000] {logging_mixin.py:188} INFO - [2025-08-04T15:17:41.819+0000] {dag.py:3954} INFO - Setting next_dagrun for example_subdag_operator.section-1 to None, run_after=None
[2025-08-04T15:17:41.820+0000] {logging_mixin.py:188} INFO - [2025-08-04T15:17:41.819+0000] {dag.py:3954} INFO - Setting next_dagrun for example_subdag_operator.section-2 to None, run_after=None
[2025-08-04T15:17:41.823+0000] {processor.py:183} INFO - Processing /home/airflow/.local/lib/python3.12/site-packages/airflow/example_dags/example_subdag_operator.py took 0.047 seconds
[2025-08-04T15:18:12.262+0000] {processor.py:161} INFO - Started process (PID=242) to work on /home/airflow/.local/lib/python3.12/site-packages/airflow/example_dags/example_subdag_operator.py
[2025-08-04T15:18:12.264+0000] {processor.py:830} INFO - Processing file /home/airflow/.local/lib/python3.12/site-packages/airflow/example_dags/example_subdag_operator.py for tasks to queue
[2025-08-04T15:18:12.274+0000] {logging_mixin.py:188} INFO - [2025-08-04T15:18:12.273+0000] {dagbag.py:545} INFO - Filling up the DagBag from /home/airflow/.local/lib/python3.12/site-packages/airflow/example_dags/example_subdag_operator.py
[2025-08-04T15:18:12.313+0000] {processor.py:840} INFO - DAG(s) 'example_subdag_operator.section-1', 'example_subdag_operator.section-2', 'example_subdag_operator' retrieved from /home/airflow/.local/lib/python3.12/site-packages/airflow/example_dags/example_subdag_operator.py
[2025-08-04T15:18:12.324+0000] {logging_mixin.py:188} INFO - [2025-08-04T15:18:12.324+0000] {dag.py:3096} INFO - Sync 3 DAGs
[2025-08-04T15:18:12.350+0000] {logging_mixin.py:188} INFO - [2025-08-04T15:18:12.349+0000] {dag.py:3954} INFO - Setting next_dagrun for example_subdag_operator to 2022-01-01 00:00:00+00:00, run_after=2022-01-01 00:00:00+00:00
[2025-08-04T15:18:12.354+0000] {logging_mixin.py:188} INFO - [2025-08-04T15:18:12.354+0000] {dag.py:3954} INFO - Setting next_dagrun for example_subdag_operator.section-1 to None, run_after=None
[2025-08-04T15:18:12.354+0000] {logging_mixin.py:188} INFO - [2025-08-04T15:18:12.354+0000] {dag.py:3954} INFO - Setting next_dagrun for example_subdag_operator.section-2 to None, run_after=None
[2025-08-04T15:18:12.362+0000] {logging_mixin.py:188} INFO - [2025-08-04T15:18:12.362+0000] {dag.py:3096} INFO - Sync 2 DAGs
[2025-08-04T15:18:12.365+0000] {logging_mixin.py:188} INFO - [2025-08-04T15:18:12.365+0000] {dag.py:3954} INFO - Setting next_dagrun for example_subdag_operator.section-1 to None, run_after=None
[2025-08-04T15:18:12.366+0000] {logging_mixin.py:188} INFO - [2025-08-04T15:18:12.366+0000] {dag.py:3954} INFO - Setting next_dagrun for example_subdag_operator.section-2 to None, run_after=None
[2025-08-04T15:18:12.378+0000] {processor.py:183} INFO - Processing /home/airflow/.local/lib/python3.12/site-packages/airflow/example_dags/example_subdag_operator.py took 0.125 seconds
[2025-08-04T15:18:42.660+0000] {processor.py:161} INFO - Started process (PID=300) to work on /home/airflow/.local/lib/python3.12/site-packages/airflow/example_dags/example_subdag_operator.py
[2025-08-04T15:18:42.663+0000] {processor.py:830} INFO - Processing file /home/airflow/.local/lib/python3.12/site-packages/airflow/example_dags/example_subdag_operator.py for tasks to queue
[2025-08-04T15:18:42.667+0000] {logging_mixin.py:188} INFO - [2025-08-04T15:18:42.666+0000] {dagbag.py:545} INFO - Filling up the DagBag from /home/airflow/.local/lib/python3.12/site-packages/airflow/example_dags/example_subdag_operator.py
[2025-08-04T15:18:42.741+0000] {processor.py:840} INFO - DAG(s) 'example_subdag_operator.section-1', 'example_subdag_operator.section-2', 'example_subdag_operator' retrieved from /home/airflow/.local/lib/python3.12/site-packages/airflow/example_dags/example_subdag_operator.py
[2025-08-04T15:18:42.770+0000] {logging_mixin.py:188} INFO - [2025-08-04T15:18:42.769+0000] {dag.py:3096} INFO - Sync 3 DAGs
[2025-08-04T15:18:42.814+0000] {logging_mixin.py:188} INFO - [2025-08-04T15:18:42.814+0000] {dag.py:3954} INFO - Setting next_dagrun for example_subdag_operator to 2022-01-01 00:00:00+00:00, run_after=2022-01-01 00:00:00+00:00
[2025-08-04T15:18:42.818+0000] {logging_mixin.py:188} INFO - [2025-08-04T15:18:42.818+0000] {dag.py:3954} INFO - Setting next_dagrun for example_subdag_operator.section-1 to None, run_after=None
[2025-08-04T15:18:42.821+0000] {logging_mixin.py:188} INFO - [2025-08-04T15:18:42.820+0000] {dag.py:3954} INFO - Setting next_dagrun for example_subdag_operator.section-2 to None, run_after=None
[2025-08-04T15:18:42.826+0000] {logging_mixin.py:188} INFO - [2025-08-04T15:18:42.826+0000] {dag.py:3096} INFO - Sync 2 DAGs
[2025-08-04T15:18:42.839+0000] {logging_mixin.py:188} INFO - [2025-08-04T15:18:42.838+0000] {dag.py:3954} INFO - Setting next_dagrun for example_subdag_operator.section-1 to None, run_after=None
[2025-08-04T15:18:42.840+0000] {logging_mixin.py:188} INFO - [2025-08-04T15:18:42.840+0000] {dag.py:3954} INFO - Setting next_dagrun for example_subdag_operator.section-2 to None, run_after=None
[2025-08-04T15:18:42.886+0000] {processor.py:183} INFO - Processing /home/airflow/.local/lib/python3.12/site-packages/airflow/example_dags/example_subdag_operator.py took 0.240 seconds
[2025-08-04T15:19:13.656+0000] {processor.py:161} INFO - Started process (PID=358) to work on /home/airflow/.local/lib/python3.12/site-packages/airflow/example_dags/example_subdag_operator.py
[2025-08-04T15:19:13.657+0000] {processor.py:830} INFO - Processing file /home/airflow/.local/lib/python3.12/site-packages/airflow/example_dags/example_subdag_operator.py for tasks to queue
[2025-08-04T15:19:13.662+0000] {logging_mixin.py:188} INFO - [2025-08-04T15:19:13.660+0000] {dagbag.py:545} INFO - Filling up the DagBag from /home/airflow/.local/lib/python3.12/site-packages/airflow/example_dags/example_subdag_operator.py
[2025-08-04T15:19:13.692+0000] {processor.py:840} INFO - DAG(s) 'example_subdag_operator.section-1', 'example_subdag_operator.section-2', 'example_subdag_operator' retrieved from /home/airflow/.local/lib/python3.12/site-packages/airflow/example_dags/example_subdag_operator.py
[2025-08-04T15:19:13.707+0000] {logging_mixin.py:188} INFO - [2025-08-04T15:19:13.706+0000] {dag.py:3096} INFO - Sync 3 DAGs
[2025-08-04T15:19:13.738+0000] {logging_mixin.py:188} INFO - [2025-08-04T15:19:13.738+0000] {dag.py:3954} INFO - Setting next_dagrun for example_subdag_operator to 2022-01-01 00:00:00+00:00, run_after=2022-01-01 00:00:00+00:00
[2025-08-04T15:19:13.743+0000] {logging_mixin.py:188} INFO - [2025-08-04T15:19:13.743+0000] {dag.py:3954} INFO - Setting next_dagrun for example_subdag_operator.section-1 to None, run_after=None
[2025-08-04T15:19:13.745+0000] {logging_mixin.py:188} INFO - [2025-08-04T15:19:13.745+0000] {dag.py:3954} INFO - Setting next_dagrun for example_subdag_operator.section-2 to None, run_after=None
[2025-08-04T15:19:13.757+0000] {logging_mixin.py:188} INFO - [2025-08-04T15:19:13.757+0000] {dag.py:3096} INFO - Sync 2 DAGs
[2025-08-04T15:19:13.763+0000] {logging_mixin.py:188} INFO - [2025-08-04T15:19:13.762+0000] {dag.py:3954} INFO - Setting next_dagrun for example_subdag_operator.section-1 to None, run_after=None
[2025-08-04T15:19:13.764+0000] {logging_mixin.py:188} INFO - [2025-08-04T15:19:13.764+0000] {dag.py:3954} INFO - Setting next_dagrun for example_subdag_operator.section-2 to None, run_after=None
[2025-08-04T15:19:13.778+0000] {processor.py:183} INFO - Processing /home/airflow/.local/lib/python3.12/site-packages/airflow/example_dags/example_subdag_operator.py took 0.130 seconds
[2025-08-04T15:27:06.329+0000] {processor.py:161} INFO - Started process (PID=67) to work on /home/airflow/.local/lib/python3.12/site-packages/airflow/example_dags/example_subdag_operator.py
[2025-08-04T15:27:06.339+0000] {processor.py:830} INFO - Processing file /home/airflow/.local/lib/python3.12/site-packages/airflow/example_dags/example_subdag_operator.py for tasks to queue
[2025-08-04T15:27:06.343+0000] {logging_mixin.py:188} INFO - [2025-08-04T15:27:06.343+0000] {dagbag.py:545} INFO - Filling up the DagBag from /home/airflow/.local/lib/python3.12/site-packages/airflow/example_dags/example_subdag_operator.py
[2025-08-04T15:27:06.376+0000] {processor.py:840} INFO - DAG(s) 'example_subdag_operator.section-1', 'example_subdag_operator.section-2', 'example_subdag_operator' retrieved from /home/airflow/.local/lib/python3.12/site-packages/airflow/example_dags/example_subdag_operator.py
[2025-08-04T15:27:06.408+0000] {logging_mixin.py:188} INFO - [2025-08-04T15:27:06.407+0000] {dag.py:3096} INFO - Sync 3 DAGs
[2025-08-04T15:27:06.454+0000] {logging_mixin.py:188} INFO - [2025-08-04T15:27:06.453+0000] {dag.py:3954} INFO - Setting next_dagrun for example_subdag_operator to 2022-01-01 00:00:00+00:00, run_after=2022-01-01 00:00:00+00:00
[2025-08-04T15:27:06.479+0000] {logging_mixin.py:188} INFO - [2025-08-04T15:27:06.478+0000] {dag.py:3954} INFO - Setting next_dagrun for example_subdag_operator.section-1 to None, run_after=None
[2025-08-04T15:27:06.484+0000] {logging_mixin.py:188} INFO - [2025-08-04T15:27:06.484+0000] {dag.py:3954} INFO - Setting next_dagrun for example_subdag_operator.section-2 to None, run_after=None
[2025-08-04T15:27:06.523+0000] {logging_mixin.py:188} INFO - [2025-08-04T15:27:06.523+0000] {dag.py:3096} INFO - Sync 2 DAGs
[2025-08-04T15:27:06.562+0000] {logging_mixin.py:188} INFO - [2025-08-04T15:27:06.561+0000] {dag.py:3954} INFO - Setting next_dagrun for example_subdag_operator.section-1 to None, run_after=None
[2025-08-04T15:27:06.566+0000] {logging_mixin.py:188} INFO - [2025-08-04T15:27:06.566+0000] {dag.py:3954} INFO - Setting next_dagrun for example_subdag_operator.section-2 to None, run_after=None
[2025-08-04T15:27:06.614+0000] {processor.py:183} INFO - Processing /home/airflow/.local/lib/python3.12/site-packages/airflow/example_dags/example_subdag_operator.py took 0.297 seconds
[2025-08-04T15:27:36.961+0000] {processor.py:161} INFO - Started process (PID=125) to work on /home/airflow/.local/lib/python3.12/site-packages/airflow/example_dags/example_subdag_operator.py
[2025-08-04T15:27:36.962+0000] {processor.py:830} INFO - Processing file /home/airflow/.local/lib/python3.12/site-packages/airflow/example_dags/example_subdag_operator.py for tasks to queue
[2025-08-04T15:27:36.963+0000] {logging_mixin.py:188} INFO - [2025-08-04T15:27:36.963+0000] {dagbag.py:545} INFO - Filling up the DagBag from /home/airflow/.local/lib/python3.12/site-packages/airflow/example_dags/example_subdag_operator.py
[2025-08-04T15:27:36.973+0000] {processor.py:840} INFO - DAG(s) 'example_subdag_operator.section-1', 'example_subdag_operator.section-2', 'example_subdag_operator' retrieved from /home/airflow/.local/lib/python3.12/site-packages/airflow/example_dags/example_subdag_operator.py
[2025-08-04T15:27:36.981+0000] {logging_mixin.py:188} INFO - [2025-08-04T15:27:36.981+0000] {dag.py:3096} INFO - Sync 3 DAGs
[2025-08-04T15:27:36.992+0000] {logging_mixin.py:188} INFO - [2025-08-04T15:27:36.992+0000] {dag.py:3954} INFO - Setting next_dagrun for example_subdag_operator to 2022-01-01 00:00:00+00:00, run_after=2022-01-01 00:00:00+00:00
[2025-08-04T15:27:36.995+0000] {logging_mixin.py:188} INFO - [2025-08-04T15:27:36.995+0000] {dag.py:3954} INFO - Setting next_dagrun for example_subdag_operator.section-1 to None, run_after=None
[2025-08-04T15:27:36.996+0000] {logging_mixin.py:188} INFO - [2025-08-04T15:27:36.996+0000] {dag.py:3954} INFO - Setting next_dagrun for example_subdag_operator.section-2 to None, run_after=None
[2025-08-04T15:27:37.000+0000] {logging_mixin.py:188} INFO - [2025-08-04T15:27:37.000+0000] {dag.py:3096} INFO - Sync 2 DAGs
[2025-08-04T15:27:37.003+0000] {logging_mixin.py:188} INFO - [2025-08-04T15:27:37.002+0000] {dag.py:3954} INFO - Setting next_dagrun for example_subdag_operator.section-1 to None, run_after=None
[2025-08-04T15:27:37.003+0000] {logging_mixin.py:188} INFO - [2025-08-04T15:27:37.003+0000] {dag.py:3954} INFO - Setting next_dagrun for example_subdag_operator.section-2 to None, run_after=None
[2025-08-04T15:27:37.007+0000] {processor.py:183} INFO - Processing /home/airflow/.local/lib/python3.12/site-packages/airflow/example_dags/example_subdag_operator.py took 0.050 seconds
[2025-08-04T15:28:07.189+0000] {processor.py:161} INFO - Started process (PID=183) to work on /home/airflow/.local/lib/python3.12/site-packages/airflow/example_dags/example_subdag_operator.py
[2025-08-04T15:28:07.189+0000] {processor.py:830} INFO - Processing file /home/airflow/.local/lib/python3.12/site-packages/airflow/example_dags/example_subdag_operator.py for tasks to queue
[2025-08-04T15:28:07.190+0000] {logging_mixin.py:188} INFO - [2025-08-04T15:28:07.190+0000] {dagbag.py:545} INFO - Filling up the DagBag from /home/airflow/.local/lib/python3.12/site-packages/airflow/example_dags/example_subdag_operator.py
[2025-08-04T15:28:07.200+0000] {processor.py:840} INFO - DAG(s) 'example_subdag_operator.section-1', 'example_subdag_operator.section-2', 'example_subdag_operator' retrieved from /home/airflow/.local/lib/python3.12/site-packages/airflow/example_dags/example_subdag_operator.py
[2025-08-04T15:28:07.206+0000] {logging_mixin.py:188} INFO - [2025-08-04T15:28:07.206+0000] {dag.py:3096} INFO - Sync 3 DAGs
[2025-08-04T15:28:07.215+0000] {logging_mixin.py:188} INFO - [2025-08-04T15:28:07.214+0000] {dag.py:3954} INFO - Setting next_dagrun for example_subdag_operator to 2022-01-01 00:00:00+00:00, run_after=2022-01-01 00:00:00+00:00
[2025-08-04T15:28:07.216+0000] {logging_mixin.py:188} INFO - [2025-08-04T15:28:07.216+0000] {dag.py:3954} INFO - Setting next_dagrun for example_subdag_operator.section-1 to None, run_after=None
[2025-08-04T15:28:07.216+0000] {logging_mixin.py:188} INFO - [2025-08-04T15:28:07.216+0000] {dag.py:3954} INFO - Setting next_dagrun for example_subdag_operator.section-2 to None, run_after=None
[2025-08-04T15:28:07.219+0000] {logging_mixin.py:188} INFO - [2025-08-04T15:28:07.219+0000] {dag.py:3096} INFO - Sync 2 DAGs
[2025-08-04T15:28:07.221+0000] {logging_mixin.py:188} INFO - [2025-08-04T15:28:07.221+0000] {dag.py:3954} INFO - Setting next_dagrun for example_subdag_operator.section-1 to None, run_after=None
[2025-08-04T15:28:07.221+0000] {logging_mixin.py:188} INFO - [2025-08-04T15:28:07.221+0000] {dag.py:3954} INFO - Setting next_dagrun for example_subdag_operator.section-2 to None, run_after=None
[2025-08-04T15:28:07.224+0000] {processor.py:183} INFO - Processing /home/airflow/.local/lib/python3.12/site-packages/airflow/example_dags/example_subdag_operator.py took 0.038 seconds
[2025-08-04T15:28:37.564+0000] {processor.py:161} INFO - Started process (PID=241) to work on /home/airflow/.local/lib/python3.12/site-packages/airflow/example_dags/example_subdag_operator.py
[2025-08-04T15:28:37.565+0000] {processor.py:830} INFO - Processing file /home/airflow/.local/lib/python3.12/site-packages/airflow/example_dags/example_subdag_operator.py for tasks to queue
[2025-08-04T15:28:37.566+0000] {logging_mixin.py:188} INFO - [2025-08-04T15:28:37.566+0000] {dagbag.py:545} INFO - Filling up the DagBag from /home/airflow/.local/lib/python3.12/site-packages/airflow/example_dags/example_subdag_operator.py
[2025-08-04T15:28:37.576+0000] {processor.py:840} INFO - DAG(s) 'example_subdag_operator.section-1', 'example_subdag_operator.section-2', 'example_subdag_operator' retrieved from /home/airflow/.local/lib/python3.12/site-packages/airflow/example_dags/example_subdag_operator.py
[2025-08-04T15:28:37.581+0000] {logging_mixin.py:188} INFO - [2025-08-04T15:28:37.581+0000] {dag.py:3096} INFO - Sync 3 DAGs
[2025-08-04T15:28:37.589+0000] {logging_mixin.py:188} INFO - [2025-08-04T15:28:37.589+0000] {dag.py:3954} INFO - Setting next_dagrun for example_subdag_operator to 2022-01-01 00:00:00+00:00, run_after=2022-01-01 00:00:00+00:00
[2025-08-04T15:28:37.591+0000] {logging_mixin.py:188} INFO - [2025-08-04T15:28:37.591+0000] {dag.py:3954} INFO - Setting next_dagrun for example_subdag_operator.section-1 to None, run_after=None
[2025-08-04T15:28:37.591+0000] {logging_mixin.py:188} INFO - [2025-08-04T15:28:37.591+0000] {dag.py:3954} INFO - Setting next_dagrun for example_subdag_operator.section-2 to None, run_after=None
[2025-08-04T15:28:37.594+0000] {logging_mixin.py:188} INFO - [2025-08-04T15:28:37.594+0000] {dag.py:3096} INFO - Sync 2 DAGs
[2025-08-04T15:28:37.596+0000] {logging_mixin.py:188} INFO - [2025-08-04T15:28:37.596+0000] {dag.py:3954} INFO - Setting next_dagrun for example_subdag_operator.section-1 to None, run_after=None
[2025-08-04T15:28:37.596+0000] {logging_mixin.py:188} INFO - [2025-08-04T15:28:37.596+0000] {dag.py:3954} INFO - Setting next_dagrun for example_subdag_operator.section-2 to None, run_after=None
[2025-08-04T15:28:37.600+0000] {processor.py:183} INFO - Processing /home/airflow/.local/lib/python3.12/site-packages/airflow/example_dags/example_subdag_operator.py took 0.038 seconds
[2025-08-04T15:29:07.998+0000] {processor.py:161} INFO - Started process (PID=299) to work on /home/airflow/.local/lib/python3.12/site-packages/airflow/example_dags/example_subdag_operator.py
[2025-08-04T15:29:07.999+0000] {processor.py:830} INFO - Processing file /home/airflow/.local/lib/python3.12/site-packages/airflow/example_dags/example_subdag_operator.py for tasks to queue
[2025-08-04T15:29:08.002+0000] {logging_mixin.py:188} INFO - [2025-08-04T15:29:08.002+0000] {dagbag.py:545} INFO - Filling up the DagBag from /home/airflow/.local/lib/python3.12/site-packages/airflow/example_dags/example_subdag_operator.py
[2025-08-04T15:29:08.020+0000] {processor.py:840} INFO - DAG(s) 'example_subdag_operator.section-1', 'example_subdag_operator.section-2', 'example_subdag_operator' retrieved from /home/airflow/.local/lib/python3.12/site-packages/airflow/example_dags/example_subdag_operator.py
[2025-08-04T15:29:08.032+0000] {logging_mixin.py:188} INFO - [2025-08-04T15:29:08.032+0000] {dag.py:3096} INFO - Sync 3 DAGs
[2025-08-04T15:29:08.046+0000] {logging_mixin.py:188} INFO - [2025-08-04T15:29:08.046+0000] {dag.py:3954} INFO - Setting next_dagrun for example_subdag_operator to 2022-01-01 00:00:00+00:00, run_after=2022-01-01 00:00:00+00:00
[2025-08-04T15:29:08.050+0000] {logging_mixin.py:188} INFO - [2025-08-04T15:29:08.049+0000] {dag.py:3954} INFO - Setting next_dagrun for example_subdag_operator.section-1 to None, run_after=None
[2025-08-04T15:29:08.052+0000] {logging_mixin.py:188} INFO - [2025-08-04T15:29:08.052+0000] {dag.py:3954} INFO - Setting next_dagrun for example_subdag_operator.section-2 to None, run_after=None
[2025-08-04T15:29:08.058+0000] {logging_mixin.py:188} INFO - [2025-08-04T15:29:08.057+0000] {dag.py:3096} INFO - Sync 2 DAGs
[2025-08-04T15:29:08.062+0000] {logging_mixin.py:188} INFO - [2025-08-04T15:29:08.062+0000] {dag.py:3954} INFO - Setting next_dagrun for example_subdag_operator.section-1 to None, run_after=None
[2025-08-04T15:29:08.062+0000] {logging_mixin.py:188} INFO - [2025-08-04T15:29:08.062+0000] {dag.py:3954} INFO - Setting next_dagrun for example_subdag_operator.section-2 to None, run_after=None
[2025-08-04T15:29:08.070+0000] {processor.py:183} INFO - Processing /home/airflow/.local/lib/python3.12/site-packages/airflow/example_dags/example_subdag_operator.py took 0.075 seconds
[2025-08-04T15:29:38.343+0000] {processor.py:161} INFO - Started process (PID=357) to work on /home/airflow/.local/lib/python3.12/site-packages/airflow/example_dags/example_subdag_operator.py
[2025-08-04T15:29:38.347+0000] {processor.py:830} INFO - Processing file /home/airflow/.local/lib/python3.12/site-packages/airflow/example_dags/example_subdag_operator.py for tasks to queue
[2025-08-04T15:29:38.350+0000] {logging_mixin.py:188} INFO - [2025-08-04T15:29:38.350+0000] {dagbag.py:545} INFO - Filling up the DagBag from /home/airflow/.local/lib/python3.12/site-packages/airflow/example_dags/example_subdag_operator.py
[2025-08-04T15:29:38.379+0000] {processor.py:840} INFO - DAG(s) 'example_subdag_operator.section-1', 'example_subdag_operator.section-2', 'example_subdag_operator' retrieved from /home/airflow/.local/lib/python3.12/site-packages/airflow/example_dags/example_subdag_operator.py
[2025-08-04T15:29:38.392+0000] {logging_mixin.py:188} INFO - [2025-08-04T15:29:38.391+0000] {dag.py:3096} INFO - Sync 3 DAGs
[2025-08-04T15:29:38.417+0000] {logging_mixin.py:188} INFO - [2025-08-04T15:29:38.417+0000] {dag.py:3954} INFO - Setting next_dagrun for example_subdag_operator to 2022-01-01 00:00:00+00:00, run_after=2022-01-01 00:00:00+00:00
[2025-08-04T15:29:38.422+0000] {logging_mixin.py:188} INFO - [2025-08-04T15:29:38.422+0000] {dag.py:3954} INFO - Setting next_dagrun for example_subdag_operator.section-1 to None, run_after=None
[2025-08-04T15:29:38.426+0000] {logging_mixin.py:188} INFO - [2025-08-04T15:29:38.426+0000] {dag.py:3954} INFO - Setting next_dagrun for example_subdag_operator.section-2 to None, run_after=None
[2025-08-04T15:29:38.436+0000] {logging_mixin.py:188} INFO - [2025-08-04T15:29:38.436+0000] {dag.py:3096} INFO - Sync 2 DAGs
[2025-08-04T15:29:38.440+0000] {logging_mixin.py:188} INFO - [2025-08-04T15:29:38.439+0000] {dag.py:3954} INFO - Setting next_dagrun for example_subdag_operator.section-1 to None, run_after=None
[2025-08-04T15:29:38.440+0000] {logging_mixin.py:188} INFO - [2025-08-04T15:29:38.440+0000] {dag.py:3954} INFO - Setting next_dagrun for example_subdag_operator.section-2 to None, run_after=None
[2025-08-04T15:29:38.454+0000] {processor.py:183} INFO - Processing /home/airflow/.local/lib/python3.12/site-packages/airflow/example_dags/example_subdag_operator.py took 0.116 seconds
[2025-08-04T15:30:08.868+0000] {processor.py:161} INFO - Started process (PID=415) to work on /home/airflow/.local/lib/python3.12/site-packages/airflow/example_dags/example_subdag_operator.py
[2025-08-04T15:30:08.869+0000] {processor.py:830} INFO - Processing file /home/airflow/.local/lib/python3.12/site-packages/airflow/example_dags/example_subdag_operator.py for tasks to queue
[2025-08-04T15:30:08.871+0000] {logging_mixin.py:188} INFO - [2025-08-04T15:30:08.870+0000] {dagbag.py:545} INFO - Filling up the DagBag from /home/airflow/.local/lib/python3.12/site-packages/airflow/example_dags/example_subdag_operator.py
[2025-08-04T15:30:08.890+0000] {processor.py:840} INFO - DAG(s) 'example_subdag_operator.section-1', 'example_subdag_operator.section-2', 'example_subdag_operator' retrieved from /home/airflow/.local/lib/python3.12/site-packages/airflow/example_dags/example_subdag_operator.py
[2025-08-04T15:30:08.908+0000] {logging_mixin.py:188} INFO - [2025-08-04T15:30:08.907+0000] {dag.py:3096} INFO - Sync 3 DAGs
[2025-08-04T15:30:08.926+0000] {logging_mixin.py:188} INFO - [2025-08-04T15:30:08.925+0000] {dag.py:3954} INFO - Setting next_dagrun for example_subdag_operator to 2022-01-01 00:00:00+00:00, run_after=2022-01-01 00:00:00+00:00
[2025-08-04T15:30:08.928+0000] {logging_mixin.py:188} INFO - [2025-08-04T15:30:08.927+0000] {dag.py:3954} INFO - Setting next_dagrun for example_subdag_operator.section-1 to None, run_after=None
[2025-08-04T15:30:08.928+0000] {logging_mixin.py:188} INFO - [2025-08-04T15:30:08.928+0000] {dag.py:3954} INFO - Setting next_dagrun for example_subdag_operator.section-2 to None, run_after=None
[2025-08-04T15:30:08.932+0000] {logging_mixin.py:188} INFO - [2025-08-04T15:30:08.932+0000] {dag.py:3096} INFO - Sync 2 DAGs
[2025-08-04T15:30:08.935+0000] {logging_mixin.py:188} INFO - [2025-08-04T15:30:08.935+0000] {dag.py:3954} INFO - Setting next_dagrun for example_subdag_operator.section-1 to None, run_after=None
[2025-08-04T15:30:08.935+0000] {logging_mixin.py:188} INFO - [2025-08-04T15:30:08.935+0000] {dag.py:3954} INFO - Setting next_dagrun for example_subdag_operator.section-2 to None, run_after=None
[2025-08-04T15:30:08.941+0000] {processor.py:183} INFO - Processing /home/airflow/.local/lib/python3.12/site-packages/airflow/example_dags/example_subdag_operator.py took 0.076 seconds
[2025-08-04T15:30:39.992+0000] {processor.py:161} INFO - Started process (PID=473) to work on /home/airflow/.local/lib/python3.12/site-packages/airflow/example_dags/example_subdag_operator.py
[2025-08-04T15:30:39.993+0000] {processor.py:830} INFO - Processing file /home/airflow/.local/lib/python3.12/site-packages/airflow/example_dags/example_subdag_operator.py for tasks to queue
[2025-08-04T15:30:39.995+0000] {logging_mixin.py:188} INFO - [2025-08-04T15:30:39.995+0000] {dagbag.py:545} INFO - Filling up the DagBag from /home/airflow/.local/lib/python3.12/site-packages/airflow/example_dags/example_subdag_operator.py
[2025-08-04T15:30:40.013+0000] {processor.py:840} INFO - DAG(s) 'example_subdag_operator.section-1', 'example_subdag_operator.section-2', 'example_subdag_operator' retrieved from /home/airflow/.local/lib/python3.12/site-packages/airflow/example_dags/example_subdag_operator.py
[2025-08-04T15:30:40.028+0000] {logging_mixin.py:188} INFO - [2025-08-04T15:30:40.028+0000] {dag.py:3096} INFO - Sync 3 DAGs
[2025-08-04T15:30:40.048+0000] {logging_mixin.py:188} INFO - [2025-08-04T15:30:40.048+0000] {dag.py:3954} INFO - Setting next_dagrun for example_subdag_operator to 2022-01-01 00:00:00+00:00, run_after=2022-01-01 00:00:00+00:00
[2025-08-04T15:30:40.054+0000] {logging_mixin.py:188} INFO - [2025-08-04T15:30:40.054+0000] {dag.py:3954} INFO - Setting next_dagrun for example_subdag_operator.section-1 to None, run_after=None
[2025-08-04T15:30:40.055+0000] {logging_mixin.py:188} INFO - [2025-08-04T15:30:40.055+0000] {dag.py:3954} INFO - Setting next_dagrun for example_subdag_operator.section-2 to None, run_after=None
[2025-08-04T15:30:40.067+0000] {logging_mixin.py:188} INFO - [2025-08-04T15:30:40.066+0000] {dag.py:3096} INFO - Sync 2 DAGs
[2025-08-04T15:30:40.074+0000] {logging_mixin.py:188} INFO - [2025-08-04T15:30:40.074+0000] {dag.py:3954} INFO - Setting next_dagrun for example_subdag_operator.section-1 to None, run_after=None
[2025-08-04T15:30:40.078+0000] {logging_mixin.py:188} INFO - [2025-08-04T15:30:40.078+0000] {dag.py:3954} INFO - Setting next_dagrun for example_subdag_operator.section-2 to None, run_after=None
[2025-08-04T15:30:40.089+0000] {processor.py:183} INFO - Processing /home/airflow/.local/lib/python3.12/site-packages/airflow/example_dags/example_subdag_operator.py took 0.105 seconds
[2025-08-04T15:31:10.814+0000] {processor.py:161} INFO - Started process (PID=531) to work on /home/airflow/.local/lib/python3.12/site-packages/airflow/example_dags/example_subdag_operator.py
[2025-08-04T15:31:10.814+0000] {processor.py:830} INFO - Processing file /home/airflow/.local/lib/python3.12/site-packages/airflow/example_dags/example_subdag_operator.py for tasks to queue
[2025-08-04T15:31:10.815+0000] {logging_mixin.py:188} INFO - [2025-08-04T15:31:10.815+0000] {dagbag.py:545} INFO - Filling up the DagBag from /home/airflow/.local/lib/python3.12/site-packages/airflow/example_dags/example_subdag_operator.py
[2025-08-04T15:31:10.826+0000] {processor.py:840} INFO - DAG(s) 'example_subdag_operator.section-1', 'example_subdag_operator.section-2', 'example_subdag_operator' retrieved from /home/airflow/.local/lib/python3.12/site-packages/airflow/example_dags/example_subdag_operator.py
[2025-08-04T15:31:10.831+0000] {logging_mixin.py:188} INFO - [2025-08-04T15:31:10.831+0000] {dag.py:3096} INFO - Sync 3 DAGs
[2025-08-04T15:31:10.843+0000] {logging_mixin.py:188} INFO - [2025-08-04T15:31:10.843+0000] {dag.py:3954} INFO - Setting next_dagrun for example_subdag_operator to 2022-01-01 00:00:00+00:00, run_after=2022-01-01 00:00:00+00:00
[2025-08-04T15:31:10.844+0000] {logging_mixin.py:188} INFO - [2025-08-04T15:31:10.844+0000] {dag.py:3954} INFO - Setting next_dagrun for example_subdag_operator.section-1 to None, run_after=None
[2025-08-04T15:31:10.845+0000] {logging_mixin.py:188} INFO - [2025-08-04T15:31:10.845+0000] {dag.py:3954} INFO - Setting next_dagrun for example_subdag_operator.section-2 to None, run_after=None
[2025-08-04T15:31:10.849+0000] {logging_mixin.py:188} INFO - [2025-08-04T15:31:10.848+0000] {dag.py:3096} INFO - Sync 2 DAGs
[2025-08-04T15:31:10.851+0000] {logging_mixin.py:188} INFO - [2025-08-04T15:31:10.850+0000] {dag.py:3954} INFO - Setting next_dagrun for example_subdag_operator.section-1 to None, run_after=None
[2025-08-04T15:31:10.851+0000] {logging_mixin.py:188} INFO - [2025-08-04T15:31:10.851+0000] {dag.py:3954} INFO - Setting next_dagrun for example_subdag_operator.section-2 to None, run_after=None
[2025-08-04T15:31:10.855+0000] {processor.py:183} INFO - Processing /home/airflow/.local/lib/python3.12/site-packages/airflow/example_dags/example_subdag_operator.py took 0.044 seconds
[2025-08-04T15:31:40.969+0000] {processor.py:161} INFO - Started process (PID=589) to work on /home/airflow/.local/lib/python3.12/site-packages/airflow/example_dags/example_subdag_operator.py
[2025-08-04T15:31:40.970+0000] {processor.py:830} INFO - Processing file /home/airflow/.local/lib/python3.12/site-packages/airflow/example_dags/example_subdag_operator.py for tasks to queue
[2025-08-04T15:31:40.971+0000] {logging_mixin.py:188} INFO - [2025-08-04T15:31:40.971+0000] {dagbag.py:545} INFO - Filling up the DagBag from /home/airflow/.local/lib/python3.12/site-packages/airflow/example_dags/example_subdag_operator.py
[2025-08-04T15:31:40.981+0000] {processor.py:840} INFO - DAG(s) 'example_subdag_operator.section-1', 'example_subdag_operator.section-2', 'example_subdag_operator' retrieved from /home/airflow/.local/lib/python3.12/site-packages/airflow/example_dags/example_subdag_operator.py
[2025-08-04T15:31:40.987+0000] {logging_mixin.py:188} INFO - [2025-08-04T15:31:40.986+0000] {dag.py:3096} INFO - Sync 3 DAGs
[2025-08-04T15:31:40.995+0000] {logging_mixin.py:188} INFO - [2025-08-04T15:31:40.995+0000] {dag.py:3954} INFO - Setting next_dagrun for example_subdag_operator to 2022-01-01 00:00:00+00:00, run_after=2022-01-01 00:00:00+00:00
[2025-08-04T15:31:40.996+0000] {logging_mixin.py:188} INFO - [2025-08-04T15:31:40.996+0000] {dag.py:3954} INFO - Setting next_dagrun for example_subdag_operator.section-1 to None, run_after=None
[2025-08-04T15:31:40.997+0000] {logging_mixin.py:188} INFO - [2025-08-04T15:31:40.997+0000] {dag.py:3954} INFO - Setting next_dagrun for example_subdag_operator.section-2 to None, run_after=None
[2025-08-04T15:31:40.999+0000] {logging_mixin.py:188} INFO - [2025-08-04T15:31:40.999+0000] {dag.py:3096} INFO - Sync 2 DAGs
[2025-08-04T15:31:41.001+0000] {logging_mixin.py:188} INFO - [2025-08-04T15:31:41.001+0000] {dag.py:3954} INFO - Setting next_dagrun for example_subdag_operator.section-1 to None, run_after=None
[2025-08-04T15:31:41.001+0000] {logging_mixin.py:188} INFO - [2025-08-04T15:31:41.001+0000] {dag.py:3954} INFO - Setting next_dagrun for example_subdag_operator.section-2 to None, run_after=None
[2025-08-04T15:31:41.005+0000] {processor.py:183} INFO - Processing /home/airflow/.local/lib/python3.12/site-packages/airflow/example_dags/example_subdag_operator.py took 0.038 seconds
[2025-08-04T15:32:11.527+0000] {processor.py:161} INFO - Started process (PID=647) to work on /home/airflow/.local/lib/python3.12/site-packages/airflow/example_dags/example_subdag_operator.py
[2025-08-04T15:32:11.528+0000] {processor.py:830} INFO - Processing file /home/airflow/.local/lib/python3.12/site-packages/airflow/example_dags/example_subdag_operator.py for tasks to queue
[2025-08-04T15:32:11.529+0000] {logging_mixin.py:188} INFO - [2025-08-04T15:32:11.529+0000] {dagbag.py:545} INFO - Filling up the DagBag from /home/airflow/.local/lib/python3.12/site-packages/airflow/example_dags/example_subdag_operator.py
[2025-08-04T15:32:11.543+0000] {processor.py:840} INFO - DAG(s) 'example_subdag_operator.section-1', 'example_subdag_operator.section-2', 'example_subdag_operator' retrieved from /home/airflow/.local/lib/python3.12/site-packages/airflow/example_dags/example_subdag_operator.py
[2025-08-04T15:32:11.553+0000] {logging_mixin.py:188} INFO - [2025-08-04T15:32:11.553+0000] {dag.py:3096} INFO - Sync 3 DAGs
[2025-08-04T15:32:11.564+0000] {logging_mixin.py:188} INFO - [2025-08-04T15:32:11.563+0000] {dag.py:3954} INFO - Setting next_dagrun for example_subdag_operator to 2022-01-01 00:00:00+00:00, run_after=2022-01-01 00:00:00+00:00
[2025-08-04T15:32:11.566+0000] {logging_mixin.py:188} INFO - [2025-08-04T15:32:11.566+0000] {dag.py:3954} INFO - Setting next_dagrun for example_subdag_operator.section-1 to None, run_after=None
[2025-08-04T15:32:11.568+0000] {logging_mixin.py:188} INFO - [2025-08-04T15:32:11.568+0000] {dag.py:3954} INFO - Setting next_dagrun for example_subdag_operator.section-2 to None, run_after=None
[2025-08-04T15:32:11.572+0000] {logging_mixin.py:188} INFO - [2025-08-04T15:32:11.572+0000] {dag.py:3096} INFO - Sync 2 DAGs
[2025-08-04T15:32:11.575+0000] {logging_mixin.py:188} INFO - [2025-08-04T15:32:11.575+0000] {dag.py:3954} INFO - Setting next_dagrun for example_subdag_operator.section-1 to None, run_after=None
[2025-08-04T15:32:11.575+0000] {logging_mixin.py:188} INFO - [2025-08-04T15:32:11.575+0000] {dag.py:3954} INFO - Setting next_dagrun for example_subdag_operator.section-2 to None, run_after=None
[2025-08-04T15:32:11.581+0000] {processor.py:183} INFO - Processing /home/airflow/.local/lib/python3.12/site-packages/airflow/example_dags/example_subdag_operator.py took 0.056 seconds
[2025-08-04T15:52:54.701+0000] {processor.py:161} INFO - Started process (PID=69) to work on /home/airflow/.local/lib/python3.12/site-packages/airflow/example_dags/example_subdag_operator.py
[2025-08-04T15:52:54.705+0000] {processor.py:830} INFO - Processing file /home/airflow/.local/lib/python3.12/site-packages/airflow/example_dags/example_subdag_operator.py for tasks to queue
[2025-08-04T15:52:54.719+0000] {logging_mixin.py:188} INFO - [2025-08-04T15:52:54.717+0000] {dagbag.py:545} INFO - Filling up the DagBag from /home/airflow/.local/lib/python3.12/site-packages/airflow/example_dags/example_subdag_operator.py
[2025-08-04T15:52:54.859+0000] {processor.py:840} INFO - DAG(s) 'example_subdag_operator.section-1', 'example_subdag_operator.section-2', 'example_subdag_operator' retrieved from /home/airflow/.local/lib/python3.12/site-packages/airflow/example_dags/example_subdag_operator.py
[2025-08-04T15:52:54.923+0000] {logging_mixin.py:188} INFO - [2025-08-04T15:52:54.923+0000] {dag.py:3096} INFO - Sync 3 DAGs
[2025-08-04T15:52:55.070+0000] {logging_mixin.py:188} INFO - [2025-08-04T15:52:55.061+0000] {dag.py:3954} INFO - Setting next_dagrun for example_subdag_operator to 2022-01-01 00:00:00+00:00, run_after=2022-01-01 00:00:00+00:00
[2025-08-04T15:52:55.090+0000] {logging_mixin.py:188} INFO - [2025-08-04T15:52:55.089+0000] {dag.py:3954} INFO - Setting next_dagrun for example_subdag_operator.section-1 to None, run_after=None
[2025-08-04T15:52:55.096+0000] {logging_mixin.py:188} INFO - [2025-08-04T15:52:55.095+0000] {dag.py:3954} INFO - Setting next_dagrun for example_subdag_operator.section-2 to None, run_after=None
[2025-08-04T15:52:55.179+0000] {logging_mixin.py:188} INFO - [2025-08-04T15:52:55.179+0000] {dag.py:3096} INFO - Sync 2 DAGs
[2025-08-04T15:52:55.216+0000] {logging_mixin.py:188} INFO - [2025-08-04T15:52:55.215+0000] {dag.py:3954} INFO - Setting next_dagrun for example_subdag_operator.section-1 to None, run_after=None
[2025-08-04T15:52:55.218+0000] {logging_mixin.py:188} INFO - [2025-08-04T15:52:55.218+0000] {dag.py:3954} INFO - Setting next_dagrun for example_subdag_operator.section-2 to None, run_after=None
[2025-08-04T15:52:55.252+0000] {processor.py:183} INFO - Processing /home/airflow/.local/lib/python3.12/site-packages/airflow/example_dags/example_subdag_operator.py took 0.556 seconds
[2025-08-04T15:53:26.192+0000] {processor.py:161} INFO - Started process (PID=127) to work on /home/airflow/.local/lib/python3.12/site-packages/airflow/example_dags/example_subdag_operator.py
[2025-08-04T15:53:26.193+0000] {processor.py:830} INFO - Processing file /home/airflow/.local/lib/python3.12/site-packages/airflow/example_dags/example_subdag_operator.py for tasks to queue
[2025-08-04T15:53:26.194+0000] {logging_mixin.py:188} INFO - [2025-08-04T15:53:26.194+0000] {dagbag.py:545} INFO - Filling up the DagBag from /home/airflow/.local/lib/python3.12/site-packages/airflow/example_dags/example_subdag_operator.py
[2025-08-04T15:53:26.214+0000] {processor.py:840} INFO - DAG(s) 'example_subdag_operator.section-1', 'example_subdag_operator.section-2', 'example_subdag_operator' retrieved from /home/airflow/.local/lib/python3.12/site-packages/airflow/example_dags/example_subdag_operator.py
[2025-08-04T15:53:26.222+0000] {logging_mixin.py:188} INFO - [2025-08-04T15:53:26.222+0000] {dag.py:3096} INFO - Sync 3 DAGs
[2025-08-04T15:53:26.239+0000] {logging_mixin.py:188} INFO - [2025-08-04T15:53:26.238+0000] {dag.py:3954} INFO - Setting next_dagrun for example_subdag_operator to 2022-01-01 00:00:00+00:00, run_after=2022-01-01 00:00:00+00:00
[2025-08-04T15:53:26.241+0000] {logging_mixin.py:188} INFO - [2025-08-04T15:53:26.241+0000] {dag.py:3954} INFO - Setting next_dagrun for example_subdag_operator.section-1 to None, run_after=None
[2025-08-04T15:53:26.243+0000] {logging_mixin.py:188} INFO - [2025-08-04T15:53:26.243+0000] {dag.py:3954} INFO - Setting next_dagrun for example_subdag_operator.section-2 to None, run_after=None
[2025-08-04T15:53:26.248+0000] {logging_mixin.py:188} INFO - [2025-08-04T15:53:26.248+0000] {dag.py:3096} INFO - Sync 2 DAGs
[2025-08-04T15:53:26.251+0000] {logging_mixin.py:188} INFO - [2025-08-04T15:53:26.251+0000] {dag.py:3954} INFO - Setting next_dagrun for example_subdag_operator.section-1 to None, run_after=None
[2025-08-04T15:53:26.251+0000] {logging_mixin.py:188} INFO - [2025-08-04T15:53:26.251+0000] {dag.py:3954} INFO - Setting next_dagrun for example_subdag_operator.section-2 to None, run_after=None
[2025-08-04T15:53:26.258+0000] {processor.py:183} INFO - Processing /home/airflow/.local/lib/python3.12/site-packages/airflow/example_dags/example_subdag_operator.py took 0.069 seconds
[2025-08-04T15:53:56.853+0000] {processor.py:161} INFO - Started process (PID=185) to work on /home/airflow/.local/lib/python3.12/site-packages/airflow/example_dags/example_subdag_operator.py
[2025-08-04T15:53:56.862+0000] {processor.py:830} INFO - Processing file /home/airflow/.local/lib/python3.12/site-packages/airflow/example_dags/example_subdag_operator.py for tasks to queue
[2025-08-04T15:53:56.911+0000] {logging_mixin.py:188} INFO - [2025-08-04T15:53:56.899+0000] {dagbag.py:545} INFO - Filling up the DagBag from /home/airflow/.local/lib/python3.12/site-packages/airflow/example_dags/example_subdag_operator.py
[2025-08-04T15:53:57.049+0000] {processor.py:840} INFO - DAG(s) 'example_subdag_operator.section-1', 'example_subdag_operator.section-2', 'example_subdag_operator' retrieved from /home/airflow/.local/lib/python3.12/site-packages/airflow/example_dags/example_subdag_operator.py
[2025-08-04T15:53:57.107+0000] {logging_mixin.py:188} INFO - [2025-08-04T15:53:57.107+0000] {dag.py:3096} INFO - Sync 3 DAGs
[2025-08-04T15:53:57.155+0000] {logging_mixin.py:188} INFO - [2025-08-04T15:53:57.154+0000] {dag.py:3954} INFO - Setting next_dagrun for example_subdag_operator to 2022-01-01 00:00:00+00:00, run_after=2022-01-01 00:00:00+00:00
[2025-08-04T15:53:57.167+0000] {logging_mixin.py:188} INFO - [2025-08-04T15:53:57.167+0000] {dag.py:3954} INFO - Setting next_dagrun for example_subdag_operator.section-1 to None, run_after=None
[2025-08-04T15:53:57.172+0000] {logging_mixin.py:188} INFO - [2025-08-04T15:53:57.171+0000] {dag.py:3954} INFO - Setting next_dagrun for example_subdag_operator.section-2 to None, run_after=None
[2025-08-04T15:53:57.195+0000] {logging_mixin.py:188} INFO - [2025-08-04T15:53:57.195+0000] {dag.py:3096} INFO - Sync 2 DAGs
[2025-08-04T15:53:57.207+0000] {logging_mixin.py:188} INFO - [2025-08-04T15:53:57.206+0000] {dag.py:3954} INFO - Setting next_dagrun for example_subdag_operator.section-1 to None, run_after=None
[2025-08-04T15:53:57.211+0000] {logging_mixin.py:188} INFO - [2025-08-04T15:53:57.211+0000] {dag.py:3954} INFO - Setting next_dagrun for example_subdag_operator.section-2 to None, run_after=None
[2025-08-04T15:53:57.237+0000] {processor.py:183} INFO - Processing /home/airflow/.local/lib/python3.12/site-packages/airflow/example_dags/example_subdag_operator.py took 0.469 seconds
[2025-08-04T15:54:27.869+0000] {processor.py:161} INFO - Started process (PID=243) to work on /home/airflow/.local/lib/python3.12/site-packages/airflow/example_dags/example_subdag_operator.py
[2025-08-04T15:54:27.873+0000] {processor.py:830} INFO - Processing file /home/airflow/.local/lib/python3.12/site-packages/airflow/example_dags/example_subdag_operator.py for tasks to queue
[2025-08-04T15:54:27.876+0000] {logging_mixin.py:188} INFO - [2025-08-04T15:54:27.876+0000] {dagbag.py:545} INFO - Filling up the DagBag from /home/airflow/.local/lib/python3.12/site-packages/airflow/example_dags/example_subdag_operator.py
[2025-08-04T15:54:27.933+0000] {processor.py:840} INFO - DAG(s) 'example_subdag_operator.section-1', 'example_subdag_operator.section-2', 'example_subdag_operator' retrieved from /home/airflow/.local/lib/python3.12/site-packages/airflow/example_dags/example_subdag_operator.py
[2025-08-04T15:54:27.943+0000] {logging_mixin.py:188} INFO - [2025-08-04T15:54:27.942+0000] {dag.py:3096} INFO - Sync 3 DAGs
[2025-08-04T15:54:27.955+0000] {logging_mixin.py:188} INFO - [2025-08-04T15:54:27.955+0000] {dag.py:3954} INFO - Setting next_dagrun for example_subdag_operator to 2022-01-01 00:00:00+00:00, run_after=2022-01-01 00:00:00+00:00
[2025-08-04T15:54:27.957+0000] {logging_mixin.py:188} INFO - [2025-08-04T15:54:27.957+0000] {dag.py:3954} INFO - Setting next_dagrun for example_subdag_operator.section-1 to None, run_after=None
[2025-08-04T15:54:27.957+0000] {logging_mixin.py:188} INFO - [2025-08-04T15:54:27.957+0000] {dag.py:3954} INFO - Setting next_dagrun for example_subdag_operator.section-2 to None, run_after=None
[2025-08-04T15:54:27.964+0000] {logging_mixin.py:188} INFO - [2025-08-04T15:54:27.964+0000] {dag.py:3096} INFO - Sync 2 DAGs
[2025-08-04T15:54:27.967+0000] {logging_mixin.py:188} INFO - [2025-08-04T15:54:27.967+0000] {dag.py:3954} INFO - Setting next_dagrun for example_subdag_operator.section-1 to None, run_after=None
[2025-08-04T15:54:27.967+0000] {logging_mixin.py:188} INFO - [2025-08-04T15:54:27.967+0000] {dag.py:3954} INFO - Setting next_dagrun for example_subdag_operator.section-2 to None, run_after=None
[2025-08-04T15:54:27.975+0000] {processor.py:183} INFO - Processing /home/airflow/.local/lib/python3.12/site-packages/airflow/example_dags/example_subdag_operator.py took 0.114 seconds
[2025-08-04T15:54:58.935+0000] {processor.py:161} INFO - Started process (PID=301) to work on /home/airflow/.local/lib/python3.12/site-packages/airflow/example_dags/example_subdag_operator.py
[2025-08-04T15:54:58.942+0000] {processor.py:830} INFO - Processing file /home/airflow/.local/lib/python3.12/site-packages/airflow/example_dags/example_subdag_operator.py for tasks to queue
[2025-08-04T15:54:58.947+0000] {logging_mixin.py:188} INFO - [2025-08-04T15:54:58.946+0000] {dagbag.py:545} INFO - Filling up the DagBag from /home/airflow/.local/lib/python3.12/site-packages/airflow/example_dags/example_subdag_operator.py
[2025-08-04T15:54:59.071+0000] {processor.py:840} INFO - DAG(s) 'example_subdag_operator.section-1', 'example_subdag_operator.section-2', 'example_subdag_operator' retrieved from /home/airflow/.local/lib/python3.12/site-packages/airflow/example_dags/example_subdag_operator.py
[2025-08-04T15:54:59.098+0000] {logging_mixin.py:188} INFO - [2025-08-04T15:54:59.098+0000] {dag.py:3096} INFO - Sync 3 DAGs
[2025-08-04T15:54:59.145+0000] {logging_mixin.py:188} INFO - [2025-08-04T15:54:59.145+0000] {dag.py:3954} INFO - Setting next_dagrun for example_subdag_operator to 2022-01-01 00:00:00+00:00, run_after=2022-01-01 00:00:00+00:00
[2025-08-04T15:54:59.155+0000] {logging_mixin.py:188} INFO - [2025-08-04T15:54:59.154+0000] {dag.py:3954} INFO - Setting next_dagrun for example_subdag_operator.section-1 to None, run_after=None
[2025-08-04T15:54:59.165+0000] {logging_mixin.py:188} INFO - [2025-08-04T15:54:59.165+0000] {dag.py:3954} INFO - Setting next_dagrun for example_subdag_operator.section-2 to None, run_after=None
[2025-08-04T15:54:59.187+0000] {logging_mixin.py:188} INFO - [2025-08-04T15:54:59.186+0000] {dag.py:3096} INFO - Sync 2 DAGs
[2025-08-04T15:54:59.207+0000] {logging_mixin.py:188} INFO - [2025-08-04T15:54:59.207+0000] {dag.py:3954} INFO - Setting next_dagrun for example_subdag_operator.section-1 to None, run_after=None
[2025-08-04T15:54:59.218+0000] {logging_mixin.py:188} INFO - [2025-08-04T15:54:59.217+0000] {dag.py:3954} INFO - Setting next_dagrun for example_subdag_operator.section-2 to None, run_after=None
[2025-08-04T15:54:59.322+0000] {processor.py:183} INFO - Processing /home/airflow/.local/lib/python3.12/site-packages/airflow/example_dags/example_subdag_operator.py took 0.394 seconds
[2025-08-04T15:55:29.538+0000] {processor.py:161} INFO - Started process (PID=359) to work on /home/airflow/.local/lib/python3.12/site-packages/airflow/example_dags/example_subdag_operator.py
[2025-08-04T15:55:29.540+0000] {processor.py:830} INFO - Processing file /home/airflow/.local/lib/python3.12/site-packages/airflow/example_dags/example_subdag_operator.py for tasks to queue
[2025-08-04T15:55:29.543+0000] {logging_mixin.py:188} INFO - [2025-08-04T15:55:29.542+0000] {dagbag.py:545} INFO - Filling up the DagBag from /home/airflow/.local/lib/python3.12/site-packages/airflow/example_dags/example_subdag_operator.py
[2025-08-04T15:55:29.603+0000] {processor.py:840} INFO - DAG(s) 'example_subdag_operator.section-1', 'example_subdag_operator.section-2', 'example_subdag_operator' retrieved from /home/airflow/.local/lib/python3.12/site-packages/airflow/example_dags/example_subdag_operator.py
[2025-08-04T15:55:29.776+0000] {logging_mixin.py:188} INFO - [2025-08-04T15:55:29.774+0000] {dag.py:3096} INFO - Sync 3 DAGs
[2025-08-04T15:55:29.879+0000] {logging_mixin.py:188} INFO - [2025-08-04T15:55:29.878+0000] {dag.py:3954} INFO - Setting next_dagrun for example_subdag_operator to 2022-01-01 00:00:00+00:00, run_after=2022-01-01 00:00:00+00:00
[2025-08-04T15:55:29.889+0000] {logging_mixin.py:188} INFO - [2025-08-04T15:55:29.888+0000] {dag.py:3954} INFO - Setting next_dagrun for example_subdag_operator.section-1 to None, run_after=None
[2025-08-04T15:55:29.896+0000] {logging_mixin.py:188} INFO - [2025-08-04T15:55:29.895+0000] {dag.py:3954} INFO - Setting next_dagrun for example_subdag_operator.section-2 to None, run_after=None
[2025-08-04T15:55:29.947+0000] {logging_mixin.py:188} INFO - [2025-08-04T15:55:29.946+0000] {dag.py:3096} INFO - Sync 2 DAGs
[2025-08-04T15:55:29.967+0000] {logging_mixin.py:188} INFO - [2025-08-04T15:55:29.967+0000] {dag.py:3954} INFO - Setting next_dagrun for example_subdag_operator.section-1 to None, run_after=None
[2025-08-04T15:55:29.968+0000] {logging_mixin.py:188} INFO - [2025-08-04T15:55:29.968+0000] {dag.py:3954} INFO - Setting next_dagrun for example_subdag_operator.section-2 to None, run_after=None
[2025-08-04T15:55:30.041+0000] {processor.py:183} INFO - Processing /home/airflow/.local/lib/python3.12/site-packages/airflow/example_dags/example_subdag_operator.py took 0.529 seconds
[2025-08-04T15:56:00.242+0000] {processor.py:161} INFO - Started process (PID=415) to work on /home/airflow/.local/lib/python3.12/site-packages/airflow/example_dags/example_subdag_operator.py
[2025-08-04T15:56:00.246+0000] {processor.py:830} INFO - Processing file /home/airflow/.local/lib/python3.12/site-packages/airflow/example_dags/example_subdag_operator.py for tasks to queue
[2025-08-04T15:56:00.249+0000] {logging_mixin.py:188} INFO - [2025-08-04T15:56:00.248+0000] {dagbag.py:545} INFO - Filling up the DagBag from /home/airflow/.local/lib/python3.12/site-packages/airflow/example_dags/example_subdag_operator.py
[2025-08-04T15:56:00.273+0000] {processor.py:840} INFO - DAG(s) 'example_subdag_operator.section-1', 'example_subdag_operator.section-2', 'example_subdag_operator' retrieved from /home/airflow/.local/lib/python3.12/site-packages/airflow/example_dags/example_subdag_operator.py
[2025-08-04T15:56:00.286+0000] {logging_mixin.py:188} INFO - [2025-08-04T15:56:00.285+0000] {dag.py:3096} INFO - Sync 3 DAGs
[2025-08-04T15:56:00.301+0000] {logging_mixin.py:188} INFO - [2025-08-04T15:56:00.301+0000] {dag.py:3954} INFO - Setting next_dagrun for example_subdag_operator to 2022-01-01 00:00:00+00:00, run_after=2022-01-01 00:00:00+00:00
[2025-08-04T15:56:00.304+0000] {logging_mixin.py:188} INFO - [2025-08-04T15:56:00.304+0000] {dag.py:3954} INFO - Setting next_dagrun for example_subdag_operator.section-1 to None, run_after=None
[2025-08-04T15:56:00.305+0000] {logging_mixin.py:188} INFO - [2025-08-04T15:56:00.305+0000] {dag.py:3954} INFO - Setting next_dagrun for example_subdag_operator.section-2 to None, run_after=None
[2025-08-04T15:56:00.311+0000] {logging_mixin.py:188} INFO - [2025-08-04T15:56:00.310+0000] {dag.py:3096} INFO - Sync 2 DAGs
[2025-08-04T15:56:00.313+0000] {logging_mixin.py:188} INFO - [2025-08-04T15:56:00.313+0000] {dag.py:3954} INFO - Setting next_dagrun for example_subdag_operator.section-1 to None, run_after=None
[2025-08-04T15:56:00.314+0000] {logging_mixin.py:188} INFO - [2025-08-04T15:56:00.314+0000] {dag.py:3954} INFO - Setting next_dagrun for example_subdag_operator.section-2 to None, run_after=None
[2025-08-04T15:56:00.321+0000] {processor.py:183} INFO - Processing /home/airflow/.local/lib/python3.12/site-packages/airflow/example_dags/example_subdag_operator.py took 0.087 seconds
[2025-08-04T15:58:50.532+0000] {processor.py:161} INFO - Started process (PID=69) to work on /home/airflow/.local/lib/python3.12/site-packages/airflow/example_dags/example_subdag_operator.py
[2025-08-04T15:58:50.537+0000] {processor.py:830} INFO - Processing file /home/airflow/.local/lib/python3.12/site-packages/airflow/example_dags/example_subdag_operator.py for tasks to queue
[2025-08-04T15:58:50.567+0000] {logging_mixin.py:188} INFO - [2025-08-04T15:58:50.566+0000] {dagbag.py:545} INFO - Filling up the DagBag from /home/airflow/.local/lib/python3.12/site-packages/airflow/example_dags/example_subdag_operator.py
[2025-08-04T15:58:50.761+0000] {processor.py:840} INFO - DAG(s) 'example_subdag_operator.section-1', 'example_subdag_operator.section-2', 'example_subdag_operator' retrieved from /home/airflow/.local/lib/python3.12/site-packages/airflow/example_dags/example_subdag_operator.py
[2025-08-04T15:58:50.846+0000] {logging_mixin.py:188} INFO - [2025-08-04T15:58:50.845+0000] {dag.py:3096} INFO - Sync 3 DAGs
[2025-08-04T15:58:50.947+0000] {logging_mixin.py:188} INFO - [2025-08-04T15:58:50.946+0000] {dag.py:3954} INFO - Setting next_dagrun for example_subdag_operator to 2022-01-01 00:00:00+00:00, run_after=2022-01-01 00:00:00+00:00
[2025-08-04T15:58:50.997+0000] {logging_mixin.py:188} INFO - [2025-08-04T15:58:50.997+0000] {dag.py:3954} INFO - Setting next_dagrun for example_subdag_operator.section-1 to None, run_after=None
[2025-08-04T15:58:51.038+0000] {logging_mixin.py:188} INFO - [2025-08-04T15:58:51.038+0000] {dag.py:3954} INFO - Setting next_dagrun for example_subdag_operator.section-2 to None, run_after=None
[2025-08-04T15:58:51.109+0000] {logging_mixin.py:188} INFO - [2025-08-04T15:58:51.108+0000] {dag.py:3096} INFO - Sync 2 DAGs
[2025-08-04T15:58:51.141+0000] {logging_mixin.py:188} INFO - [2025-08-04T15:58:51.138+0000] {dag.py:3954} INFO - Setting next_dagrun for example_subdag_operator.section-1 to None, run_after=None
[2025-08-04T15:58:51.144+0000] {logging_mixin.py:188} INFO - [2025-08-04T15:58:51.143+0000] {dag.py:3954} INFO - Setting next_dagrun for example_subdag_operator.section-2 to None, run_after=None
[2025-08-04T15:58:51.338+0000] {processor.py:183} INFO - Processing /home/airflow/.local/lib/python3.12/site-packages/airflow/example_dags/example_subdag_operator.py took 0.876 seconds
[2025-08-04T15:59:21.476+0000] {processor.py:161} INFO - Started process (PID=127) to work on /home/airflow/.local/lib/python3.12/site-packages/airflow/example_dags/example_subdag_operator.py
[2025-08-04T15:59:21.478+0000] {processor.py:830} INFO - Processing file /home/airflow/.local/lib/python3.12/site-packages/airflow/example_dags/example_subdag_operator.py for tasks to queue
[2025-08-04T15:59:21.487+0000] {logging_mixin.py:188} INFO - [2025-08-04T15:59:21.487+0000] {dagbag.py:545} INFO - Filling up the DagBag from /home/airflow/.local/lib/python3.12/site-packages/airflow/example_dags/example_subdag_operator.py
[2025-08-04T15:59:21.513+0000] {processor.py:840} INFO - DAG(s) 'example_subdag_operator.section-1', 'example_subdag_operator.section-2', 'example_subdag_operator' retrieved from /home/airflow/.local/lib/python3.12/site-packages/airflow/example_dags/example_subdag_operator.py
[2025-08-04T15:59:21.528+0000] {logging_mixin.py:188} INFO - [2025-08-04T15:59:21.528+0000] {dag.py:3096} INFO - Sync 3 DAGs
[2025-08-04T15:59:21.548+0000] {logging_mixin.py:188} INFO - [2025-08-04T15:59:21.548+0000] {dag.py:3954} INFO - Setting next_dagrun for example_subdag_operator to 2022-01-01 00:00:00+00:00, run_after=2022-01-01 00:00:00+00:00
[2025-08-04T15:59:21.550+0000] {logging_mixin.py:188} INFO - [2025-08-04T15:59:21.550+0000] {dag.py:3954} INFO - Setting next_dagrun for example_subdag_operator.section-1 to None, run_after=None
[2025-08-04T15:59:21.552+0000] {logging_mixin.py:188} INFO - [2025-08-04T15:59:21.552+0000] {dag.py:3954} INFO - Setting next_dagrun for example_subdag_operator.section-2 to None, run_after=None
[2025-08-04T15:59:21.558+0000] {logging_mixin.py:188} INFO - [2025-08-04T15:59:21.558+0000] {dag.py:3096} INFO - Sync 2 DAGs
[2025-08-04T15:59:21.562+0000] {logging_mixin.py:188} INFO - [2025-08-04T15:59:21.562+0000] {dag.py:3954} INFO - Setting next_dagrun for example_subdag_operator.section-1 to None, run_after=None
[2025-08-04T15:59:21.562+0000] {logging_mixin.py:188} INFO - [2025-08-04T15:59:21.562+0000] {dag.py:3954} INFO - Setting next_dagrun for example_subdag_operator.section-2 to None, run_after=None
[2025-08-04T15:59:21.571+0000] {processor.py:183} INFO - Processing /home/airflow/.local/lib/python3.12/site-packages/airflow/example_dags/example_subdag_operator.py took 0.103 seconds
[2025-08-04T15:59:51.676+0000] {processor.py:161} INFO - Started process (PID=185) to work on /home/airflow/.local/lib/python3.12/site-packages/airflow/example_dags/example_subdag_operator.py
[2025-08-04T15:59:51.678+0000] {processor.py:830} INFO - Processing file /home/airflow/.local/lib/python3.12/site-packages/airflow/example_dags/example_subdag_operator.py for tasks to queue
[2025-08-04T15:59:51.681+0000] {logging_mixin.py:188} INFO - [2025-08-04T15:59:51.681+0000] {dagbag.py:545} INFO - Filling up the DagBag from /home/airflow/.local/lib/python3.12/site-packages/airflow/example_dags/example_subdag_operator.py
[2025-08-04T15:59:51.714+0000] {processor.py:840} INFO - DAG(s) 'example_subdag_operator.section-1', 'example_subdag_operator.section-2', 'example_subdag_operator' retrieved from /home/airflow/.local/lib/python3.12/site-packages/airflow/example_dags/example_subdag_operator.py
[2025-08-04T15:59:51.731+0000] {logging_mixin.py:188} INFO - [2025-08-04T15:59:51.731+0000] {dag.py:3096} INFO - Sync 3 DAGs
[2025-08-04T15:59:51.757+0000] {logging_mixin.py:188} INFO - [2025-08-04T15:59:51.757+0000] {dag.py:3954} INFO - Setting next_dagrun for example_subdag_operator to 2022-01-01 00:00:00+00:00, run_after=2022-01-01 00:00:00+00:00
[2025-08-04T15:59:51.763+0000] {logging_mixin.py:188} INFO - [2025-08-04T15:59:51.762+0000] {dag.py:3954} INFO - Setting next_dagrun for example_subdag_operator.section-1 to None, run_after=None
[2025-08-04T15:59:51.770+0000] {logging_mixin.py:188} INFO - [2025-08-04T15:59:51.769+0000] {dag.py:3954} INFO - Setting next_dagrun for example_subdag_operator.section-2 to None, run_after=None
[2025-08-04T15:59:51.787+0000] {logging_mixin.py:188} INFO - [2025-08-04T15:59:51.785+0000] {dag.py:3096} INFO - Sync 2 DAGs
[2025-08-04T15:59:51.804+0000] {logging_mixin.py:188} INFO - [2025-08-04T15:59:51.804+0000] {dag.py:3954} INFO - Setting next_dagrun for example_subdag_operator.section-1 to None, run_after=None
[2025-08-04T15:59:51.804+0000] {logging_mixin.py:188} INFO - [2025-08-04T15:59:51.804+0000] {dag.py:3954} INFO - Setting next_dagrun for example_subdag_operator.section-2 to None, run_after=None
[2025-08-04T15:59:51.818+0000] {processor.py:183} INFO - Processing /home/airflow/.local/lib/python3.12/site-packages/airflow/example_dags/example_subdag_operator.py took 0.146 seconds
[2025-08-04T16:00:22.095+0000] {processor.py:161} INFO - Started process (PID=243) to work on /home/airflow/.local/lib/python3.12/site-packages/airflow/example_dags/example_subdag_operator.py
[2025-08-04T16:00:22.096+0000] {processor.py:830} INFO - Processing file /home/airflow/.local/lib/python3.12/site-packages/airflow/example_dags/example_subdag_operator.py for tasks to queue
[2025-08-04T16:00:22.098+0000] {logging_mixin.py:188} INFO - [2025-08-04T16:00:22.098+0000] {dagbag.py:545} INFO - Filling up the DagBag from /home/airflow/.local/lib/python3.12/site-packages/airflow/example_dags/example_subdag_operator.py
[2025-08-04T16:00:22.125+0000] {processor.py:840} INFO - DAG(s) 'example_subdag_operator.section-1', 'example_subdag_operator.section-2', 'example_subdag_operator' retrieved from /home/airflow/.local/lib/python3.12/site-packages/airflow/example_dags/example_subdag_operator.py
[2025-08-04T16:00:22.145+0000] {logging_mixin.py:188} INFO - [2025-08-04T16:00:22.145+0000] {dag.py:3096} INFO - Sync 3 DAGs
[2025-08-04T16:00:22.162+0000] {logging_mixin.py:188} INFO - [2025-08-04T16:00:22.161+0000] {dag.py:3954} INFO - Setting next_dagrun for example_subdag_operator to 2022-01-01 00:00:00+00:00, run_after=2022-01-01 00:00:00+00:00
[2025-08-04T16:00:22.167+0000] {logging_mixin.py:188} INFO - [2025-08-04T16:00:22.165+0000] {dag.py:3954} INFO - Setting next_dagrun for example_subdag_operator.section-1 to None, run_after=None
[2025-08-04T16:00:22.169+0000] {logging_mixin.py:188} INFO - [2025-08-04T16:00:22.169+0000] {dag.py:3954} INFO - Setting next_dagrun for example_subdag_operator.section-2 to None, run_after=None
[2025-08-04T16:00:22.175+0000] {logging_mixin.py:188} INFO - [2025-08-04T16:00:22.175+0000] {dag.py:3096} INFO - Sync 2 DAGs
[2025-08-04T16:00:22.178+0000] {logging_mixin.py:188} INFO - [2025-08-04T16:00:22.178+0000] {dag.py:3954} INFO - Setting next_dagrun for example_subdag_operator.section-1 to None, run_after=None
[2025-08-04T16:00:22.178+0000] {logging_mixin.py:188} INFO - [2025-08-04T16:00:22.178+0000] {dag.py:3954} INFO - Setting next_dagrun for example_subdag_operator.section-2 to None, run_after=None
[2025-08-04T16:00:22.183+0000] {processor.py:183} INFO - Processing /home/airflow/.local/lib/python3.12/site-packages/airflow/example_dags/example_subdag_operator.py took 0.092 seconds
[2025-08-04T16:00:52.603+0000] {processor.py:161} INFO - Started process (PID=301) to work on /home/airflow/.local/lib/python3.12/site-packages/airflow/example_dags/example_subdag_operator.py
[2025-08-04T16:00:52.604+0000] {processor.py:830} INFO - Processing file /home/airflow/.local/lib/python3.12/site-packages/airflow/example_dags/example_subdag_operator.py for tasks to queue
[2025-08-04T16:00:52.606+0000] {logging_mixin.py:188} INFO - [2025-08-04T16:00:52.606+0000] {dagbag.py:545} INFO - Filling up the DagBag from /home/airflow/.local/lib/python3.12/site-packages/airflow/example_dags/example_subdag_operator.py
[2025-08-04T16:00:52.635+0000] {processor.py:840} INFO - DAG(s) 'example_subdag_operator.section-1', 'example_subdag_operator.section-2', 'example_subdag_operator' retrieved from /home/airflow/.local/lib/python3.12/site-packages/airflow/example_dags/example_subdag_operator.py
[2025-08-04T16:00:52.647+0000] {logging_mixin.py:188} INFO - [2025-08-04T16:00:52.646+0000] {dag.py:3096} INFO - Sync 3 DAGs
[2025-08-04T16:00:52.665+0000] {logging_mixin.py:188} INFO - [2025-08-04T16:00:52.665+0000] {dag.py:3954} INFO - Setting next_dagrun for example_subdag_operator to 2022-01-01 00:00:00+00:00, run_after=2022-01-01 00:00:00+00:00
[2025-08-04T16:00:52.667+0000] {logging_mixin.py:188} INFO - [2025-08-04T16:00:52.667+0000] {dag.py:3954} INFO - Setting next_dagrun for example_subdag_operator.section-1 to None, run_after=None
[2025-08-04T16:00:52.668+0000] {logging_mixin.py:188} INFO - [2025-08-04T16:00:52.668+0000] {dag.py:3954} INFO - Setting next_dagrun for example_subdag_operator.section-2 to None, run_after=None
[2025-08-04T16:00:52.673+0000] {logging_mixin.py:188} INFO - [2025-08-04T16:00:52.673+0000] {dag.py:3096} INFO - Sync 2 DAGs
[2025-08-04T16:00:52.677+0000] {logging_mixin.py:188} INFO - [2025-08-04T16:00:52.676+0000] {dag.py:3954} INFO - Setting next_dagrun for example_subdag_operator.section-1 to None, run_after=None
[2025-08-04T16:00:52.677+0000] {logging_mixin.py:188} INFO - [2025-08-04T16:00:52.677+0000] {dag.py:3954} INFO - Setting next_dagrun for example_subdag_operator.section-2 to None, run_after=None
[2025-08-04T16:00:52.687+0000] {processor.py:183} INFO - Processing /home/airflow/.local/lib/python3.12/site-packages/airflow/example_dags/example_subdag_operator.py took 0.088 seconds
[2025-08-04T16:01:22.848+0000] {processor.py:161} INFO - Started process (PID=359) to work on /home/airflow/.local/lib/python3.12/site-packages/airflow/example_dags/example_subdag_operator.py
[2025-08-04T16:01:22.850+0000] {processor.py:830} INFO - Processing file /home/airflow/.local/lib/python3.12/site-packages/airflow/example_dags/example_subdag_operator.py for tasks to queue
[2025-08-04T16:01:22.853+0000] {logging_mixin.py:188} INFO - [2025-08-04T16:01:22.853+0000] {dagbag.py:545} INFO - Filling up the DagBag from /home/airflow/.local/lib/python3.12/site-packages/airflow/example_dags/example_subdag_operator.py
[2025-08-04T16:01:22.889+0000] {processor.py:840} INFO - DAG(s) 'example_subdag_operator.section-1', 'example_subdag_operator.section-2', 'example_subdag_operator' retrieved from /home/airflow/.local/lib/python3.12/site-packages/airflow/example_dags/example_subdag_operator.py
[2025-08-04T16:01:22.904+0000] {logging_mixin.py:188} INFO - [2025-08-04T16:01:22.904+0000] {dag.py:3096} INFO - Sync 3 DAGs
[2025-08-04T16:01:22.949+0000] {logging_mixin.py:188} INFO - [2025-08-04T16:01:22.949+0000] {dag.py:3954} INFO - Setting next_dagrun for example_subdag_operator to 2022-01-01 00:00:00+00:00, run_after=2022-01-01 00:00:00+00:00
[2025-08-04T16:01:22.955+0000] {logging_mixin.py:188} INFO - [2025-08-04T16:01:22.955+0000] {dag.py:3954} INFO - Setting next_dagrun for example_subdag_operator.section-1 to None, run_after=None
[2025-08-04T16:01:22.961+0000] {logging_mixin.py:188} INFO - [2025-08-04T16:01:22.960+0000] {dag.py:3954} INFO - Setting next_dagrun for example_subdag_operator.section-2 to None, run_after=None
[2025-08-04T16:01:22.977+0000] {logging_mixin.py:188} INFO - [2025-08-04T16:01:22.977+0000] {dag.py:3096} INFO - Sync 2 DAGs
[2025-08-04T16:01:22.983+0000] {logging_mixin.py:188} INFO - [2025-08-04T16:01:22.982+0000] {dag.py:3954} INFO - Setting next_dagrun for example_subdag_operator.section-1 to None, run_after=None
[2025-08-04T16:01:22.983+0000] {logging_mixin.py:188} INFO - [2025-08-04T16:01:22.983+0000] {dag.py:3954} INFO - Setting next_dagrun for example_subdag_operator.section-2 to None, run_after=None
[2025-08-04T16:01:22.993+0000] {processor.py:183} INFO - Processing /home/airflow/.local/lib/python3.12/site-packages/airflow/example_dags/example_subdag_operator.py took 0.149 seconds
[2025-08-04T16:35:19.052+0000] {processor.py:161} INFO - Started process (PID=70) to work on /home/airflow/.local/lib/python3.12/site-packages/airflow/example_dags/example_subdag_operator.py
[2025-08-04T16:35:19.053+0000] {processor.py:830} INFO - Processing file /home/airflow/.local/lib/python3.12/site-packages/airflow/example_dags/example_subdag_operator.py for tasks to queue
[2025-08-04T16:35:19.056+0000] {logging_mixin.py:188} INFO - [2025-08-04T16:35:19.055+0000] {dagbag.py:545} INFO - Filling up the DagBag from /home/airflow/.local/lib/python3.12/site-packages/airflow/example_dags/example_subdag_operator.py
[2025-08-04T16:35:19.104+0000] {processor.py:840} INFO - DAG(s) 'example_subdag_operator.section-1', 'example_subdag_operator.section-2', 'example_subdag_operator' retrieved from /home/airflow/.local/lib/python3.12/site-packages/airflow/example_dags/example_subdag_operator.py
[2025-08-04T16:35:19.152+0000] {logging_mixin.py:188} INFO - [2025-08-04T16:35:19.152+0000] {dag.py:3096} INFO - Sync 3 DAGs
[2025-08-04T16:35:19.203+0000] {logging_mixin.py:188} INFO - [2025-08-04T16:35:19.202+0000] {dag.py:3954} INFO - Setting next_dagrun for example_subdag_operator to 2022-01-01 00:00:00+00:00, run_after=2022-01-01 00:00:00+00:00
[2025-08-04T16:35:19.207+0000] {logging_mixin.py:188} INFO - [2025-08-04T16:35:19.207+0000] {dag.py:3954} INFO - Setting next_dagrun for example_subdag_operator.section-1 to None, run_after=None
[2025-08-04T16:35:19.209+0000] {logging_mixin.py:188} INFO - [2025-08-04T16:35:19.209+0000] {dag.py:3954} INFO - Setting next_dagrun for example_subdag_operator.section-2 to None, run_after=None
[2025-08-04T16:35:19.223+0000] {logging_mixin.py:188} INFO - [2025-08-04T16:35:19.223+0000] {dag.py:3096} INFO - Sync 2 DAGs
[2025-08-04T16:35:19.241+0000] {logging_mixin.py:188} INFO - [2025-08-04T16:35:19.241+0000] {dag.py:3954} INFO - Setting next_dagrun for example_subdag_operator.section-1 to None, run_after=None
[2025-08-04T16:35:19.243+0000] {logging_mixin.py:188} INFO - [2025-08-04T16:35:19.242+0000] {dag.py:3954} INFO - Setting next_dagrun for example_subdag_operator.section-2 to None, run_after=None
[2025-08-04T16:35:19.262+0000] {processor.py:183} INFO - Processing /home/airflow/.local/lib/python3.12/site-packages/airflow/example_dags/example_subdag_operator.py took 0.219 seconds
