[2025-08-04T03:45:39.183+0000] {processor.py:161} INFO - Started process (PID=75) to work on /home/airflow/.local/lib/python3.12/site-packages/airflow/example_dags/example_short_circuit_decorator.py
[2025-08-04T03:45:39.187+0000] {processor.py:830} INFO - Processing file /home/airflow/.local/lib/python3.12/site-packages/airflow/example_dags/example_short_circuit_decorator.py for tasks to queue
[2025-08-04T03:45:39.200+0000] {logging_mixin.py:188} INFO - [2025-08-04T03:45:39.192+0000] {dagbag.py:545} INFO - Filling up the DagBag from /home/airflow/.local/lib/python3.12/site-packages/airflow/example_dags/example_short_circuit_decorator.py
[2025-08-04T03:45:39.268+0000] {processor.py:840} INFO - DAG(s) 'example_short_circuit_decorator' retrieved from /home/airflow/.local/lib/python3.12/site-packages/airflow/example_dags/example_short_circuit_decorator.py
[2025-08-04T03:45:39.545+0000] {logging_mixin.py:188} INFO - [2025-08-04T03:45:39.545+0000] {dag.py:3096} INFO - Sync 1 DAGs
[2025-08-04T03:45:39.680+0000] {logging_mixin.py:188} INFO - [2025-08-04T03:45:39.679+0000] {dag.py:3954} INFO - Setting next_dagrun for example_short_circuit_decorator to 2025-08-03 00:00:00+00:00, run_after=2025-08-04 00:00:00+00:00
[2025-08-04T03:45:39.771+0000] {processor.py:183} INFO - Processing /home/airflow/.local/lib/python3.12/site-packages/airflow/example_dags/example_short_circuit_decorator.py took 0.681 seconds
[2025-08-04T03:46:52.173+0000] {processor.py:161} INFO - Started process (PID=145) to work on /home/airflow/.local/lib/python3.12/site-packages/airflow/example_dags/example_short_circuit_decorator.py
[2025-08-04T03:46:52.204+0000] {processor.py:830} INFO - Processing file /home/airflow/.local/lib/python3.12/site-packages/airflow/example_dags/example_short_circuit_decorator.py for tasks to queue
[2025-08-04T03:46:52.290+0000] {logging_mixin.py:188} INFO - [2025-08-04T03:46:52.289+0000] {dagbag.py:545} INFO - Filling up the DagBag from /home/airflow/.local/lib/python3.12/site-packages/airflow/example_dags/example_short_circuit_decorator.py
[2025-08-04T03:46:52.466+0000] {processor.py:840} INFO - DAG(s) 'example_short_circuit_decorator' retrieved from /home/airflow/.local/lib/python3.12/site-packages/airflow/example_dags/example_short_circuit_decorator.py
[2025-08-04T03:46:52.905+0000] {logging_mixin.py:188} INFO - [2025-08-04T03:46:52.900+0000] {dag.py:3096} INFO - Sync 1 DAGs
[2025-08-04T03:46:54.046+0000] {logging_mixin.py:188} INFO - [2025-08-04T03:46:53.973+0000] {dag.py:3954} INFO - Setting next_dagrun for example_short_circuit_decorator to 2025-08-03 00:00:00+00:00, run_after=2025-08-04 00:00:00+00:00
[2025-08-04T03:46:55.410+0000] {processor.py:183} INFO - Processing /home/airflow/.local/lib/python3.12/site-packages/airflow/example_dags/example_short_circuit_decorator.py took 3.330 seconds
[2025-08-04T03:47:39.852+0000] {processor.py:161} INFO - Started process (PID=201) to work on /home/airflow/.local/lib/python3.12/site-packages/airflow/example_dags/example_short_circuit_decorator.py
[2025-08-04T03:47:39.859+0000] {processor.py:830} INFO - Processing file /home/airflow/.local/lib/python3.12/site-packages/airflow/example_dags/example_short_circuit_decorator.py for tasks to queue
[2025-08-04T03:47:39.873+0000] {logging_mixin.py:188} INFO - [2025-08-04T03:47:39.866+0000] {dagbag.py:545} INFO - Filling up the DagBag from /home/airflow/.local/lib/python3.12/site-packages/airflow/example_dags/example_short_circuit_decorator.py
[2025-08-04T03:47:39.923+0000] {processor.py:840} INFO - DAG(s) 'example_short_circuit_decorator' retrieved from /home/airflow/.local/lib/python3.12/site-packages/airflow/example_dags/example_short_circuit_decorator.py
[2025-08-04T03:47:40.040+0000] {logging_mixin.py:188} INFO - [2025-08-04T03:47:40.040+0000] {dag.py:3096} INFO - Sync 1 DAGs
[2025-08-04T03:47:40.142+0000] {logging_mixin.py:188} INFO - [2025-08-04T03:47:40.142+0000] {dag.py:3954} INFO - Setting next_dagrun for example_short_circuit_decorator to 2025-08-03 00:00:00+00:00, run_after=2025-08-04 00:00:00+00:00
[2025-08-04T03:47:40.173+0000] {processor.py:183} INFO - Processing /home/airflow/.local/lib/python3.12/site-packages/airflow/example_dags/example_short_circuit_decorator.py took 0.350 seconds
[2025-08-04T03:48:16.513+0000] {processor.py:161} INFO - Started process (PID=259) to work on /home/airflow/.local/lib/python3.12/site-packages/airflow/example_dags/example_short_circuit_decorator.py
[2025-08-04T03:48:16.518+0000] {processor.py:830} INFO - Processing file /home/airflow/.local/lib/python3.12/site-packages/airflow/example_dags/example_short_circuit_decorator.py for tasks to queue
[2025-08-04T03:48:16.526+0000] {logging_mixin.py:188} INFO - [2025-08-04T03:48:16.524+0000] {dagbag.py:545} INFO - Filling up the DagBag from /home/airflow/.local/lib/python3.12/site-packages/airflow/example_dags/example_short_circuit_decorator.py
[2025-08-04T03:48:16.563+0000] {processor.py:840} INFO - DAG(s) 'example_short_circuit_decorator' retrieved from /home/airflow/.local/lib/python3.12/site-packages/airflow/example_dags/example_short_circuit_decorator.py
[2025-08-04T03:48:16.641+0000] {logging_mixin.py:188} INFO - [2025-08-04T03:48:16.641+0000] {dag.py:3096} INFO - Sync 1 DAGs
[2025-08-04T03:48:16.707+0000] {logging_mixin.py:188} INFO - [2025-08-04T03:48:16.707+0000] {dag.py:3954} INFO - Setting next_dagrun for example_short_circuit_decorator to 2025-08-03 00:00:00+00:00, run_after=2025-08-04 00:00:00+00:00
[2025-08-04T03:48:16.838+0000] {processor.py:183} INFO - Processing /home/airflow/.local/lib/python3.12/site-packages/airflow/example_dags/example_short_circuit_decorator.py took 0.346 seconds
[2025-08-04T03:48:46.869+0000] {processor.py:161} INFO - Started process (PID=317) to work on /home/airflow/.local/lib/python3.12/site-packages/airflow/example_dags/example_short_circuit_decorator.py
[2025-08-04T03:48:46.870+0000] {processor.py:830} INFO - Processing file /home/airflow/.local/lib/python3.12/site-packages/airflow/example_dags/example_short_circuit_decorator.py for tasks to queue
[2025-08-04T03:48:46.871+0000] {logging_mixin.py:188} INFO - [2025-08-04T03:48:46.871+0000] {dagbag.py:545} INFO - Filling up the DagBag from /home/airflow/.local/lib/python3.12/site-packages/airflow/example_dags/example_short_circuit_decorator.py
[2025-08-04T03:48:46.876+0000] {processor.py:840} INFO - DAG(s) 'example_short_circuit_decorator' retrieved from /home/airflow/.local/lib/python3.12/site-packages/airflow/example_dags/example_short_circuit_decorator.py
[2025-08-04T03:48:46.895+0000] {logging_mixin.py:188} INFO - [2025-08-04T03:48:46.895+0000] {dag.py:3096} INFO - Sync 1 DAGs
[2025-08-04T03:48:46.911+0000] {logging_mixin.py:188} INFO - [2025-08-04T03:48:46.910+0000] {dag.py:3954} INFO - Setting next_dagrun for example_short_circuit_decorator to 2025-08-03 00:00:00+00:00, run_after=2025-08-04 00:00:00+00:00
[2025-08-04T03:48:46.937+0000] {processor.py:183} INFO - Processing /home/airflow/.local/lib/python3.12/site-packages/airflow/example_dags/example_short_circuit_decorator.py took 0.072 seconds
[2025-08-04T15:16:41.962+0000] {processor.py:161} INFO - Started process (PID=76) to work on /home/airflow/.local/lib/python3.12/site-packages/airflow/example_dags/example_short_circuit_decorator.py
[2025-08-04T15:16:41.964+0000] {processor.py:830} INFO - Processing file /home/airflow/.local/lib/python3.12/site-packages/airflow/example_dags/example_short_circuit_decorator.py for tasks to queue
[2025-08-04T15:16:41.967+0000] {logging_mixin.py:188} INFO - [2025-08-04T15:16:41.967+0000] {dagbag.py:545} INFO - Filling up the DagBag from /home/airflow/.local/lib/python3.12/site-packages/airflow/example_dags/example_short_circuit_decorator.py
[2025-08-04T15:16:41.980+0000] {processor.py:840} INFO - DAG(s) 'example_short_circuit_decorator' retrieved from /home/airflow/.local/lib/python3.12/site-packages/airflow/example_dags/example_short_circuit_decorator.py
[2025-08-04T15:16:42.046+0000] {logging_mixin.py:188} INFO - [2025-08-04T15:16:42.046+0000] {dag.py:3096} INFO - Sync 1 DAGs
[2025-08-04T15:16:42.117+0000] {logging_mixin.py:188} INFO - [2025-08-04T15:16:42.114+0000] {dag.py:3954} INFO - Setting next_dagrun for example_short_circuit_decorator to 2025-08-03 00:00:00+00:00, run_after=2025-08-04 00:00:00+00:00
[2025-08-04T15:16:42.258+0000] {processor.py:183} INFO - Processing /home/airflow/.local/lib/python3.12/site-packages/airflow/example_dags/example_short_circuit_decorator.py took 0.305 seconds
[2025-08-04T15:17:12.927+0000] {processor.py:161} INFO - Started process (PID=134) to work on /home/airflow/.local/lib/python3.12/site-packages/airflow/example_dags/example_short_circuit_decorator.py
[2025-08-04T15:17:12.930+0000] {processor.py:830} INFO - Processing file /home/airflow/.local/lib/python3.12/site-packages/airflow/example_dags/example_short_circuit_decorator.py for tasks to queue
[2025-08-04T15:17:12.933+0000] {logging_mixin.py:188} INFO - [2025-08-04T15:17:12.932+0000] {dagbag.py:545} INFO - Filling up the DagBag from /home/airflow/.local/lib/python3.12/site-packages/airflow/example_dags/example_short_circuit_decorator.py
[2025-08-04T15:17:12.953+0000] {processor.py:840} INFO - DAG(s) 'example_short_circuit_decorator' retrieved from /home/airflow/.local/lib/python3.12/site-packages/airflow/example_dags/example_short_circuit_decorator.py
[2025-08-04T15:17:12.980+0000] {logging_mixin.py:188} INFO - [2025-08-04T15:17:12.980+0000] {dag.py:3096} INFO - Sync 1 DAGs
[2025-08-04T15:17:12.999+0000] {logging_mixin.py:188} INFO - [2025-08-04T15:17:12.999+0000] {dag.py:3954} INFO - Setting next_dagrun for example_short_circuit_decorator to 2025-08-03 00:00:00+00:00, run_after=2025-08-04 00:00:00+00:00
[2025-08-04T15:17:13.029+0000] {processor.py:183} INFO - Processing /home/airflow/.local/lib/python3.12/site-packages/airflow/example_dags/example_short_circuit_decorator.py took 0.106 seconds
[2025-08-04T15:17:43.088+0000] {processor.py:161} INFO - Started process (PID=192) to work on /home/airflow/.local/lib/python3.12/site-packages/airflow/example_dags/example_short_circuit_decorator.py
[2025-08-04T15:17:43.088+0000] {processor.py:830} INFO - Processing file /home/airflow/.local/lib/python3.12/site-packages/airflow/example_dags/example_short_circuit_decorator.py for tasks to queue
[2025-08-04T15:17:43.089+0000] {logging_mixin.py:188} INFO - [2025-08-04T15:17:43.089+0000] {dagbag.py:545} INFO - Filling up the DagBag from /home/airflow/.local/lib/python3.12/site-packages/airflow/example_dags/example_short_circuit_decorator.py
[2025-08-04T15:17:43.094+0000] {processor.py:840} INFO - DAG(s) 'example_short_circuit_decorator' retrieved from /home/airflow/.local/lib/python3.12/site-packages/airflow/example_dags/example_short_circuit_decorator.py
[2025-08-04T15:17:43.105+0000] {logging_mixin.py:188} INFO - [2025-08-04T15:17:43.104+0000] {dag.py:3096} INFO - Sync 1 DAGs
[2025-08-04T15:17:43.114+0000] {logging_mixin.py:188} INFO - [2025-08-04T15:17:43.114+0000] {dag.py:3954} INFO - Setting next_dagrun for example_short_circuit_decorator to 2025-08-03 00:00:00+00:00, run_after=2025-08-04 00:00:00+00:00
[2025-08-04T15:17:43.122+0000] {processor.py:183} INFO - Processing /home/airflow/.local/lib/python3.12/site-packages/airflow/example_dags/example_short_circuit_decorator.py took 0.037 seconds
[2025-08-04T15:18:13.707+0000] {processor.py:161} INFO - Started process (PID=250) to work on /home/airflow/.local/lib/python3.12/site-packages/airflow/example_dags/example_short_circuit_decorator.py
[2025-08-04T15:18:13.708+0000] {processor.py:830} INFO - Processing file /home/airflow/.local/lib/python3.12/site-packages/airflow/example_dags/example_short_circuit_decorator.py for tasks to queue
[2025-08-04T15:18:13.711+0000] {logging_mixin.py:188} INFO - [2025-08-04T15:18:13.711+0000] {dagbag.py:545} INFO - Filling up the DagBag from /home/airflow/.local/lib/python3.12/site-packages/airflow/example_dags/example_short_circuit_decorator.py
[2025-08-04T15:18:13.717+0000] {processor.py:840} INFO - DAG(s) 'example_short_circuit_decorator' retrieved from /home/airflow/.local/lib/python3.12/site-packages/airflow/example_dags/example_short_circuit_decorator.py
[2025-08-04T15:18:13.741+0000] {logging_mixin.py:188} INFO - [2025-08-04T15:18:13.740+0000] {dag.py:3096} INFO - Sync 1 DAGs
[2025-08-04T15:18:13.762+0000] {logging_mixin.py:188} INFO - [2025-08-04T15:18:13.762+0000] {dag.py:3954} INFO - Setting next_dagrun for example_short_circuit_decorator to 2025-08-03 00:00:00+00:00, run_after=2025-08-04 00:00:00+00:00
[2025-08-04T15:18:13.778+0000] {processor.py:183} INFO - Processing /home/airflow/.local/lib/python3.12/site-packages/airflow/example_dags/example_short_circuit_decorator.py took 0.078 seconds
[2025-08-04T15:18:44.767+0000] {processor.py:161} INFO - Started process (PID=308) to work on /home/airflow/.local/lib/python3.12/site-packages/airflow/example_dags/example_short_circuit_decorator.py
[2025-08-04T15:18:44.779+0000] {processor.py:830} INFO - Processing file /home/airflow/.local/lib/python3.12/site-packages/airflow/example_dags/example_short_circuit_decorator.py for tasks to queue
[2025-08-04T15:18:44.787+0000] {logging_mixin.py:188} INFO - [2025-08-04T15:18:44.782+0000] {dagbag.py:545} INFO - Filling up the DagBag from /home/airflow/.local/lib/python3.12/site-packages/airflow/example_dags/example_short_circuit_decorator.py
[2025-08-04T15:18:44.802+0000] {processor.py:840} INFO - DAG(s) 'example_short_circuit_decorator' retrieved from /home/airflow/.local/lib/python3.12/site-packages/airflow/example_dags/example_short_circuit_decorator.py
[2025-08-04T15:18:44.881+0000] {logging_mixin.py:188} INFO - [2025-08-04T15:18:44.880+0000] {dag.py:3096} INFO - Sync 1 DAGs
[2025-08-04T15:18:44.946+0000] {logging_mixin.py:188} INFO - [2025-08-04T15:18:44.946+0000] {dag.py:3954} INFO - Setting next_dagrun for example_short_circuit_decorator to 2025-08-03 00:00:00+00:00, run_after=2025-08-04 00:00:00+00:00
[2025-08-04T15:18:45.022+0000] {processor.py:183} INFO - Processing /home/airflow/.local/lib/python3.12/site-packages/airflow/example_dags/example_short_circuit_decorator.py took 0.267 seconds
[2025-08-04T15:19:15.278+0000] {processor.py:161} INFO - Started process (PID=366) to work on /home/airflow/.local/lib/python3.12/site-packages/airflow/example_dags/example_short_circuit_decorator.py
[2025-08-04T15:19:15.279+0000] {processor.py:830} INFO - Processing file /home/airflow/.local/lib/python3.12/site-packages/airflow/example_dags/example_short_circuit_decorator.py for tasks to queue
[2025-08-04T15:19:15.281+0000] {logging_mixin.py:188} INFO - [2025-08-04T15:19:15.280+0000] {dagbag.py:545} INFO - Filling up the DagBag from /home/airflow/.local/lib/python3.12/site-packages/airflow/example_dags/example_short_circuit_decorator.py
[2025-08-04T15:19:15.286+0000] {processor.py:840} INFO - DAG(s) 'example_short_circuit_decorator' retrieved from /home/airflow/.local/lib/python3.12/site-packages/airflow/example_dags/example_short_circuit_decorator.py
[2025-08-04T15:19:15.300+0000] {logging_mixin.py:188} INFO - [2025-08-04T15:19:15.299+0000] {dag.py:3096} INFO - Sync 1 DAGs
[2025-08-04T15:19:15.312+0000] {logging_mixin.py:188} INFO - [2025-08-04T15:19:15.312+0000] {dag.py:3954} INFO - Setting next_dagrun for example_short_circuit_decorator to 2025-08-03 00:00:00+00:00, run_after=2025-08-04 00:00:00+00:00
[2025-08-04T15:19:15.337+0000] {processor.py:183} INFO - Processing /home/airflow/.local/lib/python3.12/site-packages/airflow/example_dags/example_short_circuit_decorator.py took 0.063 seconds
[2025-08-04T15:27:08.248+0000] {processor.py:161} INFO - Started process (PID=75) to work on /home/airflow/.local/lib/python3.12/site-packages/airflow/example_dags/example_short_circuit_decorator.py
[2025-08-04T15:27:08.276+0000] {processor.py:830} INFO - Processing file /home/airflow/.local/lib/python3.12/site-packages/airflow/example_dags/example_short_circuit_decorator.py for tasks to queue
[2025-08-04T15:27:08.287+0000] {logging_mixin.py:188} INFO - [2025-08-04T15:27:08.281+0000] {dagbag.py:545} INFO - Filling up the DagBag from /home/airflow/.local/lib/python3.12/site-packages/airflow/example_dags/example_short_circuit_decorator.py
[2025-08-04T15:27:08.367+0000] {processor.py:840} INFO - DAG(s) 'example_short_circuit_decorator' retrieved from /home/airflow/.local/lib/python3.12/site-packages/airflow/example_dags/example_short_circuit_decorator.py
[2025-08-04T15:27:08.477+0000] {logging_mixin.py:188} INFO - [2025-08-04T15:27:08.477+0000] {dag.py:3096} INFO - Sync 1 DAGs
[2025-08-04T15:27:08.544+0000] {logging_mixin.py:188} INFO - [2025-08-04T15:27:08.543+0000] {dag.py:3954} INFO - Setting next_dagrun for example_short_circuit_decorator to 2025-08-03 00:00:00+00:00, run_after=2025-08-04 00:00:00+00:00
[2025-08-04T15:27:08.652+0000] {processor.py:183} INFO - Processing /home/airflow/.local/lib/python3.12/site-packages/airflow/example_dags/example_short_circuit_decorator.py took 0.422 seconds
[2025-08-04T15:27:39.303+0000] {processor.py:161} INFO - Started process (PID=133) to work on /home/airflow/.local/lib/python3.12/site-packages/airflow/example_dags/example_short_circuit_decorator.py
[2025-08-04T15:27:39.307+0000] {processor.py:830} INFO - Processing file /home/airflow/.local/lib/python3.12/site-packages/airflow/example_dags/example_short_circuit_decorator.py for tasks to queue
[2025-08-04T15:27:39.309+0000] {logging_mixin.py:188} INFO - [2025-08-04T15:27:39.309+0000] {dagbag.py:545} INFO - Filling up the DagBag from /home/airflow/.local/lib/python3.12/site-packages/airflow/example_dags/example_short_circuit_decorator.py
[2025-08-04T15:27:39.322+0000] {processor.py:840} INFO - DAG(s) 'example_short_circuit_decorator' retrieved from /home/airflow/.local/lib/python3.12/site-packages/airflow/example_dags/example_short_circuit_decorator.py
[2025-08-04T15:27:39.340+0000] {logging_mixin.py:188} INFO - [2025-08-04T15:27:39.340+0000] {dag.py:3096} INFO - Sync 1 DAGs
[2025-08-04T15:27:39.371+0000] {logging_mixin.py:188} INFO - [2025-08-04T15:27:39.371+0000] {dag.py:3954} INFO - Setting next_dagrun for example_short_circuit_decorator to 2025-08-03 00:00:00+00:00, run_after=2025-08-04 00:00:00+00:00
[2025-08-04T15:27:39.416+0000] {processor.py:183} INFO - Processing /home/airflow/.local/lib/python3.12/site-packages/airflow/example_dags/example_short_circuit_decorator.py took 0.118 seconds
[2025-08-04T15:28:10.408+0000] {processor.py:161} INFO - Started process (PID=191) to work on /home/airflow/.local/lib/python3.12/site-packages/airflow/example_dags/example_short_circuit_decorator.py
[2025-08-04T15:28:10.411+0000] {processor.py:830} INFO - Processing file /home/airflow/.local/lib/python3.12/site-packages/airflow/example_dags/example_short_circuit_decorator.py for tasks to queue
[2025-08-04T15:28:10.415+0000] {logging_mixin.py:188} INFO - [2025-08-04T15:28:10.414+0000] {dagbag.py:545} INFO - Filling up the DagBag from /home/airflow/.local/lib/python3.12/site-packages/airflow/example_dags/example_short_circuit_decorator.py
[2025-08-04T15:28:10.420+0000] {processor.py:840} INFO - DAG(s) 'example_short_circuit_decorator' retrieved from /home/airflow/.local/lib/python3.12/site-packages/airflow/example_dags/example_short_circuit_decorator.py
[2025-08-04T15:28:10.439+0000] {logging_mixin.py:188} INFO - [2025-08-04T15:28:10.439+0000] {dag.py:3096} INFO - Sync 1 DAGs
[2025-08-04T15:28:10.451+0000] {logging_mixin.py:188} INFO - [2025-08-04T15:28:10.451+0000] {dag.py:3954} INFO - Setting next_dagrun for example_short_circuit_decorator to 2025-08-03 00:00:00+00:00, run_after=2025-08-04 00:00:00+00:00
[2025-08-04T15:28:10.463+0000] {processor.py:183} INFO - Processing /home/airflow/.local/lib/python3.12/site-packages/airflow/example_dags/example_short_circuit_decorator.py took 0.059 seconds
[2025-08-04T15:28:40.760+0000] {processor.py:161} INFO - Started process (PID=249) to work on /home/airflow/.local/lib/python3.12/site-packages/airflow/example_dags/example_short_circuit_decorator.py
[2025-08-04T15:28:40.761+0000] {processor.py:830} INFO - Processing file /home/airflow/.local/lib/python3.12/site-packages/airflow/example_dags/example_short_circuit_decorator.py for tasks to queue
[2025-08-04T15:28:40.763+0000] {logging_mixin.py:188} INFO - [2025-08-04T15:28:40.763+0000] {dagbag.py:545} INFO - Filling up the DagBag from /home/airflow/.local/lib/python3.12/site-packages/airflow/example_dags/example_short_circuit_decorator.py
[2025-08-04T15:28:40.771+0000] {processor.py:840} INFO - DAG(s) 'example_short_circuit_decorator' retrieved from /home/airflow/.local/lib/python3.12/site-packages/airflow/example_dags/example_short_circuit_decorator.py
[2025-08-04T15:28:40.783+0000] {logging_mixin.py:188} INFO - [2025-08-04T15:28:40.783+0000] {dag.py:3096} INFO - Sync 1 DAGs
[2025-08-04T15:28:40.794+0000] {logging_mixin.py:188} INFO - [2025-08-04T15:28:40.794+0000] {dag.py:3954} INFO - Setting next_dagrun for example_short_circuit_decorator to 2025-08-03 00:00:00+00:00, run_after=2025-08-04 00:00:00+00:00
[2025-08-04T15:28:40.811+0000] {processor.py:183} INFO - Processing /home/airflow/.local/lib/python3.12/site-packages/airflow/example_dags/example_short_circuit_decorator.py took 0.054 seconds
[2025-08-04T15:29:11.303+0000] {processor.py:161} INFO - Started process (PID=307) to work on /home/airflow/.local/lib/python3.12/site-packages/airflow/example_dags/example_short_circuit_decorator.py
[2025-08-04T15:29:11.305+0000] {processor.py:830} INFO - Processing file /home/airflow/.local/lib/python3.12/site-packages/airflow/example_dags/example_short_circuit_decorator.py for tasks to queue
[2025-08-04T15:29:11.306+0000] {logging_mixin.py:188} INFO - [2025-08-04T15:29:11.306+0000] {dagbag.py:545} INFO - Filling up the DagBag from /home/airflow/.local/lib/python3.12/site-packages/airflow/example_dags/example_short_circuit_decorator.py
[2025-08-04T15:29:11.311+0000] {processor.py:840} INFO - DAG(s) 'example_short_circuit_decorator' retrieved from /home/airflow/.local/lib/python3.12/site-packages/airflow/example_dags/example_short_circuit_decorator.py
[2025-08-04T15:29:11.326+0000] {logging_mixin.py:188} INFO - [2025-08-04T15:29:11.326+0000] {dag.py:3096} INFO - Sync 1 DAGs
[2025-08-04T15:29:11.341+0000] {logging_mixin.py:188} INFO - [2025-08-04T15:29:11.340+0000] {dag.py:3954} INFO - Setting next_dagrun for example_short_circuit_decorator to 2025-08-03 00:00:00+00:00, run_after=2025-08-04 00:00:00+00:00
[2025-08-04T15:29:11.352+0000] {processor.py:183} INFO - Processing /home/airflow/.local/lib/python3.12/site-packages/airflow/example_dags/example_short_circuit_decorator.py took 0.052 seconds
[2025-08-04T15:29:41.679+0000] {processor.py:161} INFO - Started process (PID=365) to work on /home/airflow/.local/lib/python3.12/site-packages/airflow/example_dags/example_short_circuit_decorator.py
[2025-08-04T15:29:41.685+0000] {processor.py:830} INFO - Processing file /home/airflow/.local/lib/python3.12/site-packages/airflow/example_dags/example_short_circuit_decorator.py for tasks to queue
[2025-08-04T15:29:41.695+0000] {logging_mixin.py:188} INFO - [2025-08-04T15:29:41.694+0000] {dagbag.py:545} INFO - Filling up the DagBag from /home/airflow/.local/lib/python3.12/site-packages/airflow/example_dags/example_short_circuit_decorator.py
[2025-08-04T15:29:41.718+0000] {processor.py:840} INFO - DAG(s) 'example_short_circuit_decorator' retrieved from /home/airflow/.local/lib/python3.12/site-packages/airflow/example_dags/example_short_circuit_decorator.py
[2025-08-04T15:29:41.804+0000] {logging_mixin.py:188} INFO - [2025-08-04T15:29:41.804+0000] {dag.py:3096} INFO - Sync 1 DAGs
[2025-08-04T15:29:41.848+0000] {logging_mixin.py:188} INFO - [2025-08-04T15:29:41.847+0000] {dag.py:3954} INFO - Setting next_dagrun for example_short_circuit_decorator to 2025-08-03 00:00:00+00:00, run_after=2025-08-04 00:00:00+00:00
[2025-08-04T15:29:41.887+0000] {processor.py:183} INFO - Processing /home/airflow/.local/lib/python3.12/site-packages/airflow/example_dags/example_short_circuit_decorator.py took 0.228 seconds
[2025-08-04T15:30:12.120+0000] {processor.py:161} INFO - Started process (PID=423) to work on /home/airflow/.local/lib/python3.12/site-packages/airflow/example_dags/example_short_circuit_decorator.py
[2025-08-04T15:30:12.122+0000] {processor.py:830} INFO - Processing file /home/airflow/.local/lib/python3.12/site-packages/airflow/example_dags/example_short_circuit_decorator.py for tasks to queue
[2025-08-04T15:30:12.127+0000] {logging_mixin.py:188} INFO - [2025-08-04T15:30:12.127+0000] {dagbag.py:545} INFO - Filling up the DagBag from /home/airflow/.local/lib/python3.12/site-packages/airflow/example_dags/example_short_circuit_decorator.py
[2025-08-04T15:30:12.131+0000] {processor.py:840} INFO - DAG(s) 'example_short_circuit_decorator' retrieved from /home/airflow/.local/lib/python3.12/site-packages/airflow/example_dags/example_short_circuit_decorator.py
[2025-08-04T15:30:12.141+0000] {logging_mixin.py:188} INFO - [2025-08-04T15:30:12.141+0000] {dag.py:3096} INFO - Sync 1 DAGs
[2025-08-04T15:30:12.151+0000] {logging_mixin.py:188} INFO - [2025-08-04T15:30:12.151+0000] {dag.py:3954} INFO - Setting next_dagrun for example_short_circuit_decorator to 2025-08-03 00:00:00+00:00, run_after=2025-08-04 00:00:00+00:00
[2025-08-04T15:30:12.159+0000] {processor.py:183} INFO - Processing /home/airflow/.local/lib/python3.12/site-packages/airflow/example_dags/example_short_circuit_decorator.py took 0.042 seconds
[2025-08-04T15:30:42.468+0000] {processor.py:161} INFO - Started process (PID=481) to work on /home/airflow/.local/lib/python3.12/site-packages/airflow/example_dags/example_short_circuit_decorator.py
[2025-08-04T15:30:42.470+0000] {processor.py:830} INFO - Processing file /home/airflow/.local/lib/python3.12/site-packages/airflow/example_dags/example_short_circuit_decorator.py for tasks to queue
[2025-08-04T15:30:42.474+0000] {logging_mixin.py:188} INFO - [2025-08-04T15:30:42.474+0000] {dagbag.py:545} INFO - Filling up the DagBag from /home/airflow/.local/lib/python3.12/site-packages/airflow/example_dags/example_short_circuit_decorator.py
[2025-08-04T15:30:42.482+0000] {processor.py:840} INFO - DAG(s) 'example_short_circuit_decorator' retrieved from /home/airflow/.local/lib/python3.12/site-packages/airflow/example_dags/example_short_circuit_decorator.py
[2025-08-04T15:30:42.529+0000] {logging_mixin.py:188} INFO - [2025-08-04T15:30:42.529+0000] {dag.py:3096} INFO - Sync 1 DAGs
[2025-08-04T15:30:42.582+0000] {logging_mixin.py:188} INFO - [2025-08-04T15:30:42.582+0000] {dag.py:3954} INFO - Setting next_dagrun for example_short_circuit_decorator to 2025-08-03 00:00:00+00:00, run_after=2025-08-04 00:00:00+00:00
[2025-08-04T15:30:42.611+0000] {processor.py:183} INFO - Processing /home/airflow/.local/lib/python3.12/site-packages/airflow/example_dags/example_short_circuit_decorator.py took 0.148 seconds
[2025-08-04T15:31:13.055+0000] {processor.py:161} INFO - Started process (PID=539) to work on /home/airflow/.local/lib/python3.12/site-packages/airflow/example_dags/example_short_circuit_decorator.py
[2025-08-04T15:31:13.057+0000] {processor.py:830} INFO - Processing file /home/airflow/.local/lib/python3.12/site-packages/airflow/example_dags/example_short_circuit_decorator.py for tasks to queue
[2025-08-04T15:31:13.060+0000] {logging_mixin.py:188} INFO - [2025-08-04T15:31:13.059+0000] {dagbag.py:545} INFO - Filling up the DagBag from /home/airflow/.local/lib/python3.12/site-packages/airflow/example_dags/example_short_circuit_decorator.py
[2025-08-04T15:31:13.077+0000] {processor.py:840} INFO - DAG(s) 'example_short_circuit_decorator' retrieved from /home/airflow/.local/lib/python3.12/site-packages/airflow/example_dags/example_short_circuit_decorator.py
[2025-08-04T15:31:13.128+0000] {logging_mixin.py:188} INFO - [2025-08-04T15:31:13.128+0000] {dag.py:3096} INFO - Sync 1 DAGs
[2025-08-04T15:31:13.180+0000] {logging_mixin.py:188} INFO - [2025-08-04T15:31:13.180+0000] {dag.py:3954} INFO - Setting next_dagrun for example_short_circuit_decorator to 2025-08-03 00:00:00+00:00, run_after=2025-08-04 00:00:00+00:00
[2025-08-04T15:31:13.242+0000] {processor.py:183} INFO - Processing /home/airflow/.local/lib/python3.12/site-packages/airflow/example_dags/example_short_circuit_decorator.py took 0.190 seconds
[2025-08-04T15:31:44.257+0000] {processor.py:161} INFO - Started process (PID=597) to work on /home/airflow/.local/lib/python3.12/site-packages/airflow/example_dags/example_short_circuit_decorator.py
[2025-08-04T15:31:44.257+0000] {processor.py:830} INFO - Processing file /home/airflow/.local/lib/python3.12/site-packages/airflow/example_dags/example_short_circuit_decorator.py for tasks to queue
[2025-08-04T15:31:44.260+0000] {logging_mixin.py:188} INFO - [2025-08-04T15:31:44.259+0000] {dagbag.py:545} INFO - Filling up the DagBag from /home/airflow/.local/lib/python3.12/site-packages/airflow/example_dags/example_short_circuit_decorator.py
[2025-08-04T15:31:44.269+0000] {processor.py:840} INFO - DAG(s) 'example_short_circuit_decorator' retrieved from /home/airflow/.local/lib/python3.12/site-packages/airflow/example_dags/example_short_circuit_decorator.py
[2025-08-04T15:31:44.337+0000] {logging_mixin.py:188} INFO - [2025-08-04T15:31:44.337+0000] {dag.py:3096} INFO - Sync 1 DAGs
[2025-08-04T15:31:44.368+0000] {logging_mixin.py:188} INFO - [2025-08-04T15:31:44.367+0000] {dag.py:3954} INFO - Setting next_dagrun for example_short_circuit_decorator to 2025-08-03 00:00:00+00:00, run_after=2025-08-04 00:00:00+00:00
[2025-08-04T15:31:44.400+0000] {processor.py:183} INFO - Processing /home/airflow/.local/lib/python3.12/site-packages/airflow/example_dags/example_short_circuit_decorator.py took 0.147 seconds
[2025-08-04T15:52:56.731+0000] {processor.py:161} INFO - Started process (PID=77) to work on /home/airflow/.local/lib/python3.12/site-packages/airflow/example_dags/example_short_circuit_decorator.py
[2025-08-04T15:52:56.734+0000] {processor.py:830} INFO - Processing file /home/airflow/.local/lib/python3.12/site-packages/airflow/example_dags/example_short_circuit_decorator.py for tasks to queue
[2025-08-04T15:52:56.739+0000] {logging_mixin.py:188} INFO - [2025-08-04T15:52:56.739+0000] {dagbag.py:545} INFO - Filling up the DagBag from /home/airflow/.local/lib/python3.12/site-packages/airflow/example_dags/example_short_circuit_decorator.py
[2025-08-04T15:52:56.812+0000] {processor.py:840} INFO - DAG(s) 'example_short_circuit_decorator' retrieved from /home/airflow/.local/lib/python3.12/site-packages/airflow/example_dags/example_short_circuit_decorator.py
[2025-08-04T15:52:57.102+0000] {logging_mixin.py:188} INFO - [2025-08-04T15:52:57.102+0000] {dag.py:3096} INFO - Sync 1 DAGs
[2025-08-04T15:52:57.275+0000] {logging_mixin.py:188} INFO - [2025-08-04T15:52:57.274+0000] {dag.py:3954} INFO - Setting next_dagrun for example_short_circuit_decorator to 2025-08-03 00:00:00+00:00, run_after=2025-08-04 00:00:00+00:00
[2025-08-04T15:52:57.610+0000] {processor.py:183} INFO - Processing /home/airflow/.local/lib/python3.12/site-packages/airflow/example_dags/example_short_circuit_decorator.py took 0.901 seconds
[2025-08-04T15:53:28.389+0000] {processor.py:161} INFO - Started process (PID=135) to work on /home/airflow/.local/lib/python3.12/site-packages/airflow/example_dags/example_short_circuit_decorator.py
[2025-08-04T15:53:28.390+0000] {processor.py:830} INFO - Processing file /home/airflow/.local/lib/python3.12/site-packages/airflow/example_dags/example_short_circuit_decorator.py for tasks to queue
[2025-08-04T15:53:28.392+0000] {logging_mixin.py:188} INFO - [2025-08-04T15:53:28.391+0000] {dagbag.py:545} INFO - Filling up the DagBag from /home/airflow/.local/lib/python3.12/site-packages/airflow/example_dags/example_short_circuit_decorator.py
[2025-08-04T15:53:28.399+0000] {processor.py:840} INFO - DAG(s) 'example_short_circuit_decorator' retrieved from /home/airflow/.local/lib/python3.12/site-packages/airflow/example_dags/example_short_circuit_decorator.py
[2025-08-04T15:53:28.420+0000] {logging_mixin.py:188} INFO - [2025-08-04T15:53:28.420+0000] {dag.py:3096} INFO - Sync 1 DAGs
[2025-08-04T15:53:28.437+0000] {logging_mixin.py:188} INFO - [2025-08-04T15:53:28.437+0000] {dag.py:3954} INFO - Setting next_dagrun for example_short_circuit_decorator to 2025-08-03 00:00:00+00:00, run_after=2025-08-04 00:00:00+00:00
[2025-08-04T15:53:28.447+0000] {processor.py:183} INFO - Processing /home/airflow/.local/lib/python3.12/site-packages/airflow/example_dags/example_short_circuit_decorator.py took 0.061 seconds
[2025-08-04T15:53:58.522+0000] {processor.py:161} INFO - Started process (PID=193) to work on /home/airflow/.local/lib/python3.12/site-packages/airflow/example_dags/example_short_circuit_decorator.py
[2025-08-04T15:53:58.523+0000] {processor.py:830} INFO - Processing file /home/airflow/.local/lib/python3.12/site-packages/airflow/example_dags/example_short_circuit_decorator.py for tasks to queue
[2025-08-04T15:53:58.529+0000] {logging_mixin.py:188} INFO - [2025-08-04T15:53:58.526+0000] {dagbag.py:545} INFO - Filling up the DagBag from /home/airflow/.local/lib/python3.12/site-packages/airflow/example_dags/example_short_circuit_decorator.py
[2025-08-04T15:53:58.551+0000] {processor.py:840} INFO - DAG(s) 'example_short_circuit_decorator' retrieved from /home/airflow/.local/lib/python3.12/site-packages/airflow/example_dags/example_short_circuit_decorator.py
[2025-08-04T15:53:58.616+0000] {logging_mixin.py:188} INFO - [2025-08-04T15:53:58.616+0000] {dag.py:3096} INFO - Sync 1 DAGs
[2025-08-04T15:53:58.680+0000] {logging_mixin.py:188} INFO - [2025-08-04T15:53:58.680+0000] {dag.py:3954} INFO - Setting next_dagrun for example_short_circuit_decorator to 2025-08-03 00:00:00+00:00, run_after=2025-08-04 00:00:00+00:00
[2025-08-04T15:53:58.752+0000] {processor.py:183} INFO - Processing /home/airflow/.local/lib/python3.12/site-packages/airflow/example_dags/example_short_circuit_decorator.py took 0.237 seconds
[2025-08-04T15:54:29.132+0000] {processor.py:161} INFO - Started process (PID=251) to work on /home/airflow/.local/lib/python3.12/site-packages/airflow/example_dags/example_short_circuit_decorator.py
[2025-08-04T15:54:29.133+0000] {processor.py:830} INFO - Processing file /home/airflow/.local/lib/python3.12/site-packages/airflow/example_dags/example_short_circuit_decorator.py for tasks to queue
[2025-08-04T15:54:29.135+0000] {logging_mixin.py:188} INFO - [2025-08-04T15:54:29.135+0000] {dagbag.py:545} INFO - Filling up the DagBag from /home/airflow/.local/lib/python3.12/site-packages/airflow/example_dags/example_short_circuit_decorator.py
[2025-08-04T15:54:29.139+0000] {processor.py:840} INFO - DAG(s) 'example_short_circuit_decorator' retrieved from /home/airflow/.local/lib/python3.12/site-packages/airflow/example_dags/example_short_circuit_decorator.py
[2025-08-04T15:54:29.155+0000] {logging_mixin.py:188} INFO - [2025-08-04T15:54:29.154+0000] {dag.py:3096} INFO - Sync 1 DAGs
[2025-08-04T15:54:29.166+0000] {logging_mixin.py:188} INFO - [2025-08-04T15:54:29.165+0000] {dag.py:3954} INFO - Setting next_dagrun for example_short_circuit_decorator to 2025-08-03 00:00:00+00:00, run_after=2025-08-04 00:00:00+00:00
[2025-08-04T15:54:29.179+0000] {processor.py:183} INFO - Processing /home/airflow/.local/lib/python3.12/site-packages/airflow/example_dags/example_short_circuit_decorator.py took 0.049 seconds
[2025-08-04T15:55:00.428+0000] {processor.py:161} INFO - Started process (PID=309) to work on /home/airflow/.local/lib/python3.12/site-packages/airflow/example_dags/example_short_circuit_decorator.py
[2025-08-04T15:55:00.431+0000] {processor.py:830} INFO - Processing file /home/airflow/.local/lib/python3.12/site-packages/airflow/example_dags/example_short_circuit_decorator.py for tasks to queue
[2025-08-04T15:55:00.436+0000] {logging_mixin.py:188} INFO - [2025-08-04T15:55:00.435+0000] {dagbag.py:545} INFO - Filling up the DagBag from /home/airflow/.local/lib/python3.12/site-packages/airflow/example_dags/example_short_circuit_decorator.py
[2025-08-04T15:55:00.452+0000] {processor.py:840} INFO - DAG(s) 'example_short_circuit_decorator' retrieved from /home/airflow/.local/lib/python3.12/site-packages/airflow/example_dags/example_short_circuit_decorator.py
[2025-08-04T15:55:00.499+0000] {logging_mixin.py:188} INFO - [2025-08-04T15:55:00.499+0000] {dag.py:3096} INFO - Sync 1 DAGs
[2025-08-04T15:55:00.557+0000] {logging_mixin.py:188} INFO - [2025-08-04T15:55:00.557+0000] {dag.py:3954} INFO - Setting next_dagrun for example_short_circuit_decorator to 2025-08-03 00:00:00+00:00, run_after=2025-08-04 00:00:00+00:00
[2025-08-04T15:55:00.764+0000] {processor.py:183} INFO - Processing /home/airflow/.local/lib/python3.12/site-packages/airflow/example_dags/example_short_circuit_decorator.py took 0.345 seconds
[2025-08-04T15:55:33.605+0000] {processor.py:161} INFO - Started process (PID=367) to work on /home/airflow/.local/lib/python3.12/site-packages/airflow/example_dags/example_short_circuit_decorator.py
[2025-08-04T15:55:33.608+0000] {processor.py:830} INFO - Processing file /home/airflow/.local/lib/python3.12/site-packages/airflow/example_dags/example_short_circuit_decorator.py for tasks to queue
[2025-08-04T15:55:33.615+0000] {logging_mixin.py:188} INFO - [2025-08-04T15:55:33.613+0000] {dagbag.py:545} INFO - Filling up the DagBag from /home/airflow/.local/lib/python3.12/site-packages/airflow/example_dags/example_short_circuit_decorator.py
[2025-08-04T15:55:33.687+0000] {processor.py:840} INFO - DAG(s) 'example_short_circuit_decorator' retrieved from /home/airflow/.local/lib/python3.12/site-packages/airflow/example_dags/example_short_circuit_decorator.py
[2025-08-04T15:55:33.786+0000] {logging_mixin.py:188} INFO - [2025-08-04T15:55:33.785+0000] {dag.py:3096} INFO - Sync 1 DAGs
[2025-08-04T15:55:33.885+0000] {logging_mixin.py:188} INFO - [2025-08-04T15:55:33.885+0000] {dag.py:3954} INFO - Setting next_dagrun for example_short_circuit_decorator to 2025-08-03 00:00:00+00:00, run_after=2025-08-04 00:00:00+00:00
[2025-08-04T15:55:33.903+0000] {processor.py:183} INFO - Processing /home/airflow/.local/lib/python3.12/site-packages/airflow/example_dags/example_short_circuit_decorator.py took 0.317 seconds
[2025-08-04T15:56:04.018+0000] {processor.py:161} INFO - Started process (PID=425) to work on /home/airflow/.local/lib/python3.12/site-packages/airflow/example_dags/example_short_circuit_decorator.py
[2025-08-04T15:56:04.019+0000] {processor.py:830} INFO - Processing file /home/airflow/.local/lib/python3.12/site-packages/airflow/example_dags/example_short_circuit_decorator.py for tasks to queue
[2025-08-04T15:56:04.020+0000] {logging_mixin.py:188} INFO - [2025-08-04T15:56:04.020+0000] {dagbag.py:545} INFO - Filling up the DagBag from /home/airflow/.local/lib/python3.12/site-packages/airflow/example_dags/example_short_circuit_decorator.py
[2025-08-04T15:56:04.028+0000] {processor.py:840} INFO - DAG(s) 'example_short_circuit_decorator' retrieved from /home/airflow/.local/lib/python3.12/site-packages/airflow/example_dags/example_short_circuit_decorator.py
[2025-08-04T15:56:04.057+0000] {logging_mixin.py:188} INFO - [2025-08-04T15:56:04.056+0000] {dag.py:3096} INFO - Sync 1 DAGs
[2025-08-04T15:56:04.072+0000] {logging_mixin.py:188} INFO - [2025-08-04T15:56:04.072+0000] {dag.py:3954} INFO - Setting next_dagrun for example_short_circuit_decorator to 2025-08-03 00:00:00+00:00, run_after=2025-08-04 00:00:00+00:00
[2025-08-04T15:56:04.079+0000] {processor.py:183} INFO - Processing /home/airflow/.local/lib/python3.12/site-packages/airflow/example_dags/example_short_circuit_decorator.py took 0.065 seconds
[2025-08-04T15:58:55.791+0000] {processor.py:161} INFO - Started process (PID=77) to work on /home/airflow/.local/lib/python3.12/site-packages/airflow/example_dags/example_short_circuit_decorator.py
[2025-08-04T15:58:55.792+0000] {processor.py:830} INFO - Processing file /home/airflow/.local/lib/python3.12/site-packages/airflow/example_dags/example_short_circuit_decorator.py for tasks to queue
[2025-08-04T15:58:55.815+0000] {logging_mixin.py:188} INFO - [2025-08-04T15:58:55.814+0000] {dagbag.py:545} INFO - Filling up the DagBag from /home/airflow/.local/lib/python3.12/site-packages/airflow/example_dags/example_short_circuit_decorator.py
[2025-08-04T15:58:55.877+0000] {processor.py:840} INFO - DAG(s) 'example_short_circuit_decorator' retrieved from /home/airflow/.local/lib/python3.12/site-packages/airflow/example_dags/example_short_circuit_decorator.py
[2025-08-04T15:58:56.053+0000] {logging_mixin.py:188} INFO - [2025-08-04T15:58:56.053+0000] {dag.py:3096} INFO - Sync 1 DAGs
[2025-08-04T15:58:56.275+0000] {logging_mixin.py:188} INFO - [2025-08-04T15:58:56.275+0000] {dag.py:3954} INFO - Setting next_dagrun for example_short_circuit_decorator to 2025-08-03 00:00:00+00:00, run_after=2025-08-04 00:00:00+00:00
[2025-08-04T15:58:56.370+0000] {processor.py:183} INFO - Processing /home/airflow/.local/lib/python3.12/site-packages/airflow/example_dags/example_short_circuit_decorator.py took 0.592 seconds
[2025-08-04T15:59:26.738+0000] {processor.py:161} INFO - Started process (PID=135) to work on /home/airflow/.local/lib/python3.12/site-packages/airflow/example_dags/example_short_circuit_decorator.py
[2025-08-04T15:59:26.738+0000] {processor.py:830} INFO - Processing file /home/airflow/.local/lib/python3.12/site-packages/airflow/example_dags/example_short_circuit_decorator.py for tasks to queue
[2025-08-04T15:59:26.739+0000] {logging_mixin.py:188} INFO - [2025-08-04T15:59:26.739+0000] {dagbag.py:545} INFO - Filling up the DagBag from /home/airflow/.local/lib/python3.12/site-packages/airflow/example_dags/example_short_circuit_decorator.py
[2025-08-04T15:59:26.743+0000] {processor.py:840} INFO - DAG(s) 'example_short_circuit_decorator' retrieved from /home/airflow/.local/lib/python3.12/site-packages/airflow/example_dags/example_short_circuit_decorator.py
[2025-08-04T15:59:26.751+0000] {logging_mixin.py:188} INFO - [2025-08-04T15:59:26.751+0000] {dag.py:3096} INFO - Sync 1 DAGs
[2025-08-04T15:59:26.760+0000] {logging_mixin.py:188} INFO - [2025-08-04T15:59:26.759+0000] {dag.py:3954} INFO - Setting next_dagrun for example_short_circuit_decorator to 2025-08-03 00:00:00+00:00, run_after=2025-08-04 00:00:00+00:00
[2025-08-04T15:59:26.766+0000] {processor.py:183} INFO - Processing /home/airflow/.local/lib/python3.12/site-packages/airflow/example_dags/example_short_circuit_decorator.py took 0.031 seconds
[2025-08-04T15:59:57.234+0000] {processor.py:161} INFO - Started process (PID=193) to work on /home/airflow/.local/lib/python3.12/site-packages/airflow/example_dags/example_short_circuit_decorator.py
[2025-08-04T15:59:57.235+0000] {processor.py:830} INFO - Processing file /home/airflow/.local/lib/python3.12/site-packages/airflow/example_dags/example_short_circuit_decorator.py for tasks to queue
[2025-08-04T15:59:57.236+0000] {logging_mixin.py:188} INFO - [2025-08-04T15:59:57.236+0000] {dagbag.py:545} INFO - Filling up the DagBag from /home/airflow/.local/lib/python3.12/site-packages/airflow/example_dags/example_short_circuit_decorator.py
[2025-08-04T15:59:57.241+0000] {processor.py:840} INFO - DAG(s) 'example_short_circuit_decorator' retrieved from /home/airflow/.local/lib/python3.12/site-packages/airflow/example_dags/example_short_circuit_decorator.py
[2025-08-04T15:59:57.253+0000] {logging_mixin.py:188} INFO - [2025-08-04T15:59:57.253+0000] {dag.py:3096} INFO - Sync 1 DAGs
[2025-08-04T15:59:57.266+0000] {logging_mixin.py:188} INFO - [2025-08-04T15:59:57.266+0000] {dag.py:3954} INFO - Setting next_dagrun for example_short_circuit_decorator to 2025-08-03 00:00:00+00:00, run_after=2025-08-04 00:00:00+00:00
[2025-08-04T15:59:57.276+0000] {processor.py:183} INFO - Processing /home/airflow/.local/lib/python3.12/site-packages/airflow/example_dags/example_short_circuit_decorator.py took 0.047 seconds
[2025-08-04T16:00:27.665+0000] {processor.py:161} INFO - Started process (PID=251) to work on /home/airflow/.local/lib/python3.12/site-packages/airflow/example_dags/example_short_circuit_decorator.py
[2025-08-04T16:00:27.665+0000] {processor.py:830} INFO - Processing file /home/airflow/.local/lib/python3.12/site-packages/airflow/example_dags/example_short_circuit_decorator.py for tasks to queue
[2025-08-04T16:00:27.667+0000] {logging_mixin.py:188} INFO - [2025-08-04T16:00:27.667+0000] {dagbag.py:545} INFO - Filling up the DagBag from /home/airflow/.local/lib/python3.12/site-packages/airflow/example_dags/example_short_circuit_decorator.py
[2025-08-04T16:00:27.673+0000] {processor.py:840} INFO - DAG(s) 'example_short_circuit_decorator' retrieved from /home/airflow/.local/lib/python3.12/site-packages/airflow/example_dags/example_short_circuit_decorator.py
[2025-08-04T16:00:27.693+0000] {logging_mixin.py:188} INFO - [2025-08-04T16:00:27.693+0000] {dag.py:3096} INFO - Sync 1 DAGs
[2025-08-04T16:00:27.716+0000] {logging_mixin.py:188} INFO - [2025-08-04T16:00:27.716+0000] {dag.py:3954} INFO - Setting next_dagrun for example_short_circuit_decorator to 2025-08-03 00:00:00+00:00, run_after=2025-08-04 00:00:00+00:00
[2025-08-04T16:00:27.734+0000] {processor.py:183} INFO - Processing /home/airflow/.local/lib/python3.12/site-packages/airflow/example_dags/example_short_circuit_decorator.py took 0.074 seconds
[2025-08-04T16:00:58.084+0000] {processor.py:161} INFO - Started process (PID=309) to work on /home/airflow/.local/lib/python3.12/site-packages/airflow/example_dags/example_short_circuit_decorator.py
[2025-08-04T16:00:58.085+0000] {processor.py:830} INFO - Processing file /home/airflow/.local/lib/python3.12/site-packages/airflow/example_dags/example_short_circuit_decorator.py for tasks to queue
[2025-08-04T16:00:58.087+0000] {logging_mixin.py:188} INFO - [2025-08-04T16:00:58.087+0000] {dagbag.py:545} INFO - Filling up the DagBag from /home/airflow/.local/lib/python3.12/site-packages/airflow/example_dags/example_short_circuit_decorator.py
[2025-08-04T16:00:58.093+0000] {processor.py:840} INFO - DAG(s) 'example_short_circuit_decorator' retrieved from /home/airflow/.local/lib/python3.12/site-packages/airflow/example_dags/example_short_circuit_decorator.py
[2025-08-04T16:00:58.107+0000] {logging_mixin.py:188} INFO - [2025-08-04T16:00:58.107+0000] {dag.py:3096} INFO - Sync 1 DAGs
[2025-08-04T16:00:58.120+0000] {logging_mixin.py:188} INFO - [2025-08-04T16:00:58.120+0000] {dag.py:3954} INFO - Setting next_dagrun for example_short_circuit_decorator to 2025-08-03 00:00:00+00:00, run_after=2025-08-04 00:00:00+00:00
[2025-08-04T16:00:58.128+0000] {processor.py:183} INFO - Processing /home/airflow/.local/lib/python3.12/site-packages/airflow/example_dags/example_short_circuit_decorator.py took 0.050 seconds
[2025-08-04T16:35:19.911+0000] {processor.py:161} INFO - Started process (PID=78) to work on /home/airflow/.local/lib/python3.12/site-packages/airflow/example_dags/example_short_circuit_decorator.py
[2025-08-04T16:35:19.912+0000] {processor.py:830} INFO - Processing file /home/airflow/.local/lib/python3.12/site-packages/airflow/example_dags/example_short_circuit_decorator.py for tasks to queue
[2025-08-04T16:35:19.914+0000] {logging_mixin.py:188} INFO - [2025-08-04T16:35:19.914+0000] {dagbag.py:545} INFO - Filling up the DagBag from /home/airflow/.local/lib/python3.12/site-packages/airflow/example_dags/example_short_circuit_decorator.py
[2025-08-04T16:35:19.921+0000] {processor.py:840} INFO - DAG(s) 'example_short_circuit_decorator' retrieved from /home/airflow/.local/lib/python3.12/site-packages/airflow/example_dags/example_short_circuit_decorator.py
[2025-08-04T16:35:19.981+0000] {logging_mixin.py:188} INFO - [2025-08-04T16:35:19.981+0000] {dag.py:3096} INFO - Sync 1 DAGs
[2025-08-04T16:35:20.014+0000] {logging_mixin.py:188} INFO - [2025-08-04T16:35:20.014+0000] {dag.py:3954} INFO - Setting next_dagrun for example_short_circuit_decorator to 2025-08-03 00:00:00+00:00, run_after=2025-08-04 00:00:00+00:00
[2025-08-04T16:35:20.048+0000] {processor.py:183} INFO - Processing /home/airflow/.local/lib/python3.12/site-packages/airflow/example_dags/example_short_circuit_decorator.py took 0.141 seconds
