[2025-08-04T03:45:37.446+0000] {processor.py:161} INFO - Started process (PID=68) to work on /home/airflow/.local/lib/python3.12/site-packages/airflow/example_dags/example_branch_python_dop_operator_3.py
[2025-08-04T03:45:37.448+0000] {processor.py:830} INFO - Processing file /home/airflow/.local/lib/python3.12/site-packages/airflow/example_dags/example_branch_python_dop_operator_3.py for tasks to queue
[2025-08-04T03:45:37.454+0000] {logging_mixin.py:188} INFO - [2025-08-04T03:45:37.453+0000] {dagbag.py:545} INFO - Filling up the DagBag from /home/airflow/.local/lib/python3.12/site-packages/airflow/example_dags/example_branch_python_dop_operator_3.py
[2025-08-04T03:45:37.489+0000] {processor.py:840} INFO - DAG(s) 'example_branch_dop_operator_v3' retrieved from /home/airflow/.local/lib/python3.12/site-packages/airflow/example_dags/example_branch_python_dop_operator_3.py
[2025-08-04T03:45:37.624+0000] {logging_mixin.py:188} INFO - [2025-08-04T03:45:37.623+0000] {dag.py:3096} INFO - Sync 1 DAGs
[2025-08-04T03:45:37.720+0000] {logging_mixin.py:188} INFO - [2025-08-04T03:45:37.720+0000] {dag.py:3954} INFO - Setting next_dagrun for example_branch_dop_operator_v3 to 2025-08-04 03:44:00+00:00, run_after=2025-08-04 03:45:00+00:00
[2025-08-04T03:45:37.869+0000] {processor.py:183} INFO - Processing /home/airflow/.local/lib/python3.12/site-packages/airflow/example_dags/example_branch_python_dop_operator_3.py took 0.432 seconds
[2025-08-04T03:46:38.364+0000] {processor.py:161} INFO - Started process (PID=132) to work on /home/airflow/.local/lib/python3.12/site-packages/airflow/example_dags/example_branch_python_dop_operator_3.py
[2025-08-04T03:46:38.431+0000] {processor.py:830} INFO - Processing file /home/airflow/.local/lib/python3.12/site-packages/airflow/example_dags/example_branch_python_dop_operator_3.py for tasks to queue
[2025-08-04T03:46:38.441+0000] {logging_mixin.py:188} INFO - [2025-08-04T03:46:38.440+0000] {dagbag.py:545} INFO - Filling up the DagBag from /home/airflow/.local/lib/python3.12/site-packages/airflow/example_dags/example_branch_python_dop_operator_3.py
[2025-08-04T03:46:39.201+0000] {processor.py:840} INFO - DAG(s) 'example_branch_dop_operator_v3' retrieved from /home/airflow/.local/lib/python3.12/site-packages/airflow/example_dags/example_branch_python_dop_operator_3.py
[2025-08-04T03:46:40.510+0000] {logging_mixin.py:188} INFO - [2025-08-04T03:46:40.470+0000] {dag.py:3096} INFO - Sync 1 DAGs
[2025-08-04T03:46:41.419+0000] {logging_mixin.py:188} INFO - [2025-08-04T03:46:41.414+0000] {dag.py:3954} INFO - Setting next_dagrun for example_branch_dop_operator_v3 to 2025-08-04 03:45:00+00:00, run_after=2025-08-04 03:46:00+00:00
[2025-08-04T03:46:41.857+0000] {processor.py:183} INFO - Processing /home/airflow/.local/lib/python3.12/site-packages/airflow/example_dags/example_branch_python_dop_operator_3.py took 3.590 seconds
[2025-08-04T03:47:38.207+0000] {processor.py:161} INFO - Started process (PID=194) to work on /home/airflow/.local/lib/python3.12/site-packages/airflow/example_dags/example_branch_python_dop_operator_3.py
[2025-08-04T03:47:38.214+0000] {processor.py:830} INFO - Processing file /home/airflow/.local/lib/python3.12/site-packages/airflow/example_dags/example_branch_python_dop_operator_3.py for tasks to queue
[2025-08-04T03:47:38.227+0000] {logging_mixin.py:188} INFO - [2025-08-04T03:47:38.226+0000] {dagbag.py:545} INFO - Filling up the DagBag from /home/airflow/.local/lib/python3.12/site-packages/airflow/example_dags/example_branch_python_dop_operator_3.py
[2025-08-04T03:47:38.281+0000] {processor.py:840} INFO - DAG(s) 'example_branch_dop_operator_v3' retrieved from /home/airflow/.local/lib/python3.12/site-packages/airflow/example_dags/example_branch_python_dop_operator_3.py
[2025-08-04T03:47:38.354+0000] {logging_mixin.py:188} INFO - [2025-08-04T03:47:38.353+0000] {dag.py:3096} INFO - Sync 1 DAGs
[2025-08-04T03:47:38.516+0000] {logging_mixin.py:188} INFO - [2025-08-04T03:47:38.515+0000] {dag.py:3954} INFO - Setting next_dagrun for example_branch_dop_operator_v3 to 2025-08-04 03:46:00+00:00, run_after=2025-08-04 03:47:00+00:00
[2025-08-04T03:47:38.664+0000] {processor.py:183} INFO - Processing /home/airflow/.local/lib/python3.12/site-packages/airflow/example_dags/example_branch_python_dop_operator_3.py took 0.477 seconds
[2025-08-04T03:48:12.063+0000] {processor.py:161} INFO - Started process (PID=252) to work on /home/airflow/.local/lib/python3.12/site-packages/airflow/example_dags/example_branch_python_dop_operator_3.py
[2025-08-04T03:48:12.069+0000] {processor.py:830} INFO - Processing file /home/airflow/.local/lib/python3.12/site-packages/airflow/example_dags/example_branch_python_dop_operator_3.py for tasks to queue
[2025-08-04T03:48:12.075+0000] {logging_mixin.py:188} INFO - [2025-08-04T03:48:12.074+0000] {dagbag.py:545} INFO - Filling up the DagBag from /home/airflow/.local/lib/python3.12/site-packages/airflow/example_dags/example_branch_python_dop_operator_3.py
[2025-08-04T03:48:12.129+0000] {processor.py:840} INFO - DAG(s) 'example_branch_dop_operator_v3' retrieved from /home/airflow/.local/lib/python3.12/site-packages/airflow/example_dags/example_branch_python_dop_operator_3.py
[2025-08-04T03:48:12.347+0000] {logging_mixin.py:188} INFO - [2025-08-04T03:48:12.346+0000] {dag.py:3096} INFO - Sync 1 DAGs
[2025-08-04T03:48:12.774+0000] {logging_mixin.py:188} INFO - [2025-08-04T03:48:12.773+0000] {dag.py:3954} INFO - Setting next_dagrun for example_branch_dop_operator_v3 to 2025-08-04 03:47:00+00:00, run_after=2025-08-04 03:48:00+00:00
[2025-08-04T03:48:12.992+0000] {processor.py:183} INFO - Processing /home/airflow/.local/lib/python3.12/site-packages/airflow/example_dags/example_branch_python_dop_operator_3.py took 0.940 seconds
[2025-08-04T03:48:43.414+0000] {processor.py:161} INFO - Started process (PID=310) to work on /home/airflow/.local/lib/python3.12/site-packages/airflow/example_dags/example_branch_python_dop_operator_3.py
[2025-08-04T03:48:43.415+0000] {processor.py:830} INFO - Processing file /home/airflow/.local/lib/python3.12/site-packages/airflow/example_dags/example_branch_python_dop_operator_3.py for tasks to queue
[2025-08-04T03:48:43.419+0000] {logging_mixin.py:188} INFO - [2025-08-04T03:48:43.418+0000] {dagbag.py:545} INFO - Filling up the DagBag from /home/airflow/.local/lib/python3.12/site-packages/airflow/example_dags/example_branch_python_dop_operator_3.py
[2025-08-04T03:48:43.433+0000] {processor.py:840} INFO - DAG(s) 'example_branch_dop_operator_v3' retrieved from /home/airflow/.local/lib/python3.12/site-packages/airflow/example_dags/example_branch_python_dop_operator_3.py
[2025-08-04T03:48:43.481+0000] {logging_mixin.py:188} INFO - [2025-08-04T03:48:43.481+0000] {dag.py:3096} INFO - Sync 1 DAGs
[2025-08-04T03:48:43.509+0000] {logging_mixin.py:188} INFO - [2025-08-04T03:48:43.509+0000] {dag.py:3954} INFO - Setting next_dagrun for example_branch_dop_operator_v3 to 2025-08-04 03:47:00+00:00, run_after=2025-08-04 03:48:00+00:00
[2025-08-04T03:48:43.529+0000] {processor.py:183} INFO - Processing /home/airflow/.local/lib/python3.12/site-packages/airflow/example_dags/example_branch_python_dop_operator_3.py took 0.120 seconds
[2025-08-04T03:50:15.692+0000] {processor.py:161} INFO - Started process (PID=371) to work on /home/airflow/.local/lib/python3.12/site-packages/airflow/example_dags/example_branch_python_dop_operator_3.py
[2025-08-04T03:50:16.487+0000] {processor.py:830} INFO - Processing file /home/airflow/.local/lib/python3.12/site-packages/airflow/example_dags/example_branch_python_dop_operator_3.py for tasks to queue
[2025-08-04T03:50:17.473+0000] {logging_mixin.py:188} INFO - [2025-08-04T03:50:17.179+0000] {dagbag.py:545} INFO - Filling up the DagBag from /home/airflow/.local/lib/python3.12/site-packages/airflow/example_dags/example_branch_python_dop_operator_3.py
[2025-08-04T03:50:22.585+0000] {processor.py:840} INFO - DAG(s) 'example_branch_dop_operator_v3' retrieved from /home/airflow/.local/lib/python3.12/site-packages/airflow/example_dags/example_branch_python_dop_operator_3.py
[2025-08-04T03:50:40.307+0000] {logging_mixin.py:188} INFO - [2025-08-04T03:50:39.665+0000] {dag.py:3096} INFO - Sync 1 DAGs
[2025-08-04T15:16:40.384+0000] {processor.py:161} INFO - Started process (PID=69) to work on /home/airflow/.local/lib/python3.12/site-packages/airflow/example_dags/example_branch_python_dop_operator_3.py
[2025-08-04T15:16:40.386+0000] {processor.py:830} INFO - Processing file /home/airflow/.local/lib/python3.12/site-packages/airflow/example_dags/example_branch_python_dop_operator_3.py for tasks to queue
[2025-08-04T15:16:40.390+0000] {logging_mixin.py:188} INFO - [2025-08-04T15:16:40.389+0000] {dagbag.py:545} INFO - Filling up the DagBag from /home/airflow/.local/lib/python3.12/site-packages/airflow/example_dags/example_branch_python_dop_operator_3.py
[2025-08-04T15:16:40.418+0000] {processor.py:840} INFO - DAG(s) 'example_branch_dop_operator_v3' retrieved from /home/airflow/.local/lib/python3.12/site-packages/airflow/example_dags/example_branch_python_dop_operator_3.py
[2025-08-04T15:16:40.611+0000] {logging_mixin.py:188} INFO - [2025-08-04T15:16:40.610+0000] {dag.py:3096} INFO - Sync 1 DAGs
[2025-08-04T15:16:40.757+0000] {logging_mixin.py:188} INFO - [2025-08-04T15:16:40.756+0000] {dag.py:3954} INFO - Setting next_dagrun for example_branch_dop_operator_v3 to 2025-08-04 15:15:00+00:00, run_after=2025-08-04 15:16:00+00:00
[2025-08-04T15:16:40.949+0000] {processor.py:183} INFO - Processing /home/airflow/.local/lib/python3.12/site-packages/airflow/example_dags/example_branch_python_dop_operator_3.py took 0.655 seconds
[2025-08-04T15:17:11.438+0000] {processor.py:161} INFO - Started process (PID=127) to work on /home/airflow/.local/lib/python3.12/site-packages/airflow/example_dags/example_branch_python_dop_operator_3.py
[2025-08-04T15:17:11.440+0000] {processor.py:830} INFO - Processing file /home/airflow/.local/lib/python3.12/site-packages/airflow/example_dags/example_branch_python_dop_operator_3.py for tasks to queue
[2025-08-04T15:17:11.450+0000] {logging_mixin.py:188} INFO - [2025-08-04T15:17:11.449+0000] {dagbag.py:545} INFO - Filling up the DagBag from /home/airflow/.local/lib/python3.12/site-packages/airflow/example_dags/example_branch_python_dop_operator_3.py
[2025-08-04T15:17:11.470+0000] {processor.py:840} INFO - DAG(s) 'example_branch_dop_operator_v3' retrieved from /home/airflow/.local/lib/python3.12/site-packages/airflow/example_dags/example_branch_python_dop_operator_3.py
[2025-08-04T15:17:11.494+0000] {logging_mixin.py:188} INFO - [2025-08-04T15:17:11.494+0000] {dag.py:3096} INFO - Sync 1 DAGs
[2025-08-04T15:17:11.523+0000] {logging_mixin.py:188} INFO - [2025-08-04T15:17:11.523+0000] {dag.py:3954} INFO - Setting next_dagrun for example_branch_dop_operator_v3 to 2025-08-04 15:16:00+00:00, run_after=2025-08-04 15:17:00+00:00
[2025-08-04T15:17:11.553+0000] {processor.py:183} INFO - Processing /home/airflow/.local/lib/python3.12/site-packages/airflow/example_dags/example_branch_python_dop_operator_3.py took 0.124 seconds
[2025-08-04T15:17:41.783+0000] {processor.py:161} INFO - Started process (PID=185) to work on /home/airflow/.local/lib/python3.12/site-packages/airflow/example_dags/example_branch_python_dop_operator_3.py
[2025-08-04T15:17:41.786+0000] {processor.py:830} INFO - Processing file /home/airflow/.local/lib/python3.12/site-packages/airflow/example_dags/example_branch_python_dop_operator_3.py for tasks to queue
[2025-08-04T15:17:41.789+0000] {logging_mixin.py:188} INFO - [2025-08-04T15:17:41.789+0000] {dagbag.py:545} INFO - Filling up the DagBag from /home/airflow/.local/lib/python3.12/site-packages/airflow/example_dags/example_branch_python_dop_operator_3.py
[2025-08-04T15:17:41.793+0000] {processor.py:840} INFO - DAG(s) 'example_branch_dop_operator_v3' retrieved from /home/airflow/.local/lib/python3.12/site-packages/airflow/example_dags/example_branch_python_dop_operator_3.py
[2025-08-04T15:17:41.802+0000] {logging_mixin.py:188} INFO - [2025-08-04T15:17:41.802+0000] {dag.py:3096} INFO - Sync 1 DAGs
[2025-08-04T15:17:41.814+0000] {logging_mixin.py:188} INFO - [2025-08-04T15:17:41.814+0000] {dag.py:3954} INFO - Setting next_dagrun for example_branch_dop_operator_v3 to 2025-08-04 15:16:00+00:00, run_after=2025-08-04 15:17:00+00:00
[2025-08-04T15:17:41.823+0000] {processor.py:183} INFO - Processing /home/airflow/.local/lib/python3.12/site-packages/airflow/example_dags/example_branch_python_dop_operator_3.py took 0.044 seconds
[2025-08-04T15:18:12.272+0000] {processor.py:161} INFO - Started process (PID=243) to work on /home/airflow/.local/lib/python3.12/site-packages/airflow/example_dags/example_branch_python_dop_operator_3.py
[2025-08-04T15:18:12.278+0000] {processor.py:830} INFO - Processing file /home/airflow/.local/lib/python3.12/site-packages/airflow/example_dags/example_branch_python_dop_operator_3.py for tasks to queue
[2025-08-04T15:18:12.285+0000] {logging_mixin.py:188} INFO - [2025-08-04T15:18:12.284+0000] {dagbag.py:545} INFO - Filling up the DagBag from /home/airflow/.local/lib/python3.12/site-packages/airflow/example_dags/example_branch_python_dop_operator_3.py
[2025-08-04T15:18:12.295+0000] {processor.py:840} INFO - DAG(s) 'example_branch_dop_operator_v3' retrieved from /home/airflow/.local/lib/python3.12/site-packages/airflow/example_dags/example_branch_python_dop_operator_3.py
[2025-08-04T15:18:12.323+0000] {logging_mixin.py:188} INFO - [2025-08-04T15:18:12.323+0000] {dag.py:3096} INFO - Sync 1 DAGs
[2025-08-04T15:18:12.352+0000] {logging_mixin.py:188} INFO - [2025-08-04T15:18:12.352+0000] {dag.py:3954} INFO - Setting next_dagrun for example_branch_dop_operator_v3 to 2025-08-04 15:17:00+00:00, run_after=2025-08-04 15:18:00+00:00
[2025-08-04T15:18:12.368+0000] {processor.py:183} INFO - Processing /home/airflow/.local/lib/python3.12/site-packages/airflow/example_dags/example_branch_python_dop_operator_3.py took 0.102 seconds
[2025-08-04T15:18:42.665+0000] {processor.py:161} INFO - Started process (PID=301) to work on /home/airflow/.local/lib/python3.12/site-packages/airflow/example_dags/example_branch_python_dop_operator_3.py
[2025-08-04T15:18:42.669+0000] {processor.py:830} INFO - Processing file /home/airflow/.local/lib/python3.12/site-packages/airflow/example_dags/example_branch_python_dop_operator_3.py for tasks to queue
[2025-08-04T15:18:42.674+0000] {logging_mixin.py:188} INFO - [2025-08-04T15:18:42.674+0000] {dagbag.py:545} INFO - Filling up the DagBag from /home/airflow/.local/lib/python3.12/site-packages/airflow/example_dags/example_branch_python_dop_operator_3.py
[2025-08-04T15:18:42.695+0000] {processor.py:840} INFO - DAG(s) 'example_branch_dop_operator_v3' retrieved from /home/airflow/.local/lib/python3.12/site-packages/airflow/example_dags/example_branch_python_dop_operator_3.py
[2025-08-04T15:18:42.734+0000] {logging_mixin.py:188} INFO - [2025-08-04T15:18:42.733+0000] {dag.py:3096} INFO - Sync 1 DAGs
[2025-08-04T15:18:42.797+0000] {logging_mixin.py:188} INFO - [2025-08-04T15:18:42.796+0000] {dag.py:3954} INFO - Setting next_dagrun for example_branch_dop_operator_v3 to 2025-08-04 15:17:00+00:00, run_after=2025-08-04 15:18:00+00:00
[2025-08-04T15:18:42.837+0000] {processor.py:183} INFO - Processing /home/airflow/.local/lib/python3.12/site-packages/airflow/example_dags/example_branch_python_dop_operator_3.py took 0.184 seconds
[2025-08-04T15:19:13.657+0000] {processor.py:161} INFO - Started process (PID=359) to work on /home/airflow/.local/lib/python3.12/site-packages/airflow/example_dags/example_branch_python_dop_operator_3.py
[2025-08-04T15:19:13.658+0000] {processor.py:830} INFO - Processing file /home/airflow/.local/lib/python3.12/site-packages/airflow/example_dags/example_branch_python_dop_operator_3.py for tasks to queue
[2025-08-04T15:19:13.660+0000] {logging_mixin.py:188} INFO - [2025-08-04T15:19:13.660+0000] {dagbag.py:545} INFO - Filling up the DagBag from /home/airflow/.local/lib/python3.12/site-packages/airflow/example_dags/example_branch_python_dop_operator_3.py
[2025-08-04T15:19:13.671+0000] {processor.py:840} INFO - DAG(s) 'example_branch_dop_operator_v3' retrieved from /home/airflow/.local/lib/python3.12/site-packages/airflow/example_dags/example_branch_python_dop_operator_3.py
[2025-08-04T15:19:13.687+0000] {logging_mixin.py:188} INFO - [2025-08-04T15:19:13.687+0000] {dag.py:3096} INFO - Sync 1 DAGs
[2025-08-04T15:19:13.704+0000] {logging_mixin.py:188} INFO - [2025-08-04T15:19:13.704+0000] {dag.py:3954} INFO - Setting next_dagrun for example_branch_dop_operator_v3 to 2025-08-04 15:18:00+00:00, run_after=2025-08-04 15:19:00+00:00
[2025-08-04T15:19:13.724+0000] {processor.py:183} INFO - Processing /home/airflow/.local/lib/python3.12/site-packages/airflow/example_dags/example_branch_python_dop_operator_3.py took 0.073 seconds
[2025-08-04T15:27:06.666+0000] {processor.py:161} INFO - Started process (PID=68) to work on /home/airflow/.local/lib/python3.12/site-packages/airflow/example_dags/example_branch_python_dop_operator_3.py
[2025-08-04T15:27:06.675+0000] {processor.py:830} INFO - Processing file /home/airflow/.local/lib/python3.12/site-packages/airflow/example_dags/example_branch_python_dop_operator_3.py for tasks to queue
[2025-08-04T15:27:06.686+0000] {logging_mixin.py:188} INFO - [2025-08-04T15:27:06.685+0000] {dagbag.py:545} INFO - Filling up the DagBag from /home/airflow/.local/lib/python3.12/site-packages/airflow/example_dags/example_branch_python_dop_operator_3.py
[2025-08-04T15:27:06.709+0000] {processor.py:840} INFO - DAG(s) 'example_branch_dop_operator_v3' retrieved from /home/airflow/.local/lib/python3.12/site-packages/airflow/example_dags/example_branch_python_dop_operator_3.py
[2025-08-04T15:27:06.783+0000] {logging_mixin.py:188} INFO - [2025-08-04T15:27:06.782+0000] {dag.py:3096} INFO - Sync 1 DAGs
[2025-08-04T15:27:06.833+0000] {logging_mixin.py:188} INFO - [2025-08-04T15:27:06.833+0000] {dag.py:3954} INFO - Setting next_dagrun for example_branch_dop_operator_v3 to 2025-08-04 15:26:00+00:00, run_after=2025-08-04 15:27:00+00:00
[2025-08-04T15:27:06.887+0000] {processor.py:183} INFO - Processing /home/airflow/.local/lib/python3.12/site-packages/airflow/example_dags/example_branch_python_dop_operator_3.py took 0.229 seconds
[2025-08-04T15:27:37.024+0000] {processor.py:161} INFO - Started process (PID=126) to work on /home/airflow/.local/lib/python3.12/site-packages/airflow/example_dags/example_branch_python_dop_operator_3.py
[2025-08-04T15:27:37.024+0000] {processor.py:830} INFO - Processing file /home/airflow/.local/lib/python3.12/site-packages/airflow/example_dags/example_branch_python_dop_operator_3.py for tasks to queue
[2025-08-04T15:27:37.026+0000] {logging_mixin.py:188} INFO - [2025-08-04T15:27:37.025+0000] {dagbag.py:545} INFO - Filling up the DagBag from /home/airflow/.local/lib/python3.12/site-packages/airflow/example_dags/example_branch_python_dop_operator_3.py
[2025-08-04T15:27:37.031+0000] {processor.py:840} INFO - DAG(s) 'example_branch_dop_operator_v3' retrieved from /home/airflow/.local/lib/python3.12/site-packages/airflow/example_dags/example_branch_python_dop_operator_3.py
[2025-08-04T15:27:37.041+0000] {logging_mixin.py:188} INFO - [2025-08-04T15:27:37.041+0000] {dag.py:3096} INFO - Sync 1 DAGs
[2025-08-04T15:27:37.054+0000] {logging_mixin.py:188} INFO - [2025-08-04T15:27:37.054+0000] {dag.py:3954} INFO - Setting next_dagrun for example_branch_dop_operator_v3 to 2025-08-04 15:26:00+00:00, run_after=2025-08-04 15:27:00+00:00
[2025-08-04T15:27:37.064+0000] {processor.py:183} INFO - Processing /home/airflow/.local/lib/python3.12/site-packages/airflow/example_dags/example_branch_python_dop_operator_3.py took 0.045 seconds
[2025-08-04T15:28:07.233+0000] {processor.py:161} INFO - Started process (PID=184) to work on /home/airflow/.local/lib/python3.12/site-packages/airflow/example_dags/example_branch_python_dop_operator_3.py
[2025-08-04T15:28:07.234+0000] {processor.py:830} INFO - Processing file /home/airflow/.local/lib/python3.12/site-packages/airflow/example_dags/example_branch_python_dop_operator_3.py for tasks to queue
[2025-08-04T15:28:07.235+0000] {logging_mixin.py:188} INFO - [2025-08-04T15:28:07.235+0000] {dagbag.py:545} INFO - Filling up the DagBag from /home/airflow/.local/lib/python3.12/site-packages/airflow/example_dags/example_branch_python_dop_operator_3.py
[2025-08-04T15:28:07.238+0000] {processor.py:840} INFO - DAG(s) 'example_branch_dop_operator_v3' retrieved from /home/airflow/.local/lib/python3.12/site-packages/airflow/example_dags/example_branch_python_dop_operator_3.py
[2025-08-04T15:28:07.247+0000] {logging_mixin.py:188} INFO - [2025-08-04T15:28:07.246+0000] {dag.py:3096} INFO - Sync 1 DAGs
[2025-08-04T15:28:07.256+0000] {logging_mixin.py:188} INFO - [2025-08-04T15:28:07.256+0000] {dag.py:3954} INFO - Setting next_dagrun for example_branch_dop_operator_v3 to 2025-08-04 15:27:00+00:00, run_after=2025-08-04 15:28:00+00:00
[2025-08-04T15:28:07.263+0000] {processor.py:183} INFO - Processing /home/airflow/.local/lib/python3.12/site-packages/airflow/example_dags/example_branch_python_dop_operator_3.py took 0.032 seconds
[2025-08-04T15:28:37.610+0000] {processor.py:161} INFO - Started process (PID=242) to work on /home/airflow/.local/lib/python3.12/site-packages/airflow/example_dags/example_branch_python_dop_operator_3.py
[2025-08-04T15:28:37.611+0000] {processor.py:830} INFO - Processing file /home/airflow/.local/lib/python3.12/site-packages/airflow/example_dags/example_branch_python_dop_operator_3.py for tasks to queue
[2025-08-04T15:28:37.611+0000] {logging_mixin.py:188} INFO - [2025-08-04T15:28:37.611+0000] {dagbag.py:545} INFO - Filling up the DagBag from /home/airflow/.local/lib/python3.12/site-packages/airflow/example_dags/example_branch_python_dop_operator_3.py
[2025-08-04T15:28:37.615+0000] {processor.py:840} INFO - DAG(s) 'example_branch_dop_operator_v3' retrieved from /home/airflow/.local/lib/python3.12/site-packages/airflow/example_dags/example_branch_python_dop_operator_3.py
[2025-08-04T15:28:37.623+0000] {logging_mixin.py:188} INFO - [2025-08-04T15:28:37.623+0000] {dag.py:3096} INFO - Sync 1 DAGs
[2025-08-04T15:28:37.633+0000] {logging_mixin.py:188} INFO - [2025-08-04T15:28:37.633+0000] {dag.py:3954} INFO - Setting next_dagrun for example_branch_dop_operator_v3 to 2025-08-04 15:27:00+00:00, run_after=2025-08-04 15:28:00+00:00
[2025-08-04T15:28:37.639+0000] {processor.py:183} INFO - Processing /home/airflow/.local/lib/python3.12/site-packages/airflow/example_dags/example_branch_python_dop_operator_3.py took 0.032 seconds
[2025-08-04T15:29:08.016+0000] {processor.py:161} INFO - Started process (PID=300) to work on /home/airflow/.local/lib/python3.12/site-packages/airflow/example_dags/example_branch_python_dop_operator_3.py
[2025-08-04T15:29:08.016+0000] {processor.py:830} INFO - Processing file /home/airflow/.local/lib/python3.12/site-packages/airflow/example_dags/example_branch_python_dop_operator_3.py for tasks to queue
[2025-08-04T15:29:08.017+0000] {logging_mixin.py:188} INFO - [2025-08-04T15:29:08.017+0000] {dagbag.py:545} INFO - Filling up the DagBag from /home/airflow/.local/lib/python3.12/site-packages/airflow/example_dags/example_branch_python_dop_operator_3.py
[2025-08-04T15:29:08.022+0000] {processor.py:840} INFO - DAG(s) 'example_branch_dop_operator_v3' retrieved from /home/airflow/.local/lib/python3.12/site-packages/airflow/example_dags/example_branch_python_dop_operator_3.py
[2025-08-04T15:29:08.036+0000] {logging_mixin.py:188} INFO - [2025-08-04T15:29:08.036+0000] {dag.py:3096} INFO - Sync 1 DAGs
[2025-08-04T15:29:08.050+0000] {logging_mixin.py:188} INFO - [2025-08-04T15:29:08.050+0000] {dag.py:3954} INFO - Setting next_dagrun for example_branch_dop_operator_v3 to 2025-08-04 15:28:00+00:00, run_after=2025-08-04 15:29:00+00:00
[2025-08-04T15:29:08.062+0000] {processor.py:183} INFO - Processing /home/airflow/.local/lib/python3.12/site-packages/airflow/example_dags/example_branch_python_dop_operator_3.py took 0.049 seconds
[2025-08-04T15:29:38.354+0000] {processor.py:161} INFO - Started process (PID=358) to work on /home/airflow/.local/lib/python3.12/site-packages/airflow/example_dags/example_branch_python_dop_operator_3.py
[2025-08-04T15:29:38.358+0000] {processor.py:830} INFO - Processing file /home/airflow/.local/lib/python3.12/site-packages/airflow/example_dags/example_branch_python_dop_operator_3.py for tasks to queue
[2025-08-04T15:29:38.360+0000] {logging_mixin.py:188} INFO - [2025-08-04T15:29:38.360+0000] {dagbag.py:545} INFO - Filling up the DagBag from /home/airflow/.local/lib/python3.12/site-packages/airflow/example_dags/example_branch_python_dop_operator_3.py
[2025-08-04T15:29:38.374+0000] {processor.py:840} INFO - DAG(s) 'example_branch_dop_operator_v3' retrieved from /home/airflow/.local/lib/python3.12/site-packages/airflow/example_dags/example_branch_python_dop_operator_3.py
[2025-08-04T15:29:38.401+0000] {logging_mixin.py:188} INFO - [2025-08-04T15:29:38.401+0000] {dag.py:3096} INFO - Sync 1 DAGs
[2025-08-04T15:29:38.425+0000] {logging_mixin.py:188} INFO - [2025-08-04T15:29:38.425+0000] {dag.py:3954} INFO - Setting next_dagrun for example_branch_dop_operator_v3 to 2025-08-04 15:28:00+00:00, run_after=2025-08-04 15:29:00+00:00
[2025-08-04T15:29:38.445+0000] {processor.py:183} INFO - Processing /home/airflow/.local/lib/python3.12/site-packages/airflow/example_dags/example_branch_python_dop_operator_3.py took 0.095 seconds
[2025-08-04T15:30:08.954+0000] {processor.py:161} INFO - Started process (PID=416) to work on /home/airflow/.local/lib/python3.12/site-packages/airflow/example_dags/example_branch_python_dop_operator_3.py
[2025-08-04T15:30:08.955+0000] {processor.py:830} INFO - Processing file /home/airflow/.local/lib/python3.12/site-packages/airflow/example_dags/example_branch_python_dop_operator_3.py for tasks to queue
[2025-08-04T15:30:08.957+0000] {logging_mixin.py:188} INFO - [2025-08-04T15:30:08.957+0000] {dagbag.py:545} INFO - Filling up the DagBag from /home/airflow/.local/lib/python3.12/site-packages/airflow/example_dags/example_branch_python_dop_operator_3.py
[2025-08-04T15:30:08.966+0000] {processor.py:840} INFO - DAG(s) 'example_branch_dop_operator_v3' retrieved from /home/airflow/.local/lib/python3.12/site-packages/airflow/example_dags/example_branch_python_dop_operator_3.py
[2025-08-04T15:30:08.982+0000] {logging_mixin.py:188} INFO - [2025-08-04T15:30:08.982+0000] {dag.py:3096} INFO - Sync 1 DAGs
[2025-08-04T15:30:09.000+0000] {logging_mixin.py:188} INFO - [2025-08-04T15:30:09.000+0000] {dag.py:3954} INFO - Setting next_dagrun for example_branch_dop_operator_v3 to 2025-08-04 15:29:00+00:00, run_after=2025-08-04 15:30:00+00:00
[2025-08-04T15:30:09.017+0000] {processor.py:183} INFO - Processing /home/airflow/.local/lib/python3.12/site-packages/airflow/example_dags/example_branch_python_dop_operator_3.py took 0.067 seconds
[2025-08-04T15:30:40.011+0000] {processor.py:161} INFO - Started process (PID=474) to work on /home/airflow/.local/lib/python3.12/site-packages/airflow/example_dags/example_branch_python_dop_operator_3.py
[2025-08-04T15:30:40.013+0000] {processor.py:830} INFO - Processing file /home/airflow/.local/lib/python3.12/site-packages/airflow/example_dags/example_branch_python_dop_operator_3.py for tasks to queue
[2025-08-04T15:30:40.015+0000] {logging_mixin.py:188} INFO - [2025-08-04T15:30:40.015+0000] {dagbag.py:545} INFO - Filling up the DagBag from /home/airflow/.local/lib/python3.12/site-packages/airflow/example_dags/example_branch_python_dop_operator_3.py
[2025-08-04T15:30:40.020+0000] {processor.py:840} INFO - DAG(s) 'example_branch_dop_operator_v3' retrieved from /home/airflow/.local/lib/python3.12/site-packages/airflow/example_dags/example_branch_python_dop_operator_3.py
[2025-08-04T15:30:40.049+0000] {logging_mixin.py:188} INFO - [2025-08-04T15:30:40.049+0000] {dag.py:3096} INFO - Sync 1 DAGs
[2025-08-04T15:30:40.098+0000] {logging_mixin.py:188} INFO - [2025-08-04T15:30:40.098+0000] {dag.py:3954} INFO - Setting next_dagrun for example_branch_dop_operator_v3 to 2025-08-04 15:29:00+00:00, run_after=2025-08-04 15:30:00+00:00
[2025-08-04T15:30:40.128+0000] {processor.py:183} INFO - Processing /home/airflow/.local/lib/python3.12/site-packages/airflow/example_dags/example_branch_python_dop_operator_3.py took 0.127 seconds
[2025-08-04T15:31:10.866+0000] {processor.py:161} INFO - Started process (PID=532) to work on /home/airflow/.local/lib/python3.12/site-packages/airflow/example_dags/example_branch_python_dop_operator_3.py
[2025-08-04T15:31:10.866+0000] {processor.py:830} INFO - Processing file /home/airflow/.local/lib/python3.12/site-packages/airflow/example_dags/example_branch_python_dop_operator_3.py for tasks to queue
[2025-08-04T15:31:10.868+0000] {logging_mixin.py:188} INFO - [2025-08-04T15:31:10.867+0000] {dagbag.py:545} INFO - Filling up the DagBag from /home/airflow/.local/lib/python3.12/site-packages/airflow/example_dags/example_branch_python_dop_operator_3.py
[2025-08-04T15:31:10.873+0000] {processor.py:840} INFO - DAG(s) 'example_branch_dop_operator_v3' retrieved from /home/airflow/.local/lib/python3.12/site-packages/airflow/example_dags/example_branch_python_dop_operator_3.py
[2025-08-04T15:31:10.888+0000] {logging_mixin.py:188} INFO - [2025-08-04T15:31:10.888+0000] {dag.py:3096} INFO - Sync 1 DAGs
[2025-08-04T15:31:10.901+0000] {logging_mixin.py:188} INFO - [2025-08-04T15:31:10.901+0000] {dag.py:3954} INFO - Setting next_dagrun for example_branch_dop_operator_v3 to 2025-08-04 15:30:00+00:00, run_after=2025-08-04 15:31:00+00:00
[2025-08-04T15:31:10.911+0000] {processor.py:183} INFO - Processing /home/airflow/.local/lib/python3.12/site-packages/airflow/example_dags/example_branch_python_dop_operator_3.py took 0.048 seconds
[2025-08-04T15:31:41.016+0000] {processor.py:161} INFO - Started process (PID=590) to work on /home/airflow/.local/lib/python3.12/site-packages/airflow/example_dags/example_branch_python_dop_operator_3.py
[2025-08-04T15:31:41.017+0000] {processor.py:830} INFO - Processing file /home/airflow/.local/lib/python3.12/site-packages/airflow/example_dags/example_branch_python_dop_operator_3.py for tasks to queue
[2025-08-04T15:31:41.018+0000] {logging_mixin.py:188} INFO - [2025-08-04T15:31:41.018+0000] {dagbag.py:545} INFO - Filling up the DagBag from /home/airflow/.local/lib/python3.12/site-packages/airflow/example_dags/example_branch_python_dop_operator_3.py
[2025-08-04T15:31:41.024+0000] {processor.py:840} INFO - DAG(s) 'example_branch_dop_operator_v3' retrieved from /home/airflow/.local/lib/python3.12/site-packages/airflow/example_dags/example_branch_python_dop_operator_3.py
[2025-08-04T15:31:41.037+0000] {logging_mixin.py:188} INFO - [2025-08-04T15:31:41.037+0000] {dag.py:3096} INFO - Sync 1 DAGs
[2025-08-04T15:31:41.047+0000] {logging_mixin.py:188} INFO - [2025-08-04T15:31:41.047+0000] {dag.py:3954} INFO - Setting next_dagrun for example_branch_dop_operator_v3 to 2025-08-04 15:30:00+00:00, run_after=2025-08-04 15:31:00+00:00
[2025-08-04T15:31:41.056+0000] {processor.py:183} INFO - Processing /home/airflow/.local/lib/python3.12/site-packages/airflow/example_dags/example_branch_python_dop_operator_3.py took 0.043 seconds
[2025-08-04T15:32:11.536+0000] {processor.py:161} INFO - Started process (PID=648) to work on /home/airflow/.local/lib/python3.12/site-packages/airflow/example_dags/example_branch_python_dop_operator_3.py
[2025-08-04T15:32:11.537+0000] {processor.py:830} INFO - Processing file /home/airflow/.local/lib/python3.12/site-packages/airflow/example_dags/example_branch_python_dop_operator_3.py for tasks to queue
[2025-08-04T15:32:11.538+0000] {logging_mixin.py:188} INFO - [2025-08-04T15:32:11.538+0000] {dagbag.py:545} INFO - Filling up the DagBag from /home/airflow/.local/lib/python3.12/site-packages/airflow/example_dags/example_branch_python_dop_operator_3.py
[2025-08-04T15:32:11.544+0000] {processor.py:840} INFO - DAG(s) 'example_branch_dop_operator_v3' retrieved from /home/airflow/.local/lib/python3.12/site-packages/airflow/example_dags/example_branch_python_dop_operator_3.py
[2025-08-04T15:32:11.555+0000] {logging_mixin.py:188} INFO - [2025-08-04T15:32:11.555+0000] {dag.py:3096} INFO - Sync 1 DAGs
[2025-08-04T15:32:11.566+0000] {logging_mixin.py:188} INFO - [2025-08-04T15:32:11.566+0000] {dag.py:3954} INFO - Setting next_dagrun for example_branch_dop_operator_v3 to 2025-08-04 15:31:00+00:00, run_after=2025-08-04 15:32:00+00:00
[2025-08-04T15:32:11.575+0000] {processor.py:183} INFO - Processing /home/airflow/.local/lib/python3.12/site-packages/airflow/example_dags/example_branch_python_dop_operator_3.py took 0.042 seconds
[2025-08-04T15:52:54.881+0000] {processor.py:161} INFO - Started process (PID=70) to work on /home/airflow/.local/lib/python3.12/site-packages/airflow/example_dags/example_branch_python_dop_operator_3.py
[2025-08-04T15:52:54.890+0000] {processor.py:830} INFO - Processing file /home/airflow/.local/lib/python3.12/site-packages/airflow/example_dags/example_branch_python_dop_operator_3.py for tasks to queue
[2025-08-04T15:52:54.914+0000] {logging_mixin.py:188} INFO - [2025-08-04T15:52:54.913+0000] {dagbag.py:545} INFO - Filling up the DagBag from /home/airflow/.local/lib/python3.12/site-packages/airflow/example_dags/example_branch_python_dop_operator_3.py
[2025-08-04T15:52:54.940+0000] {processor.py:840} INFO - DAG(s) 'example_branch_dop_operator_v3' retrieved from /home/airflow/.local/lib/python3.12/site-packages/airflow/example_dags/example_branch_python_dop_operator_3.py
[2025-08-04T15:52:55.137+0000] {logging_mixin.py:188} INFO - [2025-08-04T15:52:55.136+0000] {dag.py:3096} INFO - Sync 1 DAGs
[2025-08-04T15:52:55.210+0000] {logging_mixin.py:188} INFO - [2025-08-04T15:52:55.207+0000] {dag.py:3954} INFO - Setting next_dagrun for example_branch_dop_operator_v3 to 2025-08-04 15:51:00+00:00, run_after=2025-08-04 15:52:00+00:00
[2025-08-04T15:52:55.292+0000] {processor.py:183} INFO - Processing /home/airflow/.local/lib/python3.12/site-packages/airflow/example_dags/example_branch_python_dop_operator_3.py took 0.448 seconds
[2025-08-04T15:53:26.194+0000] {processor.py:161} INFO - Started process (PID=128) to work on /home/airflow/.local/lib/python3.12/site-packages/airflow/example_dags/example_branch_python_dop_operator_3.py
[2025-08-04T15:53:26.196+0000] {processor.py:830} INFO - Processing file /home/airflow/.local/lib/python3.12/site-packages/airflow/example_dags/example_branch_python_dop_operator_3.py for tasks to queue
[2025-08-04T15:53:26.198+0000] {logging_mixin.py:188} INFO - [2025-08-04T15:53:26.198+0000] {dagbag.py:545} INFO - Filling up the DagBag from /home/airflow/.local/lib/python3.12/site-packages/airflow/example_dags/example_branch_python_dop_operator_3.py
[2025-08-04T15:53:26.205+0000] {processor.py:840} INFO - DAG(s) 'example_branch_dop_operator_v3' retrieved from /home/airflow/.local/lib/python3.12/site-packages/airflow/example_dags/example_branch_python_dop_operator_3.py
[2025-08-04T15:53:26.219+0000] {logging_mixin.py:188} INFO - [2025-08-04T15:53:26.219+0000] {dag.py:3096} INFO - Sync 1 DAGs
[2025-08-04T15:53:26.238+0000] {logging_mixin.py:188} INFO - [2025-08-04T15:53:26.238+0000] {dag.py:3954} INFO - Setting next_dagrun for example_branch_dop_operator_v3 to 2025-08-04 15:52:00+00:00, run_after=2025-08-04 15:53:00+00:00
[2025-08-04T15:53:26.253+0000] {processor.py:183} INFO - Processing /home/airflow/.local/lib/python3.12/site-packages/airflow/example_dags/example_branch_python_dop_operator_3.py took 0.061 seconds
[2025-08-04T15:53:56.889+0000] {processor.py:161} INFO - Started process (PID=186) to work on /home/airflow/.local/lib/python3.12/site-packages/airflow/example_dags/example_branch_python_dop_operator_3.py
[2025-08-04T15:53:56.896+0000] {processor.py:830} INFO - Processing file /home/airflow/.local/lib/python3.12/site-packages/airflow/example_dags/example_branch_python_dop_operator_3.py for tasks to queue
[2025-08-04T15:53:56.913+0000] {logging_mixin.py:188} INFO - [2025-08-04T15:53:56.912+0000] {dagbag.py:545} INFO - Filling up the DagBag from /home/airflow/.local/lib/python3.12/site-packages/airflow/example_dags/example_branch_python_dop_operator_3.py
[2025-08-04T15:53:56.964+0000] {processor.py:840} INFO - DAG(s) 'example_branch_dop_operator_v3' retrieved from /home/airflow/.local/lib/python3.12/site-packages/airflow/example_dags/example_branch_python_dop_operator_3.py
[2025-08-04T15:53:57.057+0000] {logging_mixin.py:188} INFO - [2025-08-04T15:53:57.053+0000] {dag.py:3096} INFO - Sync 1 DAGs
[2025-08-04T15:53:57.123+0000] {logging_mixin.py:188} INFO - [2025-08-04T15:53:57.123+0000] {dag.py:3954} INFO - Setting next_dagrun for example_branch_dop_operator_v3 to 2025-08-04 15:52:00+00:00, run_after=2025-08-04 15:53:00+00:00
[2025-08-04T15:53:57.174+0000] {processor.py:183} INFO - Processing /home/airflow/.local/lib/python3.12/site-packages/airflow/example_dags/example_branch_python_dop_operator_3.py took 0.332 seconds
[2025-08-04T15:54:27.852+0000] {processor.py:161} INFO - Started process (PID=244) to work on /home/airflow/.local/lib/python3.12/site-packages/airflow/example_dags/example_branch_python_dop_operator_3.py
[2025-08-04T15:54:27.854+0000] {processor.py:830} INFO - Processing file /home/airflow/.local/lib/python3.12/site-packages/airflow/example_dags/example_branch_python_dop_operator_3.py for tasks to queue
[2025-08-04T15:54:27.856+0000] {logging_mixin.py:188} INFO - [2025-08-04T15:54:27.855+0000] {dagbag.py:545} INFO - Filling up the DagBag from /home/airflow/.local/lib/python3.12/site-packages/airflow/example_dags/example_branch_python_dop_operator_3.py
[2025-08-04T15:54:27.916+0000] {processor.py:840} INFO - DAG(s) 'example_branch_dop_operator_v3' retrieved from /home/airflow/.local/lib/python3.12/site-packages/airflow/example_dags/example_branch_python_dop_operator_3.py
[2025-08-04T15:54:27.936+0000] {logging_mixin.py:188} INFO - [2025-08-04T15:54:27.936+0000] {dag.py:3096} INFO - Sync 1 DAGs
[2025-08-04T15:54:27.950+0000] {logging_mixin.py:188} INFO - [2025-08-04T15:54:27.950+0000] {dag.py:3954} INFO - Setting next_dagrun for example_branch_dop_operator_v3 to 2025-08-04 15:53:00+00:00, run_after=2025-08-04 15:54:00+00:00
[2025-08-04T15:54:27.962+0000] {processor.py:183} INFO - Processing /home/airflow/.local/lib/python3.12/site-packages/airflow/example_dags/example_branch_python_dop_operator_3.py took 0.115 seconds
[2025-08-04T15:54:58.946+0000] {processor.py:161} INFO - Started process (PID=302) to work on /home/airflow/.local/lib/python3.12/site-packages/airflow/example_dags/example_branch_python_dop_operator_3.py
[2025-08-04T15:54:58.947+0000] {processor.py:830} INFO - Processing file /home/airflow/.local/lib/python3.12/site-packages/airflow/example_dags/example_branch_python_dop_operator_3.py for tasks to queue
[2025-08-04T15:54:58.953+0000] {logging_mixin.py:188} INFO - [2025-08-04T15:54:58.952+0000] {dagbag.py:545} INFO - Filling up the DagBag from /home/airflow/.local/lib/python3.12/site-packages/airflow/example_dags/example_branch_python_dop_operator_3.py
[2025-08-04T15:54:58.980+0000] {processor.py:840} INFO - DAG(s) 'example_branch_dop_operator_v3' retrieved from /home/airflow/.local/lib/python3.12/site-packages/airflow/example_dags/example_branch_python_dop_operator_3.py
[2025-08-04T15:54:59.066+0000] {logging_mixin.py:188} INFO - [2025-08-04T15:54:59.066+0000] {dag.py:3096} INFO - Sync 1 DAGs
[2025-08-04T15:54:59.143+0000] {logging_mixin.py:188} INFO - [2025-08-04T15:54:59.142+0000] {dag.py:3954} INFO - Setting next_dagrun for example_branch_dop_operator_v3 to 2025-08-04 15:53:00+00:00, run_after=2025-08-04 15:54:00+00:00
[2025-08-04T15:54:59.199+0000] {processor.py:183} INFO - Processing /home/airflow/.local/lib/python3.12/site-packages/airflow/example_dags/example_branch_python_dop_operator_3.py took 0.270 seconds
[2025-08-04T15:55:29.536+0000] {processor.py:161} INFO - Started process (PID=360) to work on /home/airflow/.local/lib/python3.12/site-packages/airflow/example_dags/example_branch_python_dop_operator_3.py
[2025-08-04T15:55:29.539+0000] {processor.py:830} INFO - Processing file /home/airflow/.local/lib/python3.12/site-packages/airflow/example_dags/example_branch_python_dop_operator_3.py for tasks to queue
[2025-08-04T15:55:29.545+0000] {logging_mixin.py:188} INFO - [2025-08-04T15:55:29.541+0000] {dagbag.py:545} INFO - Filling up the DagBag from /home/airflow/.local/lib/python3.12/site-packages/airflow/example_dags/example_branch_python_dop_operator_3.py
[2025-08-04T15:55:29.594+0000] {processor.py:840} INFO - DAG(s) 'example_branch_dop_operator_v3' retrieved from /home/airflow/.local/lib/python3.12/site-packages/airflow/example_dags/example_branch_python_dop_operator_3.py
[2025-08-04T15:55:29.815+0000] {logging_mixin.py:188} INFO - [2025-08-04T15:55:29.814+0000] {dag.py:3096} INFO - Sync 1 DAGs
[2025-08-04T15:55:29.964+0000] {logging_mixin.py:188} INFO - [2025-08-04T15:55:29.963+0000] {dag.py:3954} INFO - Setting next_dagrun for example_branch_dop_operator_v3 to 2025-08-04 15:54:00+00:00, run_after=2025-08-04 15:55:00+00:00
[2025-08-04T15:55:30.094+0000] {processor.py:183} INFO - Processing /home/airflow/.local/lib/python3.12/site-packages/airflow/example_dags/example_branch_python_dop_operator_3.py took 0.566 seconds
[2025-08-04T15:56:00.247+0000] {processor.py:161} INFO - Started process (PID=416) to work on /home/airflow/.local/lib/python3.12/site-packages/airflow/example_dags/example_branch_python_dop_operator_3.py
[2025-08-04T15:56:00.248+0000] {processor.py:830} INFO - Processing file /home/airflow/.local/lib/python3.12/site-packages/airflow/example_dags/example_branch_python_dop_operator_3.py for tasks to queue
[2025-08-04T15:56:00.252+0000] {logging_mixin.py:188} INFO - [2025-08-04T15:56:00.251+0000] {dagbag.py:545} INFO - Filling up the DagBag from /home/airflow/.local/lib/python3.12/site-packages/airflow/example_dags/example_branch_python_dop_operator_3.py
[2025-08-04T15:56:00.263+0000] {processor.py:840} INFO - DAG(s) 'example_branch_dop_operator_v3' retrieved from /home/airflow/.local/lib/python3.12/site-packages/airflow/example_dags/example_branch_python_dop_operator_3.py
[2025-08-04T15:56:00.283+0000] {logging_mixin.py:188} INFO - [2025-08-04T15:56:00.282+0000] {dag.py:3096} INFO - Sync 1 DAGs
[2025-08-04T15:56:00.303+0000] {logging_mixin.py:188} INFO - [2025-08-04T15:56:00.303+0000] {dag.py:3954} INFO - Setting next_dagrun for example_branch_dop_operator_v3 to 2025-08-04 15:55:00+00:00, run_after=2025-08-04 15:56:00+00:00
[2025-08-04T15:56:00.315+0000] {processor.py:183} INFO - Processing /home/airflow/.local/lib/python3.12/site-packages/airflow/example_dags/example_branch_python_dop_operator_3.py took 0.077 seconds
[2025-08-04T15:58:50.907+0000] {processor.py:161} INFO - Started process (PID=70) to work on /home/airflow/.local/lib/python3.12/site-packages/airflow/example_dags/example_branch_python_dop_operator_3.py
[2025-08-04T15:58:50.912+0000] {processor.py:830} INFO - Processing file /home/airflow/.local/lib/python3.12/site-packages/airflow/example_dags/example_branch_python_dop_operator_3.py for tasks to queue
[2025-08-04T15:58:50.944+0000] {logging_mixin.py:188} INFO - [2025-08-04T15:58:50.943+0000] {dagbag.py:545} INFO - Filling up the DagBag from /home/airflow/.local/lib/python3.12/site-packages/airflow/example_dags/example_branch_python_dop_operator_3.py
[2025-08-04T15:58:51.078+0000] {processor.py:840} INFO - DAG(s) 'example_branch_dop_operator_v3' retrieved from /home/airflow/.local/lib/python3.12/site-packages/airflow/example_dags/example_branch_python_dop_operator_3.py
[2025-08-04T15:58:51.367+0000] {logging_mixin.py:188} INFO - [2025-08-04T15:58:51.367+0000] {dag.py:3096} INFO - Sync 1 DAGs
[2025-08-04T15:58:51.502+0000] {logging_mixin.py:188} INFO - [2025-08-04T15:58:51.494+0000] {dag.py:3954} INFO - Setting next_dagrun for example_branch_dop_operator_v3 to 2025-08-04 15:57:00+00:00, run_after=2025-08-04 15:58:00+00:00
[2025-08-04T15:58:51.755+0000] {processor.py:183} INFO - Processing /home/airflow/.local/lib/python3.12/site-packages/airflow/example_dags/example_branch_python_dop_operator_3.py took 0.863 seconds
[2025-08-04T15:59:22.473+0000] {processor.py:161} INFO - Started process (PID=128) to work on /home/airflow/.local/lib/python3.12/site-packages/airflow/example_dags/example_branch_python_dop_operator_3.py
[2025-08-04T15:59:22.474+0000] {processor.py:830} INFO - Processing file /home/airflow/.local/lib/python3.12/site-packages/airflow/example_dags/example_branch_python_dop_operator_3.py for tasks to queue
[2025-08-04T15:59:22.475+0000] {logging_mixin.py:188} INFO - [2025-08-04T15:59:22.475+0000] {dagbag.py:545} INFO - Filling up the DagBag from /home/airflow/.local/lib/python3.12/site-packages/airflow/example_dags/example_branch_python_dop_operator_3.py
[2025-08-04T15:59:22.481+0000] {processor.py:840} INFO - DAG(s) 'example_branch_dop_operator_v3' retrieved from /home/airflow/.local/lib/python3.12/site-packages/airflow/example_dags/example_branch_python_dop_operator_3.py
[2025-08-04T15:59:22.501+0000] {logging_mixin.py:188} INFO - [2025-08-04T15:59:22.501+0000] {dag.py:3096} INFO - Sync 1 DAGs
[2025-08-04T15:59:22.517+0000] {logging_mixin.py:188} INFO - [2025-08-04T15:59:22.517+0000] {dag.py:3954} INFO - Setting next_dagrun for example_branch_dop_operator_v3 to 2025-08-04 15:58:00+00:00, run_after=2025-08-04 15:59:00+00:00
[2025-08-04T15:59:22.535+0000] {processor.py:183} INFO - Processing /home/airflow/.local/lib/python3.12/site-packages/airflow/example_dags/example_branch_python_dop_operator_3.py took 0.065 seconds
[2025-08-04T15:59:52.820+0000] {processor.py:161} INFO - Started process (PID=186) to work on /home/airflow/.local/lib/python3.12/site-packages/airflow/example_dags/example_branch_python_dop_operator_3.py
[2025-08-04T15:59:52.823+0000] {processor.py:830} INFO - Processing file /home/airflow/.local/lib/python3.12/site-packages/airflow/example_dags/example_branch_python_dop_operator_3.py for tasks to queue
[2025-08-04T15:59:52.828+0000] {logging_mixin.py:188} INFO - [2025-08-04T15:59:52.828+0000] {dagbag.py:545} INFO - Filling up the DagBag from /home/airflow/.local/lib/python3.12/site-packages/airflow/example_dags/example_branch_python_dop_operator_3.py
[2025-08-04T15:59:52.845+0000] {processor.py:840} INFO - DAG(s) 'example_branch_dop_operator_v3' retrieved from /home/airflow/.local/lib/python3.12/site-packages/airflow/example_dags/example_branch_python_dop_operator_3.py
[2025-08-04T15:59:52.865+0000] {logging_mixin.py:188} INFO - [2025-08-04T15:59:52.865+0000] {dag.py:3096} INFO - Sync 1 DAGs
[2025-08-04T15:59:52.885+0000] {logging_mixin.py:188} INFO - [2025-08-04T15:59:52.885+0000] {dag.py:3954} INFO - Setting next_dagrun for example_branch_dop_operator_v3 to 2025-08-04 15:58:00+00:00, run_after=2025-08-04 15:59:00+00:00
[2025-08-04T15:59:52.903+0000] {processor.py:183} INFO - Processing /home/airflow/.local/lib/python3.12/site-packages/airflow/example_dags/example_branch_python_dop_operator_3.py took 0.088 seconds
[2025-08-04T16:00:23.211+0000] {processor.py:161} INFO - Started process (PID=244) to work on /home/airflow/.local/lib/python3.12/site-packages/airflow/example_dags/example_branch_python_dop_operator_3.py
[2025-08-04T16:00:23.215+0000] {processor.py:830} INFO - Processing file /home/airflow/.local/lib/python3.12/site-packages/airflow/example_dags/example_branch_python_dop_operator_3.py for tasks to queue
[2025-08-04T16:00:23.227+0000] {logging_mixin.py:188} INFO - [2025-08-04T16:00:23.223+0000] {dagbag.py:545} INFO - Filling up the DagBag from /home/airflow/.local/lib/python3.12/site-packages/airflow/example_dags/example_branch_python_dop_operator_3.py
[2025-08-04T16:00:23.249+0000] {processor.py:840} INFO - DAG(s) 'example_branch_dop_operator_v3' retrieved from /home/airflow/.local/lib/python3.12/site-packages/airflow/example_dags/example_branch_python_dop_operator_3.py
[2025-08-04T16:00:23.297+0000] {logging_mixin.py:188} INFO - [2025-08-04T16:00:23.297+0000] {dag.py:3096} INFO - Sync 1 DAGs
[2025-08-04T16:00:23.352+0000] {logging_mixin.py:188} INFO - [2025-08-04T16:00:23.352+0000] {dag.py:3954} INFO - Setting next_dagrun for example_branch_dop_operator_v3 to 2025-08-04 15:59:00+00:00, run_after=2025-08-04 16:00:00+00:00
[2025-08-04T16:00:23.418+0000] {processor.py:183} INFO - Processing /home/airflow/.local/lib/python3.12/site-packages/airflow/example_dags/example_branch_python_dop_operator_3.py took 0.219 seconds
[2025-08-04T16:00:53.656+0000] {processor.py:161} INFO - Started process (PID=302) to work on /home/airflow/.local/lib/python3.12/site-packages/airflow/example_dags/example_branch_python_dop_operator_3.py
[2025-08-04T16:00:53.657+0000] {processor.py:830} INFO - Processing file /home/airflow/.local/lib/python3.12/site-packages/airflow/example_dags/example_branch_python_dop_operator_3.py for tasks to queue
[2025-08-04T16:00:53.659+0000] {logging_mixin.py:188} INFO - [2025-08-04T16:00:53.659+0000] {dagbag.py:545} INFO - Filling up the DagBag from /home/airflow/.local/lib/python3.12/site-packages/airflow/example_dags/example_branch_python_dop_operator_3.py
[2025-08-04T16:00:53.680+0000] {processor.py:840} INFO - DAG(s) 'example_branch_dop_operator_v3' retrieved from /home/airflow/.local/lib/python3.12/site-packages/airflow/example_dags/example_branch_python_dop_operator_3.py
[2025-08-04T16:00:53.700+0000] {logging_mixin.py:188} INFO - [2025-08-04T16:00:53.700+0000] {dag.py:3096} INFO - Sync 1 DAGs
[2025-08-04T16:00:53.720+0000] {logging_mixin.py:188} INFO - [2025-08-04T16:00:53.720+0000] {dag.py:3954} INFO - Setting next_dagrun for example_branch_dop_operator_v3 to 2025-08-04 15:59:00+00:00, run_after=2025-08-04 16:00:00+00:00
[2025-08-04T16:00:53.753+0000] {processor.py:183} INFO - Processing /home/airflow/.local/lib/python3.12/site-packages/airflow/example_dags/example_branch_python_dop_operator_3.py took 0.101 seconds
[2025-08-04T16:01:24.029+0000] {processor.py:161} INFO - Started process (PID=360) to work on /home/airflow/.local/lib/python3.12/site-packages/airflow/example_dags/example_branch_python_dop_operator_3.py
[2025-08-04T16:01:24.038+0000] {processor.py:830} INFO - Processing file /home/airflow/.local/lib/python3.12/site-packages/airflow/example_dags/example_branch_python_dop_operator_3.py for tasks to queue
[2025-08-04T16:01:24.045+0000] {logging_mixin.py:188} INFO - [2025-08-04T16:01:24.044+0000] {dagbag.py:545} INFO - Filling up the DagBag from /home/airflow/.local/lib/python3.12/site-packages/airflow/example_dags/example_branch_python_dop_operator_3.py
[2025-08-04T16:01:24.082+0000] {processor.py:840} INFO - DAG(s) 'example_branch_dop_operator_v3' retrieved from /home/airflow/.local/lib/python3.12/site-packages/airflow/example_dags/example_branch_python_dop_operator_3.py
[2025-08-04T16:01:24.112+0000] {logging_mixin.py:188} INFO - [2025-08-04T16:01:24.112+0000] {dag.py:3096} INFO - Sync 1 DAGs
[2025-08-04T16:01:24.128+0000] {logging_mixin.py:188} INFO - [2025-08-04T16:01:24.128+0000] {dag.py:3954} INFO - Setting next_dagrun for example_branch_dop_operator_v3 to 2025-08-04 16:00:00+00:00, run_after=2025-08-04 16:01:00+00:00
[2025-08-04T16:01:24.137+0000] {processor.py:183} INFO - Processing /home/airflow/.local/lib/python3.12/site-packages/airflow/example_dags/example_branch_python_dop_operator_3.py took 0.168 seconds
[2025-08-04T16:35:19.216+0000] {processor.py:161} INFO - Started process (PID=71) to work on /home/airflow/.local/lib/python3.12/site-packages/airflow/example_dags/example_branch_python_dop_operator_3.py
[2025-08-04T16:35:19.218+0000] {processor.py:830} INFO - Processing file /home/airflow/.local/lib/python3.12/site-packages/airflow/example_dags/example_branch_python_dop_operator_3.py for tasks to queue
[2025-08-04T16:35:19.222+0000] {logging_mixin.py:188} INFO - [2025-08-04T16:35:19.222+0000] {dagbag.py:545} INFO - Filling up the DagBag from /home/airflow/.local/lib/python3.12/site-packages/airflow/example_dags/example_branch_python_dop_operator_3.py
[2025-08-04T16:35:19.236+0000] {processor.py:840} INFO - DAG(s) 'example_branch_dop_operator_v3' retrieved from /home/airflow/.local/lib/python3.12/site-packages/airflow/example_dags/example_branch_python_dop_operator_3.py
[2025-08-04T16:35:19.274+0000] {logging_mixin.py:188} INFO - [2025-08-04T16:35:19.274+0000] {dag.py:3096} INFO - Sync 1 DAGs
[2025-08-04T16:35:19.327+0000] {logging_mixin.py:188} INFO - [2025-08-04T16:35:19.327+0000] {dag.py:3954} INFO - Setting next_dagrun for example_branch_dop_operator_v3 to 2025-08-04 16:34:00+00:00, run_after=2025-08-04 16:35:00+00:00
[2025-08-04T16:35:19.365+0000] {processor.py:183} INFO - Processing /home/airflow/.local/lib/python3.12/site-packages/airflow/example_dags/example_branch_python_dop_operator_3.py took 0.153 seconds
