[2025-08-04T03:45:41.031+0000] {processor.py:161} INFO - Started process (PID=79) to work on /home/airflow/.local/lib/python3.12/site-packages/airflow/example_dags/example_display_name.py
[2025-08-04T03:45:41.034+0000] {processor.py:830} INFO - Processing file /home/airflow/.local/lib/python3.12/site-packages/airflow/example_dags/example_display_name.py for tasks to queue
[2025-08-04T03:45:41.048+0000] {logging_mixin.py:188} INFO - [2025-08-04T03:45:41.047+0000] {dagbag.py:545} INFO - Filling up the DagBag from /home/airflow/.local/lib/python3.12/site-packages/airflow/example_dags/example_display_name.py
[2025-08-04T03:45:41.061+0000] {processor.py:840} INFO - DAG(s) 'example_display_name' retrieved from /home/airflow/.local/lib/python3.12/site-packages/airflow/example_dags/example_display_name.py
[2025-08-04T03:45:41.482+0000] {logging_mixin.py:188} INFO - [2025-08-04T03:45:41.482+0000] {dag.py:3096} INFO - Sync 1 DAGs
[2025-08-04T03:45:41.507+0000] {logging_mixin.py:188} INFO - [2025-08-04T03:45:41.507+0000] {dag.py:3954} INFO - Setting next_dagrun for example_display_name to None, run_after=None
[2025-08-04T03:45:41.597+0000] {processor.py:183} INFO - Processing /home/airflow/.local/lib/python3.12/site-packages/airflow/example_dags/example_display_name.py took 0.591 seconds
[2025-08-04T03:46:59.930+0000] {processor.py:161} INFO - Started process (PID=149) to work on /home/airflow/.local/lib/python3.12/site-packages/airflow/example_dags/example_display_name.py
[2025-08-04T03:46:59.938+0000] {processor.py:830} INFO - Processing file /home/airflow/.local/lib/python3.12/site-packages/airflow/example_dags/example_display_name.py for tasks to queue
[2025-08-04T03:46:59.945+0000] {logging_mixin.py:188} INFO - [2025-08-04T03:46:59.944+0000] {dagbag.py:545} INFO - Filling up the DagBag from /home/airflow/.local/lib/python3.12/site-packages/airflow/example_dags/example_display_name.py
[2025-08-04T03:47:00.149+0000] {processor.py:840} INFO - DAG(s) 'example_display_name' retrieved from /home/airflow/.local/lib/python3.12/site-packages/airflow/example_dags/example_display_name.py
[2025-08-04T03:47:00.985+0000] {logging_mixin.py:188} INFO - [2025-08-04T03:47:00.972+0000] {dag.py:3096} INFO - Sync 1 DAGs
[2025-08-04T03:47:01.664+0000] {logging_mixin.py:188} INFO - [2025-08-04T03:47:01.660+0000] {dag.py:3954} INFO - Setting next_dagrun for example_display_name to None, run_after=None
[2025-08-04T03:47:01.976+0000] {processor.py:183} INFO - Processing /home/airflow/.local/lib/python3.12/site-packages/airflow/example_dags/example_display_name.py took 2.096 seconds
[2025-08-04T03:47:40.943+0000] {processor.py:161} INFO - Started process (PID=205) to work on /home/airflow/.local/lib/python3.12/site-packages/airflow/example_dags/example_display_name.py
[2025-08-04T03:47:40.948+0000] {processor.py:830} INFO - Processing file /home/airflow/.local/lib/python3.12/site-packages/airflow/example_dags/example_display_name.py for tasks to queue
[2025-08-04T03:47:40.969+0000] {logging_mixin.py:188} INFO - [2025-08-04T03:47:40.968+0000] {dagbag.py:545} INFO - Filling up the DagBag from /home/airflow/.local/lib/python3.12/site-packages/airflow/example_dags/example_display_name.py
[2025-08-04T03:47:41.071+0000] {processor.py:840} INFO - DAG(s) 'example_display_name' retrieved from /home/airflow/.local/lib/python3.12/site-packages/airflow/example_dags/example_display_name.py
[2025-08-04T03:47:41.122+0000] {logging_mixin.py:188} INFO - [2025-08-04T03:47:41.118+0000] {dag.py:3096} INFO - Sync 1 DAGs
[2025-08-04T03:47:41.140+0000] {logging_mixin.py:188} INFO - [2025-08-04T03:47:41.140+0000] {dag.py:3954} INFO - Setting next_dagrun for example_display_name to None, run_after=None
[2025-08-04T03:47:41.290+0000] {processor.py:183} INFO - Processing /home/airflow/.local/lib/python3.12/site-packages/airflow/example_dags/example_display_name.py took 0.367 seconds
[2025-08-04T03:48:17.784+0000] {processor.py:161} INFO - Started process (PID=263) to work on /home/airflow/.local/lib/python3.12/site-packages/airflow/example_dags/example_display_name.py
[2025-08-04T03:48:17.793+0000] {processor.py:830} INFO - Processing file /home/airflow/.local/lib/python3.12/site-packages/airflow/example_dags/example_display_name.py for tasks to queue
[2025-08-04T03:48:17.840+0000] {logging_mixin.py:188} INFO - [2025-08-04T03:48:17.820+0000] {dagbag.py:545} INFO - Filling up the DagBag from /home/airflow/.local/lib/python3.12/site-packages/airflow/example_dags/example_display_name.py
[2025-08-04T03:48:17.880+0000] {processor.py:840} INFO - DAG(s) 'example_display_name' retrieved from /home/airflow/.local/lib/python3.12/site-packages/airflow/example_dags/example_display_name.py
[2025-08-04T03:48:17.987+0000] {logging_mixin.py:188} INFO - [2025-08-04T03:48:17.980+0000] {dag.py:3096} INFO - Sync 1 DAGs
[2025-08-04T03:48:18.062+0000] {logging_mixin.py:188} INFO - [2025-08-04T03:48:18.062+0000] {dag.py:3954} INFO - Setting next_dagrun for example_display_name to None, run_after=None
[2025-08-04T03:48:18.198+0000] {processor.py:183} INFO - Processing /home/airflow/.local/lib/python3.12/site-packages/airflow/example_dags/example_display_name.py took 0.436 seconds
[2025-08-04T03:48:48.999+0000] {processor.py:161} INFO - Started process (PID=321) to work on /home/airflow/.local/lib/python3.12/site-packages/airflow/example_dags/example_display_name.py
[2025-08-04T03:48:49.001+0000] {processor.py:830} INFO - Processing file /home/airflow/.local/lib/python3.12/site-packages/airflow/example_dags/example_display_name.py for tasks to queue
[2025-08-04T03:48:49.004+0000] {logging_mixin.py:188} INFO - [2025-08-04T03:48:49.004+0000] {dagbag.py:545} INFO - Filling up the DagBag from /home/airflow/.local/lib/python3.12/site-packages/airflow/example_dags/example_display_name.py
[2025-08-04T03:48:49.022+0000] {processor.py:840} INFO - DAG(s) 'example_display_name' retrieved from /home/airflow/.local/lib/python3.12/site-packages/airflow/example_dags/example_display_name.py
[2025-08-04T03:48:49.080+0000] {logging_mixin.py:188} INFO - [2025-08-04T03:48:49.080+0000] {dag.py:3096} INFO - Sync 1 DAGs
[2025-08-04T03:48:49.125+0000] {logging_mixin.py:188} INFO - [2025-08-04T03:48:49.124+0000] {dag.py:3954} INFO - Setting next_dagrun for example_display_name to None, run_after=None
[2025-08-04T03:48:49.252+0000] {processor.py:183} INFO - Processing /home/airflow/.local/lib/python3.12/site-packages/airflow/example_dags/example_display_name.py took 0.264 seconds
[2025-08-04T15:16:43.022+0000] {processor.py:161} INFO - Started process (PID=80) to work on /home/airflow/.local/lib/python3.12/site-packages/airflow/example_dags/example_display_name.py
[2025-08-04T15:16:43.027+0000] {processor.py:830} INFO - Processing file /home/airflow/.local/lib/python3.12/site-packages/airflow/example_dags/example_display_name.py for tasks to queue
[2025-08-04T15:16:43.033+0000] {logging_mixin.py:188} INFO - [2025-08-04T15:16:43.033+0000] {dagbag.py:545} INFO - Filling up the DagBag from /home/airflow/.local/lib/python3.12/site-packages/airflow/example_dags/example_display_name.py
[2025-08-04T15:16:43.050+0000] {processor.py:840} INFO - DAG(s) 'example_display_name' retrieved from /home/airflow/.local/lib/python3.12/site-packages/airflow/example_dags/example_display_name.py
[2025-08-04T15:16:43.128+0000] {logging_mixin.py:188} INFO - [2025-08-04T15:16:43.127+0000] {dag.py:3096} INFO - Sync 1 DAGs
[2025-08-04T15:16:43.162+0000] {logging_mixin.py:188} INFO - [2025-08-04T15:16:43.162+0000] {dag.py:3954} INFO - Setting next_dagrun for example_display_name to None, run_after=None
[2025-08-04T15:16:43.255+0000] {processor.py:183} INFO - Processing /home/airflow/.local/lib/python3.12/site-packages/airflow/example_dags/example_display_name.py took 0.276 seconds
[2025-08-04T15:17:14.072+0000] {processor.py:161} INFO - Started process (PID=137) to work on /home/airflow/.local/lib/python3.12/site-packages/airflow/example_dags/example_display_name.py
[2025-08-04T15:17:14.073+0000] {processor.py:830} INFO - Processing file /home/airflow/.local/lib/python3.12/site-packages/airflow/example_dags/example_display_name.py for tasks to queue
[2025-08-04T15:17:14.076+0000] {logging_mixin.py:188} INFO - [2025-08-04T15:17:14.076+0000] {dagbag.py:545} INFO - Filling up the DagBag from /home/airflow/.local/lib/python3.12/site-packages/airflow/example_dags/example_display_name.py
[2025-08-04T15:17:14.080+0000] {processor.py:840} INFO - DAG(s) 'example_display_name' retrieved from /home/airflow/.local/lib/python3.12/site-packages/airflow/example_dags/example_display_name.py
[2025-08-04T15:17:14.089+0000] {logging_mixin.py:188} INFO - [2025-08-04T15:17:14.089+0000] {dag.py:3096} INFO - Sync 1 DAGs
[2025-08-04T15:17:14.096+0000] {logging_mixin.py:188} INFO - [2025-08-04T15:17:14.096+0000] {dag.py:3954} INFO - Setting next_dagrun for example_display_name to None, run_after=None
[2025-08-04T15:17:14.105+0000] {processor.py:183} INFO - Processing /home/airflow/.local/lib/python3.12/site-packages/airflow/example_dags/example_display_name.py took 0.039 seconds
[2025-08-04T15:17:44.222+0000] {processor.py:161} INFO - Started process (PID=195) to work on /home/airflow/.local/lib/python3.12/site-packages/airflow/example_dags/example_display_name.py
[2025-08-04T15:17:44.222+0000] {processor.py:830} INFO - Processing file /home/airflow/.local/lib/python3.12/site-packages/airflow/example_dags/example_display_name.py for tasks to queue
[2025-08-04T15:17:44.224+0000] {logging_mixin.py:188} INFO - [2025-08-04T15:17:44.223+0000] {dagbag.py:545} INFO - Filling up the DagBag from /home/airflow/.local/lib/python3.12/site-packages/airflow/example_dags/example_display_name.py
[2025-08-04T15:17:44.227+0000] {processor.py:840} INFO - DAG(s) 'example_display_name' retrieved from /home/airflow/.local/lib/python3.12/site-packages/airflow/example_dags/example_display_name.py
[2025-08-04T15:17:44.241+0000] {logging_mixin.py:188} INFO - [2025-08-04T15:17:44.241+0000] {dag.py:3096} INFO - Sync 1 DAGs
[2025-08-04T15:17:44.248+0000] {logging_mixin.py:188} INFO - [2025-08-04T15:17:44.248+0000] {dag.py:3954} INFO - Setting next_dagrun for example_display_name to None, run_after=None
[2025-08-04T15:17:44.261+0000] {processor.py:183} INFO - Processing /home/airflow/.local/lib/python3.12/site-packages/airflow/example_dags/example_display_name.py took 0.043 seconds
[2025-08-04T15:18:14.786+0000] {processor.py:161} INFO - Started process (PID=253) to work on /home/airflow/.local/lib/python3.12/site-packages/airflow/example_dags/example_display_name.py
[2025-08-04T15:18:14.787+0000] {processor.py:830} INFO - Processing file /home/airflow/.local/lib/python3.12/site-packages/airflow/example_dags/example_display_name.py for tasks to queue
[2025-08-04T15:18:14.788+0000] {logging_mixin.py:188} INFO - [2025-08-04T15:18:14.788+0000] {dagbag.py:545} INFO - Filling up the DagBag from /home/airflow/.local/lib/python3.12/site-packages/airflow/example_dags/example_display_name.py
[2025-08-04T15:18:14.791+0000] {processor.py:840} INFO - DAG(s) 'example_display_name' retrieved from /home/airflow/.local/lib/python3.12/site-packages/airflow/example_dags/example_display_name.py
[2025-08-04T15:18:14.804+0000] {logging_mixin.py:188} INFO - [2025-08-04T15:18:14.804+0000] {dag.py:3096} INFO - Sync 1 DAGs
[2025-08-04T15:18:14.812+0000] {logging_mixin.py:188} INFO - [2025-08-04T15:18:14.812+0000] {dag.py:3954} INFO - Setting next_dagrun for example_display_name to None, run_after=None
[2025-08-04T15:18:14.828+0000] {processor.py:183} INFO - Processing /home/airflow/.local/lib/python3.12/site-packages/airflow/example_dags/example_display_name.py took 0.045 seconds
[2025-08-04T15:18:45.169+0000] {processor.py:161} INFO - Started process (PID=311) to work on /home/airflow/.local/lib/python3.12/site-packages/airflow/example_dags/example_display_name.py
[2025-08-04T15:18:45.171+0000] {processor.py:830} INFO - Processing file /home/airflow/.local/lib/python3.12/site-packages/airflow/example_dags/example_display_name.py for tasks to queue
[2025-08-04T15:18:45.176+0000] {logging_mixin.py:188} INFO - [2025-08-04T15:18:45.176+0000] {dagbag.py:545} INFO - Filling up the DagBag from /home/airflow/.local/lib/python3.12/site-packages/airflow/example_dags/example_display_name.py
[2025-08-04T15:18:45.185+0000] {processor.py:840} INFO - DAG(s) 'example_display_name' retrieved from /home/airflow/.local/lib/python3.12/site-packages/airflow/example_dags/example_display_name.py
[2025-08-04T15:18:45.226+0000] {logging_mixin.py:188} INFO - [2025-08-04T15:18:45.225+0000] {dag.py:3096} INFO - Sync 1 DAGs
[2025-08-04T15:18:45.250+0000] {logging_mixin.py:188} INFO - [2025-08-04T15:18:45.250+0000] {dag.py:3954} INFO - Setting next_dagrun for example_display_name to None, run_after=None
[2025-08-04T15:18:45.282+0000] {processor.py:183} INFO - Processing /home/airflow/.local/lib/python3.12/site-packages/airflow/example_dags/example_display_name.py took 0.117 seconds
[2025-08-04T15:19:15.568+0000] {processor.py:161} INFO - Started process (PID=369) to work on /home/airflow/.local/lib/python3.12/site-packages/airflow/example_dags/example_display_name.py
[2025-08-04T15:19:15.571+0000] {processor.py:830} INFO - Processing file /home/airflow/.local/lib/python3.12/site-packages/airflow/example_dags/example_display_name.py for tasks to queue
[2025-08-04T15:19:15.576+0000] {logging_mixin.py:188} INFO - [2025-08-04T15:19:15.576+0000] {dagbag.py:545} INFO - Filling up the DagBag from /home/airflow/.local/lib/python3.12/site-packages/airflow/example_dags/example_display_name.py
[2025-08-04T15:19:15.587+0000] {processor.py:840} INFO - DAG(s) 'example_display_name' retrieved from /home/airflow/.local/lib/python3.12/site-packages/airflow/example_dags/example_display_name.py
[2025-08-04T15:19:15.617+0000] {logging_mixin.py:188} INFO - [2025-08-04T15:19:15.617+0000] {dag.py:3096} INFO - Sync 1 DAGs
[2025-08-04T15:19:15.634+0000] {logging_mixin.py:188} INFO - [2025-08-04T15:19:15.634+0000] {dag.py:3954} INFO - Setting next_dagrun for example_display_name to None, run_after=None
[2025-08-04T15:19:15.651+0000] {processor.py:183} INFO - Processing /home/airflow/.local/lib/python3.12/site-packages/airflow/example_dags/example_display_name.py took 0.096 seconds
[2025-08-04T15:27:09.685+0000] {processor.py:161} INFO - Started process (PID=79) to work on /home/airflow/.local/lib/python3.12/site-packages/airflow/example_dags/example_display_name.py
[2025-08-04T15:27:09.689+0000] {processor.py:830} INFO - Processing file /home/airflow/.local/lib/python3.12/site-packages/airflow/example_dags/example_display_name.py for tasks to queue
[2025-08-04T15:27:09.692+0000] {logging_mixin.py:188} INFO - [2025-08-04T15:27:09.692+0000] {dagbag.py:545} INFO - Filling up the DagBag from /home/airflow/.local/lib/python3.12/site-packages/airflow/example_dags/example_display_name.py
[2025-08-04T15:27:09.707+0000] {processor.py:840} INFO - DAG(s) 'example_display_name' retrieved from /home/airflow/.local/lib/python3.12/site-packages/airflow/example_dags/example_display_name.py
[2025-08-04T15:27:09.826+0000] {logging_mixin.py:188} INFO - [2025-08-04T15:27:09.825+0000] {dag.py:3096} INFO - Sync 1 DAGs
[2025-08-04T15:27:09.851+0000] {logging_mixin.py:188} INFO - [2025-08-04T15:27:09.850+0000] {dag.py:3954} INFO - Setting next_dagrun for example_display_name to None, run_after=None
[2025-08-04T15:27:10.017+0000] {processor.py:183} INFO - Processing /home/airflow/.local/lib/python3.12/site-packages/airflow/example_dags/example_display_name.py took 0.354 seconds
[2025-08-04T15:27:40.448+0000] {processor.py:161} INFO - Started process (PID=136) to work on /home/airflow/.local/lib/python3.12/site-packages/airflow/example_dags/example_display_name.py
[2025-08-04T15:27:40.450+0000] {processor.py:830} INFO - Processing file /home/airflow/.local/lib/python3.12/site-packages/airflow/example_dags/example_display_name.py for tasks to queue
[2025-08-04T15:27:40.453+0000] {logging_mixin.py:188} INFO - [2025-08-04T15:27:40.452+0000] {dagbag.py:545} INFO - Filling up the DagBag from /home/airflow/.local/lib/python3.12/site-packages/airflow/example_dags/example_display_name.py
[2025-08-04T15:27:40.462+0000] {processor.py:840} INFO - DAG(s) 'example_display_name' retrieved from /home/airflow/.local/lib/python3.12/site-packages/airflow/example_dags/example_display_name.py
[2025-08-04T15:27:40.498+0000] {logging_mixin.py:188} INFO - [2025-08-04T15:27:40.498+0000] {dag.py:3096} INFO - Sync 1 DAGs
[2025-08-04T15:27:40.518+0000] {logging_mixin.py:188} INFO - [2025-08-04T15:27:40.517+0000] {dag.py:3954} INFO - Setting next_dagrun for example_display_name to None, run_after=None
[2025-08-04T15:27:40.546+0000] {processor.py:183} INFO - Processing /home/airflow/.local/lib/python3.12/site-packages/airflow/example_dags/example_display_name.py took 0.102 seconds
[2025-08-04T15:28:11.541+0000] {processor.py:161} INFO - Started process (PID=195) to work on /home/airflow/.local/lib/python3.12/site-packages/airflow/example_dags/example_display_name.py
[2025-08-04T15:28:11.542+0000] {processor.py:830} INFO - Processing file /home/airflow/.local/lib/python3.12/site-packages/airflow/example_dags/example_display_name.py for tasks to queue
[2025-08-04T15:28:11.544+0000] {logging_mixin.py:188} INFO - [2025-08-04T15:28:11.543+0000] {dagbag.py:545} INFO - Filling up the DagBag from /home/airflow/.local/lib/python3.12/site-packages/airflow/example_dags/example_display_name.py
[2025-08-04T15:28:11.548+0000] {processor.py:840} INFO - DAG(s) 'example_display_name' retrieved from /home/airflow/.local/lib/python3.12/site-packages/airflow/example_dags/example_display_name.py
[2025-08-04T15:28:11.560+0000] {logging_mixin.py:188} INFO - [2025-08-04T15:28:11.560+0000] {dag.py:3096} INFO - Sync 1 DAGs
[2025-08-04T15:28:11.565+0000] {logging_mixin.py:188} INFO - [2025-08-04T15:28:11.565+0000] {dag.py:3954} INFO - Setting next_dagrun for example_display_name to None, run_after=None
[2025-08-04T15:28:11.573+0000] {processor.py:183} INFO - Processing /home/airflow/.local/lib/python3.12/site-packages/airflow/example_dags/example_display_name.py took 0.035 seconds
[2025-08-04T15:28:41.938+0000] {processor.py:161} INFO - Started process (PID=253) to work on /home/airflow/.local/lib/python3.12/site-packages/airflow/example_dags/example_display_name.py
[2025-08-04T15:28:41.939+0000] {processor.py:830} INFO - Processing file /home/airflow/.local/lib/python3.12/site-packages/airflow/example_dags/example_display_name.py for tasks to queue
[2025-08-04T15:28:41.940+0000] {logging_mixin.py:188} INFO - [2025-08-04T15:28:41.940+0000] {dagbag.py:545} INFO - Filling up the DagBag from /home/airflow/.local/lib/python3.12/site-packages/airflow/example_dags/example_display_name.py
[2025-08-04T15:28:41.944+0000] {processor.py:840} INFO - DAG(s) 'example_display_name' retrieved from /home/airflow/.local/lib/python3.12/site-packages/airflow/example_dags/example_display_name.py
[2025-08-04T15:28:41.966+0000] {logging_mixin.py:188} INFO - [2025-08-04T15:28:41.966+0000] {dag.py:3096} INFO - Sync 1 DAGs
[2025-08-04T15:28:41.975+0000] {logging_mixin.py:188} INFO - [2025-08-04T15:28:41.975+0000] {dag.py:3954} INFO - Setting next_dagrun for example_display_name to None, run_after=None
[2025-08-04T15:28:41.990+0000] {processor.py:183} INFO - Processing /home/airflow/.local/lib/python3.12/site-packages/airflow/example_dags/example_display_name.py took 0.056 seconds
[2025-08-04T15:29:12.456+0000] {processor.py:161} INFO - Started process (PID=311) to work on /home/airflow/.local/lib/python3.12/site-packages/airflow/example_dags/example_display_name.py
[2025-08-04T15:29:12.457+0000] {processor.py:830} INFO - Processing file /home/airflow/.local/lib/python3.12/site-packages/airflow/example_dags/example_display_name.py for tasks to queue
[2025-08-04T15:29:12.458+0000] {logging_mixin.py:188} INFO - [2025-08-04T15:29:12.458+0000] {dagbag.py:545} INFO - Filling up the DagBag from /home/airflow/.local/lib/python3.12/site-packages/airflow/example_dags/example_display_name.py
[2025-08-04T15:29:12.463+0000] {processor.py:840} INFO - DAG(s) 'example_display_name' retrieved from /home/airflow/.local/lib/python3.12/site-packages/airflow/example_dags/example_display_name.py
[2025-08-04T15:29:12.478+0000] {logging_mixin.py:188} INFO - [2025-08-04T15:29:12.478+0000] {dag.py:3096} INFO - Sync 1 DAGs
[2025-08-04T15:29:12.487+0000] {logging_mixin.py:188} INFO - [2025-08-04T15:29:12.487+0000] {dag.py:3954} INFO - Setting next_dagrun for example_display_name to None, run_after=None
[2025-08-04T15:29:12.499+0000] {processor.py:183} INFO - Processing /home/airflow/.local/lib/python3.12/site-packages/airflow/example_dags/example_display_name.py took 0.047 seconds
[2025-08-04T15:29:43.038+0000] {processor.py:161} INFO - Started process (PID=369) to work on /home/airflow/.local/lib/python3.12/site-packages/airflow/example_dags/example_display_name.py
[2025-08-04T15:29:43.039+0000] {processor.py:830} INFO - Processing file /home/airflow/.local/lib/python3.12/site-packages/airflow/example_dags/example_display_name.py for tasks to queue
[2025-08-04T15:29:43.040+0000] {logging_mixin.py:188} INFO - [2025-08-04T15:29:43.040+0000] {dagbag.py:545} INFO - Filling up the DagBag from /home/airflow/.local/lib/python3.12/site-packages/airflow/example_dags/example_display_name.py
[2025-08-04T15:29:43.045+0000] {processor.py:840} INFO - DAG(s) 'example_display_name' retrieved from /home/airflow/.local/lib/python3.12/site-packages/airflow/example_dags/example_display_name.py
[2025-08-04T15:29:43.073+0000] {logging_mixin.py:188} INFO - [2025-08-04T15:29:43.073+0000] {dag.py:3096} INFO - Sync 1 DAGs
[2025-08-04T15:29:43.102+0000] {logging_mixin.py:188} INFO - [2025-08-04T15:29:43.102+0000] {dag.py:3954} INFO - Setting next_dagrun for example_display_name to None, run_after=None
[2025-08-04T15:29:43.125+0000] {processor.py:183} INFO - Processing /home/airflow/.local/lib/python3.12/site-packages/airflow/example_dags/example_display_name.py took 0.092 seconds
[2025-08-04T15:30:13.317+0000] {processor.py:161} INFO - Started process (PID=427) to work on /home/airflow/.local/lib/python3.12/site-packages/airflow/example_dags/example_display_name.py
[2025-08-04T15:30:13.319+0000] {processor.py:830} INFO - Processing file /home/airflow/.local/lib/python3.12/site-packages/airflow/example_dags/example_display_name.py for tasks to queue
[2025-08-04T15:30:13.320+0000] {logging_mixin.py:188} INFO - [2025-08-04T15:30:13.320+0000] {dagbag.py:545} INFO - Filling up the DagBag from /home/airflow/.local/lib/python3.12/site-packages/airflow/example_dags/example_display_name.py
[2025-08-04T15:30:13.326+0000] {processor.py:840} INFO - DAG(s) 'example_display_name' retrieved from /home/airflow/.local/lib/python3.12/site-packages/airflow/example_dags/example_display_name.py
[2025-08-04T15:30:13.388+0000] {logging_mixin.py:188} INFO - [2025-08-04T15:30:13.388+0000] {dag.py:3096} INFO - Sync 1 DAGs
[2025-08-04T15:30:13.413+0000] {logging_mixin.py:188} INFO - [2025-08-04T15:30:13.413+0000] {dag.py:3954} INFO - Setting next_dagrun for example_display_name to None, run_after=None
[2025-08-04T15:30:13.456+0000] {processor.py:183} INFO - Processing /home/airflow/.local/lib/python3.12/site-packages/airflow/example_dags/example_display_name.py took 0.144 seconds
[2025-08-04T15:30:43.783+0000] {processor.py:161} INFO - Started process (PID=485) to work on /home/airflow/.local/lib/python3.12/site-packages/airflow/example_dags/example_display_name.py
[2025-08-04T15:30:43.784+0000] {processor.py:830} INFO - Processing file /home/airflow/.local/lib/python3.12/site-packages/airflow/example_dags/example_display_name.py for tasks to queue
[2025-08-04T15:30:43.788+0000] {logging_mixin.py:188} INFO - [2025-08-04T15:30:43.788+0000] {dagbag.py:545} INFO - Filling up the DagBag from /home/airflow/.local/lib/python3.12/site-packages/airflow/example_dags/example_display_name.py
[2025-08-04T15:30:43.794+0000] {processor.py:840} INFO - DAG(s) 'example_display_name' retrieved from /home/airflow/.local/lib/python3.12/site-packages/airflow/example_dags/example_display_name.py
[2025-08-04T15:30:43.812+0000] {logging_mixin.py:188} INFO - [2025-08-04T15:30:43.812+0000] {dag.py:3096} INFO - Sync 1 DAGs
[2025-08-04T15:30:43.824+0000] {logging_mixin.py:188} INFO - [2025-08-04T15:30:43.824+0000] {dag.py:3954} INFO - Setting next_dagrun for example_display_name to None, run_after=None
[2025-08-04T15:30:43.846+0000] {processor.py:183} INFO - Processing /home/airflow/.local/lib/python3.12/site-packages/airflow/example_dags/example_display_name.py took 0.069 seconds
[2025-08-04T15:31:14.343+0000] {processor.py:161} INFO - Started process (PID=543) to work on /home/airflow/.local/lib/python3.12/site-packages/airflow/example_dags/example_display_name.py
[2025-08-04T15:31:14.344+0000] {processor.py:830} INFO - Processing file /home/airflow/.local/lib/python3.12/site-packages/airflow/example_dags/example_display_name.py for tasks to queue
[2025-08-04T15:31:14.346+0000] {logging_mixin.py:188} INFO - [2025-08-04T15:31:14.346+0000] {dagbag.py:545} INFO - Filling up the DagBag from /home/airflow/.local/lib/python3.12/site-packages/airflow/example_dags/example_display_name.py
[2025-08-04T15:31:14.350+0000] {processor.py:840} INFO - DAG(s) 'example_display_name' retrieved from /home/airflow/.local/lib/python3.12/site-packages/airflow/example_dags/example_display_name.py
[2025-08-04T15:31:14.363+0000] {logging_mixin.py:188} INFO - [2025-08-04T15:31:14.363+0000] {dag.py:3096} INFO - Sync 1 DAGs
[2025-08-04T15:31:14.377+0000] {logging_mixin.py:188} INFO - [2025-08-04T15:31:14.377+0000] {dag.py:3954} INFO - Setting next_dagrun for example_display_name to None, run_after=None
[2025-08-04T15:31:14.393+0000] {processor.py:183} INFO - Processing /home/airflow/.local/lib/python3.12/site-packages/airflow/example_dags/example_display_name.py took 0.053 seconds
[2025-08-04T15:31:44.777+0000] {processor.py:161} INFO - Started process (PID=601) to work on /home/airflow/.local/lib/python3.12/site-packages/airflow/example_dags/example_display_name.py
[2025-08-04T15:31:44.778+0000] {processor.py:830} INFO - Processing file /home/airflow/.local/lib/python3.12/site-packages/airflow/example_dags/example_display_name.py for tasks to queue
[2025-08-04T15:31:44.781+0000] {logging_mixin.py:188} INFO - [2025-08-04T15:31:44.780+0000] {dagbag.py:545} INFO - Filling up the DagBag from /home/airflow/.local/lib/python3.12/site-packages/airflow/example_dags/example_display_name.py
[2025-08-04T15:31:44.785+0000] {processor.py:840} INFO - DAG(s) 'example_display_name' retrieved from /home/airflow/.local/lib/python3.12/site-packages/airflow/example_dags/example_display_name.py
[2025-08-04T15:31:44.829+0000] {logging_mixin.py:188} INFO - [2025-08-04T15:31:44.828+0000] {dag.py:3096} INFO - Sync 1 DAGs
[2025-08-04T15:31:44.849+0000] {logging_mixin.py:188} INFO - [2025-08-04T15:31:44.849+0000] {dag.py:3954} INFO - Setting next_dagrun for example_display_name to None, run_after=None
[2025-08-04T15:31:44.890+0000] {processor.py:183} INFO - Processing /home/airflow/.local/lib/python3.12/site-packages/airflow/example_dags/example_display_name.py took 0.120 seconds
[2025-08-04T15:52:59.586+0000] {processor.py:161} INFO - Started process (PID=81) to work on /home/airflow/.local/lib/python3.12/site-packages/airflow/example_dags/example_display_name.py
[2025-08-04T15:52:59.592+0000] {processor.py:830} INFO - Processing file /home/airflow/.local/lib/python3.12/site-packages/airflow/example_dags/example_display_name.py for tasks to queue
[2025-08-04T15:52:59.621+0000] {logging_mixin.py:188} INFO - [2025-08-04T15:52:59.605+0000] {dagbag.py:545} INFO - Filling up the DagBag from /home/airflow/.local/lib/python3.12/site-packages/airflow/example_dags/example_display_name.py
[2025-08-04T15:52:59.962+0000] {processor.py:840} INFO - DAG(s) 'example_display_name' retrieved from /home/airflow/.local/lib/python3.12/site-packages/airflow/example_dags/example_display_name.py
[2025-08-04T15:53:00.435+0000] {logging_mixin.py:188} INFO - [2025-08-04T15:53:00.430+0000] {dag.py:3096} INFO - Sync 1 DAGs
[2025-08-04T15:53:00.667+0000] {logging_mixin.py:188} INFO - [2025-08-04T15:53:00.666+0000] {dag.py:3954} INFO - Setting next_dagrun for example_display_name to None, run_after=None
[2025-08-04T15:53:00.969+0000] {processor.py:183} INFO - Processing /home/airflow/.local/lib/python3.12/site-packages/airflow/example_dags/example_display_name.py took 1.437 seconds
[2025-08-04T15:53:31.480+0000] {processor.py:161} INFO - Started process (PID=138) to work on /home/airflow/.local/lib/python3.12/site-packages/airflow/example_dags/example_display_name.py
[2025-08-04T15:53:31.480+0000] {processor.py:830} INFO - Processing file /home/airflow/.local/lib/python3.12/site-packages/airflow/example_dags/example_display_name.py for tasks to queue
[2025-08-04T15:53:31.481+0000] {logging_mixin.py:188} INFO - [2025-08-04T15:53:31.481+0000] {dagbag.py:545} INFO - Filling up the DagBag from /home/airflow/.local/lib/python3.12/site-packages/airflow/example_dags/example_display_name.py
[2025-08-04T15:53:31.485+0000] {processor.py:840} INFO - DAG(s) 'example_display_name' retrieved from /home/airflow/.local/lib/python3.12/site-packages/airflow/example_dags/example_display_name.py
[2025-08-04T15:53:31.494+0000] {logging_mixin.py:188} INFO - [2025-08-04T15:53:31.494+0000] {dag.py:3096} INFO - Sync 1 DAGs
[2025-08-04T15:53:31.500+0000] {logging_mixin.py:188} INFO - [2025-08-04T15:53:31.500+0000] {dag.py:3954} INFO - Setting next_dagrun for example_display_name to None, run_after=None
[2025-08-04T15:53:31.511+0000] {processor.py:183} INFO - Processing /home/airflow/.local/lib/python3.12/site-packages/airflow/example_dags/example_display_name.py took 0.035 seconds
[2025-08-04T15:54:01.823+0000] {processor.py:161} INFO - Started process (PID=196) to work on /home/airflow/.local/lib/python3.12/site-packages/airflow/example_dags/example_display_name.py
[2025-08-04T15:54:01.825+0000] {processor.py:830} INFO - Processing file /home/airflow/.local/lib/python3.12/site-packages/airflow/example_dags/example_display_name.py for tasks to queue
[2025-08-04T15:54:01.828+0000] {logging_mixin.py:188} INFO - [2025-08-04T15:54:01.827+0000] {dagbag.py:545} INFO - Filling up the DagBag from /home/airflow/.local/lib/python3.12/site-packages/airflow/example_dags/example_display_name.py
[2025-08-04T15:54:01.837+0000] {processor.py:840} INFO - DAG(s) 'example_display_name' retrieved from /home/airflow/.local/lib/python3.12/site-packages/airflow/example_dags/example_display_name.py
[2025-08-04T15:54:01.853+0000] {logging_mixin.py:188} INFO - [2025-08-04T15:54:01.853+0000] {dag.py:3096} INFO - Sync 1 DAGs
[2025-08-04T15:54:01.860+0000] {logging_mixin.py:188} INFO - [2025-08-04T15:54:01.860+0000] {dag.py:3954} INFO - Setting next_dagrun for example_display_name to None, run_after=None
[2025-08-04T15:54:01.872+0000] {processor.py:183} INFO - Processing /home/airflow/.local/lib/python3.12/site-packages/airflow/example_dags/example_display_name.py took 0.058 seconds
[2025-08-04T15:54:32.208+0000] {processor.py:161} INFO - Started process (PID=254) to work on /home/airflow/.local/lib/python3.12/site-packages/airflow/example_dags/example_display_name.py
[2025-08-04T15:54:32.209+0000] {processor.py:830} INFO - Processing file /home/airflow/.local/lib/python3.12/site-packages/airflow/example_dags/example_display_name.py for tasks to queue
[2025-08-04T15:54:32.210+0000] {logging_mixin.py:188} INFO - [2025-08-04T15:54:32.210+0000] {dagbag.py:545} INFO - Filling up the DagBag from /home/airflow/.local/lib/python3.12/site-packages/airflow/example_dags/example_display_name.py
[2025-08-04T15:54:32.214+0000] {processor.py:840} INFO - DAG(s) 'example_display_name' retrieved from /home/airflow/.local/lib/python3.12/site-packages/airflow/example_dags/example_display_name.py
[2025-08-04T15:54:32.224+0000] {logging_mixin.py:188} INFO - [2025-08-04T15:54:32.224+0000] {dag.py:3096} INFO - Sync 1 DAGs
[2025-08-04T15:54:32.233+0000] {logging_mixin.py:188} INFO - [2025-08-04T15:54:32.233+0000] {dag.py:3954} INFO - Setting next_dagrun for example_display_name to None, run_after=None
[2025-08-04T15:54:32.250+0000] {processor.py:183} INFO - Processing /home/airflow/.local/lib/python3.12/site-packages/airflow/example_dags/example_display_name.py took 0.046 seconds
[2025-08-04T15:55:02.517+0000] {processor.py:161} INFO - Started process (PID=312) to work on /home/airflow/.local/lib/python3.12/site-packages/airflow/example_dags/example_display_name.py
[2025-08-04T15:55:02.519+0000] {processor.py:830} INFO - Processing file /home/airflow/.local/lib/python3.12/site-packages/airflow/example_dags/example_display_name.py for tasks to queue
[2025-08-04T15:55:02.527+0000] {logging_mixin.py:188} INFO - [2025-08-04T15:55:02.526+0000] {dagbag.py:545} INFO - Filling up the DagBag from /home/airflow/.local/lib/python3.12/site-packages/airflow/example_dags/example_display_name.py
[2025-08-04T15:55:02.554+0000] {processor.py:840} INFO - DAG(s) 'example_display_name' retrieved from /home/airflow/.local/lib/python3.12/site-packages/airflow/example_dags/example_display_name.py
[2025-08-04T15:55:02.631+0000] {logging_mixin.py:188} INFO - [2025-08-04T15:55:02.631+0000] {dag.py:3096} INFO - Sync 1 DAGs
[2025-08-04T15:55:02.667+0000] {logging_mixin.py:188} INFO - [2025-08-04T15:55:02.667+0000] {dag.py:3954} INFO - Setting next_dagrun for example_display_name to None, run_after=None
[2025-08-04T15:55:02.725+0000] {processor.py:183} INFO - Processing /home/airflow/.local/lib/python3.12/site-packages/airflow/example_dags/example_display_name.py took 0.221 seconds
[2025-08-04T15:55:34.268+0000] {processor.py:161} INFO - Started process (PID=370) to work on /home/airflow/.local/lib/python3.12/site-packages/airflow/example_dags/example_display_name.py
[2025-08-04T15:55:34.271+0000] {processor.py:830} INFO - Processing file /home/airflow/.local/lib/python3.12/site-packages/airflow/example_dags/example_display_name.py for tasks to queue
[2025-08-04T15:55:34.281+0000] {logging_mixin.py:188} INFO - [2025-08-04T15:55:34.280+0000] {dagbag.py:545} INFO - Filling up the DagBag from /home/airflow/.local/lib/python3.12/site-packages/airflow/example_dags/example_display_name.py
[2025-08-04T15:55:34.298+0000] {processor.py:840} INFO - DAG(s) 'example_display_name' retrieved from /home/airflow/.local/lib/python3.12/site-packages/airflow/example_dags/example_display_name.py
[2025-08-04T15:55:34.398+0000] {logging_mixin.py:188} INFO - [2025-08-04T15:55:34.398+0000] {dag.py:3096} INFO - Sync 1 DAGs
[2025-08-04T15:55:34.435+0000] {logging_mixin.py:188} INFO - [2025-08-04T15:55:34.435+0000] {dag.py:3954} INFO - Setting next_dagrun for example_display_name to None, run_after=None
[2025-08-04T15:55:34.524+0000] {processor.py:183} INFO - Processing /home/airflow/.local/lib/python3.12/site-packages/airflow/example_dags/example_display_name.py took 0.272 seconds
[2025-08-04T15:56:05.182+0000] {processor.py:161} INFO - Started process (PID=428) to work on /home/airflow/.local/lib/python3.12/site-packages/airflow/example_dags/example_display_name.py
[2025-08-04T15:56:05.183+0000] {processor.py:830} INFO - Processing file /home/airflow/.local/lib/python3.12/site-packages/airflow/example_dags/example_display_name.py for tasks to queue
[2025-08-04T15:56:05.185+0000] {logging_mixin.py:188} INFO - [2025-08-04T15:56:05.184+0000] {dagbag.py:545} INFO - Filling up the DagBag from /home/airflow/.local/lib/python3.12/site-packages/airflow/example_dags/example_display_name.py
[2025-08-04T15:56:05.189+0000] {processor.py:840} INFO - DAG(s) 'example_display_name' retrieved from /home/airflow/.local/lib/python3.12/site-packages/airflow/example_dags/example_display_name.py
[2025-08-04T15:56:05.217+0000] {logging_mixin.py:188} INFO - [2025-08-04T15:56:05.217+0000] {dag.py:3096} INFO - Sync 1 DAGs
[2025-08-04T15:56:05.229+0000] {logging_mixin.py:188} INFO - [2025-08-04T15:56:05.229+0000] {dag.py:3954} INFO - Setting next_dagrun for example_display_name to None, run_after=None
[2025-08-04T15:56:05.247+0000] {processor.py:183} INFO - Processing /home/airflow/.local/lib/python3.12/site-packages/airflow/example_dags/example_display_name.py took 0.069 seconds
[2025-08-04T15:58:58.044+0000] {processor.py:161} INFO - Started process (PID=81) to work on /home/airflow/.local/lib/python3.12/site-packages/airflow/example_dags/example_display_name.py
[2025-08-04T15:58:58.047+0000] {processor.py:830} INFO - Processing file /home/airflow/.local/lib/python3.12/site-packages/airflow/example_dags/example_display_name.py for tasks to queue
[2025-08-04T15:58:58.062+0000] {logging_mixin.py:188} INFO - [2025-08-04T15:58:58.061+0000] {dagbag.py:545} INFO - Filling up the DagBag from /home/airflow/.local/lib/python3.12/site-packages/airflow/example_dags/example_display_name.py
[2025-08-04T15:58:58.102+0000] {processor.py:840} INFO - DAG(s) 'example_display_name' retrieved from /home/airflow/.local/lib/python3.12/site-packages/airflow/example_dags/example_display_name.py
[2025-08-04T15:58:58.507+0000] {logging_mixin.py:188} INFO - [2025-08-04T15:58:58.506+0000] {dag.py:3096} INFO - Sync 1 DAGs
[2025-08-04T15:58:58.587+0000] {logging_mixin.py:188} INFO - [2025-08-04T15:58:58.586+0000] {dag.py:3954} INFO - Setting next_dagrun for example_display_name to None, run_after=None
[2025-08-04T15:58:58.813+0000] {processor.py:183} INFO - Processing /home/airflow/.local/lib/python3.12/site-packages/airflow/example_dags/example_display_name.py took 0.786 seconds
[2025-08-04T15:59:29.891+0000] {processor.py:161} INFO - Started process (PID=139) to work on /home/airflow/.local/lib/python3.12/site-packages/airflow/example_dags/example_display_name.py
[2025-08-04T15:59:29.892+0000] {processor.py:830} INFO - Processing file /home/airflow/.local/lib/python3.12/site-packages/airflow/example_dags/example_display_name.py for tasks to queue
[2025-08-04T15:59:29.893+0000] {logging_mixin.py:188} INFO - [2025-08-04T15:59:29.893+0000] {dagbag.py:545} INFO - Filling up the DagBag from /home/airflow/.local/lib/python3.12/site-packages/airflow/example_dags/example_display_name.py
[2025-08-04T15:59:29.897+0000] {processor.py:840} INFO - DAG(s) 'example_display_name' retrieved from /home/airflow/.local/lib/python3.12/site-packages/airflow/example_dags/example_display_name.py
[2025-08-04T15:59:29.913+0000] {logging_mixin.py:188} INFO - [2025-08-04T15:59:29.912+0000] {dag.py:3096} INFO - Sync 1 DAGs
[2025-08-04T15:59:29.919+0000] {logging_mixin.py:188} INFO - [2025-08-04T15:59:29.919+0000] {dag.py:3954} INFO - Setting next_dagrun for example_display_name to None, run_after=None
[2025-08-04T15:59:29.933+0000] {processor.py:183} INFO - Processing /home/airflow/.local/lib/python3.12/site-packages/airflow/example_dags/example_display_name.py took 0.045 seconds
[2025-08-04T16:00:00.437+0000] {processor.py:161} INFO - Started process (PID=197) to work on /home/airflow/.local/lib/python3.12/site-packages/airflow/example_dags/example_display_name.py
[2025-08-04T16:00:00.438+0000] {processor.py:830} INFO - Processing file /home/airflow/.local/lib/python3.12/site-packages/airflow/example_dags/example_display_name.py for tasks to queue
[2025-08-04T16:00:00.441+0000] {logging_mixin.py:188} INFO - [2025-08-04T16:00:00.440+0000] {dagbag.py:545} INFO - Filling up the DagBag from /home/airflow/.local/lib/python3.12/site-packages/airflow/example_dags/example_display_name.py
[2025-08-04T16:00:00.457+0000] {processor.py:840} INFO - DAG(s) 'example_display_name' retrieved from /home/airflow/.local/lib/python3.12/site-packages/airflow/example_dags/example_display_name.py
[2025-08-04T16:00:00.489+0000] {logging_mixin.py:188} INFO - [2025-08-04T16:00:00.489+0000] {dag.py:3096} INFO - Sync 1 DAGs
[2025-08-04T16:00:00.499+0000] {logging_mixin.py:188} INFO - [2025-08-04T16:00:00.499+0000] {dag.py:3954} INFO - Setting next_dagrun for example_display_name to None, run_after=None
[2025-08-04T16:00:00.528+0000] {processor.py:183} INFO - Processing /home/airflow/.local/lib/python3.12/site-packages/airflow/example_dags/example_display_name.py took 0.097 seconds
[2025-08-04T16:00:31.127+0000] {processor.py:161} INFO - Started process (PID=255) to work on /home/airflow/.local/lib/python3.12/site-packages/airflow/example_dags/example_display_name.py
[2025-08-04T16:00:31.138+0000] {processor.py:830} INFO - Processing file /home/airflow/.local/lib/python3.12/site-packages/airflow/example_dags/example_display_name.py for tasks to queue
[2025-08-04T16:00:31.158+0000] {logging_mixin.py:188} INFO - [2025-08-04T16:00:31.154+0000] {dagbag.py:545} INFO - Filling up the DagBag from /home/airflow/.local/lib/python3.12/site-packages/airflow/example_dags/example_display_name.py
[2025-08-04T16:00:31.312+0000] {processor.py:840} INFO - DAG(s) 'example_display_name' retrieved from /home/airflow/.local/lib/python3.12/site-packages/airflow/example_dags/example_display_name.py
[2025-08-04T16:00:31.404+0000] {logging_mixin.py:188} INFO - [2025-08-04T16:00:31.403+0000] {dag.py:3096} INFO - Sync 1 DAGs
[2025-08-04T16:00:31.567+0000] {logging_mixin.py:188} INFO - [2025-08-04T16:00:31.566+0000] {dag.py:3954} INFO - Setting next_dagrun for example_display_name to None, run_after=None
[2025-08-04T16:00:31.786+0000] {processor.py:183} INFO - Processing /home/airflow/.local/lib/python3.12/site-packages/airflow/example_dags/example_display_name.py took 0.709 seconds
[2025-08-04T16:01:02.266+0000] {processor.py:161} INFO - Started process (PID=313) to work on /home/airflow/.local/lib/python3.12/site-packages/airflow/example_dags/example_display_name.py
[2025-08-04T16:01:02.267+0000] {processor.py:830} INFO - Processing file /home/airflow/.local/lib/python3.12/site-packages/airflow/example_dags/example_display_name.py for tasks to queue
[2025-08-04T16:01:02.268+0000] {logging_mixin.py:188} INFO - [2025-08-04T16:01:02.268+0000] {dagbag.py:545} INFO - Filling up the DagBag from /home/airflow/.local/lib/python3.12/site-packages/airflow/example_dags/example_display_name.py
[2025-08-04T16:01:02.276+0000] {processor.py:840} INFO - DAG(s) 'example_display_name' retrieved from /home/airflow/.local/lib/python3.12/site-packages/airflow/example_dags/example_display_name.py
[2025-08-04T16:01:02.296+0000] {logging_mixin.py:188} INFO - [2025-08-04T16:01:02.296+0000] {dag.py:3096} INFO - Sync 1 DAGs
[2025-08-04T16:01:02.307+0000] {logging_mixin.py:188} INFO - [2025-08-04T16:01:02.307+0000] {dag.py:3954} INFO - Setting next_dagrun for example_display_name to None, run_after=None
[2025-08-04T16:01:02.322+0000] {processor.py:183} INFO - Processing /home/airflow/.local/lib/python3.12/site-packages/airflow/example_dags/example_display_name.py took 0.060 seconds
[2025-08-04T16:35:20.285+0000] {processor.py:161} INFO - Started process (PID=82) to work on /home/airflow/.local/lib/python3.12/site-packages/airflow/example_dags/example_display_name.py
[2025-08-04T16:35:20.286+0000] {processor.py:830} INFO - Processing file /home/airflow/.local/lib/python3.12/site-packages/airflow/example_dags/example_display_name.py for tasks to queue
[2025-08-04T16:35:20.292+0000] {logging_mixin.py:188} INFO - [2025-08-04T16:35:20.291+0000] {dagbag.py:545} INFO - Filling up the DagBag from /home/airflow/.local/lib/python3.12/site-packages/airflow/example_dags/example_display_name.py
[2025-08-04T16:35:20.299+0000] {processor.py:840} INFO - DAG(s) 'example_display_name' retrieved from /home/airflow/.local/lib/python3.12/site-packages/airflow/example_dags/example_display_name.py
[2025-08-04T16:35:20.336+0000] {logging_mixin.py:188} INFO - [2025-08-04T16:35:20.336+0000] {dag.py:3096} INFO - Sync 1 DAGs
[2025-08-04T16:35:20.348+0000] {logging_mixin.py:188} INFO - [2025-08-04T16:35:20.348+0000] {dag.py:3954} INFO - Setting next_dagrun for example_display_name to None, run_after=None
[2025-08-04T16:35:20.369+0000] {processor.py:183} INFO - Processing /home/airflow/.local/lib/python3.12/site-packages/airflow/example_dags/example_display_name.py took 0.089 seconds
