[2025-08-04T03:46:05.338+0000] {processor.py:161} INFO - Started process (PID=102) to work on /home/airflow/.local/lib/python3.12/site-packages/airflow/example_dags/tutorial.py
[2025-08-04T03:46:05.390+0000] {processor.py:830} INFO - Processing file /home/airflow/.local/lib/python3.12/site-packages/airflow/example_dags/tutorial.py for tasks to queue
[2025-08-04T03:46:05.428+0000] {logging_mixin.py:188} INFO - [2025-08-04T03:46:05.425+0000] {dagbag.py:545} INFO - Filling up the DagBag from /home/airflow/.local/lib/python3.12/site-packages/airflow/example_dags/tutorial.py
[2025-08-04T03:46:05.564+0000] {processor.py:840} INFO - DAG(s) 'tutorial' retrieved from /home/airflow/.local/lib/python3.12/site-packages/airflow/example_dags/tutorial.py
[2025-08-04T03:46:05.830+0000] {logging_mixin.py:188} INFO - [2025-08-04T03:46:05.822+0000] {dag.py:3096} INFO - Sync 1 DAGs
[2025-08-04T03:46:06.124+0000] {logging_mixin.py:188} INFO - [2025-08-04T03:46:06.118+0000] {dag.py:3954} INFO - Setting next_dagrun for tutorial to 2025-08-03 00:00:00+00:00, run_after=2025-08-04 00:00:00+00:00
[2025-08-04T03:46:06.470+0000] {processor.py:183} INFO - Processing /home/airflow/.local/lib/python3.12/site-packages/airflow/example_dags/tutorial.py took 1.150 seconds
[2025-08-04T03:47:29.186+0000] {processor.py:161} INFO - Started process (PID=177) to work on /home/airflow/.local/lib/python3.12/site-packages/airflow/example_dags/tutorial.py
[2025-08-04T03:47:29.198+0000] {processor.py:830} INFO - Processing file /home/airflow/.local/lib/python3.12/site-packages/airflow/example_dags/tutorial.py for tasks to queue
[2025-08-04T03:47:29.220+0000] {logging_mixin.py:188} INFO - [2025-08-04T03:47:29.216+0000] {dagbag.py:545} INFO - Filling up the DagBag from /home/airflow/.local/lib/python3.12/site-packages/airflow/example_dags/tutorial.py
[2025-08-04T03:47:29.289+0000] {processor.py:840} INFO - DAG(s) 'tutorial' retrieved from /home/airflow/.local/lib/python3.12/site-packages/airflow/example_dags/tutorial.py
[2025-08-04T03:47:29.541+0000] {logging_mixin.py:188} INFO - [2025-08-04T03:47:29.539+0000] {dag.py:3096} INFO - Sync 1 DAGs
[2025-08-04T03:47:29.820+0000] {logging_mixin.py:188} INFO - [2025-08-04T03:47:29.819+0000] {dag.py:3954} INFO - Setting next_dagrun for tutorial to 2025-08-03 00:00:00+00:00, run_after=2025-08-04 00:00:00+00:00
[2025-08-04T03:47:29.995+0000] {processor.py:183} INFO - Processing /home/airflow/.local/lib/python3.12/site-packages/airflow/example_dags/tutorial.py took 0.853 seconds
[2025-08-04T03:48:00.810+0000] {processor.py:161} INFO - Started process (PID=235) to work on /home/airflow/.local/lib/python3.12/site-packages/airflow/example_dags/tutorial.py
[2025-08-04T03:48:00.824+0000] {processor.py:830} INFO - Processing file /home/airflow/.local/lib/python3.12/site-packages/airflow/example_dags/tutorial.py for tasks to queue
[2025-08-04T03:48:00.849+0000] {logging_mixin.py:188} INFO - [2025-08-04T03:48:00.838+0000] {dagbag.py:545} INFO - Filling up the DagBag from /home/airflow/.local/lib/python3.12/site-packages/airflow/example_dags/tutorial.py
[2025-08-04T03:48:00.904+0000] {processor.py:840} INFO - DAG(s) 'tutorial' retrieved from /home/airflow/.local/lib/python3.12/site-packages/airflow/example_dags/tutorial.py
[2025-08-04T03:48:01.126+0000] {logging_mixin.py:188} INFO - [2025-08-04T03:48:01.126+0000] {dag.py:3096} INFO - Sync 1 DAGs
[2025-08-04T03:48:01.366+0000] {logging_mixin.py:188} INFO - [2025-08-04T03:48:01.365+0000] {dag.py:3954} INFO - Setting next_dagrun for tutorial to 2025-08-03 00:00:00+00:00, run_after=2025-08-04 00:00:00+00:00
[2025-08-04T03:48:02.150+0000] {processor.py:183} INFO - Processing /home/airflow/.local/lib/python3.12/site-packages/airflow/example_dags/tutorial.py took 1.377 seconds
[2025-08-04T03:48:32.775+0000] {processor.py:161} INFO - Started process (PID=293) to work on /home/airflow/.local/lib/python3.12/site-packages/airflow/example_dags/tutorial.py
[2025-08-04T03:48:32.777+0000] {processor.py:830} INFO - Processing file /home/airflow/.local/lib/python3.12/site-packages/airflow/example_dags/tutorial.py for tasks to queue
[2025-08-04T03:48:32.781+0000] {logging_mixin.py:188} INFO - [2025-08-04T03:48:32.781+0000] {dagbag.py:545} INFO - Filling up the DagBag from /home/airflow/.local/lib/python3.12/site-packages/airflow/example_dags/tutorial.py
[2025-08-04T03:48:32.790+0000] {processor.py:840} INFO - DAG(s) 'tutorial' retrieved from /home/airflow/.local/lib/python3.12/site-packages/airflow/example_dags/tutorial.py
[2025-08-04T03:48:32.817+0000] {logging_mixin.py:188} INFO - [2025-08-04T03:48:32.817+0000] {dag.py:3096} INFO - Sync 1 DAGs
[2025-08-04T03:48:32.839+0000] {logging_mixin.py:188} INFO - [2025-08-04T03:48:32.838+0000] {dag.py:3954} INFO - Setting next_dagrun for tutorial to 2025-08-03 00:00:00+00:00, run_after=2025-08-04 00:00:00+00:00
[2025-08-04T03:48:32.858+0000] {processor.py:183} INFO - Processing /home/airflow/.local/lib/python3.12/site-packages/airflow/example_dags/tutorial.py took 0.089 seconds
[2025-08-04T03:49:33.458+0000] {processor.py:161} INFO - Started process (PID=350) to work on /home/airflow/.local/lib/python3.12/site-packages/airflow/example_dags/tutorial.py
[2025-08-04T03:49:33.476+0000] {processor.py:830} INFO - Processing file /home/airflow/.local/lib/python3.12/site-packages/airflow/example_dags/tutorial.py for tasks to queue
[2025-08-04T03:49:33.485+0000] {logging_mixin.py:188} INFO - [2025-08-04T03:49:33.484+0000] {dagbag.py:545} INFO - Filling up the DagBag from /home/airflow/.local/lib/python3.12/site-packages/airflow/example_dags/tutorial.py
[2025-08-04T03:49:33.532+0000] {processor.py:840} INFO - DAG(s) 'tutorial' retrieved from /home/airflow/.local/lib/python3.12/site-packages/airflow/example_dags/tutorial.py
[2025-08-04T03:49:33.836+0000] {logging_mixin.py:188} INFO - [2025-08-04T03:49:33.835+0000] {dag.py:3096} INFO - Sync 1 DAGs
[2025-08-04T03:49:33.964+0000] {logging_mixin.py:188} INFO - [2025-08-04T03:49:33.964+0000] {dag.py:3954} INFO - Setting next_dagrun for tutorial to 2025-08-03 00:00:00+00:00, run_after=2025-08-04 00:00:00+00:00
[2025-08-04T03:49:34.016+0000] {processor.py:183} INFO - Processing /home/airflow/.local/lib/python3.12/site-packages/airflow/example_dags/tutorial.py took 0.610 seconds
[2025-08-04T15:16:48.717+0000] {processor.py:161} INFO - Started process (PID=97) to work on /home/airflow/.local/lib/python3.12/site-packages/airflow/example_dags/tutorial.py
[2025-08-04T15:16:48.718+0000] {processor.py:830} INFO - Processing file /home/airflow/.local/lib/python3.12/site-packages/airflow/example_dags/tutorial.py for tasks to queue
[2025-08-04T15:16:48.722+0000] {logging_mixin.py:188} INFO - [2025-08-04T15:16:48.722+0000] {dagbag.py:545} INFO - Filling up the DagBag from /home/airflow/.local/lib/python3.12/site-packages/airflow/example_dags/tutorial.py
[2025-08-04T15:16:48.741+0000] {processor.py:840} INFO - DAG(s) 'tutorial' retrieved from /home/airflow/.local/lib/python3.12/site-packages/airflow/example_dags/tutorial.py
[2025-08-04T15:16:48.796+0000] {logging_mixin.py:188} INFO - [2025-08-04T15:16:48.796+0000] {dag.py:3096} INFO - Sync 1 DAGs
[2025-08-04T15:16:48.900+0000] {logging_mixin.py:188} INFO - [2025-08-04T15:16:48.899+0000] {dag.py:3954} INFO - Setting next_dagrun for tutorial to 2025-08-03 00:00:00+00:00, run_after=2025-08-04 00:00:00+00:00
[2025-08-04T15:16:48.931+0000] {processor.py:183} INFO - Processing /home/airflow/.local/lib/python3.12/site-packages/airflow/example_dags/tutorial.py took 0.225 seconds
[2025-08-04T15:17:19.463+0000] {processor.py:161} INFO - Started process (PID=155) to work on /home/airflow/.local/lib/python3.12/site-packages/airflow/example_dags/tutorial.py
[2025-08-04T15:17:19.464+0000] {processor.py:830} INFO - Processing file /home/airflow/.local/lib/python3.12/site-packages/airflow/example_dags/tutorial.py for tasks to queue
[2025-08-04T15:17:19.465+0000] {logging_mixin.py:188} INFO - [2025-08-04T15:17:19.465+0000] {dagbag.py:545} INFO - Filling up the DagBag from /home/airflow/.local/lib/python3.12/site-packages/airflow/example_dags/tutorial.py
[2025-08-04T15:17:19.469+0000] {processor.py:840} INFO - DAG(s) 'tutorial' retrieved from /home/airflow/.local/lib/python3.12/site-packages/airflow/example_dags/tutorial.py
[2025-08-04T15:17:19.481+0000] {logging_mixin.py:188} INFO - [2025-08-04T15:17:19.481+0000] {dag.py:3096} INFO - Sync 1 DAGs
[2025-08-04T15:17:19.497+0000] {logging_mixin.py:188} INFO - [2025-08-04T15:17:19.497+0000] {dag.py:3954} INFO - Setting next_dagrun for tutorial to 2025-08-03 00:00:00+00:00, run_after=2025-08-04 00:00:00+00:00
[2025-08-04T15:17:19.522+0000] {processor.py:183} INFO - Processing /home/airflow/.local/lib/python3.12/site-packages/airflow/example_dags/tutorial.py took 0.062 seconds
[2025-08-04T15:17:49.936+0000] {processor.py:161} INFO - Started process (PID=213) to work on /home/airflow/.local/lib/python3.12/site-packages/airflow/example_dags/tutorial.py
[2025-08-04T15:17:49.937+0000] {processor.py:830} INFO - Processing file /home/airflow/.local/lib/python3.12/site-packages/airflow/example_dags/tutorial.py for tasks to queue
[2025-08-04T15:17:49.938+0000] {logging_mixin.py:188} INFO - [2025-08-04T15:17:49.937+0000] {dagbag.py:545} INFO - Filling up the DagBag from /home/airflow/.local/lib/python3.12/site-packages/airflow/example_dags/tutorial.py
[2025-08-04T15:17:49.941+0000] {processor.py:840} INFO - DAG(s) 'tutorial' retrieved from /home/airflow/.local/lib/python3.12/site-packages/airflow/example_dags/tutorial.py
[2025-08-04T15:17:49.950+0000] {logging_mixin.py:188} INFO - [2025-08-04T15:17:49.950+0000] {dag.py:3096} INFO - Sync 1 DAGs
[2025-08-04T15:17:49.959+0000] {logging_mixin.py:188} INFO - [2025-08-04T15:17:49.959+0000] {dag.py:3954} INFO - Setting next_dagrun for tutorial to 2025-08-03 00:00:00+00:00, run_after=2025-08-04 00:00:00+00:00
[2025-08-04T15:17:49.966+0000] {processor.py:183} INFO - Processing /home/airflow/.local/lib/python3.12/site-packages/airflow/example_dags/tutorial.py took 0.033 seconds
[2025-08-04T15:18:20.546+0000] {processor.py:161} INFO - Started process (PID=271) to work on /home/airflow/.local/lib/python3.12/site-packages/airflow/example_dags/tutorial.py
[2025-08-04T15:18:20.547+0000] {processor.py:830} INFO - Processing file /home/airflow/.local/lib/python3.12/site-packages/airflow/example_dags/tutorial.py for tasks to queue
[2025-08-04T15:18:20.548+0000] {logging_mixin.py:188} INFO - [2025-08-04T15:18:20.548+0000] {dagbag.py:545} INFO - Filling up the DagBag from /home/airflow/.local/lib/python3.12/site-packages/airflow/example_dags/tutorial.py
[2025-08-04T15:18:20.552+0000] {processor.py:840} INFO - DAG(s) 'tutorial' retrieved from /home/airflow/.local/lib/python3.12/site-packages/airflow/example_dags/tutorial.py
[2025-08-04T15:18:20.562+0000] {logging_mixin.py:188} INFO - [2025-08-04T15:18:20.562+0000] {dag.py:3096} INFO - Sync 1 DAGs
[2025-08-04T15:18:20.572+0000] {logging_mixin.py:188} INFO - [2025-08-04T15:18:20.572+0000] {dag.py:3954} INFO - Setting next_dagrun for tutorial to 2025-08-03 00:00:00+00:00, run_after=2025-08-04 00:00:00+00:00
[2025-08-04T15:18:20.580+0000] {processor.py:183} INFO - Processing /home/airflow/.local/lib/python3.12/site-packages/airflow/example_dags/tutorial.py took 0.037 seconds
[2025-08-04T15:18:52.603+0000] {processor.py:161} INFO - Started process (PID=329) to work on /home/airflow/.local/lib/python3.12/site-packages/airflow/example_dags/tutorial.py
[2025-08-04T15:18:52.608+0000] {processor.py:830} INFO - Processing file /home/airflow/.local/lib/python3.12/site-packages/airflow/example_dags/tutorial.py for tasks to queue
[2025-08-04T15:18:52.620+0000] {logging_mixin.py:188} INFO - [2025-08-04T15:18:52.620+0000] {dagbag.py:545} INFO - Filling up the DagBag from /home/airflow/.local/lib/python3.12/site-packages/airflow/example_dags/tutorial.py
[2025-08-04T15:18:52.633+0000] {processor.py:840} INFO - DAG(s) 'tutorial' retrieved from /home/airflow/.local/lib/python3.12/site-packages/airflow/example_dags/tutorial.py
[2025-08-04T15:18:52.707+0000] {logging_mixin.py:188} INFO - [2025-08-04T15:18:52.707+0000] {dag.py:3096} INFO - Sync 1 DAGs
[2025-08-04T15:18:52.804+0000] {logging_mixin.py:188} INFO - [2025-08-04T15:18:52.803+0000] {dag.py:3954} INFO - Setting next_dagrun for tutorial to 2025-08-03 00:00:00+00:00, run_after=2025-08-04 00:00:00+00:00
[2025-08-04T15:18:52.853+0000] {processor.py:183} INFO - Processing /home/airflow/.local/lib/python3.12/site-packages/airflow/example_dags/tutorial.py took 0.260 seconds
[2025-08-04T15:19:23.422+0000] {processor.py:161} INFO - Started process (PID=387) to work on /home/airflow/.local/lib/python3.12/site-packages/airflow/example_dags/tutorial.py
[2025-08-04T15:19:23.423+0000] {processor.py:830} INFO - Processing file /home/airflow/.local/lib/python3.12/site-packages/airflow/example_dags/tutorial.py for tasks to queue
[2025-08-04T15:19:23.424+0000] {logging_mixin.py:188} INFO - [2025-08-04T15:19:23.424+0000] {dagbag.py:545} INFO - Filling up the DagBag from /home/airflow/.local/lib/python3.12/site-packages/airflow/example_dags/tutorial.py
[2025-08-04T15:19:23.428+0000] {processor.py:840} INFO - DAG(s) 'tutorial' retrieved from /home/airflow/.local/lib/python3.12/site-packages/airflow/example_dags/tutorial.py
[2025-08-04T15:19:23.440+0000] {logging_mixin.py:188} INFO - [2025-08-04T15:19:23.439+0000] {dag.py:3096} INFO - Sync 1 DAGs
[2025-08-04T15:19:23.449+0000] {logging_mixin.py:188} INFO - [2025-08-04T15:19:23.449+0000] {dag.py:3954} INFO - Setting next_dagrun for tutorial to 2025-08-03 00:00:00+00:00, run_after=2025-08-04 00:00:00+00:00
[2025-08-04T15:19:23.462+0000] {processor.py:183} INFO - Processing /home/airflow/.local/lib/python3.12/site-packages/airflow/example_dags/tutorial.py took 0.042 seconds
[2025-08-04T15:27:17.143+0000] {processor.py:161} INFO - Started process (PID=96) to work on /home/airflow/.local/lib/python3.12/site-packages/airflow/example_dags/tutorial.py
[2025-08-04T15:27:17.145+0000] {processor.py:830} INFO - Processing file /home/airflow/.local/lib/python3.12/site-packages/airflow/example_dags/tutorial.py for tasks to queue
[2025-08-04T15:27:17.155+0000] {logging_mixin.py:188} INFO - [2025-08-04T15:27:17.154+0000] {dagbag.py:545} INFO - Filling up the DagBag from /home/airflow/.local/lib/python3.12/site-packages/airflow/example_dags/tutorial.py
[2025-08-04T15:27:17.183+0000] {processor.py:840} INFO - DAG(s) 'tutorial' retrieved from /home/airflow/.local/lib/python3.12/site-packages/airflow/example_dags/tutorial.py
[2025-08-04T15:27:17.240+0000] {logging_mixin.py:188} INFO - [2025-08-04T15:27:17.240+0000] {dag.py:3096} INFO - Sync 1 DAGs
[2025-08-04T15:27:17.306+0000] {logging_mixin.py:188} INFO - [2025-08-04T15:27:17.306+0000] {dag.py:3954} INFO - Setting next_dagrun for tutorial to 2025-08-03 00:00:00+00:00, run_after=2025-08-04 00:00:00+00:00
[2025-08-04T15:27:17.325+0000] {processor.py:183} INFO - Processing /home/airflow/.local/lib/python3.12/site-packages/airflow/example_dags/tutorial.py took 0.199 seconds
[2025-08-04T15:27:48.025+0000] {processor.py:161} INFO - Started process (PID=154) to work on /home/airflow/.local/lib/python3.12/site-packages/airflow/example_dags/tutorial.py
[2025-08-04T15:27:48.026+0000] {processor.py:830} INFO - Processing file /home/airflow/.local/lib/python3.12/site-packages/airflow/example_dags/tutorial.py for tasks to queue
[2025-08-04T15:27:48.027+0000] {logging_mixin.py:188} INFO - [2025-08-04T15:27:48.027+0000] {dagbag.py:545} INFO - Filling up the DagBag from /home/airflow/.local/lib/python3.12/site-packages/airflow/example_dags/tutorial.py
[2025-08-04T15:27:48.030+0000] {processor.py:840} INFO - DAG(s) 'tutorial' retrieved from /home/airflow/.local/lib/python3.12/site-packages/airflow/example_dags/tutorial.py
[2025-08-04T15:27:48.041+0000] {logging_mixin.py:188} INFO - [2025-08-04T15:27:48.041+0000] {dag.py:3096} INFO - Sync 1 DAGs
[2025-08-04T15:27:48.055+0000] {logging_mixin.py:188} INFO - [2025-08-04T15:27:48.055+0000] {dag.py:3954} INFO - Setting next_dagrun for tutorial to 2025-08-03 00:00:00+00:00, run_after=2025-08-04 00:00:00+00:00
[2025-08-04T15:27:48.067+0000] {processor.py:183} INFO - Processing /home/airflow/.local/lib/python3.12/site-packages/airflow/example_dags/tutorial.py took 0.045 seconds
[2025-08-04T15:28:18.146+0000] {processor.py:161} INFO - Started process (PID=212) to work on /home/airflow/.local/lib/python3.12/site-packages/airflow/example_dags/tutorial.py
[2025-08-04T15:28:18.147+0000] {processor.py:830} INFO - Processing file /home/airflow/.local/lib/python3.12/site-packages/airflow/example_dags/tutorial.py for tasks to queue
[2025-08-04T15:28:18.148+0000] {logging_mixin.py:188} INFO - [2025-08-04T15:28:18.148+0000] {dagbag.py:545} INFO - Filling up the DagBag from /home/airflow/.local/lib/python3.12/site-packages/airflow/example_dags/tutorial.py
[2025-08-04T15:28:18.151+0000] {processor.py:840} INFO - DAG(s) 'tutorial' retrieved from /home/airflow/.local/lib/python3.12/site-packages/airflow/example_dags/tutorial.py
[2025-08-04T15:28:18.168+0000] {logging_mixin.py:188} INFO - [2025-08-04T15:28:18.168+0000] {dag.py:3096} INFO - Sync 1 DAGs
[2025-08-04T15:28:18.181+0000] {logging_mixin.py:188} INFO - [2025-08-04T15:28:18.180+0000] {dag.py:3954} INFO - Setting next_dagrun for tutorial to 2025-08-03 00:00:00+00:00, run_after=2025-08-04 00:00:00+00:00
[2025-08-04T15:28:18.199+0000] {processor.py:183} INFO - Processing /home/airflow/.local/lib/python3.12/site-packages/airflow/example_dags/tutorial.py took 0.056 seconds
[2025-08-04T15:28:48.579+0000] {processor.py:161} INFO - Started process (PID=270) to work on /home/airflow/.local/lib/python3.12/site-packages/airflow/example_dags/tutorial.py
[2025-08-04T15:28:48.579+0000] {processor.py:830} INFO - Processing file /home/airflow/.local/lib/python3.12/site-packages/airflow/example_dags/tutorial.py for tasks to queue
[2025-08-04T15:28:48.580+0000] {logging_mixin.py:188} INFO - [2025-08-04T15:28:48.580+0000] {dagbag.py:545} INFO - Filling up the DagBag from /home/airflow/.local/lib/python3.12/site-packages/airflow/example_dags/tutorial.py
[2025-08-04T15:28:48.583+0000] {processor.py:840} INFO - DAG(s) 'tutorial' retrieved from /home/airflow/.local/lib/python3.12/site-packages/airflow/example_dags/tutorial.py
[2025-08-04T15:28:48.595+0000] {logging_mixin.py:188} INFO - [2025-08-04T15:28:48.594+0000] {dag.py:3096} INFO - Sync 1 DAGs
[2025-08-04T15:28:48.606+0000] {logging_mixin.py:188} INFO - [2025-08-04T15:28:48.606+0000] {dag.py:3954} INFO - Setting next_dagrun for tutorial to 2025-08-03 00:00:00+00:00, run_after=2025-08-04 00:00:00+00:00
[2025-08-04T15:28:48.617+0000] {processor.py:183} INFO - Processing /home/airflow/.local/lib/python3.12/site-packages/airflow/example_dags/tutorial.py took 0.041 seconds
[2025-08-04T15:29:19.138+0000] {processor.py:161} INFO - Started process (PID=328) to work on /home/airflow/.local/lib/python3.12/site-packages/airflow/example_dags/tutorial.py
[2025-08-04T15:29:19.138+0000] {processor.py:830} INFO - Processing file /home/airflow/.local/lib/python3.12/site-packages/airflow/example_dags/tutorial.py for tasks to queue
[2025-08-04T15:29:19.140+0000] {logging_mixin.py:188} INFO - [2025-08-04T15:29:19.139+0000] {dagbag.py:545} INFO - Filling up the DagBag from /home/airflow/.local/lib/python3.12/site-packages/airflow/example_dags/tutorial.py
[2025-08-04T15:29:19.145+0000] {processor.py:840} INFO - DAG(s) 'tutorial' retrieved from /home/airflow/.local/lib/python3.12/site-packages/airflow/example_dags/tutorial.py
[2025-08-04T15:29:19.173+0000] {logging_mixin.py:188} INFO - [2025-08-04T15:29:19.173+0000] {dag.py:3096} INFO - Sync 1 DAGs
[2025-08-04T15:29:19.199+0000] {logging_mixin.py:188} INFO - [2025-08-04T15:29:19.199+0000] {dag.py:3954} INFO - Setting next_dagrun for tutorial to 2025-08-03 00:00:00+00:00, run_after=2025-08-04 00:00:00+00:00
[2025-08-04T15:29:19.219+0000] {processor.py:183} INFO - Processing /home/airflow/.local/lib/python3.12/site-packages/airflow/example_dags/tutorial.py took 0.085 seconds
[2025-08-04T15:29:49.602+0000] {processor.py:161} INFO - Started process (PID=386) to work on /home/airflow/.local/lib/python3.12/site-packages/airflow/example_dags/tutorial.py
[2025-08-04T15:29:49.604+0000] {processor.py:830} INFO - Processing file /home/airflow/.local/lib/python3.12/site-packages/airflow/example_dags/tutorial.py for tasks to queue
[2025-08-04T15:29:49.605+0000] {logging_mixin.py:188} INFO - [2025-08-04T15:29:49.605+0000] {dagbag.py:545} INFO - Filling up the DagBag from /home/airflow/.local/lib/python3.12/site-packages/airflow/example_dags/tutorial.py
[2025-08-04T15:29:49.611+0000] {processor.py:840} INFO - DAG(s) 'tutorial' retrieved from /home/airflow/.local/lib/python3.12/site-packages/airflow/example_dags/tutorial.py
[2025-08-04T15:29:49.627+0000] {logging_mixin.py:188} INFO - [2025-08-04T15:29:49.627+0000] {dag.py:3096} INFO - Sync 1 DAGs
[2025-08-04T15:29:49.639+0000] {logging_mixin.py:188} INFO - [2025-08-04T15:29:49.639+0000] {dag.py:3954} INFO - Setting next_dagrun for tutorial to 2025-08-03 00:00:00+00:00, run_after=2025-08-04 00:00:00+00:00
[2025-08-04T15:29:49.650+0000] {processor.py:183} INFO - Processing /home/airflow/.local/lib/python3.12/site-packages/airflow/example_dags/tutorial.py took 0.051 seconds
[2025-08-04T15:30:19.942+0000] {processor.py:161} INFO - Started process (PID=444) to work on /home/airflow/.local/lib/python3.12/site-packages/airflow/example_dags/tutorial.py
[2025-08-04T15:30:19.943+0000] {processor.py:830} INFO - Processing file /home/airflow/.local/lib/python3.12/site-packages/airflow/example_dags/tutorial.py for tasks to queue
[2025-08-04T15:30:19.944+0000] {logging_mixin.py:188} INFO - [2025-08-04T15:30:19.943+0000] {dagbag.py:545} INFO - Filling up the DagBag from /home/airflow/.local/lib/python3.12/site-packages/airflow/example_dags/tutorial.py
[2025-08-04T15:30:19.947+0000] {processor.py:840} INFO - DAG(s) 'tutorial' retrieved from /home/airflow/.local/lib/python3.12/site-packages/airflow/example_dags/tutorial.py
[2025-08-04T15:30:19.959+0000] {logging_mixin.py:188} INFO - [2025-08-04T15:30:19.959+0000] {dag.py:3096} INFO - Sync 1 DAGs
[2025-08-04T15:30:19.972+0000] {logging_mixin.py:188} INFO - [2025-08-04T15:30:19.972+0000] {dag.py:3954} INFO - Setting next_dagrun for tutorial to 2025-08-03 00:00:00+00:00, run_after=2025-08-04 00:00:00+00:00
[2025-08-04T15:30:19.980+0000] {processor.py:183} INFO - Processing /home/airflow/.local/lib/python3.12/site-packages/airflow/example_dags/tutorial.py took 0.041 seconds
[2025-08-04T15:30:50.729+0000] {processor.py:161} INFO - Started process (PID=502) to work on /home/airflow/.local/lib/python3.12/site-packages/airflow/example_dags/tutorial.py
[2025-08-04T15:30:50.730+0000] {processor.py:830} INFO - Processing file /home/airflow/.local/lib/python3.12/site-packages/airflow/example_dags/tutorial.py for tasks to queue
[2025-08-04T15:30:50.731+0000] {logging_mixin.py:188} INFO - [2025-08-04T15:30:50.731+0000] {dagbag.py:545} INFO - Filling up the DagBag from /home/airflow/.local/lib/python3.12/site-packages/airflow/example_dags/tutorial.py
[2025-08-04T15:30:50.737+0000] {processor.py:840} INFO - DAG(s) 'tutorial' retrieved from /home/airflow/.local/lib/python3.12/site-packages/airflow/example_dags/tutorial.py
[2025-08-04T15:30:50.762+0000] {logging_mixin.py:188} INFO - [2025-08-04T15:30:50.761+0000] {dag.py:3096} INFO - Sync 1 DAGs
[2025-08-04T15:30:50.778+0000] {logging_mixin.py:188} INFO - [2025-08-04T15:30:50.778+0000] {dag.py:3954} INFO - Setting next_dagrun for tutorial to 2025-08-03 00:00:00+00:00, run_after=2025-08-04 00:00:00+00:00
[2025-08-04T15:30:50.795+0000] {processor.py:183} INFO - Processing /home/airflow/.local/lib/python3.12/site-packages/airflow/example_dags/tutorial.py took 0.070 seconds
[2025-08-04T15:31:21.083+0000] {processor.py:161} INFO - Started process (PID=560) to work on /home/airflow/.local/lib/python3.12/site-packages/airflow/example_dags/tutorial.py
[2025-08-04T15:31:21.084+0000] {processor.py:830} INFO - Processing file /home/airflow/.local/lib/python3.12/site-packages/airflow/example_dags/tutorial.py for tasks to queue
[2025-08-04T15:31:21.085+0000] {logging_mixin.py:188} INFO - [2025-08-04T15:31:21.085+0000] {dagbag.py:545} INFO - Filling up the DagBag from /home/airflow/.local/lib/python3.12/site-packages/airflow/example_dags/tutorial.py
[2025-08-04T15:31:21.088+0000] {processor.py:840} INFO - DAG(s) 'tutorial' retrieved from /home/airflow/.local/lib/python3.12/site-packages/airflow/example_dags/tutorial.py
[2025-08-04T15:31:21.102+0000] {logging_mixin.py:188} INFO - [2025-08-04T15:31:21.102+0000] {dag.py:3096} INFO - Sync 1 DAGs
[2025-08-04T15:31:21.115+0000] {logging_mixin.py:188} INFO - [2025-08-04T15:31:21.115+0000] {dag.py:3954} INFO - Setting next_dagrun for tutorial to 2025-08-03 00:00:00+00:00, run_after=2025-08-04 00:00:00+00:00
[2025-08-04T15:31:21.123+0000] {processor.py:183} INFO - Processing /home/airflow/.local/lib/python3.12/site-packages/airflow/example_dags/tutorial.py took 0.042 seconds
[2025-08-04T15:31:51.658+0000] {processor.py:161} INFO - Started process (PID=618) to work on /home/airflow/.local/lib/python3.12/site-packages/airflow/example_dags/tutorial.py
[2025-08-04T15:31:51.658+0000] {processor.py:830} INFO - Processing file /home/airflow/.local/lib/python3.12/site-packages/airflow/example_dags/tutorial.py for tasks to queue
[2025-08-04T15:31:51.659+0000] {logging_mixin.py:188} INFO - [2025-08-04T15:31:51.659+0000] {dagbag.py:545} INFO - Filling up the DagBag from /home/airflow/.local/lib/python3.12/site-packages/airflow/example_dags/tutorial.py
[2025-08-04T15:31:51.663+0000] {processor.py:840} INFO - DAG(s) 'tutorial' retrieved from /home/airflow/.local/lib/python3.12/site-packages/airflow/example_dags/tutorial.py
[2025-08-04T15:31:51.673+0000] {logging_mixin.py:188} INFO - [2025-08-04T15:31:51.673+0000] {dag.py:3096} INFO - Sync 1 DAGs
[2025-08-04T15:31:51.685+0000] {logging_mixin.py:188} INFO - [2025-08-04T15:31:51.685+0000] {dag.py:3954} INFO - Setting next_dagrun for tutorial to 2025-08-03 00:00:00+00:00, run_after=2025-08-04 00:00:00+00:00
[2025-08-04T15:31:51.698+0000] {processor.py:183} INFO - Processing /home/airflow/.local/lib/python3.12/site-packages/airflow/example_dags/tutorial.py took 0.043 seconds
[2025-08-04T15:53:09.097+0000] {processor.py:161} INFO - Started process (PID=98) to work on /home/airflow/.local/lib/python3.12/site-packages/airflow/example_dags/tutorial.py
[2025-08-04T15:53:09.100+0000] {processor.py:830} INFO - Processing file /home/airflow/.local/lib/python3.12/site-packages/airflow/example_dags/tutorial.py for tasks to queue
[2025-08-04T15:53:09.107+0000] {logging_mixin.py:188} INFO - [2025-08-04T15:53:09.106+0000] {dagbag.py:545} INFO - Filling up the DagBag from /home/airflow/.local/lib/python3.12/site-packages/airflow/example_dags/tutorial.py
[2025-08-04T15:53:09.123+0000] {processor.py:840} INFO - DAG(s) 'tutorial' retrieved from /home/airflow/.local/lib/python3.12/site-packages/airflow/example_dags/tutorial.py
[2025-08-04T15:53:09.199+0000] {logging_mixin.py:188} INFO - [2025-08-04T15:53:09.199+0000] {dag.py:3096} INFO - Sync 1 DAGs
[2025-08-04T15:53:09.291+0000] {logging_mixin.py:188} INFO - [2025-08-04T15:53:09.285+0000] {dag.py:3954} INFO - Setting next_dagrun for tutorial to 2025-08-03 00:00:00+00:00, run_after=2025-08-04 00:00:00+00:00
[2025-08-04T15:53:09.349+0000] {processor.py:183} INFO - Processing /home/airflow/.local/lib/python3.12/site-packages/airflow/example_dags/tutorial.py took 0.264 seconds
[2025-08-04T15:53:40.085+0000] {processor.py:161} INFO - Started process (PID=156) to work on /home/airflow/.local/lib/python3.12/site-packages/airflow/example_dags/tutorial.py
[2025-08-04T15:53:40.085+0000] {processor.py:830} INFO - Processing file /home/airflow/.local/lib/python3.12/site-packages/airflow/example_dags/tutorial.py for tasks to queue
[2025-08-04T15:53:40.087+0000] {logging_mixin.py:188} INFO - [2025-08-04T15:53:40.087+0000] {dagbag.py:545} INFO - Filling up the DagBag from /home/airflow/.local/lib/python3.12/site-packages/airflow/example_dags/tutorial.py
[2025-08-04T15:53:40.090+0000] {processor.py:840} INFO - DAG(s) 'tutorial' retrieved from /home/airflow/.local/lib/python3.12/site-packages/airflow/example_dags/tutorial.py
[2025-08-04T15:53:40.099+0000] {logging_mixin.py:188} INFO - [2025-08-04T15:53:40.099+0000] {dag.py:3096} INFO - Sync 1 DAGs
[2025-08-04T15:53:40.108+0000] {logging_mixin.py:188} INFO - [2025-08-04T15:53:40.108+0000] {dag.py:3954} INFO - Setting next_dagrun for tutorial to 2025-08-03 00:00:00+00:00, run_after=2025-08-04 00:00:00+00:00
[2025-08-04T15:53:40.116+0000] {processor.py:183} INFO - Processing /home/airflow/.local/lib/python3.12/site-packages/airflow/example_dags/tutorial.py took 0.034 seconds
[2025-08-04T15:54:10.519+0000] {processor.py:161} INFO - Started process (PID=214) to work on /home/airflow/.local/lib/python3.12/site-packages/airflow/example_dags/tutorial.py
[2025-08-04T15:54:10.522+0000] {processor.py:830} INFO - Processing file /home/airflow/.local/lib/python3.12/site-packages/airflow/example_dags/tutorial.py for tasks to queue
[2025-08-04T15:54:10.525+0000] {logging_mixin.py:188} INFO - [2025-08-04T15:54:10.524+0000] {dagbag.py:545} INFO - Filling up the DagBag from /home/airflow/.local/lib/python3.12/site-packages/airflow/example_dags/tutorial.py
[2025-08-04T15:54:10.533+0000] {processor.py:840} INFO - DAG(s) 'tutorial' retrieved from /home/airflow/.local/lib/python3.12/site-packages/airflow/example_dags/tutorial.py
[2025-08-04T15:54:10.547+0000] {logging_mixin.py:188} INFO - [2025-08-04T15:54:10.547+0000] {dag.py:3096} INFO - Sync 1 DAGs
[2025-08-04T15:54:10.560+0000] {logging_mixin.py:188} INFO - [2025-08-04T15:54:10.560+0000] {dag.py:3954} INFO - Setting next_dagrun for tutorial to 2025-08-03 00:00:00+00:00, run_after=2025-08-04 00:00:00+00:00
[2025-08-04T15:54:10.568+0000] {processor.py:183} INFO - Processing /home/airflow/.local/lib/python3.12/site-packages/airflow/example_dags/tutorial.py took 0.056 seconds
[2025-08-04T15:54:40.902+0000] {processor.py:161} INFO - Started process (PID=272) to work on /home/airflow/.local/lib/python3.12/site-packages/airflow/example_dags/tutorial.py
[2025-08-04T15:54:40.903+0000] {processor.py:830} INFO - Processing file /home/airflow/.local/lib/python3.12/site-packages/airflow/example_dags/tutorial.py for tasks to queue
[2025-08-04T15:54:40.905+0000] {logging_mixin.py:188} INFO - [2025-08-04T15:54:40.905+0000] {dagbag.py:545} INFO - Filling up the DagBag from /home/airflow/.local/lib/python3.12/site-packages/airflow/example_dags/tutorial.py
[2025-08-04T15:54:40.908+0000] {processor.py:840} INFO - DAG(s) 'tutorial' retrieved from /home/airflow/.local/lib/python3.12/site-packages/airflow/example_dags/tutorial.py
[2025-08-04T15:54:40.921+0000] {logging_mixin.py:188} INFO - [2025-08-04T15:54:40.921+0000] {dag.py:3096} INFO - Sync 1 DAGs
[2025-08-04T15:54:40.935+0000] {logging_mixin.py:188} INFO - [2025-08-04T15:54:40.935+0000] {dag.py:3954} INFO - Setting next_dagrun for tutorial to 2025-08-03 00:00:00+00:00, run_after=2025-08-04 00:00:00+00:00
[2025-08-04T15:54:40.948+0000] {processor.py:183} INFO - Processing /home/airflow/.local/lib/python3.12/site-packages/airflow/example_dags/tutorial.py took 0.049 seconds
[2025-08-04T15:55:17.843+0000] {processor.py:161} INFO - Started process (PID=330) to work on /home/airflow/.local/lib/python3.12/site-packages/airflow/example_dags/tutorial.py
[2025-08-04T15:55:17.844+0000] {processor.py:830} INFO - Processing file /home/airflow/.local/lib/python3.12/site-packages/airflow/example_dags/tutorial.py for tasks to queue
[2025-08-04T15:55:17.848+0000] {logging_mixin.py:188} INFO - [2025-08-04T15:55:17.847+0000] {dagbag.py:545} INFO - Filling up the DagBag from /home/airflow/.local/lib/python3.12/site-packages/airflow/example_dags/tutorial.py
[2025-08-04T15:55:17.861+0000] {processor.py:840} INFO - DAG(s) 'tutorial' retrieved from /home/airflow/.local/lib/python3.12/site-packages/airflow/example_dags/tutorial.py
[2025-08-04T15:55:17.945+0000] {logging_mixin.py:188} INFO - [2025-08-04T15:55:17.943+0000] {dag.py:3096} INFO - Sync 1 DAGs
[2025-08-04T15:55:18.115+0000] {logging_mixin.py:188} INFO - [2025-08-04T15:55:18.101+0000] {dag.py:3954} INFO - Setting next_dagrun for tutorial to 2025-08-03 00:00:00+00:00, run_after=2025-08-04 00:00:00+00:00
[2025-08-04T15:55:18.299+0000] {processor.py:183} INFO - Processing /home/airflow/.local/lib/python3.12/site-packages/airflow/example_dags/tutorial.py took 0.466 seconds
[2025-08-04T15:55:48.603+0000] {processor.py:161} INFO - Started process (PID=388) to work on /home/airflow/.local/lib/python3.12/site-packages/airflow/example_dags/tutorial.py
[2025-08-04T15:55:48.604+0000] {processor.py:830} INFO - Processing file /home/airflow/.local/lib/python3.12/site-packages/airflow/example_dags/tutorial.py for tasks to queue
[2025-08-04T15:55:48.605+0000] {logging_mixin.py:188} INFO - [2025-08-04T15:55:48.605+0000] {dagbag.py:545} INFO - Filling up the DagBag from /home/airflow/.local/lib/python3.12/site-packages/airflow/example_dags/tutorial.py
[2025-08-04T15:55:48.609+0000] {processor.py:840} INFO - DAG(s) 'tutorial' retrieved from /home/airflow/.local/lib/python3.12/site-packages/airflow/example_dags/tutorial.py
[2025-08-04T15:55:48.623+0000] {logging_mixin.py:188} INFO - [2025-08-04T15:55:48.623+0000] {dag.py:3096} INFO - Sync 1 DAGs
[2025-08-04T15:55:48.641+0000] {logging_mixin.py:188} INFO - [2025-08-04T15:55:48.641+0000] {dag.py:3954} INFO - Setting next_dagrun for tutorial to 2025-08-03 00:00:00+00:00, run_after=2025-08-04 00:00:00+00:00
[2025-08-04T15:55:48.654+0000] {processor.py:183} INFO - Processing /home/airflow/.local/lib/python3.12/site-packages/airflow/example_dags/tutorial.py took 0.054 seconds
[2025-08-04T15:59:03.138+0000] {processor.py:161} INFO - Started process (PID=98) to work on /home/airflow/.local/lib/python3.12/site-packages/airflow/example_dags/tutorial.py
[2025-08-04T15:59:03.140+0000] {processor.py:830} INFO - Processing file /home/airflow/.local/lib/python3.12/site-packages/airflow/example_dags/tutorial.py for tasks to queue
[2025-08-04T15:59:03.143+0000] {logging_mixin.py:188} INFO - [2025-08-04T15:59:03.143+0000] {dagbag.py:545} INFO - Filling up the DagBag from /home/airflow/.local/lib/python3.12/site-packages/airflow/example_dags/tutorial.py
[2025-08-04T15:59:03.159+0000] {processor.py:840} INFO - DAG(s) 'tutorial' retrieved from /home/airflow/.local/lib/python3.12/site-packages/airflow/example_dags/tutorial.py
[2025-08-04T15:59:03.254+0000] {logging_mixin.py:188} INFO - [2025-08-04T15:59:03.254+0000] {dag.py:3096} INFO - Sync 1 DAGs
[2025-08-04T15:59:03.355+0000] {logging_mixin.py:188} INFO - [2025-08-04T15:59:03.355+0000] {dag.py:3954} INFO - Setting next_dagrun for tutorial to 2025-08-03 00:00:00+00:00, run_after=2025-08-04 00:00:00+00:00
[2025-08-04T15:59:03.440+0000] {processor.py:183} INFO - Processing /home/airflow/.local/lib/python3.12/site-packages/airflow/example_dags/tutorial.py took 0.311 seconds
[2025-08-04T15:59:33.475+0000] {processor.py:161} INFO - Started process (PID=156) to work on /home/airflow/.local/lib/python3.12/site-packages/airflow/example_dags/tutorial.py
[2025-08-04T15:59:33.476+0000] {processor.py:830} INFO - Processing file /home/airflow/.local/lib/python3.12/site-packages/airflow/example_dags/tutorial.py for tasks to queue
[2025-08-04T15:59:33.477+0000] {logging_mixin.py:188} INFO - [2025-08-04T15:59:33.477+0000] {dagbag.py:545} INFO - Filling up the DagBag from /home/airflow/.local/lib/python3.12/site-packages/airflow/example_dags/tutorial.py
[2025-08-04T15:59:33.480+0000] {processor.py:840} INFO - DAG(s) 'tutorial' retrieved from /home/airflow/.local/lib/python3.12/site-packages/airflow/example_dags/tutorial.py
[2025-08-04T15:59:33.487+0000] {logging_mixin.py:188} INFO - [2025-08-04T15:59:33.487+0000] {dag.py:3096} INFO - Sync 1 DAGs
[2025-08-04T15:59:33.495+0000] {logging_mixin.py:188} INFO - [2025-08-04T15:59:33.495+0000] {dag.py:3954} INFO - Setting next_dagrun for tutorial to 2025-08-03 00:00:00+00:00, run_after=2025-08-04 00:00:00+00:00
[2025-08-04T15:59:33.502+0000] {processor.py:183} INFO - Processing /home/airflow/.local/lib/python3.12/site-packages/airflow/example_dags/tutorial.py took 0.029 seconds
[2025-08-04T16:00:04.201+0000] {processor.py:161} INFO - Started process (PID=214) to work on /home/airflow/.local/lib/python3.12/site-packages/airflow/example_dags/tutorial.py
[2025-08-04T16:00:04.203+0000] {processor.py:830} INFO - Processing file /home/airflow/.local/lib/python3.12/site-packages/airflow/example_dags/tutorial.py for tasks to queue
[2025-08-04T16:00:04.204+0000] {logging_mixin.py:188} INFO - [2025-08-04T16:00:04.204+0000] {dagbag.py:545} INFO - Filling up the DagBag from /home/airflow/.local/lib/python3.12/site-packages/airflow/example_dags/tutorial.py
[2025-08-04T16:00:04.212+0000] {processor.py:840} INFO - DAG(s) 'tutorial' retrieved from /home/airflow/.local/lib/python3.12/site-packages/airflow/example_dags/tutorial.py
[2025-08-04T16:00:04.233+0000] {logging_mixin.py:188} INFO - [2025-08-04T16:00:04.232+0000] {dag.py:3096} INFO - Sync 1 DAGs
[2025-08-04T16:00:04.250+0000] {logging_mixin.py:188} INFO - [2025-08-04T16:00:04.250+0000] {dag.py:3954} INFO - Setting next_dagrun for tutorial to 2025-08-03 00:00:00+00:00, run_after=2025-08-04 00:00:00+00:00
[2025-08-04T16:00:04.260+0000] {processor.py:183} INFO - Processing /home/airflow/.local/lib/python3.12/site-packages/airflow/example_dags/tutorial.py took 0.067 seconds
[2025-08-04T16:00:35.103+0000] {processor.py:161} INFO - Started process (PID=272) to work on /home/airflow/.local/lib/python3.12/site-packages/airflow/example_dags/tutorial.py
[2025-08-04T16:00:35.106+0000] {processor.py:830} INFO - Processing file /home/airflow/.local/lib/python3.12/site-packages/airflow/example_dags/tutorial.py for tasks to queue
[2025-08-04T16:00:35.108+0000] {logging_mixin.py:188} INFO - [2025-08-04T16:00:35.107+0000] {dagbag.py:545} INFO - Filling up the DagBag from /home/airflow/.local/lib/python3.12/site-packages/airflow/example_dags/tutorial.py
[2025-08-04T16:00:35.119+0000] {processor.py:840} INFO - DAG(s) 'tutorial' retrieved from /home/airflow/.local/lib/python3.12/site-packages/airflow/example_dags/tutorial.py
[2025-08-04T16:00:35.160+0000] {logging_mixin.py:188} INFO - [2025-08-04T16:00:35.160+0000] {dag.py:3096} INFO - Sync 1 DAGs
[2025-08-04T16:00:35.189+0000] {logging_mixin.py:188} INFO - [2025-08-04T16:00:35.189+0000] {dag.py:3954} INFO - Setting next_dagrun for tutorial to 2025-08-03 00:00:00+00:00, run_after=2025-08-04 00:00:00+00:00
[2025-08-04T16:00:35.241+0000] {processor.py:183} INFO - Processing /home/airflow/.local/lib/python3.12/site-packages/airflow/example_dags/tutorial.py took 0.142 seconds
[2025-08-04T16:01:05.963+0000] {processor.py:161} INFO - Started process (PID=330) to work on /home/airflow/.local/lib/python3.12/site-packages/airflow/example_dags/tutorial.py
[2025-08-04T16:01:05.963+0000] {processor.py:830} INFO - Processing file /home/airflow/.local/lib/python3.12/site-packages/airflow/example_dags/tutorial.py for tasks to queue
[2025-08-04T16:01:05.967+0000] {logging_mixin.py:188} INFO - [2025-08-04T16:01:05.965+0000] {dagbag.py:545} INFO - Filling up the DagBag from /home/airflow/.local/lib/python3.12/site-packages/airflow/example_dags/tutorial.py
[2025-08-04T16:01:05.970+0000] {processor.py:840} INFO - DAG(s) 'tutorial' retrieved from /home/airflow/.local/lib/python3.12/site-packages/airflow/example_dags/tutorial.py
[2025-08-04T16:01:05.982+0000] {logging_mixin.py:188} INFO - [2025-08-04T16:01:05.982+0000] {dag.py:3096} INFO - Sync 1 DAGs
[2025-08-04T16:01:05.994+0000] {logging_mixin.py:188} INFO - [2025-08-04T16:01:05.994+0000] {dag.py:3954} INFO - Setting next_dagrun for tutorial to 2025-08-03 00:00:00+00:00, run_after=2025-08-04 00:00:00+00:00
[2025-08-04T16:01:06.001+0000] {processor.py:183} INFO - Processing /home/airflow/.local/lib/python3.12/site-packages/airflow/example_dags/tutorial.py took 0.041 seconds
