[2025-08-03T19:46:13.804+0000] {processor.py:161} INFO - Started process (PID=77) to work on /home/airflow/.local/lib/python3.12/site-packages/airflow/example_dags/example_subdag_operator.py
[2025-08-03T19:46:13.806+0000] {processor.py:830} INFO - Processing file /home/airflow/.local/lib/python3.12/site-packages/airflow/example_dags/example_subdag_operator.py for tasks to queue
[2025-08-03T19:46:13.820+0000] {logging_mixin.py:188} INFO - [2025-08-03T19:46:13.820+0000] {dagbag.py:545} INFO - Filling up the DagBag from /home/airflow/.local/lib/python3.12/site-packages/airflow/example_dags/example_subdag_operator.py
[2025-08-03T19:46:14.115+0000] {processor.py:840} INFO - DAG(s) 'example_subdag_operator.section-1', 'example_subdag_operator.section-2', 'example_subdag_operator' retrieved from /home/airflow/.local/lib/python3.12/site-packages/airflow/example_dags/example_subdag_operator.py
[2025-08-03T19:46:14.284+0000] {logging_mixin.py:188} INFO - [2025-08-03T19:46:14.284+0000] {dag.py:3096} INFO - Sync 3 DAGs
[2025-08-03T19:46:14.401+0000] {logging_mixin.py:188} INFO - [2025-08-03T19:46:14.400+0000] {dag.py:3954} INFO - Setting next_dagrun for example_subdag_operator to 2022-01-01 00:00:00+00:00, run_after=2022-01-01 00:00:00+00:00
[2025-08-03T19:46:14.425+0000] {logging_mixin.py:188} INFO - [2025-08-03T19:46:14.425+0000] {dag.py:3954} INFO - Setting next_dagrun for example_subdag_operator.section-1 to None, run_after=None
[2025-08-03T19:46:14.429+0000] {logging_mixin.py:188} INFO - [2025-08-03T19:46:14.429+0000] {dag.py:3954} INFO - Setting next_dagrun for example_subdag_operator.section-2 to None, run_after=None
[2025-08-03T19:46:14.449+0000] {logging_mixin.py:188} INFO - [2025-08-03T19:46:14.448+0000] {dag.py:3096} INFO - Sync 2 DAGs
[2025-08-03T19:46:14.473+0000] {logging_mixin.py:188} INFO - [2025-08-03T19:46:14.470+0000] {dag.py:3954} INFO - Setting next_dagrun for example_subdag_operator.section-1 to None, run_after=None
[2025-08-03T19:46:14.484+0000] {logging_mixin.py:188} INFO - [2025-08-03T19:46:14.483+0000] {dag.py:3954} INFO - Setting next_dagrun for example_subdag_operator.section-2 to None, run_after=None
[2025-08-03T19:46:14.698+0000] {processor.py:183} INFO - Processing /home/airflow/.local/lib/python3.12/site-packages/airflow/example_dags/example_subdag_operator.py took 1.035 seconds
[2025-08-03T19:47:42.357+0000] {processor.py:161} INFO - Started process (PID=147) to work on /home/airflow/.local/lib/python3.12/site-packages/airflow/example_dags/example_subdag_operator.py
[2025-08-03T19:47:42.528+0000] {processor.py:830} INFO - Processing file /home/airflow/.local/lib/python3.12/site-packages/airflow/example_dags/example_subdag_operator.py for tasks to queue
[2025-08-03T19:47:42.653+0000] {logging_mixin.py:188} INFO - [2025-08-03T19:47:42.634+0000] {dagbag.py:545} INFO - Filling up the DagBag from /home/airflow/.local/lib/python3.12/site-packages/airflow/example_dags/example_subdag_operator.py
[2025-08-03T19:47:44.191+0000] {processor.py:840} INFO - DAG(s) 'example_subdag_operator.section-1', 'example_subdag_operator.section-2', 'example_subdag_operator' retrieved from /home/airflow/.local/lib/python3.12/site-packages/airflow/example_dags/example_subdag_operator.py
[2025-08-03T19:47:44.411+0000] {logging_mixin.py:188} INFO - [2025-08-03T19:47:44.411+0000] {dag.py:3096} INFO - Sync 3 DAGs
[2025-08-03T19:47:44.791+0000] {logging_mixin.py:188} INFO - [2025-08-03T19:47:44.791+0000] {dag.py:3954} INFO - Setting next_dagrun for example_subdag_operator to 2022-01-01 00:00:00+00:00, run_after=2022-01-01 00:00:00+00:00
[2025-08-03T19:47:44.910+0000] {logging_mixin.py:188} INFO - [2025-08-03T19:47:44.910+0000] {dag.py:3954} INFO - Setting next_dagrun for example_subdag_operator.section-1 to None, run_after=None
[2025-08-03T19:47:44.929+0000] {logging_mixin.py:188} INFO - [2025-08-03T19:47:44.928+0000] {dag.py:3954} INFO - Setting next_dagrun for example_subdag_operator.section-2 to None, run_after=None
[2025-08-03T19:47:45.026+0000] {logging_mixin.py:188} INFO - [2025-08-03T19:47:45.026+0000] {dag.py:3096} INFO - Sync 2 DAGs
[2025-08-03T19:47:45.114+0000] {logging_mixin.py:188} INFO - [2025-08-03T19:47:45.113+0000] {dag.py:3954} INFO - Setting next_dagrun for example_subdag_operator.section-1 to None, run_after=None
[2025-08-03T19:47:45.137+0000] {logging_mixin.py:188} INFO - [2025-08-03T19:47:45.131+0000] {dag.py:3954} INFO - Setting next_dagrun for example_subdag_operator.section-2 to None, run_after=None
[2025-08-03T19:47:45.307+0000] {processor.py:183} INFO - Processing /home/airflow/.local/lib/python3.12/site-packages/airflow/example_dags/example_subdag_operator.py took 3.306 seconds
[2025-08-03T19:49:51.863+0000] {processor.py:161} INFO - Started process (PID=219) to work on /home/airflow/.local/lib/python3.12/site-packages/airflow/example_dags/example_subdag_operator.py
[2025-08-03T19:49:51.948+0000] {processor.py:830} INFO - Processing file /home/airflow/.local/lib/python3.12/site-packages/airflow/example_dags/example_subdag_operator.py for tasks to queue
[2025-08-03T19:49:52.127+0000] {logging_mixin.py:188} INFO - [2025-08-03T19:49:52.124+0000] {dagbag.py:545} INFO - Filling up the DagBag from /home/airflow/.local/lib/python3.12/site-packages/airflow/example_dags/example_subdag_operator.py
[2025-08-03T19:49:53.806+0000] {processor.py:840} INFO - DAG(s) 'example_subdag_operator.section-1', 'example_subdag_operator.section-2', 'example_subdag_operator' retrieved from /home/airflow/.local/lib/python3.12/site-packages/airflow/example_dags/example_subdag_operator.py
[2025-08-03T19:49:53.947+0000] {logging_mixin.py:188} INFO - [2025-08-03T19:49:53.946+0000] {dag.py:3096} INFO - Sync 3 DAGs
[2025-08-03T19:49:54.085+0000] {logging_mixin.py:188} INFO - [2025-08-03T19:49:54.084+0000] {dag.py:3954} INFO - Setting next_dagrun for example_subdag_operator to 2022-01-01 00:00:00+00:00, run_after=2022-01-01 00:00:00+00:00
[2025-08-03T19:49:54.105+0000] {logging_mixin.py:188} INFO - [2025-08-03T19:49:54.105+0000] {dag.py:3954} INFO - Setting next_dagrun for example_subdag_operator.section-1 to None, run_after=None
[2025-08-03T19:49:54.112+0000] {logging_mixin.py:188} INFO - [2025-08-03T19:49:54.112+0000] {dag.py:3954} INFO - Setting next_dagrun for example_subdag_operator.section-2 to None, run_after=None
[2025-08-03T19:49:54.187+0000] {logging_mixin.py:188} INFO - [2025-08-03T19:49:54.180+0000] {dag.py:3096} INFO - Sync 2 DAGs
[2025-08-03T19:49:54.212+0000] {logging_mixin.py:188} INFO - [2025-08-03T19:49:54.211+0000] {dag.py:3954} INFO - Setting next_dagrun for example_subdag_operator.section-1 to None, run_after=None
[2025-08-03T19:49:54.222+0000] {logging_mixin.py:188} INFO - [2025-08-03T19:49:54.222+0000] {dag.py:3954} INFO - Setting next_dagrun for example_subdag_operator.section-2 to None, run_after=None
[2025-08-03T19:49:54.764+0000] {processor.py:183} INFO - Processing /home/airflow/.local/lib/python3.12/site-packages/airflow/example_dags/example_subdag_operator.py took 3.354 seconds
[2025-08-03T20:13:53.233+0000] {processor.py:161} INFO - Started process (PID=280) to work on /home/airflow/.local/lib/python3.12/site-packages/airflow/example_dags/example_subdag_operator.py
[2025-08-03T20:13:53.517+0000] {processor.py:830} INFO - Processing file /home/airflow/.local/lib/python3.12/site-packages/airflow/example_dags/example_subdag_operator.py for tasks to queue
[2025-08-03T20:13:53.641+0000] {logging_mixin.py:188} INFO - [2025-08-03T20:13:53.589+0000] {dagbag.py:545} INFO - Filling up the DagBag from /home/airflow/.local/lib/python3.12/site-packages/airflow/example_dags/example_subdag_operator.py
[2025-08-03T20:14:25.771+0000] {logging_mixin.py:188} INFO - [2025-08-03T20:14:25.492+0000] {timeout.py:68} ERROR - Process timed out, PID: 280
[2025-08-03T20:26:28.526+0000] {processor.py:161} INFO - Started process (PID=354) to work on /home/airflow/.local/lib/python3.12/site-packages/airflow/example_dags/example_subdag_operator.py
[2025-08-03T20:26:28.565+0000] {processor.py:830} INFO - Processing file /home/airflow/.local/lib/python3.12/site-packages/airflow/example_dags/example_subdag_operator.py for tasks to queue
[2025-08-03T20:26:28.782+0000] {logging_mixin.py:188} INFO - [2025-08-03T20:26:28.600+0000] {dagbag.py:545} INFO - Filling up the DagBag from /home/airflow/.local/lib/python3.12/site-packages/airflow/example_dags/example_subdag_operator.py
[2025-08-03T20:26:37.139+0000] {processor.py:840} INFO - DAG(s) 'example_subdag_operator.section-1', 'example_subdag_operator.section-2', 'example_subdag_operator' retrieved from /home/airflow/.local/lib/python3.12/site-packages/airflow/example_dags/example_subdag_operator.py
[2025-08-03T20:27:25.960+0000] {logging_mixin.py:188} INFO - [2025-08-03T20:27:25.865+0000] {dag.py:3096} INFO - Sync 3 DAGs
[2025-08-03T20:32:55.588+0000] {processor.py:161} INFO - Started process (PID=74) to work on /home/airflow/.local/lib/python3.12/site-packages/airflow/example_dags/example_subdag_operator.py
[2025-08-03T20:32:55.592+0000] {processor.py:830} INFO - Processing file /home/airflow/.local/lib/python3.12/site-packages/airflow/example_dags/example_subdag_operator.py for tasks to queue
[2025-08-03T20:32:55.602+0000] {logging_mixin.py:188} INFO - [2025-08-03T20:32:55.602+0000] {dagbag.py:545} INFO - Filling up the DagBag from /home/airflow/.local/lib/python3.12/site-packages/airflow/example_dags/example_subdag_operator.py
[2025-08-03T20:32:56.010+0000] {processor.py:840} INFO - DAG(s) 'example_subdag_operator.section-1', 'example_subdag_operator.section-2', 'example_subdag_operator' retrieved from /home/airflow/.local/lib/python3.12/site-packages/airflow/example_dags/example_subdag_operator.py
[2025-08-03T20:32:56.161+0000] {logging_mixin.py:188} INFO - [2025-08-03T20:32:56.160+0000] {dag.py:3096} INFO - Sync 3 DAGs
[2025-08-03T20:32:56.181+0000] {logging_mixin.py:188} INFO - [2025-08-03T20:32:56.181+0000] {dag.py:3954} INFO - Setting next_dagrun for example_subdag_operator to 2022-01-01 00:00:00+00:00, run_after=2022-01-01 00:00:00+00:00
[2025-08-03T20:32:56.185+0000] {logging_mixin.py:188} INFO - [2025-08-03T20:32:56.185+0000] {dag.py:3954} INFO - Setting next_dagrun for example_subdag_operator.section-1 to None, run_after=None
[2025-08-03T20:32:56.187+0000] {logging_mixin.py:188} INFO - [2025-08-03T20:32:56.187+0000] {dag.py:3954} INFO - Setting next_dagrun for example_subdag_operator.section-2 to None, run_after=None
[2025-08-03T20:32:56.226+0000] {logging_mixin.py:188} INFO - [2025-08-03T20:32:56.226+0000] {dag.py:3096} INFO - Sync 2 DAGs
[2025-08-03T20:32:56.231+0000] {logging_mixin.py:188} INFO - [2025-08-03T20:32:56.231+0000] {dag.py:3954} INFO - Setting next_dagrun for example_subdag_operator.section-1 to None, run_after=None
[2025-08-03T20:32:56.232+0000] {logging_mixin.py:188} INFO - [2025-08-03T20:32:56.232+0000] {dag.py:3954} INFO - Setting next_dagrun for example_subdag_operator.section-2 to None, run_after=None
[2025-08-03T20:32:56.246+0000] {processor.py:183} INFO - Processing /home/airflow/.local/lib/python3.12/site-packages/airflow/example_dags/example_subdag_operator.py took 0.680 seconds
[2025-08-03T20:33:26.785+0000] {processor.py:161} INFO - Started process (PID=132) to work on /home/airflow/.local/lib/python3.12/site-packages/airflow/example_dags/example_subdag_operator.py
[2025-08-03T20:33:26.792+0000] {processor.py:830} INFO - Processing file /home/airflow/.local/lib/python3.12/site-packages/airflow/example_dags/example_subdag_operator.py for tasks to queue
[2025-08-03T20:33:26.807+0000] {logging_mixin.py:188} INFO - [2025-08-03T20:33:26.806+0000] {dagbag.py:545} INFO - Filling up the DagBag from /home/airflow/.local/lib/python3.12/site-packages/airflow/example_dags/example_subdag_operator.py
[2025-08-03T20:33:26.872+0000] {processor.py:840} INFO - DAG(s) 'example_subdag_operator.section-1', 'example_subdag_operator.section-2', 'example_subdag_operator' retrieved from /home/airflow/.local/lib/python3.12/site-packages/airflow/example_dags/example_subdag_operator.py
[2025-08-03T20:33:26.925+0000] {logging_mixin.py:188} INFO - [2025-08-03T20:33:26.921+0000] {dag.py:3096} INFO - Sync 3 DAGs
[2025-08-03T20:33:26.979+0000] {logging_mixin.py:188} INFO - [2025-08-03T20:33:26.979+0000] {dag.py:3954} INFO - Setting next_dagrun for example_subdag_operator to 2022-01-01 00:00:00+00:00, run_after=2022-01-01 00:00:00+00:00
[2025-08-03T20:33:26.986+0000] {logging_mixin.py:188} INFO - [2025-08-03T20:33:26.986+0000] {dag.py:3954} INFO - Setting next_dagrun for example_subdag_operator.section-1 to None, run_after=None
[2025-08-03T20:33:26.989+0000] {logging_mixin.py:188} INFO - [2025-08-03T20:33:26.989+0000] {dag.py:3954} INFO - Setting next_dagrun for example_subdag_operator.section-2 to None, run_after=None
[2025-08-03T20:33:27.005+0000] {logging_mixin.py:188} INFO - [2025-08-03T20:33:27.005+0000] {dag.py:3096} INFO - Sync 2 DAGs
[2025-08-03T20:33:27.018+0000] {logging_mixin.py:188} INFO - [2025-08-03T20:33:27.018+0000] {dag.py:3954} INFO - Setting next_dagrun for example_subdag_operator.section-1 to None, run_after=None
[2025-08-03T20:33:27.019+0000] {logging_mixin.py:188} INFO - [2025-08-03T20:33:27.018+0000] {dag.py:3954} INFO - Setting next_dagrun for example_subdag_operator.section-2 to None, run_after=None
[2025-08-03T20:33:27.037+0000] {processor.py:183} INFO - Processing /home/airflow/.local/lib/python3.12/site-packages/airflow/example_dags/example_subdag_operator.py took 0.263 seconds
[2025-08-03T20:33:57.725+0000] {processor.py:161} INFO - Started process (PID=190) to work on /home/airflow/.local/lib/python3.12/site-packages/airflow/example_dags/example_subdag_operator.py
[2025-08-03T20:33:57.729+0000] {processor.py:830} INFO - Processing file /home/airflow/.local/lib/python3.12/site-packages/airflow/example_dags/example_subdag_operator.py for tasks to queue
[2025-08-03T20:33:57.736+0000] {logging_mixin.py:188} INFO - [2025-08-03T20:33:57.735+0000] {dagbag.py:545} INFO - Filling up the DagBag from /home/airflow/.local/lib/python3.12/site-packages/airflow/example_dags/example_subdag_operator.py
[2025-08-03T20:33:57.795+0000] {processor.py:840} INFO - DAG(s) 'example_subdag_operator.section-1', 'example_subdag_operator.section-2', 'example_subdag_operator' retrieved from /home/airflow/.local/lib/python3.12/site-packages/airflow/example_dags/example_subdag_operator.py
[2025-08-03T20:33:57.844+0000] {logging_mixin.py:188} INFO - [2025-08-03T20:33:57.843+0000] {dag.py:3096} INFO - Sync 3 DAGs
[2025-08-03T20:33:57.900+0000] {logging_mixin.py:188} INFO - [2025-08-03T20:33:57.900+0000] {dag.py:3954} INFO - Setting next_dagrun for example_subdag_operator to 2022-01-01 00:00:00+00:00, run_after=2022-01-01 00:00:00+00:00
[2025-08-03T20:33:57.925+0000] {logging_mixin.py:188} INFO - [2025-08-03T20:33:57.924+0000] {dag.py:3954} INFO - Setting next_dagrun for example_subdag_operator.section-1 to None, run_after=None
[2025-08-03T20:33:57.928+0000] {logging_mixin.py:188} INFO - [2025-08-03T20:33:57.927+0000] {dag.py:3954} INFO - Setting next_dagrun for example_subdag_operator.section-2 to None, run_after=None
[2025-08-03T20:33:57.945+0000] {logging_mixin.py:188} INFO - [2025-08-03T20:33:57.944+0000] {dag.py:3096} INFO - Sync 2 DAGs
[2025-08-03T20:33:57.985+0000] {logging_mixin.py:188} INFO - [2025-08-03T20:33:57.983+0000] {dag.py:3954} INFO - Setting next_dagrun for example_subdag_operator.section-1 to None, run_after=None
[2025-08-03T20:33:57.996+0000] {logging_mixin.py:188} INFO - [2025-08-03T20:33:57.990+0000] {dag.py:3954} INFO - Setting next_dagrun for example_subdag_operator.section-2 to None, run_after=None
[2025-08-03T20:33:58.102+0000] {processor.py:183} INFO - Processing /home/airflow/.local/lib/python3.12/site-packages/airflow/example_dags/example_subdag_operator.py took 0.397 seconds
[2025-08-03T20:34:50.137+0000] {processor.py:161} INFO - Started process (PID=240) to work on /home/airflow/.local/lib/python3.12/site-packages/airflow/example_dags/example_subdag_operator.py
[2025-08-03T20:34:50.149+0000] {processor.py:830} INFO - Processing file /home/airflow/.local/lib/python3.12/site-packages/airflow/example_dags/example_subdag_operator.py for tasks to queue
[2025-08-03T20:34:50.194+0000] {logging_mixin.py:188} INFO - [2025-08-03T20:34:50.183+0000] {dagbag.py:545} INFO - Filling up the DagBag from /home/airflow/.local/lib/python3.12/site-packages/airflow/example_dags/example_subdag_operator.py
[2025-08-03T20:34:50.435+0000] {processor.py:840} INFO - DAG(s) 'example_subdag_operator.section-1', 'example_subdag_operator.section-2', 'example_subdag_operator' retrieved from /home/airflow/.local/lib/python3.12/site-packages/airflow/example_dags/example_subdag_operator.py
[2025-08-03T20:34:50.496+0000] {logging_mixin.py:188} INFO - [2025-08-03T20:34:50.496+0000] {dag.py:3096} INFO - Sync 3 DAGs
[2025-08-03T20:34:50.631+0000] {logging_mixin.py:188} INFO - [2025-08-03T20:34:50.631+0000] {dag.py:3954} INFO - Setting next_dagrun for example_subdag_operator to 2022-01-01 00:00:00+00:00, run_after=2022-01-01 00:00:00+00:00
[2025-08-03T20:34:50.726+0000] {logging_mixin.py:188} INFO - [2025-08-03T20:34:50.717+0000] {dag.py:3954} INFO - Setting next_dagrun for example_subdag_operator.section-1 to None, run_after=None
[2025-08-03T20:34:50.741+0000] {logging_mixin.py:188} INFO - [2025-08-03T20:34:50.740+0000] {dag.py:3954} INFO - Setting next_dagrun for example_subdag_operator.section-2 to None, run_after=None
[2025-08-03T20:34:50.863+0000] {logging_mixin.py:188} INFO - [2025-08-03T20:34:50.862+0000] {dag.py:3096} INFO - Sync 2 DAGs
[2025-08-03T20:34:50.920+0000] {logging_mixin.py:188} INFO - [2025-08-03T20:34:50.920+0000] {dag.py:3954} INFO - Setting next_dagrun for example_subdag_operator.section-1 to None, run_after=None
[2025-08-03T20:34:50.923+0000] {logging_mixin.py:188} INFO - [2025-08-03T20:34:50.922+0000] {dag.py:3954} INFO - Setting next_dagrun for example_subdag_operator.section-2 to None, run_after=None
[2025-08-03T20:34:51.060+0000] {processor.py:183} INFO - Processing /home/airflow/.local/lib/python3.12/site-packages/airflow/example_dags/example_subdag_operator.py took 0.980 seconds
[2025-08-03T20:37:05.955+0000] {processor.py:161} INFO - Started process (PID=293) to work on /home/airflow/.local/lib/python3.12/site-packages/airflow/example_dags/example_subdag_operator.py
[2025-08-03T20:37:05.962+0000] {processor.py:830} INFO - Processing file /home/airflow/.local/lib/python3.12/site-packages/airflow/example_dags/example_subdag_operator.py for tasks to queue
[2025-08-03T20:37:05.989+0000] {logging_mixin.py:188} INFO - [2025-08-03T20:37:05.988+0000] {dagbag.py:545} INFO - Filling up the DagBag from /home/airflow/.local/lib/python3.12/site-packages/airflow/example_dags/example_subdag_operator.py
[2025-08-03T20:37:06.436+0000] {processor.py:840} INFO - DAG(s) 'example_subdag_operator.section-1', 'example_subdag_operator.section-2', 'example_subdag_operator' retrieved from /home/airflow/.local/lib/python3.12/site-packages/airflow/example_dags/example_subdag_operator.py
[2025-08-03T20:37:07.159+0000] {logging_mixin.py:188} INFO - [2025-08-03T20:37:07.157+0000] {dag.py:3096} INFO - Sync 3 DAGs
[2025-08-03T20:37:10.722+0000] {logging_mixin.py:188} INFO - [2025-08-03T20:37:10.721+0000] {dag.py:3954} INFO - Setting next_dagrun for example_subdag_operator to 2022-01-01 00:00:00+00:00, run_after=2022-01-01 00:00:00+00:00
[2025-08-03T20:37:11.116+0000] {logging_mixin.py:188} INFO - [2025-08-03T20:37:11.115+0000] {dag.py:3954} INFO - Setting next_dagrun for example_subdag_operator.section-1 to None, run_after=None
[2025-08-03T20:37:11.129+0000] {logging_mixin.py:188} INFO - [2025-08-03T20:37:11.129+0000] {dag.py:3954} INFO - Setting next_dagrun for example_subdag_operator.section-2 to None, run_after=None
[2025-08-03T20:37:11.357+0000] {logging_mixin.py:188} INFO - [2025-08-03T20:37:11.355+0000] {dag.py:3096} INFO - Sync 2 DAGs
[2025-08-03T20:37:11.391+0000] {logging_mixin.py:188} INFO - [2025-08-03T20:37:11.391+0000] {dag.py:3954} INFO - Setting next_dagrun for example_subdag_operator.section-1 to None, run_after=None
[2025-08-03T20:37:11.396+0000] {logging_mixin.py:188} INFO - [2025-08-03T20:37:11.394+0000] {dag.py:3954} INFO - Setting next_dagrun for example_subdag_operator.section-2 to None, run_after=None
[2025-08-03T20:37:12.111+0000] {processor.py:183} INFO - Processing /home/airflow/.local/lib/python3.12/site-packages/airflow/example_dags/example_subdag_operator.py took 6.482 seconds
[2025-08-03T20:41:16.805+0000] {processor.py:161} INFO - Started process (PID=360) to work on /home/airflow/.local/lib/python3.12/site-packages/airflow/example_dags/example_subdag_operator.py
[2025-08-03T20:41:16.810+0000] {processor.py:830} INFO - Processing file /home/airflow/.local/lib/python3.12/site-packages/airflow/example_dags/example_subdag_operator.py for tasks to queue
[2025-08-03T20:41:17.001+0000] {logging_mixin.py:188} INFO - [2025-08-03T20:41:16.818+0000] {dagbag.py:545} INFO - Filling up the DagBag from /home/airflow/.local/lib/python3.12/site-packages/airflow/example_dags/example_subdag_operator.py
[2025-08-03T20:41:19.984+0000] {processor.py:840} INFO - DAG(s) 'example_subdag_operator.section-1', 'example_subdag_operator.section-2', 'example_subdag_operator' retrieved from /home/airflow/.local/lib/python3.12/site-packages/airflow/example_dags/example_subdag_operator.py
[2025-08-03T20:41:20.351+0000] {logging_mixin.py:188} INFO - [2025-08-03T20:41:20.347+0000] {dag.py:3096} INFO - Sync 3 DAGs
[2025-08-03T20:41:20.631+0000] {logging_mixin.py:188} INFO - [2025-08-03T20:41:20.508+0000] {dag.py:3954} INFO - Setting next_dagrun for example_subdag_operator to 2022-01-01 00:00:00+00:00, run_after=2022-01-01 00:00:00+00:00
[2025-08-03T20:41:21.016+0000] {logging_mixin.py:188} INFO - [2025-08-03T20:41:21.009+0000] {dag.py:3954} INFO - Setting next_dagrun for example_subdag_operator.section-1 to None, run_after=None
[2025-08-03T20:41:21.082+0000] {logging_mixin.py:188} INFO - [2025-08-03T20:41:21.081+0000] {dag.py:3954} INFO - Setting next_dagrun for example_subdag_operator.section-2 to None, run_after=None
[2025-08-03T20:41:22.094+0000] {logging_mixin.py:188} INFO - [2025-08-03T20:41:22.025+0000] {dag.py:3096} INFO - Sync 2 DAGs
[2025-08-03T20:41:22.728+0000] {logging_mixin.py:188} INFO - [2025-08-03T20:41:22.727+0000] {dag.py:3954} INFO - Setting next_dagrun for example_subdag_operator.section-1 to None, run_after=None
[2025-08-03T20:41:22.743+0000] {logging_mixin.py:188} INFO - [2025-08-03T20:41:22.742+0000] {dag.py:3954} INFO - Setting next_dagrun for example_subdag_operator.section-2 to None, run_after=None
[2025-08-03T20:41:23.275+0000] {processor.py:183} INFO - Processing /home/airflow/.local/lib/python3.12/site-packages/airflow/example_dags/example_subdag_operator.py took 6.519 seconds
[2025-08-03T20:47:23.695+0000] {processor.py:161} INFO - Started process (PID=444) to work on /home/airflow/.local/lib/python3.12/site-packages/airflow/example_dags/example_subdag_operator.py
[2025-08-03T20:47:23.785+0000] {processor.py:830} INFO - Processing file /home/airflow/.local/lib/python3.12/site-packages/airflow/example_dags/example_subdag_operator.py for tasks to queue
[2025-08-03T20:47:23.850+0000] {logging_mixin.py:188} INFO - [2025-08-03T20:47:23.844+0000] {dagbag.py:545} INFO - Filling up the DagBag from /home/airflow/.local/lib/python3.12/site-packages/airflow/example_dags/example_subdag_operator.py
[2025-08-03T20:48:05.178+0000] {logging_mixin.py:188} INFO - [2025-08-03T20:48:04.763+0000] {timeout.py:68} ERROR - Process timed out, PID: 444
[2025-08-03T20:51:09.998+0000] {processor.py:161} INFO - Started process (PID=509) to work on /home/airflow/.local/lib/python3.12/site-packages/airflow/example_dags/example_subdag_operator.py
[2025-08-03T20:51:10.343+0000] {processor.py:830} INFO - Processing file /home/airflow/.local/lib/python3.12/site-packages/airflow/example_dags/example_subdag_operator.py for tasks to queue
[2025-08-03T20:51:10.425+0000] {logging_mixin.py:188} INFO - [2025-08-03T20:51:10.369+0000] {dagbag.py:545} INFO - Filling up the DagBag from /home/airflow/.local/lib/python3.12/site-packages/airflow/example_dags/example_subdag_operator.py
[2025-08-03T20:51:30.662+0000] {processor.py:840} INFO - DAG(s) 'example_subdag_operator.section-1', 'example_subdag_operator.section-2', 'example_subdag_operator' retrieved from /home/airflow/.local/lib/python3.12/site-packages/airflow/example_dags/example_subdag_operator.py
