[2025-08-03T19:46:31.240+0000] {processor.py:161} INFO - Started process (PID=88) to work on /home/airflow/.local/lib/python3.12/site-packages/airflow/example_dags/example_short_circuit_operator.py
[2025-08-03T19:46:31.328+0000] {processor.py:830} INFO - Processing file /home/airflow/.local/lib/python3.12/site-packages/airflow/example_dags/example_short_circuit_operator.py for tasks to queue
[2025-08-03T19:46:31.599+0000] {logging_mixin.py:188} INFO - [2025-08-03T19:46:31.598+0000] {dagbag.py:545} INFO - Filling up the DagBag from /home/airflow/.local/lib/python3.12/site-packages/airflow/example_dags/example_short_circuit_operator.py
[2025-08-03T19:46:32.092+0000] {processor.py:840} INFO - DAG(s) 'example_short_circuit_operator' retrieved from /home/airflow/.local/lib/python3.12/site-packages/airflow/example_dags/example_short_circuit_operator.py
[2025-08-03T19:46:34.338+0000] {logging_mixin.py:188} INFO - [2025-08-03T19:46:34.337+0000] {dag.py:3096} INFO - Sync 1 DAGs
[2025-08-03T19:46:34.736+0000] {logging_mixin.py:188} INFO - [2025-08-03T19:46:34.731+0000] {dag.py:3954} INFO - Setting next_dagrun for example_short_circuit_operator to 2025-08-02 00:00:00+00:00, run_after=2025-08-03 00:00:00+00:00
[2025-08-03T19:46:35.011+0000] {processor.py:183} INFO - Processing /home/airflow/.local/lib/python3.12/site-packages/airflow/example_dags/example_short_circuit_operator.py took 3.979 seconds
[2025-08-03T19:47:53.821+0000] {processor.py:161} INFO - Started process (PID=158) to work on /home/airflow/.local/lib/python3.12/site-packages/airflow/example_dags/example_short_circuit_operator.py
[2025-08-03T19:47:53.845+0000] {processor.py:830} INFO - Processing file /home/airflow/.local/lib/python3.12/site-packages/airflow/example_dags/example_short_circuit_operator.py for tasks to queue
[2025-08-03T19:47:53.913+0000] {logging_mixin.py:188} INFO - [2025-08-03T19:47:53.911+0000] {dagbag.py:545} INFO - Filling up the DagBag from /home/airflow/.local/lib/python3.12/site-packages/airflow/example_dags/example_short_circuit_operator.py
[2025-08-03T19:47:54.108+0000] {processor.py:840} INFO - DAG(s) 'example_short_circuit_operator' retrieved from /home/airflow/.local/lib/python3.12/site-packages/airflow/example_dags/example_short_circuit_operator.py
[2025-08-03T19:47:54.891+0000] {logging_mixin.py:188} INFO - [2025-08-03T19:47:54.890+0000] {dag.py:3096} INFO - Sync 1 DAGs
[2025-08-03T19:47:55.160+0000] {logging_mixin.py:188} INFO - [2025-08-03T19:47:55.159+0000] {dag.py:3954} INFO - Setting next_dagrun for example_short_circuit_operator to 2025-08-02 00:00:00+00:00, run_after=2025-08-03 00:00:00+00:00
[2025-08-03T19:47:55.309+0000] {processor.py:183} INFO - Processing /home/airflow/.local/lib/python3.12/site-packages/airflow/example_dags/example_short_circuit_operator.py took 1.787 seconds
[2025-08-03T19:50:32.046+0000] {processor.py:161} INFO - Started process (PID=236) to work on /home/airflow/.local/lib/python3.12/site-packages/airflow/example_dags/example_short_circuit_operator.py
[2025-08-03T19:50:32.053+0000] {processor.py:830} INFO - Processing file /home/airflow/.local/lib/python3.12/site-packages/airflow/example_dags/example_short_circuit_operator.py for tasks to queue
[2025-08-03T19:50:32.080+0000] {logging_mixin.py:188} INFO - [2025-08-03T19:50:32.080+0000] {dagbag.py:545} INFO - Filling up the DagBag from /home/airflow/.local/lib/python3.12/site-packages/airflow/example_dags/example_short_circuit_operator.py
[2025-08-03T19:50:32.410+0000] {processor.py:840} INFO - DAG(s) 'example_short_circuit_operator' retrieved from /home/airflow/.local/lib/python3.12/site-packages/airflow/example_dags/example_short_circuit_operator.py
[2025-08-03T19:50:32.757+0000] {logging_mixin.py:188} INFO - [2025-08-03T19:50:32.756+0000] {dag.py:3096} INFO - Sync 1 DAGs
[2025-08-03T19:50:32.938+0000] {logging_mixin.py:188} INFO - [2025-08-03T19:50:32.938+0000] {dag.py:3954} INFO - Setting next_dagrun for example_short_circuit_operator to 2025-08-02 00:00:00+00:00, run_after=2025-08-03 00:00:00+00:00
[2025-08-03T19:50:32.987+0000] {processor.py:183} INFO - Processing /home/airflow/.local/lib/python3.12/site-packages/airflow/example_dags/example_short_circuit_operator.py took 0.954 seconds
[2025-08-03T20:16:17.596+0000] {processor.py:161} INFO - Started process (PID=303) to work on /home/airflow/.local/lib/python3.12/site-packages/airflow/example_dags/example_short_circuit_operator.py
[2025-08-03T20:16:17.601+0000] {processor.py:830} INFO - Processing file /home/airflow/.local/lib/python3.12/site-packages/airflow/example_dags/example_short_circuit_operator.py for tasks to queue
[2025-08-03T20:16:17.602+0000] {logging_mixin.py:188} INFO - [2025-08-03T20:16:17.602+0000] {dagbag.py:545} INFO - Filling up the DagBag from /home/airflow/.local/lib/python3.12/site-packages/airflow/example_dags/example_short_circuit_operator.py
[2025-08-03T20:16:17.626+0000] {processor.py:840} INFO - DAG(s) 'example_short_circuit_operator' retrieved from /home/airflow/.local/lib/python3.12/site-packages/airflow/example_dags/example_short_circuit_operator.py
[2025-08-03T20:16:17.827+0000] {logging_mixin.py:188} INFO - [2025-08-03T20:16:17.804+0000] {dag.py:3096} INFO - Sync 1 DAGs
[2025-08-03T20:16:18.388+0000] {logging_mixin.py:188} INFO - [2025-08-03T20:16:18.388+0000] {dag.py:3954} INFO - Setting next_dagrun for example_short_circuit_operator to 2025-08-02 00:00:00+00:00, run_after=2025-08-03 00:00:00+00:00
[2025-08-03T20:16:18.482+0000] {processor.py:183} INFO - Processing /home/airflow/.local/lib/python3.12/site-packages/airflow/example_dags/example_short_circuit_operator.py took 0.924 seconds
[2025-08-03T20:33:00.776+0000] {processor.py:161} INFO - Started process (PID=85) to work on /home/airflow/.local/lib/python3.12/site-packages/airflow/example_dags/example_short_circuit_operator.py
[2025-08-03T20:33:00.782+0000] {processor.py:830} INFO - Processing file /home/airflow/.local/lib/python3.12/site-packages/airflow/example_dags/example_short_circuit_operator.py for tasks to queue
[2025-08-03T20:33:00.787+0000] {logging_mixin.py:188} INFO - [2025-08-03T20:33:00.787+0000] {dagbag.py:545} INFO - Filling up the DagBag from /home/airflow/.local/lib/python3.12/site-packages/airflow/example_dags/example_short_circuit_operator.py
[2025-08-03T20:33:00.862+0000] {processor.py:840} INFO - DAG(s) 'example_short_circuit_operator' retrieved from /home/airflow/.local/lib/python3.12/site-packages/airflow/example_dags/example_short_circuit_operator.py
[2025-08-03T20:33:00.978+0000] {logging_mixin.py:188} INFO - [2025-08-03T20:33:00.978+0000] {dag.py:3096} INFO - Sync 1 DAGs
[2025-08-03T20:33:01.134+0000] {logging_mixin.py:188} INFO - [2025-08-03T20:33:01.133+0000] {dag.py:3954} INFO - Setting next_dagrun for example_short_circuit_operator to 2025-08-02 00:00:00+00:00, run_after=2025-08-03 00:00:00+00:00
[2025-08-03T20:33:01.261+0000] {processor.py:183} INFO - Processing /home/airflow/.local/lib/python3.12/site-packages/airflow/example_dags/example_short_circuit_operator.py took 0.515 seconds
[2025-08-03T20:33:31.586+0000] {processor.py:161} INFO - Started process (PID=143) to work on /home/airflow/.local/lib/python3.12/site-packages/airflow/example_dags/example_short_circuit_operator.py
[2025-08-03T20:33:31.587+0000] {processor.py:830} INFO - Processing file /home/airflow/.local/lib/python3.12/site-packages/airflow/example_dags/example_short_circuit_operator.py for tasks to queue
[2025-08-03T20:33:31.590+0000] {logging_mixin.py:188} INFO - [2025-08-03T20:33:31.589+0000] {dagbag.py:545} INFO - Filling up the DagBag from /home/airflow/.local/lib/python3.12/site-packages/airflow/example_dags/example_short_circuit_operator.py
[2025-08-03T20:33:31.595+0000] {processor.py:840} INFO - DAG(s) 'example_short_circuit_operator' retrieved from /home/airflow/.local/lib/python3.12/site-packages/airflow/example_dags/example_short_circuit_operator.py
[2025-08-03T20:33:31.609+0000] {logging_mixin.py:188} INFO - [2025-08-03T20:33:31.609+0000] {dag.py:3096} INFO - Sync 1 DAGs
[2025-08-03T20:33:31.621+0000] {logging_mixin.py:188} INFO - [2025-08-03T20:33:31.620+0000] {dag.py:3954} INFO - Setting next_dagrun for example_short_circuit_operator to 2025-08-02 00:00:00+00:00, run_after=2025-08-03 00:00:00+00:00
[2025-08-03T20:33:31.634+0000] {processor.py:183} INFO - Processing /home/airflow/.local/lib/python3.12/site-packages/airflow/example_dags/example_short_circuit_operator.py took 0.051 seconds
[2025-08-03T20:34:04.999+0000] {processor.py:161} INFO - Started process (PID=201) to work on /home/airflow/.local/lib/python3.12/site-packages/airflow/example_dags/example_short_circuit_operator.py
[2025-08-03T20:34:05.006+0000] {processor.py:830} INFO - Processing file /home/airflow/.local/lib/python3.12/site-packages/airflow/example_dags/example_short_circuit_operator.py for tasks to queue
[2025-08-03T20:34:05.020+0000] {logging_mixin.py:188} INFO - [2025-08-03T20:34:05.020+0000] {dagbag.py:545} INFO - Filling up the DagBag from /home/airflow/.local/lib/python3.12/site-packages/airflow/example_dags/example_short_circuit_operator.py
[2025-08-03T20:34:05.052+0000] {processor.py:840} INFO - DAG(s) 'example_short_circuit_operator' retrieved from /home/airflow/.local/lib/python3.12/site-packages/airflow/example_dags/example_short_circuit_operator.py
[2025-08-03T20:34:06.039+0000] {logging_mixin.py:188} INFO - [2025-08-03T20:34:06.019+0000] {dag.py:3096} INFO - Sync 1 DAGs
[2025-08-03T20:34:06.544+0000] {logging_mixin.py:188} INFO - [2025-08-03T20:34:06.542+0000] {dag.py:3954} INFO - Setting next_dagrun for example_short_circuit_operator to 2025-08-02 00:00:00+00:00, run_after=2025-08-03 00:00:00+00:00
[2025-08-03T20:34:07.739+0000] {processor.py:183} INFO - Processing /home/airflow/.local/lib/python3.12/site-packages/airflow/example_dags/example_short_circuit_operator.py took 2.762 seconds
[2025-08-03T20:35:05.238+0000] {processor.py:161} INFO - Started process (PID=256) to work on /home/airflow/.local/lib/python3.12/site-packages/airflow/example_dags/example_short_circuit_operator.py
[2025-08-03T20:35:05.246+0000] {processor.py:830} INFO - Processing file /home/airflow/.local/lib/python3.12/site-packages/airflow/example_dags/example_short_circuit_operator.py for tasks to queue
[2025-08-03T20:35:05.254+0000] {logging_mixin.py:188} INFO - [2025-08-03T20:35:05.252+0000] {dagbag.py:545} INFO - Filling up the DagBag from /home/airflow/.local/lib/python3.12/site-packages/airflow/example_dags/example_short_circuit_operator.py
[2025-08-03T20:35:05.341+0000] {processor.py:840} INFO - DAG(s) 'example_short_circuit_operator' retrieved from /home/airflow/.local/lib/python3.12/site-packages/airflow/example_dags/example_short_circuit_operator.py
[2025-08-03T20:35:05.695+0000] {logging_mixin.py:188} INFO - [2025-08-03T20:35:05.691+0000] {dag.py:3096} INFO - Sync 1 DAGs
[2025-08-03T20:35:06.935+0000] {logging_mixin.py:188} INFO - [2025-08-03T20:35:06.923+0000] {dag.py:3954} INFO - Setting next_dagrun for example_short_circuit_operator to 2025-08-02 00:00:00+00:00, run_after=2025-08-03 00:00:00+00:00
[2025-08-03T20:35:10.477+0000] {processor.py:183} INFO - Processing /home/airflow/.local/lib/python3.12/site-packages/airflow/example_dags/example_short_circuit_operator.py took 5.290 seconds
[2025-08-03T20:37:41.804+0000] {processor.py:161} INFO - Started process (PID=310) to work on /home/airflow/.local/lib/python3.12/site-packages/airflow/example_dags/example_short_circuit_operator.py
[2025-08-03T20:37:41.845+0000] {processor.py:830} INFO - Processing file /home/airflow/.local/lib/python3.12/site-packages/airflow/example_dags/example_short_circuit_operator.py for tasks to queue
[2025-08-03T20:37:41.887+0000] {logging_mixin.py:188} INFO - [2025-08-03T20:37:41.885+0000] {dagbag.py:545} INFO - Filling up the DagBag from /home/airflow/.local/lib/python3.12/site-packages/airflow/example_dags/example_short_circuit_operator.py
[2025-08-03T20:37:42.233+0000] {processor.py:840} INFO - DAG(s) 'example_short_circuit_operator' retrieved from /home/airflow/.local/lib/python3.12/site-packages/airflow/example_dags/example_short_circuit_operator.py
[2025-08-03T20:37:50.060+0000] {logging_mixin.py:188} INFO - [2025-08-03T20:37:49.468+0000] {dag.py:3096} INFO - Sync 1 DAGs
[2025-08-03T20:37:55.768+0000] {logging_mixin.py:188} INFO - [2025-08-03T20:37:55.682+0000] {dag.py:3954} INFO - Setting next_dagrun for example_short_circuit_operator to 2025-08-02 00:00:00+00:00, run_after=2025-08-03 00:00:00+00:00
[2025-08-03T20:37:57.322+0000] {processor.py:183} INFO - Processing /home/airflow/.local/lib/python3.12/site-packages/airflow/example_dags/example_short_circuit_operator.py took 15.895 seconds
[2025-08-03T20:43:58.539+0000] {processor.py:161} INFO - Started process (PID=383) to work on /home/airflow/.local/lib/python3.12/site-packages/airflow/example_dags/example_short_circuit_operator.py
[2025-08-03T20:43:58.597+0000] {processor.py:830} INFO - Processing file /home/airflow/.local/lib/python3.12/site-packages/airflow/example_dags/example_short_circuit_operator.py for tasks to queue
[2025-08-03T20:43:58.848+0000] {logging_mixin.py:188} INFO - [2025-08-03T20:43:58.692+0000] {dagbag.py:545} INFO - Filling up the DagBag from /home/airflow/.local/lib/python3.12/site-packages/airflow/example_dags/example_short_circuit_operator.py
[2025-08-03T20:43:59.479+0000] {processor.py:840} INFO - DAG(s) 'example_short_circuit_operator' retrieved from /home/airflow/.local/lib/python3.12/site-packages/airflow/example_dags/example_short_circuit_operator.py
[2025-08-03T20:44:01.350+0000] {logging_mixin.py:188} INFO - [2025-08-03T20:44:01.337+0000] {dag.py:3096} INFO - Sync 1 DAGs
[2025-08-03T20:44:02.439+0000] {logging_mixin.py:188} INFO - [2025-08-03T20:44:02.374+0000] {dag.py:3954} INFO - Setting next_dagrun for example_short_circuit_operator to 2025-08-02 00:00:00+00:00, run_after=2025-08-03 00:00:00+00:00
[2025-08-03T20:44:04.022+0000] {processor.py:183} INFO - Processing /home/airflow/.local/lib/python3.12/site-packages/airflow/example_dags/example_short_circuit_operator.py took 5.814 seconds
[2025-08-03T20:48:36.004+0000] {processor.py:161} INFO - Started process (PID=455) to work on /home/airflow/.local/lib/python3.12/site-packages/airflow/example_dags/example_short_circuit_operator.py
[2025-08-03T20:48:36.014+0000] {processor.py:830} INFO - Processing file /home/airflow/.local/lib/python3.12/site-packages/airflow/example_dags/example_short_circuit_operator.py for tasks to queue
[2025-08-03T20:48:36.015+0000] {logging_mixin.py:188} INFO - [2025-08-03T20:48:36.015+0000] {dagbag.py:545} INFO - Filling up the DagBag from /home/airflow/.local/lib/python3.12/site-packages/airflow/example_dags/example_short_circuit_operator.py
[2025-08-03T20:48:36.086+0000] {processor.py:840} INFO - DAG(s) 'example_short_circuit_operator' retrieved from /home/airflow/.local/lib/python3.12/site-packages/airflow/example_dags/example_short_circuit_operator.py
[2025-08-03T20:48:36.175+0000] {logging_mixin.py:188} INFO - [2025-08-03T20:48:36.173+0000] {dag.py:3096} INFO - Sync 1 DAGs
[2025-08-03T20:48:36.637+0000] {logging_mixin.py:188} INFO - [2025-08-03T20:48:36.615+0000] {dag.py:3954} INFO - Setting next_dagrun for example_short_circuit_operator to 2025-08-02 00:00:00+00:00, run_after=2025-08-03 00:00:00+00:00
[2025-08-03T20:48:37.437+0000] {processor.py:183} INFO - Processing /home/airflow/.local/lib/python3.12/site-packages/airflow/example_dags/example_short_circuit_operator.py took 1.457 seconds
[2025-08-03T20:54:56.326+0000] {processor.py:161} INFO - Started process (PID=550) to work on /home/airflow/.local/lib/python3.12/site-packages/airflow/example_dags/example_short_circuit_operator.py
[2025-08-03T20:54:56.838+0000] {processor.py:830} INFO - Processing file /home/airflow/.local/lib/python3.12/site-packages/airflow/example_dags/example_short_circuit_operator.py for tasks to queue
[2025-08-03T20:54:56.990+0000] {logging_mixin.py:188} INFO - [2025-08-03T20:54:56.899+0000] {dagbag.py:545} INFO - Filling up the DagBag from /home/airflow/.local/lib/python3.12/site-packages/airflow/example_dags/example_short_circuit_operator.py
[2025-08-03T20:54:59.866+0000] {processor.py:840} INFO - DAG(s) 'example_short_circuit_operator' retrieved from /home/airflow/.local/lib/python3.12/site-packages/airflow/example_dags/example_short_circuit_operator.py
[2025-08-03T20:55:17.631+0000] {logging_mixin.py:188} INFO - [2025-08-03T20:55:17.505+0000] {dag.py:3096} INFO - Sync 1 DAGs
[2025-08-03T20:55:25.408+0000] {logging_mixin.py:188} INFO - [2025-08-03T20:55:24.533+0000] {dag.py:3954} INFO - Setting next_dagrun for example_short_circuit_operator to 2025-08-02 00:00:00+00:00, run_after=2025-08-03 00:00:00+00:00
[2025-08-03T21:02:33.442+0000] {processor.py:183} INFO - Processing /home/airflow/.local/lib/python3.12/site-packages/airflow/example_dags/example_short_circuit_operator.py took 65.821 seconds
