[2025-08-03T19:47:16.610+0000] {processor.py:161} INFO - Started process (PID=127) to work on /home/airflow/.local/lib/python3.12/site-packages/airflow/example_dags/example_local_kubernetes_executor.py
[2025-08-03T19:47:16.620+0000] {processor.py:830} INFO - Processing file /home/airflow/.local/lib/python3.12/site-packages/airflow/example_dags/example_local_kubernetes_executor.py for tasks to queue
[2025-08-03T19:47:16.655+0000] {logging_mixin.py:188} INFO - [2025-08-03T19:47:16.652+0000] {dagbag.py:545} INFO - Filling up the DagBag from /home/airflow/.local/lib/python3.12/site-packages/airflow/example_dags/example_local_kubernetes_executor.py
[2025-08-03T19:47:16.898+0000] {processor.py:840} INFO - DAG(s) 'example_local_kubernetes_executor' retrieved from /home/airflow/.local/lib/python3.12/site-packages/airflow/example_dags/example_local_kubernetes_executor.py
[2025-08-03T19:47:17.483+0000] {logging_mixin.py:188} INFO - [2025-08-03T19:47:17.469+0000] {dag.py:3096} INFO - Sync 1 DAGs
[2025-08-03T19:47:17.700+0000] {logging_mixin.py:188} INFO - [2025-08-03T19:47:17.700+0000] {dag.py:3954} INFO - Setting next_dagrun for example_local_kubernetes_executor to None, run_after=None
[2025-08-03T19:47:18.210+0000] {processor.py:183} INFO - Processing /home/airflow/.local/lib/python3.12/site-packages/airflow/example_dags/example_local_kubernetes_executor.py took 1.676 seconds
[2025-08-03T19:48:35.839+0000] {processor.py:161} INFO - Started process (PID=194) to work on /home/airflow/.local/lib/python3.12/site-packages/airflow/example_dags/example_local_kubernetes_executor.py
[2025-08-03T19:48:36.025+0000] {processor.py:830} INFO - Processing file /home/airflow/.local/lib/python3.12/site-packages/airflow/example_dags/example_local_kubernetes_executor.py for tasks to queue
[2025-08-03T19:48:36.171+0000] {logging_mixin.py:188} INFO - [2025-08-03T19:48:36.156+0000] {dagbag.py:545} INFO - Filling up the DagBag from /home/airflow/.local/lib/python3.12/site-packages/airflow/example_dags/example_local_kubernetes_executor.py
[2025-08-03T19:48:36.872+0000] {processor.py:840} INFO - DAG(s) 'example_local_kubernetes_executor' retrieved from /home/airflow/.local/lib/python3.12/site-packages/airflow/example_dags/example_local_kubernetes_executor.py
[2025-08-03T19:48:38.404+0000] {logging_mixin.py:188} INFO - [2025-08-03T19:48:38.302+0000] {dag.py:3096} INFO - Sync 1 DAGs
[2025-08-03T19:48:39.186+0000] {logging_mixin.py:188} INFO - [2025-08-03T19:48:39.184+0000] {dag.py:3954} INFO - Setting next_dagrun for example_local_kubernetes_executor to None, run_after=None
[2025-08-03T19:48:40.560+0000] {processor.py:183} INFO - Processing /home/airflow/.local/lib/python3.12/site-packages/airflow/example_dags/example_local_kubernetes_executor.py took 4.909 seconds
[2025-08-03T20:21:11.202+0000] {processor.py:161} INFO - Started process (PID=336) to work on /home/airflow/.local/lib/python3.12/site-packages/airflow/example_dags/example_local_kubernetes_executor.py
[2025-08-03T20:21:11.483+0000] {processor.py:830} INFO - Processing file /home/airflow/.local/lib/python3.12/site-packages/airflow/example_dags/example_local_kubernetes_executor.py for tasks to queue
[2025-08-03T20:21:11.690+0000] {logging_mixin.py:188} INFO - [2025-08-03T20:21:11.502+0000] {dagbag.py:545} INFO - Filling up the DagBag from /home/airflow/.local/lib/python3.12/site-packages/airflow/example_dags/example_local_kubernetes_executor.py
[2025-08-03T20:21:18.067+0000] {processor.py:840} INFO - DAG(s) 'example_local_kubernetes_executor' retrieved from /home/airflow/.local/lib/python3.12/site-packages/airflow/example_dags/example_local_kubernetes_executor.py
[2025-08-03T20:22:25.708+0000] {logging_mixin.py:188} INFO - [2025-08-03T20:22:25.567+0000] {dag.py:3096} INFO - Sync 1 DAGs
[2025-08-03T20:22:40.173+0000] {logging_mixin.py:188} INFO - [2025-08-03T20:22:40.064+0000] {dag.py:3954} INFO - Setting next_dagrun for example_local_kubernetes_executor to None, run_after=None
[2025-08-03T20:33:14.734+0000] {processor.py:161} INFO - Started process (PID=113) to work on /home/airflow/.local/lib/python3.12/site-packages/airflow/example_dags/example_local_kubernetes_executor.py
[2025-08-03T20:33:14.766+0000] {processor.py:830} INFO - Processing file /home/airflow/.local/lib/python3.12/site-packages/airflow/example_dags/example_local_kubernetes_executor.py for tasks to queue
[2025-08-03T20:33:14.796+0000] {logging_mixin.py:188} INFO - [2025-08-03T20:33:14.792+0000] {dagbag.py:545} INFO - Filling up the DagBag from /home/airflow/.local/lib/python3.12/site-packages/airflow/example_dags/example_local_kubernetes_executor.py
[2025-08-03T20:33:14.886+0000] {processor.py:840} INFO - DAG(s) 'example_local_kubernetes_executor' retrieved from /home/airflow/.local/lib/python3.12/site-packages/airflow/example_dags/example_local_kubernetes_executor.py
[2025-08-03T20:33:15.635+0000] {logging_mixin.py:188} INFO - [2025-08-03T20:33:15.634+0000] {dag.py:3096} INFO - Sync 1 DAGs
[2025-08-03T20:33:15.695+0000] {logging_mixin.py:188} INFO - [2025-08-03T20:33:15.695+0000] {dag.py:3954} INFO - Setting next_dagrun for example_local_kubernetes_executor to None, run_after=None
[2025-08-03T20:33:15.751+0000] {processor.py:183} INFO - Processing /home/airflow/.local/lib/python3.12/site-packages/airflow/example_dags/example_local_kubernetes_executor.py took 1.070 seconds
[2025-08-03T20:33:46.014+0000] {processor.py:161} INFO - Started process (PID=171) to work on /home/airflow/.local/lib/python3.12/site-packages/airflow/example_dags/example_local_kubernetes_executor.py
[2025-08-03T20:33:46.015+0000] {processor.py:830} INFO - Processing file /home/airflow/.local/lib/python3.12/site-packages/airflow/example_dags/example_local_kubernetes_executor.py for tasks to queue
[2025-08-03T20:33:46.016+0000] {logging_mixin.py:188} INFO - [2025-08-03T20:33:46.016+0000] {dagbag.py:545} INFO - Filling up the DagBag from /home/airflow/.local/lib/python3.12/site-packages/airflow/example_dags/example_local_kubernetes_executor.py
[2025-08-03T20:33:46.037+0000] {processor.py:840} INFO - DAG(s) 'example_local_kubernetes_executor' retrieved from /home/airflow/.local/lib/python3.12/site-packages/airflow/example_dags/example_local_kubernetes_executor.py
[2025-08-03T20:33:46.121+0000] {logging_mixin.py:188} INFO - [2025-08-03T20:33:46.121+0000] {dag.py:3096} INFO - Sync 1 DAGs
[2025-08-03T20:33:46.137+0000] {logging_mixin.py:188} INFO - [2025-08-03T20:33:46.137+0000] {dag.py:3954} INFO - Setting next_dagrun for example_local_kubernetes_executor to None, run_after=None
[2025-08-03T20:33:46.168+0000] {processor.py:183} INFO - Processing /home/airflow/.local/lib/python3.12/site-packages/airflow/example_dags/example_local_kubernetes_executor.py took 0.159 seconds
[2025-08-03T20:34:44.332+0000] {processor.py:161} INFO - Started process (PID=235) to work on /home/airflow/.local/lib/python3.12/site-packages/airflow/example_dags/example_local_kubernetes_executor.py
[2025-08-03T20:34:44.342+0000] {processor.py:830} INFO - Processing file /home/airflow/.local/lib/python3.12/site-packages/airflow/example_dags/example_local_kubernetes_executor.py for tasks to queue
[2025-08-03T20:34:44.388+0000] {logging_mixin.py:188} INFO - [2025-08-03T20:34:44.372+0000] {dagbag.py:545} INFO - Filling up the DagBag from /home/airflow/.local/lib/python3.12/site-packages/airflow/example_dags/example_local_kubernetes_executor.py
[2025-08-03T20:34:44.513+0000] {processor.py:840} INFO - DAG(s) 'example_local_kubernetes_executor' retrieved from /home/airflow/.local/lib/python3.12/site-packages/airflow/example_dags/example_local_kubernetes_executor.py
[2025-08-03T20:34:46.225+0000] {logging_mixin.py:188} INFO - [2025-08-03T20:34:46.207+0000] {dag.py:3096} INFO - Sync 1 DAGs
[2025-08-03T20:34:46.738+0000] {logging_mixin.py:188} INFO - [2025-08-03T20:34:46.738+0000] {dag.py:3954} INFO - Setting next_dagrun for example_local_kubernetes_executor to None, run_after=None
[2025-08-03T20:34:47.409+0000] {processor.py:183} INFO - Processing /home/airflow/.local/lib/python3.12/site-packages/airflow/example_dags/example_local_kubernetes_executor.py took 3.101 seconds
[2025-08-03T20:41:08.646+0000] {processor.py:161} INFO - Started process (PID=355) to work on /home/airflow/.local/lib/python3.12/site-packages/airflow/example_dags/example_local_kubernetes_executor.py
[2025-08-03T20:41:08.666+0000] {processor.py:830} INFO - Processing file /home/airflow/.local/lib/python3.12/site-packages/airflow/example_dags/example_local_kubernetes_executor.py for tasks to queue
[2025-08-03T20:41:08.678+0000] {logging_mixin.py:188} INFO - [2025-08-03T20:41:08.677+0000] {dagbag.py:545} INFO - Filling up the DagBag from /home/airflow/.local/lib/python3.12/site-packages/airflow/example_dags/example_local_kubernetes_executor.py
[2025-08-03T20:41:08.785+0000] {processor.py:840} INFO - DAG(s) 'example_local_kubernetes_executor' retrieved from /home/airflow/.local/lib/python3.12/site-packages/airflow/example_dags/example_local_kubernetes_executor.py
[2025-08-03T20:41:09.528+0000] {logging_mixin.py:188} INFO - [2025-08-03T20:41:09.527+0000] {dag.py:3096} INFO - Sync 1 DAGs
[2025-08-03T20:41:09.993+0000] {logging_mixin.py:188} INFO - [2025-08-03T20:41:09.992+0000] {dag.py:3954} INFO - Setting next_dagrun for example_local_kubernetes_executor to None, run_after=None
[2025-08-03T20:41:10.393+0000] {processor.py:183} INFO - Processing /home/airflow/.local/lib/python3.12/site-packages/airflow/example_dags/example_local_kubernetes_executor.py took 1.812 seconds
[2025-08-03T20:49:33.849+0000] {processor.py:161} INFO - Started process (PID=492) to work on /home/airflow/.local/lib/python3.12/site-packages/airflow/example_dags/example_local_kubernetes_executor.py
[2025-08-03T20:49:33.978+0000] {processor.py:830} INFO - Processing file /home/airflow/.local/lib/python3.12/site-packages/airflow/example_dags/example_local_kubernetes_executor.py for tasks to queue
[2025-08-03T20:49:33.981+0000] {logging_mixin.py:188} INFO - [2025-08-03T20:49:33.980+0000] {dagbag.py:545} INFO - Filling up the DagBag from /home/airflow/.local/lib/python3.12/site-packages/airflow/example_dags/example_local_kubernetes_executor.py
[2025-08-03T20:49:34.604+0000] {processor.py:840} INFO - DAG(s) 'example_local_kubernetes_executor' retrieved from /home/airflow/.local/lib/python3.12/site-packages/airflow/example_dags/example_local_kubernetes_executor.py
[2025-08-03T20:49:37.555+0000] {logging_mixin.py:188} INFO - [2025-08-03T20:49:37.488+0000] {dag.py:3096} INFO - Sync 1 DAGs
[2025-08-03T20:49:37.901+0000] {logging_mixin.py:188} INFO - [2025-08-03T20:49:37.900+0000] {dag.py:3954} INFO - Setting next_dagrun for example_local_kubernetes_executor to None, run_after=None
[2025-08-03T20:49:44.499+0000] {processor.py:183} INFO - Processing /home/airflow/.local/lib/python3.12/site-packages/airflow/example_dags/example_local_kubernetes_executor.py took 11.047 seconds
