[2025-08-03T19:46:55.493+0000] {processor.py:161} INFO - Started process (PID=109) to work on /home/airflow/.local/lib/python3.12/site-packages/airflow/example_dags/example_complex.py
[2025-08-03T19:46:55.508+0000] {processor.py:830} INFO - Processing file /home/airflow/.local/lib/python3.12/site-packages/airflow/example_dags/example_complex.py for tasks to queue
[2025-08-03T19:46:55.542+0000] {logging_mixin.py:188} INFO - [2025-08-03T19:46:55.541+0000] {dagbag.py:545} INFO - Filling up the DagBag from /home/airflow/.local/lib/python3.12/site-packages/airflow/example_dags/example_complex.py
[2025-08-03T19:46:55.584+0000] {processor.py:840} INFO - DAG(s) 'example_complex' retrieved from /home/airflow/.local/lib/python3.12/site-packages/airflow/example_dags/example_complex.py
[2025-08-03T19:46:55.854+0000] {logging_mixin.py:188} INFO - [2025-08-03T19:46:55.846+0000] {dag.py:3096} INFO - Sync 1 DAGs
[2025-08-03T19:46:56.034+0000] {logging_mixin.py:188} INFO - [2025-08-03T19:46:56.033+0000] {dag.py:3954} INFO - Setting next_dagrun for example_complex to None, run_after=None
[2025-08-03T19:46:56.253+0000] {processor.py:183} INFO - Processing /home/airflow/.local/lib/python3.12/site-packages/airflow/example_dags/example_complex.py took 0.793 seconds
[2025-08-03T19:48:10.901+0000] {processor.py:161} INFO - Started process (PID=174) to work on /home/airflow/.local/lib/python3.12/site-packages/airflow/example_dags/example_complex.py
[2025-08-03T19:48:10.971+0000] {processor.py:830} INFO - Processing file /home/airflow/.local/lib/python3.12/site-packages/airflow/example_dags/example_complex.py for tasks to queue
[2025-08-03T19:48:11.089+0000] {logging_mixin.py:188} INFO - [2025-08-03T19:48:11.076+0000] {dagbag.py:545} INFO - Filling up the DagBag from /home/airflow/.local/lib/python3.12/site-packages/airflow/example_dags/example_complex.py
[2025-08-03T19:48:11.311+0000] {processor.py:840} INFO - DAG(s) 'example_complex' retrieved from /home/airflow/.local/lib/python3.12/site-packages/airflow/example_dags/example_complex.py
[2025-08-03T19:48:11.502+0000] {logging_mixin.py:188} INFO - [2025-08-03T19:48:11.501+0000] {dag.py:3096} INFO - Sync 1 DAGs
[2025-08-03T19:48:11.590+0000] {logging_mixin.py:188} INFO - [2025-08-03T19:48:11.590+0000] {dag.py:3954} INFO - Setting next_dagrun for example_complex to None, run_after=None
[2025-08-03T19:48:11.685+0000] {processor.py:183} INFO - Processing /home/airflow/.local/lib/python3.12/site-packages/airflow/example_dags/example_complex.py took 0.856 seconds
[2025-08-03T20:11:15.680+0000] {processor.py:161} INFO - Started process (PID=263) to work on /home/airflow/.local/lib/python3.12/site-packages/airflow/example_dags/example_complex.py
[2025-08-03T20:11:15.966+0000] {processor.py:830} INFO - Processing file /home/airflow/.local/lib/python3.12/site-packages/airflow/example_dags/example_complex.py for tasks to queue
[2025-08-03T20:11:16.259+0000] {logging_mixin.py:188} INFO - [2025-08-03T20:11:16.108+0000] {dagbag.py:545} INFO - Filling up the DagBag from /home/airflow/.local/lib/python3.12/site-packages/airflow/example_dags/example_complex.py
[2025-08-03T20:11:17.358+0000] {processor.py:840} INFO - DAG(s) 'example_complex' retrieved from /home/airflow/.local/lib/python3.12/site-packages/airflow/example_dags/example_complex.py
[2025-08-03T20:11:23.624+0000] {logging_mixin.py:188} INFO - [2025-08-03T20:11:23.614+0000] {dag.py:3096} INFO - Sync 1 DAGs
[2025-08-03T20:11:24.516+0000] {logging_mixin.py:188} INFO - [2025-08-03T20:11:24.478+0000] {dag.py:3954} INFO - Setting next_dagrun for example_complex to None, run_after=None
[2025-08-03T20:11:30.016+0000] {processor.py:183} INFO - Processing /home/airflow/.local/lib/python3.12/site-packages/airflow/example_dags/example_complex.py took 15.250 seconds
[2025-08-03T20:18:24.178+0000] {processor.py:161} INFO - Started process (PID=324) to work on /home/airflow/.local/lib/python3.12/site-packages/airflow/example_dags/example_complex.py
[2025-08-03T20:18:24.250+0000] {processor.py:830} INFO - Processing file /home/airflow/.local/lib/python3.12/site-packages/airflow/example_dags/example_complex.py for tasks to queue
[2025-08-03T20:18:24.937+0000] {logging_mixin.py:188} INFO - [2025-08-03T20:18:24.730+0000] {dagbag.py:545} INFO - Filling up the DagBag from /home/airflow/.local/lib/python3.12/site-packages/airflow/example_dags/example_complex.py
[2025-08-03T20:18:26.087+0000] {processor.py:840} INFO - DAG(s) 'example_complex' retrieved from /home/airflow/.local/lib/python3.12/site-packages/airflow/example_dags/example_complex.py
[2025-08-03T20:18:50.170+0000] {logging_mixin.py:188} INFO - [2025-08-03T20:18:49.987+0000] {dag.py:3096} INFO - Sync 1 DAGs
[2025-08-03T20:18:55.589+0000] {logging_mixin.py:188} INFO - [2025-08-03T20:18:55.252+0000] {dag.py:3954} INFO - Setting next_dagrun for example_complex to None, run_after=None
[2025-08-03T20:18:59.588+0000] {processor.py:183} INFO - Processing /home/airflow/.local/lib/python3.12/site-packages/airflow/example_dags/example_complex.py took 36.010 seconds
[2025-08-03T20:33:07.471+0000] {processor.py:161} INFO - Started process (PID=101) to work on /home/airflow/.local/lib/python3.12/site-packages/airflow/example_dags/example_complex.py
[2025-08-03T20:33:07.501+0000] {processor.py:830} INFO - Processing file /home/airflow/.local/lib/python3.12/site-packages/airflow/example_dags/example_complex.py for tasks to queue
[2025-08-03T20:33:07.503+0000] {logging_mixin.py:188} INFO - [2025-08-03T20:33:07.503+0000] {dagbag.py:545} INFO - Filling up the DagBag from /home/airflow/.local/lib/python3.12/site-packages/airflow/example_dags/example_complex.py
[2025-08-03T20:33:07.587+0000] {processor.py:840} INFO - DAG(s) 'example_complex' retrieved from /home/airflow/.local/lib/python3.12/site-packages/airflow/example_dags/example_complex.py
[2025-08-03T20:33:07.817+0000] {logging_mixin.py:188} INFO - [2025-08-03T20:33:07.817+0000] {dag.py:3096} INFO - Sync 1 DAGs
[2025-08-03T20:33:07.914+0000] {logging_mixin.py:188} INFO - [2025-08-03T20:33:07.913+0000] {dag.py:3954} INFO - Setting next_dagrun for example_complex to None, run_after=None
[2025-08-03T20:33:08.073+0000] {processor.py:183} INFO - Processing /home/airflow/.local/lib/python3.12/site-packages/airflow/example_dags/example_complex.py took 0.608 seconds
[2025-08-03T20:33:38.309+0000] {processor.py:161} INFO - Started process (PID=159) to work on /home/airflow/.local/lib/python3.12/site-packages/airflow/example_dags/example_complex.py
[2025-08-03T20:33:38.310+0000] {processor.py:830} INFO - Processing file /home/airflow/.local/lib/python3.12/site-packages/airflow/example_dags/example_complex.py for tasks to queue
[2025-08-03T20:33:38.311+0000] {logging_mixin.py:188} INFO - [2025-08-03T20:33:38.311+0000] {dagbag.py:545} INFO - Filling up the DagBag from /home/airflow/.local/lib/python3.12/site-packages/airflow/example_dags/example_complex.py
[2025-08-03T20:33:38.320+0000] {processor.py:840} INFO - DAG(s) 'example_complex' retrieved from /home/airflow/.local/lib/python3.12/site-packages/airflow/example_dags/example_complex.py
[2025-08-03T20:33:38.342+0000] {logging_mixin.py:188} INFO - [2025-08-03T20:33:38.341+0000] {dag.py:3096} INFO - Sync 1 DAGs
[2025-08-03T20:33:38.348+0000] {logging_mixin.py:188} INFO - [2025-08-03T20:33:38.348+0000] {dag.py:3954} INFO - Setting next_dagrun for example_complex to None, run_after=None
[2025-08-03T20:33:38.361+0000] {processor.py:183} INFO - Processing /home/airflow/.local/lib/python3.12/site-packages/airflow/example_dags/example_complex.py took 0.055 seconds
[2025-08-03T20:34:16.565+0000] {processor.py:161} INFO - Started process (PID=217) to work on /home/airflow/.local/lib/python3.12/site-packages/airflow/example_dags/example_complex.py
[2025-08-03T20:34:16.584+0000] {processor.py:830} INFO - Processing file /home/airflow/.local/lib/python3.12/site-packages/airflow/example_dags/example_complex.py for tasks to queue
[2025-08-03T20:34:16.621+0000] {logging_mixin.py:188} INFO - [2025-08-03T20:34:16.620+0000] {dagbag.py:545} INFO - Filling up the DagBag from /home/airflow/.local/lib/python3.12/site-packages/airflow/example_dags/example_complex.py
[2025-08-03T20:34:16.693+0000] {processor.py:840} INFO - DAG(s) 'example_complex' retrieved from /home/airflow/.local/lib/python3.12/site-packages/airflow/example_dags/example_complex.py
[2025-08-03T20:34:16.921+0000] {logging_mixin.py:188} INFO - [2025-08-03T20:34:16.921+0000] {dag.py:3096} INFO - Sync 1 DAGs
[2025-08-03T20:34:17.013+0000] {logging_mixin.py:188} INFO - [2025-08-03T20:34:17.011+0000] {dag.py:3954} INFO - Setting next_dagrun for example_complex to None, run_after=None
[2025-08-03T20:34:17.420+0000] {processor.py:183} INFO - Processing /home/airflow/.local/lib/python3.12/site-packages/airflow/example_dags/example_complex.py took 0.967 seconds
[2025-08-03T20:39:29.546+0000] {processor.py:161} INFO - Started process (PID=330) to work on /home/airflow/.local/lib/python3.12/site-packages/airflow/example_dags/example_complex.py
[2025-08-03T20:39:29.554+0000] {processor.py:830} INFO - Processing file /home/airflow/.local/lib/python3.12/site-packages/airflow/example_dags/example_complex.py for tasks to queue
[2025-08-03T20:39:29.564+0000] {logging_mixin.py:188} INFO - [2025-08-03T20:39:29.563+0000] {dagbag.py:545} INFO - Filling up the DagBag from /home/airflow/.local/lib/python3.12/site-packages/airflow/example_dags/example_complex.py
[2025-08-03T20:39:29.804+0000] {processor.py:840} INFO - DAG(s) 'example_complex' retrieved from /home/airflow/.local/lib/python3.12/site-packages/airflow/example_dags/example_complex.py
[2025-08-03T20:39:30.693+0000] {logging_mixin.py:188} INFO - [2025-08-03T20:39:30.692+0000] {dag.py:3096} INFO - Sync 1 DAGs
[2025-08-03T20:39:30.799+0000] {logging_mixin.py:188} INFO - [2025-08-03T20:39:30.789+0000] {dag.py:3954} INFO - Setting next_dagrun for example_complex to None, run_after=None
[2025-08-03T20:39:31.234+0000] {processor.py:183} INFO - Processing /home/airflow/.local/lib/python3.12/site-packages/airflow/example_dags/example_complex.py took 1.712 seconds
[2025-08-03T20:45:04.360+0000] {processor.py:161} INFO - Started process (PID=405) to work on /home/airflow/.local/lib/python3.12/site-packages/airflow/example_dags/example_complex.py
[2025-08-03T20:45:04.421+0000] {processor.py:830} INFO - Processing file /home/airflow/.local/lib/python3.12/site-packages/airflow/example_dags/example_complex.py for tasks to queue
[2025-08-03T20:45:04.442+0000] {logging_mixin.py:188} INFO - [2025-08-03T20:45:04.427+0000] {dagbag.py:545} INFO - Filling up the DagBag from /home/airflow/.local/lib/python3.12/site-packages/airflow/example_dags/example_complex.py
[2025-08-03T20:45:04.734+0000] {processor.py:840} INFO - DAG(s) 'example_complex' retrieved from /home/airflow/.local/lib/python3.12/site-packages/airflow/example_dags/example_complex.py
[2025-08-03T20:45:06.610+0000] {logging_mixin.py:188} INFO - [2025-08-03T20:45:06.534+0000] {dag.py:3096} INFO - Sync 1 DAGs
[2025-08-03T20:45:06.762+0000] {logging_mixin.py:188} INFO - [2025-08-03T20:45:06.761+0000] {dag.py:3954} INFO - Setting next_dagrun for example_complex to None, run_after=None
[2025-08-03T20:45:07.313+0000] {processor.py:183} INFO - Processing /home/airflow/.local/lib/python3.12/site-packages/airflow/example_dags/example_complex.py took 3.419 seconds
[2025-08-03T20:49:02.032+0000] {processor.py:161} INFO - Started process (PID=477) to work on /home/airflow/.local/lib/python3.12/site-packages/airflow/example_dags/example_complex.py
[2025-08-03T20:49:02.046+0000] {processor.py:830} INFO - Processing file /home/airflow/.local/lib/python3.12/site-packages/airflow/example_dags/example_complex.py for tasks to queue
[2025-08-03T20:49:02.139+0000] {logging_mixin.py:188} INFO - [2025-08-03T20:49:02.111+0000] {dagbag.py:545} INFO - Filling up the DagBag from /home/airflow/.local/lib/python3.12/site-packages/airflow/example_dags/example_complex.py
[2025-08-03T20:49:02.714+0000] {processor.py:840} INFO - DAG(s) 'example_complex' retrieved from /home/airflow/.local/lib/python3.12/site-packages/airflow/example_dags/example_complex.py
[2025-08-03T20:49:03.867+0000] {logging_mixin.py:188} INFO - [2025-08-03T20:49:03.865+0000] {dag.py:3096} INFO - Sync 1 DAGs
[2025-08-03T20:49:04.531+0000] {logging_mixin.py:188} INFO - [2025-08-03T20:49:04.530+0000] {dag.py:3954} INFO - Setting next_dagrun for example_complex to None, run_after=None
[2025-08-03T20:49:05.305+0000] {processor.py:183} INFO - Processing /home/airflow/.local/lib/python3.12/site-packages/airflow/example_dags/example_complex.py took 3.650 seconds
