[2025-08-03T19:46:58.224+0000] {processor.py:161} INFO - Started process (PID=112) to work on /home/airflow/.local/lib/python3.12/site-packages/airflow/example_dags/example_external_task_marker_dag.py
[2025-08-03T19:46:58.274+0000] {processor.py:830} INFO - Processing file /home/airflow/.local/lib/python3.12/site-packages/airflow/example_dags/example_external_task_marker_dag.py for tasks to queue
[2025-08-03T19:46:58.374+0000] {logging_mixin.py:188} INFO - [2025-08-03T19:46:58.321+0000] {dagbag.py:545} INFO - Filling up the DagBag from /home/airflow/.local/lib/python3.12/site-packages/airflow/example_dags/example_external_task_marker_dag.py
[2025-08-03T19:46:59.038+0000] {processor.py:840} INFO - DAG(s) 'example_external_task_marker_child', 'example_external_task_marker_parent' retrieved from /home/airflow/.local/lib/python3.12/site-packages/airflow/example_dags/example_external_task_marker_dag.py
[2025-08-03T19:47:00.628+0000] {logging_mixin.py:188} INFO - [2025-08-03T19:47:00.627+0000] {dag.py:3096} INFO - Sync 2 DAGs
[2025-08-03T19:47:00.955+0000] {logging_mixin.py:188} INFO - [2025-08-03T19:47:00.954+0000] {dag.py:3954} INFO - Setting next_dagrun for example_external_task_marker_child to None, run_after=None
[2025-08-03T19:47:01.043+0000] {logging_mixin.py:188} INFO - [2025-08-03T19:47:01.043+0000] {dag.py:3954} INFO - Setting next_dagrun for example_external_task_marker_parent to None, run_after=None
[2025-08-03T19:47:01.252+0000] {processor.py:183} INFO - Processing /home/airflow/.local/lib/python3.12/site-packages/airflow/example_dags/example_external_task_marker_dag.py took 3.397 seconds
[2025-08-03T19:48:19.300+0000] {processor.py:161} INFO - Started process (PID=185) to work on /home/airflow/.local/lib/python3.12/site-packages/airflow/example_dags/example_external_task_marker_dag.py
[2025-08-03T19:48:19.306+0000] {processor.py:830} INFO - Processing file /home/airflow/.local/lib/python3.12/site-packages/airflow/example_dags/example_external_task_marker_dag.py for tasks to queue
[2025-08-03T19:48:19.320+0000] {logging_mixin.py:188} INFO - [2025-08-03T19:48:19.318+0000] {dagbag.py:545} INFO - Filling up the DagBag from /home/airflow/.local/lib/python3.12/site-packages/airflow/example_dags/example_external_task_marker_dag.py
[2025-08-03T19:48:19.388+0000] {processor.py:840} INFO - DAG(s) 'example_external_task_marker_parent', 'example_external_task_marker_child' retrieved from /home/airflow/.local/lib/python3.12/site-packages/airflow/example_dags/example_external_task_marker_dag.py
[2025-08-03T19:48:19.530+0000] {logging_mixin.py:188} INFO - [2025-08-03T19:48:19.530+0000] {dag.py:3096} INFO - Sync 2 DAGs
[2025-08-03T19:48:19.788+0000] {logging_mixin.py:188} INFO - [2025-08-03T19:48:19.787+0000] {dag.py:3954} INFO - Setting next_dagrun for example_external_task_marker_child to None, run_after=None
[2025-08-03T19:48:19.798+0000] {logging_mixin.py:188} INFO - [2025-08-03T19:48:19.798+0000] {dag.py:3954} INFO - Setting next_dagrun for example_external_task_marker_parent to None, run_after=None
[2025-08-03T19:48:19.876+0000] {processor.py:183} INFO - Processing /home/airflow/.local/lib/python3.12/site-packages/airflow/example_dags/example_external_task_marker_dag.py took 0.744 seconds
[2025-08-03T20:12:27.213+0000] {processor.py:161} INFO - Started process (PID=266) to work on /home/airflow/.local/lib/python3.12/site-packages/airflow/example_dags/example_external_task_marker_dag.py
[2025-08-03T20:12:27.460+0000] {processor.py:830} INFO - Processing file /home/airflow/.local/lib/python3.12/site-packages/airflow/example_dags/example_external_task_marker_dag.py for tasks to queue
[2025-08-03T20:12:28.035+0000] {logging_mixin.py:188} INFO - [2025-08-03T20:12:27.698+0000] {dagbag.py:545} INFO - Filling up the DagBag from /home/airflow/.local/lib/python3.12/site-packages/airflow/example_dags/example_external_task_marker_dag.py
[2025-08-03T20:12:29.092+0000] {processor.py:840} INFO - DAG(s) 'example_external_task_marker_child', 'example_external_task_marker_parent' retrieved from /home/airflow/.local/lib/python3.12/site-packages/airflow/example_dags/example_external_task_marker_dag.py
[2025-08-03T20:12:38.856+0000] {logging_mixin.py:188} INFO - [2025-08-03T20:12:38.837+0000] {dag.py:3096} INFO - Sync 2 DAGs
[2025-08-03T20:12:39.167+0000] {logging_mixin.py:188} INFO - [2025-08-03T20:12:39.102+0000] {dag.py:3954} INFO - Setting next_dagrun for example_external_task_marker_child to None, run_after=None
[2025-08-03T20:12:39.319+0000] {logging_mixin.py:188} INFO - [2025-08-03T20:12:39.318+0000] {dag.py:3954} INFO - Setting next_dagrun for example_external_task_marker_parent to None, run_after=None
[2025-08-03T20:12:39.483+0000] {processor.py:183} INFO - Processing /home/airflow/.local/lib/python3.12/site-packages/airflow/example_dags/example_external_task_marker_dag.py took 13.975 seconds
[2025-08-03T20:33:08.705+0000] {processor.py:161} INFO - Started process (PID=104) to work on /home/airflow/.local/lib/python3.12/site-packages/airflow/example_dags/example_external_task_marker_dag.py
[2025-08-03T20:33:08.726+0000] {processor.py:830} INFO - Processing file /home/airflow/.local/lib/python3.12/site-packages/airflow/example_dags/example_external_task_marker_dag.py for tasks to queue
[2025-08-03T20:33:08.740+0000] {logging_mixin.py:188} INFO - [2025-08-03T20:33:08.739+0000] {dagbag.py:545} INFO - Filling up the DagBag from /home/airflow/.local/lib/python3.12/site-packages/airflow/example_dags/example_external_task_marker_dag.py
[2025-08-03T20:33:08.803+0000] {processor.py:840} INFO - DAG(s) 'example_external_task_marker_child', 'example_external_task_marker_parent' retrieved from /home/airflow/.local/lib/python3.12/site-packages/airflow/example_dags/example_external_task_marker_dag.py
[2025-08-03T20:33:09.135+0000] {logging_mixin.py:188} INFO - [2025-08-03T20:33:09.134+0000] {dag.py:3096} INFO - Sync 2 DAGs
[2025-08-03T20:33:09.231+0000] {logging_mixin.py:188} INFO - [2025-08-03T20:33:09.217+0000] {dag.py:3954} INFO - Setting next_dagrun for example_external_task_marker_child to None, run_after=None
[2025-08-03T20:33:09.283+0000] {logging_mixin.py:188} INFO - [2025-08-03T20:33:09.283+0000] {dag.py:3954} INFO - Setting next_dagrun for example_external_task_marker_parent to None, run_after=None
[2025-08-03T20:33:09.461+0000] {processor.py:183} INFO - Processing /home/airflow/.local/lib/python3.12/site-packages/airflow/example_dags/example_external_task_marker_dag.py took 0.782 seconds
[2025-08-03T20:33:40.391+0000] {processor.py:161} INFO - Started process (PID=162) to work on /home/airflow/.local/lib/python3.12/site-packages/airflow/example_dags/example_external_task_marker_dag.py
[2025-08-03T20:33:40.393+0000] {processor.py:830} INFO - Processing file /home/airflow/.local/lib/python3.12/site-packages/airflow/example_dags/example_external_task_marker_dag.py for tasks to queue
[2025-08-03T20:33:40.395+0000] {logging_mixin.py:188} INFO - [2025-08-03T20:33:40.395+0000] {dagbag.py:545} INFO - Filling up the DagBag from /home/airflow/.local/lib/python3.12/site-packages/airflow/example_dags/example_external_task_marker_dag.py
[2025-08-03T20:33:40.403+0000] {processor.py:840} INFO - DAG(s) 'example_external_task_marker_child', 'example_external_task_marker_parent' retrieved from /home/airflow/.local/lib/python3.12/site-packages/airflow/example_dags/example_external_task_marker_dag.py
[2025-08-03T20:33:40.426+0000] {logging_mixin.py:188} INFO - [2025-08-03T20:33:40.426+0000] {dag.py:3096} INFO - Sync 2 DAGs
[2025-08-03T20:33:40.435+0000] {logging_mixin.py:188} INFO - [2025-08-03T20:33:40.435+0000] {dag.py:3954} INFO - Setting next_dagrun for example_external_task_marker_child to None, run_after=None
[2025-08-03T20:33:40.438+0000] {logging_mixin.py:188} INFO - [2025-08-03T20:33:40.438+0000] {dag.py:3954} INFO - Setting next_dagrun for example_external_task_marker_parent to None, run_after=None
[2025-08-03T20:33:40.456+0000] {processor.py:183} INFO - Processing /home/airflow/.local/lib/python3.12/site-packages/airflow/example_dags/example_external_task_marker_dag.py took 0.069 seconds
[2025-08-03T20:34:20.180+0000] {processor.py:161} INFO - Started process (PID=220) to work on /home/airflow/.local/lib/python3.12/site-packages/airflow/example_dags/example_external_task_marker_dag.py
[2025-08-03T20:34:20.252+0000] {processor.py:830} INFO - Processing file /home/airflow/.local/lib/python3.12/site-packages/airflow/example_dags/example_external_task_marker_dag.py for tasks to queue
[2025-08-03T20:34:21.867+0000] {logging_mixin.py:188} INFO - [2025-08-03T20:34:21.031+0000] {dagbag.py:545} INFO - Filling up the DagBag from /home/airflow/.local/lib/python3.12/site-packages/airflow/example_dags/example_external_task_marker_dag.py
[2025-08-03T20:34:22.466+0000] {processor.py:840} INFO - DAG(s) 'example_external_task_marker_child', 'example_external_task_marker_parent' retrieved from /home/airflow/.local/lib/python3.12/site-packages/airflow/example_dags/example_external_task_marker_dag.py
[2025-08-03T20:34:24.071+0000] {logging_mixin.py:188} INFO - [2025-08-03T20:34:24.070+0000] {dag.py:3096} INFO - Sync 2 DAGs
[2025-08-03T20:34:24.617+0000] {logging_mixin.py:188} INFO - [2025-08-03T20:34:24.535+0000] {dag.py:3954} INFO - Setting next_dagrun for example_external_task_marker_child to None, run_after=None
[2025-08-03T20:34:24.767+0000] {logging_mixin.py:188} INFO - [2025-08-03T20:34:24.760+0000] {dag.py:3954} INFO - Setting next_dagrun for example_external_task_marker_parent to None, run_after=None
[2025-08-03T20:34:25.025+0000] {processor.py:183} INFO - Processing /home/airflow/.local/lib/python3.12/site-packages/airflow/example_dags/example_external_task_marker_dag.py took 6.091 seconds
[2025-08-03T20:39:33.440+0000] {processor.py:161} INFO - Started process (PID=333) to work on /home/airflow/.local/lib/python3.12/site-packages/airflow/example_dags/example_external_task_marker_dag.py
[2025-08-03T20:39:33.444+0000] {processor.py:830} INFO - Processing file /home/airflow/.local/lib/python3.12/site-packages/airflow/example_dags/example_external_task_marker_dag.py for tasks to queue
[2025-08-03T20:39:33.461+0000] {logging_mixin.py:188} INFO - [2025-08-03T20:39:33.458+0000] {dagbag.py:545} INFO - Filling up the DagBag from /home/airflow/.local/lib/python3.12/site-packages/airflow/example_dags/example_external_task_marker_dag.py
[2025-08-03T20:39:33.528+0000] {processor.py:840} INFO - DAG(s) 'example_external_task_marker_parent', 'example_external_task_marker_child' retrieved from /home/airflow/.local/lib/python3.12/site-packages/airflow/example_dags/example_external_task_marker_dag.py
[2025-08-03T20:39:35.299+0000] {logging_mixin.py:188} INFO - [2025-08-03T20:39:35.271+0000] {dag.py:3096} INFO - Sync 2 DAGs
[2025-08-03T20:39:35.408+0000] {logging_mixin.py:188} INFO - [2025-08-03T20:39:35.408+0000] {dag.py:3954} INFO - Setting next_dagrun for example_external_task_marker_child to None, run_after=None
[2025-08-03T20:39:35.524+0000] {logging_mixin.py:188} INFO - [2025-08-03T20:39:35.522+0000] {dag.py:3954} INFO - Setting next_dagrun for example_external_task_marker_parent to None, run_after=None
[2025-08-03T20:39:37.538+0000] {processor.py:183} INFO - Processing /home/airflow/.local/lib/python3.12/site-packages/airflow/example_dags/example_external_task_marker_dag.py took 3.913 seconds
[2025-08-03T20:45:29.689+0000] {processor.py:161} INFO - Started process (PID=408) to work on /home/airflow/.local/lib/python3.12/site-packages/airflow/example_dags/example_external_task_marker_dag.py
[2025-08-03T20:45:29.801+0000] {processor.py:830} INFO - Processing file /home/airflow/.local/lib/python3.12/site-packages/airflow/example_dags/example_external_task_marker_dag.py for tasks to queue
[2025-08-03T20:45:29.879+0000] {logging_mixin.py:188} INFO - [2025-08-03T20:45:29.851+0000] {dagbag.py:545} INFO - Filling up the DagBag from /home/airflow/.local/lib/python3.12/site-packages/airflow/example_dags/example_external_task_marker_dag.py
[2025-08-03T20:45:30.957+0000] {processor.py:840} INFO - DAG(s) 'example_external_task_marker_parent', 'example_external_task_marker_child' retrieved from /home/airflow/.local/lib/python3.12/site-packages/airflow/example_dags/example_external_task_marker_dag.py
[2025-08-03T20:45:46.493+0000] {logging_mixin.py:188} INFO - [2025-08-03T20:45:46.425+0000] {dag.py:3096} INFO - Sync 2 DAGs
[2025-08-03T20:45:47.333+0000] {logging_mixin.py:188} INFO - [2025-08-03T20:45:47.243+0000] {dag.py:3954} INFO - Setting next_dagrun for example_external_task_marker_child to None, run_after=None
[2025-08-03T20:45:48.631+0000] {logging_mixin.py:188} INFO - [2025-08-03T20:45:48.322+0000] {dag.py:3954} INFO - Setting next_dagrun for example_external_task_marker_parent to None, run_after=None
[2025-08-03T20:45:51.861+0000] {processor.py:183} INFO - Processing /home/airflow/.local/lib/python3.12/site-packages/airflow/example_dags/example_external_task_marker_dag.py took 22.490 seconds
[2025-08-03T20:49:07.840+0000] {processor.py:161} INFO - Started process (PID=480) to work on /home/airflow/.local/lib/python3.12/site-packages/airflow/example_dags/example_external_task_marker_dag.py
[2025-08-03T20:49:07.849+0000] {processor.py:830} INFO - Processing file /home/airflow/.local/lib/python3.12/site-packages/airflow/example_dags/example_external_task_marker_dag.py for tasks to queue
[2025-08-03T20:49:08.019+0000] {logging_mixin.py:188} INFO - [2025-08-03T20:49:07.857+0000] {dagbag.py:545} INFO - Filling up the DagBag from /home/airflow/.local/lib/python3.12/site-packages/airflow/example_dags/example_external_task_marker_dag.py
[2025-08-03T20:49:08.443+0000] {processor.py:840} INFO - DAG(s) 'example_external_task_marker_parent', 'example_external_task_marker_child' retrieved from /home/airflow/.local/lib/python3.12/site-packages/airflow/example_dags/example_external_task_marker_dag.py
[2025-08-03T20:49:10.796+0000] {logging_mixin.py:188} INFO - [2025-08-03T20:49:10.795+0000] {dag.py:3096} INFO - Sync 2 DAGs
[2025-08-03T20:49:11.935+0000] {logging_mixin.py:188} INFO - [2025-08-03T20:49:11.909+0000] {dag.py:3954} INFO - Setting next_dagrun for example_external_task_marker_child to None, run_after=None
[2025-08-03T20:49:12.091+0000] {logging_mixin.py:188} INFO - [2025-08-03T20:49:12.091+0000] {dag.py:3954} INFO - Setting next_dagrun for example_external_task_marker_parent to None, run_after=None
[2025-08-03T20:49:12.734+0000] {processor.py:183} INFO - Processing /home/airflow/.local/lib/python3.12/site-packages/airflow/example_dags/example_external_task_marker_dag.py took 5.004 seconds
