[2025-08-03T19:46:35.433+0000] {processor.py:161} INFO - Started process (PID=91) to work on /home/airflow/.local/lib/python3.12/site-packages/airflow/example_dags/example_trigger_target_dag.py
[2025-08-03T19:46:35.443+0000] {processor.py:830} INFO - Processing file /home/airflow/.local/lib/python3.12/site-packages/airflow/example_dags/example_trigger_target_dag.py for tasks to queue
[2025-08-03T19:46:35.456+0000] {logging_mixin.py:188} INFO - [2025-08-03T19:46:35.455+0000] {dagbag.py:545} INFO - Filling up the DagBag from /home/airflow/.local/lib/python3.12/site-packages/airflow/example_dags/example_trigger_target_dag.py
[2025-08-03T19:46:35.610+0000] {processor.py:840} INFO - DAG(s) 'example_trigger_target_dag' retrieved from /home/airflow/.local/lib/python3.12/site-packages/airflow/example_dags/example_trigger_target_dag.py
[2025-08-03T19:46:37.166+0000] {logging_mixin.py:188} INFO - [2025-08-03T19:46:37.150+0000] {dag.py:3096} INFO - Sync 1 DAGs
[2025-08-03T19:46:37.404+0000] {logging_mixin.py:188} INFO - [2025-08-03T19:46:37.345+0000] {dag.py:3954} INFO - Setting next_dagrun for example_trigger_target_dag to None, run_after=None
[2025-08-03T19:46:37.547+0000] {processor.py:183} INFO - Processing /home/airflow/.local/lib/python3.12/site-packages/airflow/example_dags/example_trigger_target_dag.py took 2.151 seconds
[2025-08-03T19:47:56.536+0000] {processor.py:161} INFO - Started process (PID=161) to work on /home/airflow/.local/lib/python3.12/site-packages/airflow/example_dags/example_trigger_target_dag.py
[2025-08-03T19:47:56.561+0000] {processor.py:830} INFO - Processing file /home/airflow/.local/lib/python3.12/site-packages/airflow/example_dags/example_trigger_target_dag.py for tasks to queue
[2025-08-03T19:47:56.584+0000] {logging_mixin.py:188} INFO - [2025-08-03T19:47:56.583+0000] {dagbag.py:545} INFO - Filling up the DagBag from /home/airflow/.local/lib/python3.12/site-packages/airflow/example_dags/example_trigger_target_dag.py
[2025-08-03T19:47:56.831+0000] {processor.py:840} INFO - DAG(s) 'example_trigger_target_dag' retrieved from /home/airflow/.local/lib/python3.12/site-packages/airflow/example_dags/example_trigger_target_dag.py
[2025-08-03T19:47:57.259+0000] {logging_mixin.py:188} INFO - [2025-08-03T19:47:57.259+0000] {dag.py:3096} INFO - Sync 1 DAGs
[2025-08-03T19:47:57.359+0000] {logging_mixin.py:188} INFO - [2025-08-03T19:47:57.358+0000] {dag.py:3954} INFO - Setting next_dagrun for example_trigger_target_dag to None, run_after=None
[2025-08-03T19:47:57.413+0000] {processor.py:183} INFO - Processing /home/airflow/.local/lib/python3.12/site-packages/airflow/example_dags/example_trigger_target_dag.py took 1.003 seconds
[2025-08-03T19:50:33.861+0000] {processor.py:161} INFO - Started process (PID=239) to work on /home/airflow/.local/lib/python3.12/site-packages/airflow/example_dags/example_trigger_target_dag.py
[2025-08-03T19:50:33.866+0000] {processor.py:830} INFO - Processing file /home/airflow/.local/lib/python3.12/site-packages/airflow/example_dags/example_trigger_target_dag.py for tasks to queue
[2025-08-03T19:50:33.966+0000] {logging_mixin.py:188} INFO - [2025-08-03T19:50:33.892+0000] {dagbag.py:545} INFO - Filling up the DagBag from /home/airflow/.local/lib/python3.12/site-packages/airflow/example_dags/example_trigger_target_dag.py
[2025-08-03T19:50:34.244+0000] {processor.py:840} INFO - DAG(s) 'example_trigger_target_dag' retrieved from /home/airflow/.local/lib/python3.12/site-packages/airflow/example_dags/example_trigger_target_dag.py
[2025-08-03T19:50:34.849+0000] {logging_mixin.py:188} INFO - [2025-08-03T19:50:34.848+0000] {dag.py:3096} INFO - Sync 1 DAGs
[2025-08-03T19:50:35.025+0000] {logging_mixin.py:188} INFO - [2025-08-03T19:50:35.023+0000] {dag.py:3954} INFO - Setting next_dagrun for example_trigger_target_dag to None, run_after=None
[2025-08-03T19:50:35.703+0000] {processor.py:183} INFO - Processing /home/airflow/.local/lib/python3.12/site-packages/airflow/example_dags/example_trigger_target_dag.py took 1.944 seconds
[2025-08-03T20:16:21.592+0000] {processor.py:161} INFO - Started process (PID=306) to work on /home/airflow/.local/lib/python3.12/site-packages/airflow/example_dags/example_trigger_target_dag.py
[2025-08-03T20:16:21.620+0000] {processor.py:830} INFO - Processing file /home/airflow/.local/lib/python3.12/site-packages/airflow/example_dags/example_trigger_target_dag.py for tasks to queue
[2025-08-03T20:16:21.641+0000] {logging_mixin.py:188} INFO - [2025-08-03T20:16:21.640+0000] {dagbag.py:545} INFO - Filling up the DagBag from /home/airflow/.local/lib/python3.12/site-packages/airflow/example_dags/example_trigger_target_dag.py
[2025-08-03T20:16:21.882+0000] {processor.py:840} INFO - DAG(s) 'example_trigger_target_dag' retrieved from /home/airflow/.local/lib/python3.12/site-packages/airflow/example_dags/example_trigger_target_dag.py
[2025-08-03T20:16:22.088+0000] {logging_mixin.py:188} INFO - [2025-08-03T20:16:22.087+0000] {dag.py:3096} INFO - Sync 1 DAGs
[2025-08-03T20:16:22.163+0000] {logging_mixin.py:188} INFO - [2025-08-03T20:16:22.163+0000] {dag.py:3954} INFO - Setting next_dagrun for example_trigger_target_dag to None, run_after=None
[2025-08-03T20:16:22.812+0000] {processor.py:183} INFO - Processing /home/airflow/.local/lib/python3.12/site-packages/airflow/example_dags/example_trigger_target_dag.py took 1.571 seconds
[2025-08-03T20:33:01.916+0000] {processor.py:161} INFO - Started process (PID=88) to work on /home/airflow/.local/lib/python3.12/site-packages/airflow/example_dags/example_trigger_target_dag.py
[2025-08-03T20:33:01.918+0000] {processor.py:830} INFO - Processing file /home/airflow/.local/lib/python3.12/site-packages/airflow/example_dags/example_trigger_target_dag.py for tasks to queue
[2025-08-03T20:33:01.927+0000] {logging_mixin.py:188} INFO - [2025-08-03T20:33:01.925+0000] {dagbag.py:545} INFO - Filling up the DagBag from /home/airflow/.local/lib/python3.12/site-packages/airflow/example_dags/example_trigger_target_dag.py
[2025-08-03T20:33:02.269+0000] {processor.py:840} INFO - DAG(s) 'example_trigger_target_dag' retrieved from /home/airflow/.local/lib/python3.12/site-packages/airflow/example_dags/example_trigger_target_dag.py
[2025-08-03T20:33:02.566+0000] {logging_mixin.py:188} INFO - [2025-08-03T20:33:02.562+0000] {dag.py:3096} INFO - Sync 1 DAGs
[2025-08-03T20:33:02.718+0000] {logging_mixin.py:188} INFO - [2025-08-03T20:33:02.718+0000] {dag.py:3954} INFO - Setting next_dagrun for example_trigger_target_dag to None, run_after=None
[2025-08-03T20:33:02.830+0000] {processor.py:183} INFO - Processing /home/airflow/.local/lib/python3.12/site-packages/airflow/example_dags/example_trigger_target_dag.py took 0.928 seconds
[2025-08-03T20:33:33.693+0000] {processor.py:161} INFO - Started process (PID=146) to work on /home/airflow/.local/lib/python3.12/site-packages/airflow/example_dags/example_trigger_target_dag.py
[2025-08-03T20:33:33.694+0000] {processor.py:830} INFO - Processing file /home/airflow/.local/lib/python3.12/site-packages/airflow/example_dags/example_trigger_target_dag.py for tasks to queue
[2025-08-03T20:33:33.698+0000] {logging_mixin.py:188} INFO - [2025-08-03T20:33:33.698+0000] {dagbag.py:545} INFO - Filling up the DagBag from /home/airflow/.local/lib/python3.12/site-packages/airflow/example_dags/example_trigger_target_dag.py
[2025-08-03T20:33:33.703+0000] {processor.py:840} INFO - DAG(s) 'example_trigger_target_dag' retrieved from /home/airflow/.local/lib/python3.12/site-packages/airflow/example_dags/example_trigger_target_dag.py
[2025-08-03T20:33:33.721+0000] {logging_mixin.py:188} INFO - [2025-08-03T20:33:33.721+0000] {dag.py:3096} INFO - Sync 1 DAGs
[2025-08-03T20:33:33.727+0000] {logging_mixin.py:188} INFO - [2025-08-03T20:33:33.727+0000] {dag.py:3954} INFO - Setting next_dagrun for example_trigger_target_dag to None, run_after=None
[2025-08-03T20:33:33.739+0000] {processor.py:183} INFO - Processing /home/airflow/.local/lib/python3.12/site-packages/airflow/example_dags/example_trigger_target_dag.py took 0.050 seconds
[2025-08-03T20:34:08.275+0000] {processor.py:161} INFO - Started process (PID=204) to work on /home/airflow/.local/lib/python3.12/site-packages/airflow/example_dags/example_trigger_target_dag.py
[2025-08-03T20:34:08.278+0000] {processor.py:830} INFO - Processing file /home/airflow/.local/lib/python3.12/site-packages/airflow/example_dags/example_trigger_target_dag.py for tasks to queue
[2025-08-03T20:34:08.281+0000] {logging_mixin.py:188} INFO - [2025-08-03T20:34:08.281+0000] {dagbag.py:545} INFO - Filling up the DagBag from /home/airflow/.local/lib/python3.12/site-packages/airflow/example_dags/example_trigger_target_dag.py
[2025-08-03T20:34:08.299+0000] {processor.py:840} INFO - DAG(s) 'example_trigger_target_dag' retrieved from /home/airflow/.local/lib/python3.12/site-packages/airflow/example_dags/example_trigger_target_dag.py
[2025-08-03T20:34:08.635+0000] {logging_mixin.py:188} INFO - [2025-08-03T20:34:08.630+0000] {dag.py:3096} INFO - Sync 1 DAGs
[2025-08-03T20:34:08.716+0000] {logging_mixin.py:188} INFO - [2025-08-03T20:34:08.715+0000] {dag.py:3954} INFO - Setting next_dagrun for example_trigger_target_dag to None, run_after=None
[2025-08-03T20:34:08.916+0000] {processor.py:183} INFO - Processing /home/airflow/.local/lib/python3.12/site-packages/airflow/example_dags/example_trigger_target_dag.py took 0.647 seconds
[2025-08-03T20:35:14.193+0000] {processor.py:161} INFO - Started process (PID=259) to work on /home/airflow/.local/lib/python3.12/site-packages/airflow/example_dags/example_trigger_target_dag.py
[2025-08-03T20:35:14.283+0000] {processor.py:830} INFO - Processing file /home/airflow/.local/lib/python3.12/site-packages/airflow/example_dags/example_trigger_target_dag.py for tasks to queue
[2025-08-03T20:35:14.533+0000] {logging_mixin.py:188} INFO - [2025-08-03T20:35:14.387+0000] {dagbag.py:545} INFO - Filling up the DagBag from /home/airflow/.local/lib/python3.12/site-packages/airflow/example_dags/example_trigger_target_dag.py
[2025-08-03T20:35:14.965+0000] {processor.py:840} INFO - DAG(s) 'example_trigger_target_dag' retrieved from /home/airflow/.local/lib/python3.12/site-packages/airflow/example_dags/example_trigger_target_dag.py
[2025-08-03T20:35:16.462+0000] {logging_mixin.py:188} INFO - [2025-08-03T20:35:16.412+0000] {dag.py:3096} INFO - Sync 1 DAGs
[2025-08-03T20:35:19.092+0000] {logging_mixin.py:188} INFO - [2025-08-03T20:35:18.778+0000] {dag.py:3954} INFO - Setting next_dagrun for example_trigger_target_dag to None, run_after=None
[2025-08-03T20:35:23.578+0000] {processor.py:183} INFO - Processing /home/airflow/.local/lib/python3.12/site-packages/airflow/example_dags/example_trigger_target_dag.py took 9.626 seconds
[2025-08-03T20:38:04.839+0000] {processor.py:161} INFO - Started process (PID=319) to work on /home/airflow/.local/lib/python3.12/site-packages/airflow/example_dags/example_trigger_target_dag.py
[2025-08-03T20:38:04.894+0000] {processor.py:830} INFO - Processing file /home/airflow/.local/lib/python3.12/site-packages/airflow/example_dags/example_trigger_target_dag.py for tasks to queue
[2025-08-03T20:38:05.110+0000] {logging_mixin.py:188} INFO - [2025-08-03T20:38:05.109+0000] {dagbag.py:545} INFO - Filling up the DagBag from /home/airflow/.local/lib/python3.12/site-packages/airflow/example_dags/example_trigger_target_dag.py
[2025-08-03T20:38:05.889+0000] {processor.py:840} INFO - DAG(s) 'example_trigger_target_dag' retrieved from /home/airflow/.local/lib/python3.12/site-packages/airflow/example_dags/example_trigger_target_dag.py
[2025-08-03T20:38:08.788+0000] {logging_mixin.py:188} INFO - [2025-08-03T20:38:08.751+0000] {dag.py:3096} INFO - Sync 1 DAGs
[2025-08-03T20:38:09.291+0000] {logging_mixin.py:188} INFO - [2025-08-03T20:38:09.167+0000] {dag.py:3954} INFO - Setting next_dagrun for example_trigger_target_dag to None, run_after=None
[2025-08-03T20:38:09.936+0000] {processor.py:183} INFO - Processing /home/airflow/.local/lib/python3.12/site-packages/airflow/example_dags/example_trigger_target_dag.py took 5.379 seconds
[2025-08-03T20:44:07.804+0000] {processor.py:161} INFO - Started process (PID=386) to work on /home/airflow/.local/lib/python3.12/site-packages/airflow/example_dags/example_trigger_target_dag.py
[2025-08-03T20:44:07.809+0000] {processor.py:830} INFO - Processing file /home/airflow/.local/lib/python3.12/site-packages/airflow/example_dags/example_trigger_target_dag.py for tasks to queue
[2025-08-03T20:44:07.842+0000] {logging_mixin.py:188} INFO - [2025-08-03T20:44:07.824+0000] {dagbag.py:545} INFO - Filling up the DagBag from /home/airflow/.local/lib/python3.12/site-packages/airflow/example_dags/example_trigger_target_dag.py
[2025-08-03T20:44:07.925+0000] {processor.py:840} INFO - DAG(s) 'example_trigger_target_dag' retrieved from /home/airflow/.local/lib/python3.12/site-packages/airflow/example_dags/example_trigger_target_dag.py
[2025-08-03T20:44:08.099+0000] {logging_mixin.py:188} INFO - [2025-08-03T20:44:08.099+0000] {dag.py:3096} INFO - Sync 1 DAGs
[2025-08-03T20:44:08.171+0000] {logging_mixin.py:188} INFO - [2025-08-03T20:44:08.170+0000] {dag.py:3954} INFO - Setting next_dagrun for example_trigger_target_dag to None, run_after=None
[2025-08-03T20:44:08.401+0000] {processor.py:183} INFO - Processing /home/airflow/.local/lib/python3.12/site-packages/airflow/example_dags/example_trigger_target_dag.py took 0.677 seconds
[2025-08-03T20:48:38.053+0000] {processor.py:161} INFO - Started process (PID=458) to work on /home/airflow/.local/lib/python3.12/site-packages/airflow/example_dags/example_trigger_target_dag.py
[2025-08-03T20:48:38.077+0000] {processor.py:830} INFO - Processing file /home/airflow/.local/lib/python3.12/site-packages/airflow/example_dags/example_trigger_target_dag.py for tasks to queue
[2025-08-03T20:48:38.078+0000] {logging_mixin.py:188} INFO - [2025-08-03T20:48:38.078+0000] {dagbag.py:545} INFO - Filling up the DagBag from /home/airflow/.local/lib/python3.12/site-packages/airflow/example_dags/example_trigger_target_dag.py
[2025-08-03T20:48:38.841+0000] {processor.py:840} INFO - DAG(s) 'example_trigger_target_dag' retrieved from /home/airflow/.local/lib/python3.12/site-packages/airflow/example_dags/example_trigger_target_dag.py
[2025-08-03T20:48:39.450+0000] {logging_mixin.py:188} INFO - [2025-08-03T20:48:39.449+0000] {dag.py:3096} INFO - Sync 1 DAGs
[2025-08-03T20:48:39.830+0000] {logging_mixin.py:188} INFO - [2025-08-03T20:48:39.799+0000] {dag.py:3954} INFO - Setting next_dagrun for example_trigger_target_dag to None, run_after=None
[2025-08-03T20:48:40.403+0000] {processor.py:183} INFO - Processing /home/airflow/.local/lib/python3.12/site-packages/airflow/example_dags/example_trigger_target_dag.py took 2.458 seconds
[2025-08-03T21:10:11.665+0000] {processor.py:161} INFO - Started process (PID=559) to work on /home/airflow/.local/lib/python3.12/site-packages/airflow/example_dags/example_trigger_target_dag.py
[2025-08-03T21:10:11.772+0000] {processor.py:830} INFO - Processing file /home/airflow/.local/lib/python3.12/site-packages/airflow/example_dags/example_trigger_target_dag.py for tasks to queue
[2025-08-03T21:10:11.902+0000] {logging_mixin.py:188} INFO - [2025-08-03T21:10:11.844+0000] {dagbag.py:545} INFO - Filling up the DagBag from /home/airflow/.local/lib/python3.12/site-packages/airflow/example_dags/example_trigger_target_dag.py
[2025-08-03T21:10:14.072+0000] {processor.py:840} INFO - DAG(s) 'example_trigger_target_dag' retrieved from /home/airflow/.local/lib/python3.12/site-packages/airflow/example_dags/example_trigger_target_dag.py
[2025-08-03T21:11:46.970+0000] {logging_mixin.py:188} INFO - [2025-08-03T21:11:46.956+0000] {dag.py:3096} INFO - Sync 1 DAGs
[2025-08-03T21:11:49.353+0000] {logging_mixin.py:188} INFO - [2025-08-03T21:11:49.007+0000] {dag.py:3954} INFO - Setting next_dagrun for example_trigger_target_dag to None, run_after=None
