[2025-08-03T19:46:53.860+0000] {processor.py:161} INFO - Started process (PID=107) to work on /home/airflow/.local/lib/python3.12/site-packages/airflow/example_dags/example_xcomargs.py
[2025-08-03T19:46:53.878+0000] {processor.py:830} INFO - Processing file /home/airflow/.local/lib/python3.12/site-packages/airflow/example_dags/example_xcomargs.py for tasks to queue
[2025-08-03T19:46:53.895+0000] {logging_mixin.py:188} INFO - [2025-08-03T19:46:53.893+0000] {dagbag.py:545} INFO - Filling up the DagBag from /home/airflow/.local/lib/python3.12/site-packages/airflow/example_dags/example_xcomargs.py
[2025-08-03T19:46:54.071+0000] {processor.py:840} INFO - DAG(s) 'example_xcom_args', 'example_xcom_args_with_operators' retrieved from /home/airflow/.local/lib/python3.12/site-packages/airflow/example_dags/example_xcomargs.py
[2025-08-03T19:46:54.643+0000] {logging_mixin.py:188} INFO - [2025-08-03T19:46:54.639+0000] {dag.py:3096} INFO - Sync 2 DAGs
[2025-08-03T19:46:54.849+0000] {logging_mixin.py:188} INFO - [2025-08-03T19:46:54.848+0000] {dag.py:3954} INFO - Setting next_dagrun for example_xcom_args to None, run_after=None
[2025-08-03T19:46:54.920+0000] {logging_mixin.py:188} INFO - [2025-08-03T19:46:54.920+0000] {dag.py:3954} INFO - Setting next_dagrun for example_xcom_args_with_operators to None, run_after=None
[2025-08-03T19:46:55.194+0000] {processor.py:183} INFO - Processing /home/airflow/.local/lib/python3.12/site-packages/airflow/example_dags/example_xcomargs.py took 1.448 seconds
[2025-08-03T19:48:06.971+0000] {processor.py:161} INFO - Started process (PID=172) to work on /home/airflow/.local/lib/python3.12/site-packages/airflow/example_dags/example_xcomargs.py
[2025-08-03T19:48:06.988+0000] {processor.py:830} INFO - Processing file /home/airflow/.local/lib/python3.12/site-packages/airflow/example_dags/example_xcomargs.py for tasks to queue
[2025-08-03T19:48:07.045+0000] {logging_mixin.py:188} INFO - [2025-08-03T19:48:07.043+0000] {dagbag.py:545} INFO - Filling up the DagBag from /home/airflow/.local/lib/python3.12/site-packages/airflow/example_dags/example_xcomargs.py
[2025-08-03T19:48:07.195+0000] {processor.py:840} INFO - DAG(s) 'example_xcom_args', 'example_xcom_args_with_operators' retrieved from /home/airflow/.local/lib/python3.12/site-packages/airflow/example_dags/example_xcomargs.py
[2025-08-03T19:48:07.834+0000] {logging_mixin.py:188} INFO - [2025-08-03T19:48:07.833+0000] {dag.py:3096} INFO - Sync 2 DAGs
[2025-08-03T19:48:08.154+0000] {logging_mixin.py:188} INFO - [2025-08-03T19:48:08.146+0000] {dag.py:3954} INFO - Setting next_dagrun for example_xcom_args to None, run_after=None
[2025-08-03T19:48:08.260+0000] {logging_mixin.py:188} INFO - [2025-08-03T19:48:08.259+0000] {dag.py:3954} INFO - Setting next_dagrun for example_xcom_args_with_operators to None, run_after=None
[2025-08-03T19:48:10.186+0000] {processor.py:183} INFO - Processing /home/airflow/.local/lib/python3.12/site-packages/airflow/example_dags/example_xcomargs.py took 3.243 seconds
[2025-08-03T20:11:11.285+0000] {processor.py:161} INFO - Started process (PID=255) to work on /home/airflow/.local/lib/python3.12/site-packages/airflow/example_dags/example_xcomargs.py
[2025-08-03T20:11:11.709+0000] {processor.py:830} INFO - Processing file /home/airflow/.local/lib/python3.12/site-packages/airflow/example_dags/example_xcomargs.py for tasks to queue
[2025-08-03T20:11:12.369+0000] {logging_mixin.py:188} INFO - [2025-08-03T20:11:11.982+0000] {dagbag.py:545} INFO - Filling up the DagBag from /home/airflow/.local/lib/python3.12/site-packages/airflow/example_dags/example_xcomargs.py
[2025-08-03T20:17:34.765+0000] {processor.py:161} INFO - Started process (PID=317) to work on /home/airflow/.local/lib/python3.12/site-packages/airflow/example_dags/example_xcomargs.py
[2025-08-03T20:17:35.314+0000] {processor.py:830} INFO - Processing file /home/airflow/.local/lib/python3.12/site-packages/airflow/example_dags/example_xcomargs.py for tasks to queue
[2025-08-03T20:17:35.770+0000] {logging_mixin.py:188} INFO - [2025-08-03T20:17:35.445+0000] {dagbag.py:545} INFO - Filling up the DagBag from /home/airflow/.local/lib/python3.12/site-packages/airflow/example_dags/example_xcomargs.py
[2025-08-03T20:17:37.085+0000] {processor.py:840} INFO - DAG(s) 'example_xcom_args', 'example_xcom_args_with_operators' retrieved from /home/airflow/.local/lib/python3.12/site-packages/airflow/example_dags/example_xcomargs.py
[2025-08-03T20:17:58.959+0000] {logging_mixin.py:188} INFO - [2025-08-03T20:17:58.709+0000] {dag.py:3096} INFO - Sync 2 DAGs
[2025-08-03T20:18:00.016+0000] {logging_mixin.py:188} INFO - [2025-08-03T20:18:00.004+0000] {dag.py:3954} INFO - Setting next_dagrun for example_xcom_args to None, run_after=None
[2025-08-03T20:18:00.072+0000] {logging_mixin.py:188} INFO - [2025-08-03T20:18:00.065+0000] {dag.py:3954} INFO - Setting next_dagrun for example_xcom_args_with_operators to None, run_after=None
[2025-08-03T20:18:02.688+0000] {processor.py:183} INFO - Processing /home/airflow/.local/lib/python3.12/site-packages/airflow/example_dags/example_xcomargs.py took 29.328 seconds
[2025-08-03T20:33:06.619+0000] {processor.py:161} INFO - Started process (PID=99) to work on /home/airflow/.local/lib/python3.12/site-packages/airflow/example_dags/example_xcomargs.py
[2025-08-03T20:33:06.636+0000] {processor.py:830} INFO - Processing file /home/airflow/.local/lib/python3.12/site-packages/airflow/example_dags/example_xcomargs.py for tasks to queue
[2025-08-03T20:33:06.653+0000] {logging_mixin.py:188} INFO - [2025-08-03T20:33:06.653+0000] {dagbag.py:545} INFO - Filling up the DagBag from /home/airflow/.local/lib/python3.12/site-packages/airflow/example_dags/example_xcomargs.py
[2025-08-03T20:33:06.689+0000] {processor.py:840} INFO - DAG(s) 'example_xcom_args_with_operators', 'example_xcom_args' retrieved from /home/airflow/.local/lib/python3.12/site-packages/airflow/example_dags/example_xcomargs.py
[2025-08-03T20:33:06.879+0000] {logging_mixin.py:188} INFO - [2025-08-03T20:33:06.878+0000] {dag.py:3096} INFO - Sync 2 DAGs
[2025-08-03T20:33:06.985+0000] {logging_mixin.py:188} INFO - [2025-08-03T20:33:06.985+0000] {dag.py:3954} INFO - Setting next_dagrun for example_xcom_args to None, run_after=None
[2025-08-03T20:33:07.025+0000] {logging_mixin.py:188} INFO - [2025-08-03T20:33:07.024+0000] {dag.py:3954} INFO - Setting next_dagrun for example_xcom_args_with_operators to None, run_after=None
[2025-08-03T20:33:07.180+0000] {processor.py:183} INFO - Processing /home/airflow/.local/lib/python3.12/site-packages/airflow/example_dags/example_xcomargs.py took 0.598 seconds
[2025-08-03T20:33:38.072+0000] {processor.py:161} INFO - Started process (PID=157) to work on /home/airflow/.local/lib/python3.12/site-packages/airflow/example_dags/example_xcomargs.py
[2025-08-03T20:33:38.075+0000] {processor.py:830} INFO - Processing file /home/airflow/.local/lib/python3.12/site-packages/airflow/example_dags/example_xcomargs.py for tasks to queue
[2025-08-03T20:33:38.079+0000] {logging_mixin.py:188} INFO - [2025-08-03T20:33:38.078+0000] {dagbag.py:545} INFO - Filling up the DagBag from /home/airflow/.local/lib/python3.12/site-packages/airflow/example_dags/example_xcomargs.py
[2025-08-03T20:33:38.100+0000] {processor.py:840} INFO - DAG(s) 'example_xcom_args_with_operators', 'example_xcom_args' retrieved from /home/airflow/.local/lib/python3.12/site-packages/airflow/example_dags/example_xcomargs.py
[2025-08-03T20:33:38.144+0000] {logging_mixin.py:188} INFO - [2025-08-03T20:33:38.144+0000] {dag.py:3096} INFO - Sync 2 DAGs
[2025-08-03T20:33:38.168+0000] {logging_mixin.py:188} INFO - [2025-08-03T20:33:38.167+0000] {dag.py:3954} INFO - Setting next_dagrun for example_xcom_args to None, run_after=None
[2025-08-03T20:33:38.174+0000] {logging_mixin.py:188} INFO - [2025-08-03T20:33:38.174+0000] {dag.py:3954} INFO - Setting next_dagrun for example_xcom_args_with_operators to None, run_after=None
[2025-08-03T20:33:38.223+0000] {processor.py:183} INFO - Processing /home/airflow/.local/lib/python3.12/site-packages/airflow/example_dags/example_xcomargs.py took 0.158 seconds
[2025-08-03T20:34:12.542+0000] {processor.py:161} INFO - Started process (PID=215) to work on /home/airflow/.local/lib/python3.12/site-packages/airflow/example_dags/example_xcomargs.py
[2025-08-03T20:34:12.575+0000] {processor.py:830} INFO - Processing file /home/airflow/.local/lib/python3.12/site-packages/airflow/example_dags/example_xcomargs.py for tasks to queue
[2025-08-03T20:34:12.603+0000] {logging_mixin.py:188} INFO - [2025-08-03T20:34:12.588+0000] {dagbag.py:545} INFO - Filling up the DagBag from /home/airflow/.local/lib/python3.12/site-packages/airflow/example_dags/example_xcomargs.py
[2025-08-03T20:34:12.727+0000] {processor.py:840} INFO - DAG(s) 'example_xcom_args', 'example_xcom_args_with_operators' retrieved from /home/airflow/.local/lib/python3.12/site-packages/airflow/example_dags/example_xcomargs.py
[2025-08-03T20:34:13.168+0000] {logging_mixin.py:188} INFO - [2025-08-03T20:34:13.158+0000] {dag.py:3096} INFO - Sync 2 DAGs
[2025-08-03T20:34:13.346+0000] {logging_mixin.py:188} INFO - [2025-08-03T20:34:13.344+0000] {dag.py:3954} INFO - Setting next_dagrun for example_xcom_args to None, run_after=None
[2025-08-03T20:34:13.446+0000] {logging_mixin.py:188} INFO - [2025-08-03T20:34:13.442+0000] {dag.py:3954} INFO - Setting next_dagrun for example_xcom_args_with_operators to None, run_after=None
[2025-08-03T20:34:13.729+0000] {processor.py:183} INFO - Processing /home/airflow/.local/lib/python3.12/site-packages/airflow/example_dags/example_xcomargs.py took 1.265 seconds
[2025-08-03T20:35:58.269+0000] {processor.py:161} INFO - Started process (PID=274) to work on /home/airflow/.local/lib/python3.12/site-packages/airflow/example_dags/example_xcomargs.py
[2025-08-03T20:35:58.334+0000] {processor.py:830} INFO - Processing file /home/airflow/.local/lib/python3.12/site-packages/airflow/example_dags/example_xcomargs.py for tasks to queue
[2025-08-03T20:35:58.378+0000] {logging_mixin.py:188} INFO - [2025-08-03T20:35:58.355+0000] {dagbag.py:545} INFO - Filling up the DagBag from /home/airflow/.local/lib/python3.12/site-packages/airflow/example_dags/example_xcomargs.py
[2025-08-03T20:35:59.066+0000] {processor.py:840} INFO - DAG(s) 'example_xcom_args_with_operators', 'example_xcom_args' retrieved from /home/airflow/.local/lib/python3.12/site-packages/airflow/example_dags/example_xcomargs.py
[2025-08-03T20:36:11.089+0000] {logging_mixin.py:188} INFO - [2025-08-03T20:36:10.589+0000] {dag.py:3096} INFO - Sync 2 DAGs
[2025-08-03T20:36:14.996+0000] {logging_mixin.py:188} INFO - [2025-08-03T20:36:14.523+0000] {dag.py:3954} INFO - Setting next_dagrun for example_xcom_args to None, run_after=None
[2025-08-03T20:36:18.345+0000] {logging_mixin.py:188} INFO - [2025-08-03T20:36:18.287+0000] {dag.py:3954} INFO - Setting next_dagrun for example_xcom_args_with_operators to None, run_after=None
[2025-08-03T20:36:26.294+0000] {processor.py:183} INFO - Processing /home/airflow/.local/lib/python3.12/site-packages/airflow/example_dags/example_xcomargs.py took 28.038 seconds
[2025-08-03T20:44:19.178+0000] {processor.py:161} INFO - Started process (PID=397) to work on /home/airflow/.local/lib/python3.12/site-packages/airflow/example_dags/example_xcomargs.py
[2025-08-03T20:44:19.302+0000] {processor.py:830} INFO - Processing file /home/airflow/.local/lib/python3.12/site-packages/airflow/example_dags/example_xcomargs.py for tasks to queue
[2025-08-03T20:44:19.538+0000] {logging_mixin.py:188} INFO - [2025-08-03T20:44:19.373+0000] {dagbag.py:545} INFO - Filling up the DagBag from /home/airflow/.local/lib/python3.12/site-packages/airflow/example_dags/example_xcomargs.py
[2025-08-03T20:44:24.198+0000] {processor.py:840} INFO - DAG(s) 'example_xcom_args_with_operators', 'example_xcom_args' retrieved from /home/airflow/.local/lib/python3.12/site-packages/airflow/example_dags/example_xcomargs.py
[2025-08-03T20:45:02.238+0000] {logging_mixin.py:188} INFO - [2025-08-03T20:45:02.225+0000] {dag.py:3096} INFO - Sync 2 DAGs
[2025-08-03T20:45:02.378+0000] {logging_mixin.py:188} INFO - [2025-08-03T20:45:02.377+0000] {dag.py:3954} INFO - Setting next_dagrun for example_xcom_args to None, run_after=None
[2025-08-03T20:45:02.414+0000] {logging_mixin.py:188} INFO - [2025-08-03T20:45:02.406+0000] {dag.py:3954} INFO - Setting next_dagrun for example_xcom_args_with_operators to None, run_after=None
[2025-08-03T20:45:02.824+0000] {processor.py:183} INFO - Processing /home/airflow/.local/lib/python3.12/site-packages/airflow/example_dags/example_xcomargs.py took 43.791 seconds
[2025-08-03T20:48:55.757+0000] {processor.py:161} INFO - Started process (PID=475) to work on /home/airflow/.local/lib/python3.12/site-packages/airflow/example_dags/example_xcomargs.py
[2025-08-03T20:48:55.769+0000] {processor.py:830} INFO - Processing file /home/airflow/.local/lib/python3.12/site-packages/airflow/example_dags/example_xcomargs.py for tasks to queue
[2025-08-03T20:48:55.779+0000] {logging_mixin.py:188} INFO - [2025-08-03T20:48:55.774+0000] {dagbag.py:545} INFO - Filling up the DagBag from /home/airflow/.local/lib/python3.12/site-packages/airflow/example_dags/example_xcomargs.py
[2025-08-03T20:48:56.357+0000] {processor.py:840} INFO - DAG(s) 'example_xcom_args_with_operators', 'example_xcom_args' retrieved from /home/airflow/.local/lib/python3.12/site-packages/airflow/example_dags/example_xcomargs.py
[2025-08-03T20:48:57.336+0000] {logging_mixin.py:188} INFO - [2025-08-03T20:48:57.329+0000] {dag.py:3096} INFO - Sync 2 DAGs
[2025-08-03T20:48:57.660+0000] {logging_mixin.py:188} INFO - [2025-08-03T20:48:57.652+0000] {dag.py:3954} INFO - Setting next_dagrun for example_xcom_args to None, run_after=None
[2025-08-03T20:48:57.874+0000] {logging_mixin.py:188} INFO - [2025-08-03T20:48:57.873+0000] {dag.py:3954} INFO - Setting next_dagrun for example_xcom_args_with_operators to None, run_after=None
[2025-08-03T20:48:58.747+0000] {processor.py:183} INFO - Processing /home/airflow/.local/lib/python3.12/site-packages/airflow/example_dags/example_xcomargs.py took 3.024 seconds
