[2025-08-03T19:46:10.772+0000] {processor.py:161} INFO - Started process (PID=73) to work on /home/airflow/.local/lib/python3.12/site-packages/airflow/example_dags/example_nested_branch_dag.py
[2025-08-03T19:46:10.787+0000] {processor.py:830} INFO - Processing file /home/airflow/.local/lib/python3.12/site-packages/airflow/example_dags/example_nested_branch_dag.py for tasks to queue
[2025-08-03T19:46:10.832+0000] {logging_mixin.py:188} INFO - [2025-08-03T19:46:10.825+0000] {dagbag.py:545} INFO - Filling up the DagBag from /home/airflow/.local/lib/python3.12/site-packages/airflow/example_dags/example_nested_branch_dag.py
[2025-08-03T19:46:11.223+0000] {processor.py:840} INFO - DAG(s) 'example_nested_branch_dag' retrieved from /home/airflow/.local/lib/python3.12/site-packages/airflow/example_dags/example_nested_branch_dag.py
[2025-08-03T19:46:12.092+0000] {logging_mixin.py:188} INFO - [2025-08-03T19:46:12.091+0000] {dag.py:3096} INFO - Sync 1 DAGs
[2025-08-03T19:46:12.388+0000] {logging_mixin.py:188} INFO - [2025-08-03T19:46:12.388+0000] {dag.py:3954} INFO - Setting next_dagrun for example_nested_branch_dag to 2025-08-02 00:00:00+00:00, run_after=2025-08-03 00:00:00+00:00
[2025-08-03T19:46:12.611+0000] {processor.py:183} INFO - Processing /home/airflow/.local/lib/python3.12/site-packages/airflow/example_dags/example_nested_branch_dag.py took 1.878 seconds
[2025-08-03T19:47:27.318+0000] {processor.py:161} INFO - Started process (PID=136) to work on /home/airflow/.local/lib/python3.12/site-packages/airflow/example_dags/example_nested_branch_dag.py
[2025-08-03T19:47:27.338+0000] {processor.py:830} INFO - Processing file /home/airflow/.local/lib/python3.12/site-packages/airflow/example_dags/example_nested_branch_dag.py for tasks to queue
[2025-08-03T19:47:27.388+0000] {logging_mixin.py:188} INFO - [2025-08-03T19:47:27.372+0000] {dagbag.py:545} INFO - Filling up the DagBag from /home/airflow/.local/lib/python3.12/site-packages/airflow/example_dags/example_nested_branch_dag.py
[2025-08-03T19:47:27.593+0000] {processor.py:840} INFO - DAG(s) 'example_nested_branch_dag' retrieved from /home/airflow/.local/lib/python3.12/site-packages/airflow/example_dags/example_nested_branch_dag.py
[2025-08-03T19:47:27.820+0000] {logging_mixin.py:188} INFO - [2025-08-03T19:47:27.819+0000] {dag.py:3096} INFO - Sync 1 DAGs
[2025-08-03T19:47:28.147+0000] {logging_mixin.py:188} INFO - [2025-08-03T19:47:28.146+0000] {dag.py:3954} INFO - Setting next_dagrun for example_nested_branch_dag to 2025-08-02 00:00:00+00:00, run_after=2025-08-03 00:00:00+00:00
[2025-08-03T19:47:28.507+0000] {processor.py:183} INFO - Processing /home/airflow/.local/lib/python3.12/site-packages/airflow/example_dags/example_nested_branch_dag.py took 1.333 seconds
[2025-08-03T19:48:12.380+0000] {processor.py:161} INFO - Started process (PID=175) to work on /home/airflow/.local/lib/python3.12/site-packages/airflow/example_dags/example_nested_branch_dag.py
[2025-08-03T19:48:12.455+0000] {processor.py:830} INFO - Processing file /home/airflow/.local/lib/python3.12/site-packages/airflow/example_dags/example_nested_branch_dag.py for tasks to queue
[2025-08-03T19:48:12.516+0000] {logging_mixin.py:188} INFO - [2025-08-03T19:48:12.513+0000] {dagbag.py:545} INFO - Filling up the DagBag from /home/airflow/.local/lib/python3.12/site-packages/airflow/example_dags/example_nested_branch_dag.py
[2025-08-03T19:48:14.620+0000] {processor.py:840} INFO - DAG(s) 'example_nested_branch_dag' retrieved from /home/airflow/.local/lib/python3.12/site-packages/airflow/example_dags/example_nested_branch_dag.py
[2025-08-03T19:48:15.999+0000] {logging_mixin.py:188} INFO - [2025-08-03T19:48:15.961+0000] {dag.py:3096} INFO - Sync 1 DAGs
[2025-08-03T19:48:16.580+0000] {logging_mixin.py:188} INFO - [2025-08-03T19:48:16.568+0000] {dag.py:3954} INFO - Setting next_dagrun for example_nested_branch_dag to 2025-08-02 00:00:00+00:00, run_after=2025-08-03 00:00:00+00:00
[2025-08-03T19:48:16.977+0000] {processor.py:183} INFO - Processing /home/airflow/.local/lib/python3.12/site-packages/airflow/example_dags/example_nested_branch_dag.py took 4.840 seconds
[2025-08-03T19:48:57.912+0000] {processor.py:161} INFO - Started process (PID=209) to work on /home/airflow/.local/lib/python3.12/site-packages/airflow/example_dags/example_nested_branch_dag.py
[2025-08-03T19:48:58.068+0000] {processor.py:830} INFO - Processing file /home/airflow/.local/lib/python3.12/site-packages/airflow/example_dags/example_nested_branch_dag.py for tasks to queue
[2025-08-03T19:48:58.490+0000] {logging_mixin.py:188} INFO - [2025-08-03T19:48:58.479+0000] {dagbag.py:545} INFO - Filling up the DagBag from /home/airflow/.local/lib/python3.12/site-packages/airflow/example_dags/example_nested_branch_dag.py
[2025-08-03T19:49:00.273+0000] {processor.py:840} INFO - DAG(s) 'example_nested_branch_dag' retrieved from /home/airflow/.local/lib/python3.12/site-packages/airflow/example_dags/example_nested_branch_dag.py
[2025-08-03T19:49:07.939+0000] {logging_mixin.py:188} INFO - [2025-08-03T19:49:07.688+0000] {dag.py:3096} INFO - Sync 1 DAGs
[2025-08-03T19:49:08.608+0000] {logging_mixin.py:188} INFO - [2025-08-03T19:49:08.397+0000] {dag.py:3954} INFO - Setting next_dagrun for example_nested_branch_dag to 2025-08-02 00:00:00+00:00, run_after=2025-08-03 00:00:00+00:00
[2025-08-03T19:49:09.777+0000] {processor.py:183} INFO - Processing /home/airflow/.local/lib/python3.12/site-packages/airflow/example_dags/example_nested_branch_dag.py took 12.247 seconds
[2025-08-03T20:13:06.697+0000] {processor.py:161} INFO - Started process (PID=276) to work on /home/airflow/.local/lib/python3.12/site-packages/airflow/example_dags/example_nested_branch_dag.py
[2025-08-03T20:13:06.725+0000] {processor.py:830} INFO - Processing file /home/airflow/.local/lib/python3.12/site-packages/airflow/example_dags/example_nested_branch_dag.py for tasks to queue
[2025-08-03T20:13:06.929+0000] {logging_mixin.py:188} INFO - [2025-08-03T20:13:06.730+0000] {dagbag.py:545} INFO - Filling up the DagBag from /home/airflow/.local/lib/python3.12/site-packages/airflow/example_dags/example_nested_branch_dag.py
[2025-08-03T20:13:15.567+0000] {processor.py:840} INFO - DAG(s) 'example_nested_branch_dag' retrieved from /home/airflow/.local/lib/python3.12/site-packages/airflow/example_dags/example_nested_branch_dag.py
[2025-08-03T20:13:23.438+0000] {logging_mixin.py:188} INFO - [2025-08-03T20:13:23.403+0000] {dag.py:3096} INFO - Sync 1 DAGs
[2025-08-03T20:13:24.233+0000] {logging_mixin.py:188} INFO - [2025-08-03T20:13:24.217+0000] {dag.py:3954} INFO - Setting next_dagrun for example_nested_branch_dag to 2025-08-02 00:00:00+00:00, run_after=2025-08-03 00:00:00+00:00
[2025-08-03T20:13:24.886+0000] {processor.py:183} INFO - Processing /home/airflow/.local/lib/python3.12/site-packages/airflow/example_dags/example_nested_branch_dag.py took 18.414 seconds
[2025-08-03T20:24:17.470+0000] {processor.py:161} INFO - Started process (PID=350) to work on /home/airflow/.local/lib/python3.12/site-packages/airflow/example_dags/example_nested_branch_dag.py
[2025-08-03T20:24:17.506+0000] {processor.py:830} INFO - Processing file /home/airflow/.local/lib/python3.12/site-packages/airflow/example_dags/example_nested_branch_dag.py for tasks to queue
[2025-08-03T20:24:18.185+0000] {logging_mixin.py:188} INFO - [2025-08-03T20:24:17.937+0000] {dagbag.py:545} INFO - Filling up the DagBag from /home/airflow/.local/lib/python3.12/site-packages/airflow/example_dags/example_nested_branch_dag.py
[2025-08-03T20:24:27.366+0000] {processor.py:840} INFO - DAG(s) 'example_nested_branch_dag' retrieved from /home/airflow/.local/lib/python3.12/site-packages/airflow/example_dags/example_nested_branch_dag.py
[2025-08-03T20:25:08.625+0000] {logging_mixin.py:188} INFO - [2025-08-03T20:25:08.579+0000] {dag.py:3096} INFO - Sync 1 DAGs
[2025-08-03T20:32:50.536+0000] {processor.py:161} INFO - Started process (PID=70) to work on /home/airflow/.local/lib/python3.12/site-packages/airflow/example_dags/example_nested_branch_dag.py
[2025-08-03T20:32:50.965+0000] {processor.py:830} INFO - Processing file /home/airflow/.local/lib/python3.12/site-packages/airflow/example_dags/example_nested_branch_dag.py for tasks to queue
[2025-08-03T20:32:51.018+0000] {logging_mixin.py:188} INFO - [2025-08-03T20:32:51.013+0000] {dagbag.py:545} INFO - Filling up the DagBag from /home/airflow/.local/lib/python3.12/site-packages/airflow/example_dags/example_nested_branch_dag.py
[2025-08-03T20:32:51.501+0000] {processor.py:840} INFO - DAG(s) 'example_nested_branch_dag' retrieved from /home/airflow/.local/lib/python3.12/site-packages/airflow/example_dags/example_nested_branch_dag.py
[2025-08-03T20:32:54.104+0000] {logging_mixin.py:188} INFO - [2025-08-03T20:32:54.103+0000] {dag.py:3096} INFO - Sync 1 DAGs
[2025-08-03T20:32:54.286+0000] {logging_mixin.py:188} INFO - [2025-08-03T20:32:54.285+0000] {dag.py:3954} INFO - Setting next_dagrun for example_nested_branch_dag to 2025-08-02 00:00:00+00:00, run_after=2025-08-03 00:00:00+00:00
[2025-08-03T20:32:54.325+0000] {processor.py:183} INFO - Processing /home/airflow/.local/lib/python3.12/site-packages/airflow/example_dags/example_nested_branch_dag.py took 3.988 seconds
[2025-08-03T20:33:24.564+0000] {processor.py:161} INFO - Started process (PID=128) to work on /home/airflow/.local/lib/python3.12/site-packages/airflow/example_dags/example_nested_branch_dag.py
[2025-08-03T20:33:24.566+0000] {processor.py:830} INFO - Processing file /home/airflow/.local/lib/python3.12/site-packages/airflow/example_dags/example_nested_branch_dag.py for tasks to queue
[2025-08-03T20:33:24.569+0000] {logging_mixin.py:188} INFO - [2025-08-03T20:33:24.567+0000] {dagbag.py:545} INFO - Filling up the DagBag from /home/airflow/.local/lib/python3.12/site-packages/airflow/example_dags/example_nested_branch_dag.py
[2025-08-03T20:33:24.592+0000] {processor.py:840} INFO - DAG(s) 'example_nested_branch_dag' retrieved from /home/airflow/.local/lib/python3.12/site-packages/airflow/example_dags/example_nested_branch_dag.py
[2025-08-03T20:33:24.642+0000] {logging_mixin.py:188} INFO - [2025-08-03T20:33:24.642+0000] {dag.py:3096} INFO - Sync 1 DAGs
[2025-08-03T20:33:24.708+0000] {logging_mixin.py:188} INFO - [2025-08-03T20:33:24.708+0000] {dag.py:3954} INFO - Setting next_dagrun for example_nested_branch_dag to 2025-08-02 00:00:00+00:00, run_after=2025-08-03 00:00:00+00:00
[2025-08-03T20:33:24.725+0000] {processor.py:183} INFO - Processing /home/airflow/.local/lib/python3.12/site-packages/airflow/example_dags/example_nested_branch_dag.py took 0.169 seconds
[2025-08-03T20:33:55.494+0000] {processor.py:161} INFO - Started process (PID=186) to work on /home/airflow/.local/lib/python3.12/site-packages/airflow/example_dags/example_nested_branch_dag.py
[2025-08-03T20:33:55.522+0000] {processor.py:830} INFO - Processing file /home/airflow/.local/lib/python3.12/site-packages/airflow/example_dags/example_nested_branch_dag.py for tasks to queue
[2025-08-03T20:33:55.570+0000] {logging_mixin.py:188} INFO - [2025-08-03T20:33:55.564+0000] {dagbag.py:545} INFO - Filling up the DagBag from /home/airflow/.local/lib/python3.12/site-packages/airflow/example_dags/example_nested_branch_dag.py
[2025-08-03T20:33:55.753+0000] {processor.py:840} INFO - DAG(s) 'example_nested_branch_dag' retrieved from /home/airflow/.local/lib/python3.12/site-packages/airflow/example_dags/example_nested_branch_dag.py
[2025-08-03T20:33:56.290+0000] {logging_mixin.py:188} INFO - [2025-08-03T20:33:56.288+0000] {dag.py:3096} INFO - Sync 1 DAGs
[2025-08-03T20:33:56.531+0000] {logging_mixin.py:188} INFO - [2025-08-03T20:33:56.525+0000] {dag.py:3954} INFO - Setting next_dagrun for example_nested_branch_dag to 2025-08-02 00:00:00+00:00, run_after=2025-08-03 00:00:00+00:00
[2025-08-03T20:33:56.686+0000] {processor.py:183} INFO - Processing /home/airflow/.local/lib/python3.12/site-packages/airflow/example_dags/example_nested_branch_dag.py took 1.399 seconds
[2025-08-03T20:34:44.573+0000] {processor.py:161} INFO - Started process (PID=236) to work on /home/airflow/.local/lib/python3.12/site-packages/airflow/example_dags/example_nested_branch_dag.py
[2025-08-03T20:34:44.613+0000] {processor.py:830} INFO - Processing file /home/airflow/.local/lib/python3.12/site-packages/airflow/example_dags/example_nested_branch_dag.py for tasks to queue
[2025-08-03T20:34:44.625+0000] {logging_mixin.py:188} INFO - [2025-08-03T20:34:44.624+0000] {dagbag.py:545} INFO - Filling up the DagBag from /home/airflow/.local/lib/python3.12/site-packages/airflow/example_dags/example_nested_branch_dag.py
[2025-08-03T20:34:44.857+0000] {processor.py:840} INFO - DAG(s) 'example_nested_branch_dag' retrieved from /home/airflow/.local/lib/python3.12/site-packages/airflow/example_dags/example_nested_branch_dag.py
[2025-08-03T20:34:46.584+0000] {logging_mixin.py:188} INFO - [2025-08-03T20:34:46.555+0000] {dag.py:3096} INFO - Sync 1 DAGs
[2025-08-03T20:34:47.589+0000] {logging_mixin.py:188} INFO - [2025-08-03T20:34:47.569+0000] {dag.py:3954} INFO - Setting next_dagrun for example_nested_branch_dag to 2025-08-02 00:00:00+00:00, run_after=2025-08-03 00:00:00+00:00
[2025-08-03T20:34:48.679+0000] {processor.py:183} INFO - Processing /home/airflow/.local/lib/python3.12/site-packages/airflow/example_dags/example_nested_branch_dag.py took 4.157 seconds
[2025-08-03T20:36:48.114+0000] {processor.py:161} INFO - Started process (PID=289) to work on /home/airflow/.local/lib/python3.12/site-packages/airflow/example_dags/example_nested_branch_dag.py
[2025-08-03T20:36:48.124+0000] {processor.py:830} INFO - Processing file /home/airflow/.local/lib/python3.12/site-packages/airflow/example_dags/example_nested_branch_dag.py for tasks to queue
[2025-08-03T20:36:48.160+0000] {logging_mixin.py:188} INFO - [2025-08-03T20:36:48.136+0000] {dagbag.py:545} INFO - Filling up the DagBag from /home/airflow/.local/lib/python3.12/site-packages/airflow/example_dags/example_nested_branch_dag.py
[2025-08-03T20:36:48.338+0000] {processor.py:840} INFO - DAG(s) 'example_nested_branch_dag' retrieved from /home/airflow/.local/lib/python3.12/site-packages/airflow/example_dags/example_nested_branch_dag.py
[2025-08-03T20:36:49.032+0000] {logging_mixin.py:188} INFO - [2025-08-03T20:36:49.009+0000] {dag.py:3096} INFO - Sync 1 DAGs
[2025-08-03T20:36:49.176+0000] {logging_mixin.py:188} INFO - [2025-08-03T20:36:49.173+0000] {dag.py:3954} INFO - Setting next_dagrun for example_nested_branch_dag to 2025-08-02 00:00:00+00:00, run_after=2025-08-03 00:00:00+00:00
[2025-08-03T20:36:49.447+0000] {processor.py:183} INFO - Processing /home/airflow/.local/lib/python3.12/site-packages/airflow/example_dags/example_nested_branch_dag.py took 1.340 seconds
[2025-08-03T20:41:10.520+0000] {processor.py:161} INFO - Started process (PID=356) to work on /home/airflow/.local/lib/python3.12/site-packages/airflow/example_dags/example_nested_branch_dag.py
[2025-08-03T20:41:10.544+0000] {processor.py:830} INFO - Processing file /home/airflow/.local/lib/python3.12/site-packages/airflow/example_dags/example_nested_branch_dag.py for tasks to queue
[2025-08-03T20:41:10.580+0000] {logging_mixin.py:188} INFO - [2025-08-03T20:41:10.580+0000] {dagbag.py:545} INFO - Filling up the DagBag from /home/airflow/.local/lib/python3.12/site-packages/airflow/example_dags/example_nested_branch_dag.py
[2025-08-03T20:41:10.710+0000] {processor.py:840} INFO - DAG(s) 'example_nested_branch_dag' retrieved from /home/airflow/.local/lib/python3.12/site-packages/airflow/example_dags/example_nested_branch_dag.py
[2025-08-03T20:41:10.914+0000] {logging_mixin.py:188} INFO - [2025-08-03T20:41:10.914+0000] {dag.py:3096} INFO - Sync 1 DAGs
[2025-08-03T20:41:11.089+0000] {logging_mixin.py:188} INFO - [2025-08-03T20:41:11.082+0000] {dag.py:3954} INFO - Setting next_dagrun for example_nested_branch_dag to 2025-08-02 00:00:00+00:00, run_after=2025-08-03 00:00:00+00:00
[2025-08-03T20:41:11.288+0000] {processor.py:183} INFO - Processing /home/airflow/.local/lib/python3.12/site-packages/airflow/example_dags/example_nested_branch_dag.py took 0.942 seconds
[2025-08-03T20:47:07.939+0000] {processor.py:161} INFO - Started process (PID=440) to work on /home/airflow/.local/lib/python3.12/site-packages/airflow/example_dags/example_nested_branch_dag.py
[2025-08-03T20:47:08.129+0000] {processor.py:830} INFO - Processing file /home/airflow/.local/lib/python3.12/site-packages/airflow/example_dags/example_nested_branch_dag.py for tasks to queue
[2025-08-03T20:47:08.268+0000] {logging_mixin.py:188} INFO - [2025-08-03T20:47:08.225+0000] {dagbag.py:545} INFO - Filling up the DagBag from /home/airflow/.local/lib/python3.12/site-packages/airflow/example_dags/example_nested_branch_dag.py
[2025-08-03T20:47:14.017+0000] {processor.py:840} INFO - DAG(s) 'example_nested_branch_dag' retrieved from /home/airflow/.local/lib/python3.12/site-packages/airflow/example_dags/example_nested_branch_dag.py
[2025-08-03T20:47:19.862+0000] {logging_mixin.py:188} INFO - [2025-08-03T20:47:19.818+0000] {dag.py:3096} INFO - Sync 1 DAGs
[2025-08-03T20:47:20.554+0000] {logging_mixin.py:188} INFO - [2025-08-03T20:47:20.546+0000] {dag.py:3954} INFO - Setting next_dagrun for example_nested_branch_dag to 2025-08-02 00:00:00+00:00, run_after=2025-08-03 00:00:00+00:00
[2025-08-03T20:47:21.202+0000] {processor.py:183} INFO - Processing /home/airflow/.local/lib/python3.12/site-packages/airflow/example_dags/example_nested_branch_dag.py took 15.226 seconds
[2025-08-03T20:49:50.263+0000] {processor.py:161} INFO - Started process (PID=493) to work on /home/airflow/.local/lib/python3.12/site-packages/airflow/example_dags/example_nested_branch_dag.py
[2025-08-03T20:49:50.357+0000] {processor.py:830} INFO - Processing file /home/airflow/.local/lib/python3.12/site-packages/airflow/example_dags/example_nested_branch_dag.py for tasks to queue
[2025-08-03T20:49:50.396+0000] {logging_mixin.py:188} INFO - [2025-08-03T20:49:50.367+0000] {dagbag.py:545} INFO - Filling up the DagBag from /home/airflow/.local/lib/python3.12/site-packages/airflow/example_dags/example_nested_branch_dag.py
[2025-08-03T20:49:52.432+0000] {processor.py:840} INFO - DAG(s) 'example_nested_branch_dag' retrieved from /home/airflow/.local/lib/python3.12/site-packages/airflow/example_dags/example_nested_branch_dag.py
[2025-08-03T20:49:58.219+0000] {logging_mixin.py:188} INFO - [2025-08-03T20:49:57.667+0000] {dag.py:3096} INFO - Sync 1 DAGs
[2025-08-03T20:50:05.167+0000] {logging_mixin.py:188} INFO - [2025-08-03T20:50:05.164+0000] {dag.py:3954} INFO - Setting next_dagrun for example_nested_branch_dag to 2025-08-02 00:00:00+00:00, run_after=2025-08-03 00:00:00+00:00
[2025-08-03T20:50:28.833+0000] {processor.py:183} INFO - Processing /home/airflow/.local/lib/python3.12/site-packages/airflow/example_dags/example_nested_branch_dag.py took 39.604 seconds
