[2025-08-03T19:47:03.385+0000] {processor.py:161} INFO - Started process (PID=115) to work on /home/airflow/.local/lib/python3.12/site-packages/airflow/example_dags/example_dag_decorator.py
[2025-08-03T19:47:03.450+0000] {processor.py:830} INFO - Processing file /home/airflow/.local/lib/python3.12/site-packages/airflow/example_dags/example_dag_decorator.py for tasks to queue
[2025-08-03T19:47:03.510+0000] {logging_mixin.py:188} INFO - [2025-08-03T19:47:03.503+0000] {dagbag.py:545} INFO - Filling up the DagBag from /home/airflow/.local/lib/python3.12/site-packages/airflow/example_dags/example_dag_decorator.py
[2025-08-03T19:47:08.661+0000] {processor.py:840} INFO - DAG(s) 'example_dag_decorator' retrieved from /home/airflow/.local/lib/python3.12/site-packages/airflow/example_dags/example_dag_decorator.py
[2025-08-03T19:47:10.857+0000] {logging_mixin.py:188} INFO - [2025-08-03T19:47:10.855+0000] {dag.py:3096} INFO - Sync 1 DAGs
[2025-08-03T19:47:10.978+0000] {logging_mixin.py:188} INFO - [2025-08-03T19:47:10.978+0000] {dag.py:3954} INFO - Setting next_dagrun for example_dag_decorator to None, run_after=None
[2025-08-03T19:47:11.095+0000] {processor.py:183} INFO - Processing /home/airflow/.local/lib/python3.12/site-packages/airflow/example_dags/example_dag_decorator.py took 8.501 seconds
[2025-08-03T19:48:21.348+0000] {processor.py:161} INFO - Started process (PID=188) to work on /home/airflow/.local/lib/python3.12/site-packages/airflow/example_dags/example_dag_decorator.py
[2025-08-03T19:48:21.492+0000] {processor.py:830} INFO - Processing file /home/airflow/.local/lib/python3.12/site-packages/airflow/example_dags/example_dag_decorator.py for tasks to queue
[2025-08-03T19:48:22.006+0000] {logging_mixin.py:188} INFO - [2025-08-03T19:48:21.988+0000] {dagbag.py:545} INFO - Filling up the DagBag from /home/airflow/.local/lib/python3.12/site-packages/airflow/example_dags/example_dag_decorator.py
[2025-08-03T19:48:26.020+0000] {processor.py:840} INFO - DAG(s) 'example_dag_decorator' retrieved from /home/airflow/.local/lib/python3.12/site-packages/airflow/example_dags/example_dag_decorator.py
[2025-08-03T19:48:30.397+0000] {logging_mixin.py:188} INFO - [2025-08-03T19:48:30.384+0000] {dag.py:3096} INFO - Sync 1 DAGs
[2025-08-03T19:48:30.723+0000] {logging_mixin.py:188} INFO - [2025-08-03T19:48:30.722+0000] {dag.py:3954} INFO - Setting next_dagrun for example_dag_decorator to None, run_after=None
[2025-08-03T19:48:32.320+0000] {processor.py:183} INFO - Processing /home/airflow/.local/lib/python3.12/site-packages/airflow/example_dags/example_dag_decorator.py took 11.074 seconds
[2025-08-03T20:18:39.521+0000] {processor.py:161} INFO - Started process (PID=325) to work on /home/airflow/.local/lib/python3.12/site-packages/airflow/example_dags/example_dag_decorator.py
[2025-08-03T20:18:39.826+0000] {processor.py:830} INFO - Processing file /home/airflow/.local/lib/python3.12/site-packages/airflow/example_dags/example_dag_decorator.py for tasks to queue
[2025-08-03T20:18:39.920+0000] {logging_mixin.py:188} INFO - [2025-08-03T20:18:39.911+0000] {dagbag.py:545} INFO - Filling up the DagBag from /home/airflow/.local/lib/python3.12/site-packages/airflow/example_dags/example_dag_decorator.py
[2025-08-03T20:19:12.703+0000] {logging_mixin.py:188} INFO - [2025-08-03T20:19:11.574+0000] {timeout.py:68} ERROR - Process timed out, PID: 325
[2025-08-03T20:33:10.343+0000] {processor.py:161} INFO - Started process (PID=107) to work on /home/airflow/.local/lib/python3.12/site-packages/airflow/example_dags/example_dag_decorator.py
[2025-08-03T20:33:10.357+0000] {processor.py:830} INFO - Processing file /home/airflow/.local/lib/python3.12/site-packages/airflow/example_dags/example_dag_decorator.py for tasks to queue
[2025-08-03T20:33:10.365+0000] {logging_mixin.py:188} INFO - [2025-08-03T20:33:10.365+0000] {dagbag.py:545} INFO - Filling up the DagBag from /home/airflow/.local/lib/python3.12/site-packages/airflow/example_dags/example_dag_decorator.py
[2025-08-03T20:33:11.615+0000] {processor.py:840} INFO - DAG(s) 'example_dag_decorator' retrieved from /home/airflow/.local/lib/python3.12/site-packages/airflow/example_dags/example_dag_decorator.py
[2025-08-03T20:33:12.266+0000] {logging_mixin.py:188} INFO - [2025-08-03T20:33:12.265+0000] {dag.py:3096} INFO - Sync 1 DAGs
[2025-08-03T20:33:12.392+0000] {logging_mixin.py:188} INFO - [2025-08-03T20:33:12.391+0000] {dag.py:3954} INFO - Setting next_dagrun for example_dag_decorator to None, run_after=None
[2025-08-03T20:33:12.553+0000] {processor.py:183} INFO - Processing /home/airflow/.local/lib/python3.12/site-packages/airflow/example_dags/example_dag_decorator.py took 2.219 seconds
[2025-08-03T20:33:42.734+0000] {processor.py:161} INFO - Started process (PID=166) to work on /home/airflow/.local/lib/python3.12/site-packages/airflow/example_dags/example_dag_decorator.py
[2025-08-03T20:33:42.736+0000] {processor.py:830} INFO - Processing file /home/airflow/.local/lib/python3.12/site-packages/airflow/example_dags/example_dag_decorator.py for tasks to queue
[2025-08-03T20:33:42.739+0000] {logging_mixin.py:188} INFO - [2025-08-03T20:33:42.738+0000] {dagbag.py:545} INFO - Filling up the DagBag from /home/airflow/.local/lib/python3.12/site-packages/airflow/example_dags/example_dag_decorator.py
[2025-08-03T20:33:42.883+0000] {processor.py:840} INFO - DAG(s) 'example_dag_decorator' retrieved from /home/airflow/.local/lib/python3.12/site-packages/airflow/example_dags/example_dag_decorator.py
[2025-08-03T20:33:42.977+0000] {logging_mixin.py:188} INFO - [2025-08-03T20:33:42.976+0000] {dag.py:3096} INFO - Sync 1 DAGs
[2025-08-03T20:33:42.982+0000] {logging_mixin.py:188} INFO - [2025-08-03T20:33:42.982+0000] {dag.py:3954} INFO - Setting next_dagrun for example_dag_decorator to None, run_after=None
[2025-08-03T20:33:42.990+0000] {processor.py:183} INFO - Processing /home/airflow/.local/lib/python3.12/site-packages/airflow/example_dags/example_dag_decorator.py took 0.253 seconds
[2025-08-03T20:34:28.784+0000] {processor.py:161} INFO - Started process (PID=229) to work on /home/airflow/.local/lib/python3.12/site-packages/airflow/example_dags/example_dag_decorator.py
[2025-08-03T20:34:28.791+0000] {processor.py:830} INFO - Processing file /home/airflow/.local/lib/python3.12/site-packages/airflow/example_dags/example_dag_decorator.py for tasks to queue
[2025-08-03T20:34:28.921+0000] {logging_mixin.py:188} INFO - [2025-08-03T20:34:28.918+0000] {dagbag.py:545} INFO - Filling up the DagBag from /home/airflow/.local/lib/python3.12/site-packages/airflow/example_dags/example_dag_decorator.py
[2025-08-03T20:34:35.984+0000] {processor.py:840} INFO - DAG(s) 'example_dag_decorator' retrieved from /home/airflow/.local/lib/python3.12/site-packages/airflow/example_dags/example_dag_decorator.py
[2025-08-03T20:34:41.131+0000] {logging_mixin.py:188} INFO - [2025-08-03T20:34:41.129+0000] {dag.py:3096} INFO - Sync 1 DAGs
[2025-08-03T20:34:41.180+0000] {logging_mixin.py:188} INFO - [2025-08-03T20:34:41.179+0000] {dag.py:3954} INFO - Setting next_dagrun for example_dag_decorator to None, run_after=None
[2025-08-03T20:34:41.397+0000] {processor.py:183} INFO - Processing /home/airflow/.local/lib/python3.12/site-packages/airflow/example_dags/example_dag_decorator.py took 12.735 seconds
[2025-08-03T20:40:09.452+0000] {processor.py:161} INFO - Started process (PID=342) to work on /home/airflow/.local/lib/python3.12/site-packages/airflow/example_dags/example_dag_decorator.py
[2025-08-03T20:40:09.598+0000] {processor.py:830} INFO - Processing file /home/airflow/.local/lib/python3.12/site-packages/airflow/example_dags/example_dag_decorator.py for tasks to queue
[2025-08-03T20:40:09.768+0000] {logging_mixin.py:188} INFO - [2025-08-03T20:40:09.756+0000] {dagbag.py:545} INFO - Filling up the DagBag from /home/airflow/.local/lib/python3.12/site-packages/airflow/example_dags/example_dag_decorator.py
[2025-08-03T20:40:14.421+0000] {processor.py:840} INFO - DAG(s) 'example_dag_decorator' retrieved from /home/airflow/.local/lib/python3.12/site-packages/airflow/example_dags/example_dag_decorator.py
[2025-08-03T20:40:19.029+0000] {logging_mixin.py:188} INFO - [2025-08-03T20:40:19.027+0000] {dag.py:3096} INFO - Sync 1 DAGs
[2025-08-03T20:40:20.403+0000] {logging_mixin.py:188} INFO - [2025-08-03T20:40:19.967+0000] {dag.py:3954} INFO - Setting next_dagrun for example_dag_decorator to None, run_after=None
[2025-08-03T20:40:21.987+0000] {processor.py:183} INFO - Processing /home/airflow/.local/lib/python3.12/site-packages/airflow/example_dags/example_dag_decorator.py took 13.071 seconds
[2025-08-03T20:45:55.596+0000] {processor.py:161} INFO - Started process (PID=417) to work on /home/airflow/.local/lib/python3.12/site-packages/airflow/example_dags/example_dag_decorator.py
[2025-08-03T20:45:55.741+0000] {processor.py:830} INFO - Processing file /home/airflow/.local/lib/python3.12/site-packages/airflow/example_dags/example_dag_decorator.py for tasks to queue
[2025-08-03T20:45:55.777+0000] {logging_mixin.py:188} INFO - [2025-08-03T20:45:55.751+0000] {dagbag.py:545} INFO - Filling up the DagBag from /home/airflow/.local/lib/python3.12/site-packages/airflow/example_dags/example_dag_decorator.py
[2025-08-03T20:46:16.436+0000] {processor.py:840} INFO - DAG(s) 'example_dag_decorator' retrieved from /home/airflow/.local/lib/python3.12/site-packages/airflow/example_dags/example_dag_decorator.py
[2025-08-03T20:46:29.350+0000] {logging_mixin.py:188} INFO - [2025-08-03T20:46:29.328+0000] {dag.py:3096} INFO - Sync 1 DAGs
[2025-08-03T20:46:30.379+0000] {logging_mixin.py:188} INFO - [2025-08-03T20:46:30.315+0000] {dag.py:3954} INFO - Setting next_dagrun for example_dag_decorator to None, run_after=None
[2025-08-03T20:46:31.117+0000] {processor.py:183} INFO - Processing /home/airflow/.local/lib/python3.12/site-packages/airflow/example_dags/example_dag_decorator.py took 35.840 seconds
