[2025-08-03T19:46:45.414+0000] {processor.py:161} INFO - Started process (PID=103) to work on /home/airflow/.local/lib/python3.12/site-packages/airflow/example_dags/example_branch_operator_decorator.py
[2025-08-03T19:46:45.438+0000] {processor.py:830} INFO - Processing file /home/airflow/.local/lib/python3.12/site-packages/airflow/example_dags/example_branch_operator_decorator.py for tasks to queue
[2025-08-03T19:46:45.624+0000] {logging_mixin.py:188} INFO - [2025-08-03T19:46:45.605+0000] {dagbag.py:545} INFO - Filling up the DagBag from /home/airflow/.local/lib/python3.12/site-packages/airflow/example_dags/example_branch_operator_decorator.py
[2025-08-03T19:46:46.995+0000] {processor.py:840} INFO - DAG(s) 'example_branch_python_operator_decorator' retrieved from /home/airflow/.local/lib/python3.12/site-packages/airflow/example_dags/example_branch_operator_decorator.py
[2025-08-03T19:46:51.895+0000] {logging_mixin.py:188} INFO - [2025-08-03T19:46:51.882+0000] {dag.py:3096} INFO - Sync 1 DAGs
[2025-08-03T19:46:52.235+0000] {logging_mixin.py:188} INFO - [2025-08-03T19:46:52.229+0000] {dag.py:3954} INFO - Setting next_dagrun for example_branch_python_operator_decorator to 2025-08-02 00:00:00+00:00, run_after=2025-08-03 00:00:00+00:00
[2025-08-03T19:46:52.496+0000] {processor.py:183} INFO - Processing /home/airflow/.local/lib/python3.12/site-packages/airflow/example_dags/example_branch_operator_decorator.py took 7.236 seconds
[2025-08-03T19:48:04.487+0000] {processor.py:161} INFO - Started process (PID=168) to work on /home/airflow/.local/lib/python3.12/site-packages/airflow/example_dags/example_branch_operator_decorator.py
[2025-08-03T19:48:04.518+0000] {processor.py:830} INFO - Processing file /home/airflow/.local/lib/python3.12/site-packages/airflow/example_dags/example_branch_operator_decorator.py for tasks to queue
[2025-08-03T19:48:04.566+0000] {logging_mixin.py:188} INFO - [2025-08-03T19:48:04.565+0000] {dagbag.py:545} INFO - Filling up the DagBag from /home/airflow/.local/lib/python3.12/site-packages/airflow/example_dags/example_branch_operator_decorator.py
[2025-08-03T19:48:04.955+0000] {processor.py:840} INFO - DAG(s) 'example_branch_python_operator_decorator' retrieved from /home/airflow/.local/lib/python3.12/site-packages/airflow/example_dags/example_branch_operator_decorator.py
[2025-08-03T19:48:05.472+0000] {logging_mixin.py:188} INFO - [2025-08-03T19:48:05.470+0000] {dag.py:3096} INFO - Sync 1 DAGs
[2025-08-03T19:48:05.603+0000] {logging_mixin.py:188} INFO - [2025-08-03T19:48:05.603+0000] {dag.py:3954} INFO - Setting next_dagrun for example_branch_python_operator_decorator to 2025-08-02 00:00:00+00:00, run_after=2025-08-03 00:00:00+00:00
[2025-08-03T19:48:05.745+0000] {processor.py:183} INFO - Processing /home/airflow/.local/lib/python3.12/site-packages/airflow/example_dags/example_branch_operator_decorator.py took 1.456 seconds
[2025-08-03T19:51:19.626+0000] {processor.py:161} INFO - Started process (PID=246) to work on /home/airflow/.local/lib/python3.12/site-packages/airflow/example_dags/example_branch_operator_decorator.py
[2025-08-03T19:51:19.667+0000] {processor.py:830} INFO - Processing file /home/airflow/.local/lib/python3.12/site-packages/airflow/example_dags/example_branch_operator_decorator.py for tasks to queue
[2025-08-03T19:51:20.030+0000] {logging_mixin.py:188} INFO - [2025-08-03T19:51:19.795+0000] {dagbag.py:545} INFO - Filling up the DagBag from /home/airflow/.local/lib/python3.12/site-packages/airflow/example_dags/example_branch_operator_decorator.py
[2025-08-03T19:51:22.000+0000] {processor.py:840} INFO - DAG(s) 'example_branch_python_operator_decorator' retrieved from /home/airflow/.local/lib/python3.12/site-packages/airflow/example_dags/example_branch_operator_decorator.py
[2025-08-03T19:51:37.321+0000] {logging_mixin.py:188} INFO - [2025-08-03T19:51:37.288+0000] {dag.py:3096} INFO - Sync 1 DAGs
[2025-08-03T20:06:51.874+0000] {logging_mixin.py:188} INFO - [2025-08-03T20:06:51.846+0000] {dag.py:3954} INFO - Setting next_dagrun for example_branch_python_operator_decorator to 2025-08-02 00:00:00+00:00, run_after=2025-08-03 00:00:00+00:00
[2025-08-03T20:06:52.371+0000] {processor.py:183} INFO - Processing /home/airflow/.local/lib/python3.12/site-packages/airflow/example_dags/example_branch_operator_decorator.py took 40.377 seconds
[2025-08-03T20:16:28.872+0000] {processor.py:161} INFO - Started process (PID=313) to work on /home/airflow/.local/lib/python3.12/site-packages/airflow/example_dags/example_branch_operator_decorator.py
[2025-08-03T20:16:29.007+0000] {processor.py:830} INFO - Processing file /home/airflow/.local/lib/python3.12/site-packages/airflow/example_dags/example_branch_operator_decorator.py for tasks to queue
[2025-08-03T20:16:29.153+0000] {logging_mixin.py:188} INFO - [2025-08-03T20:16:29.153+0000] {dagbag.py:545} INFO - Filling up the DagBag from /home/airflow/.local/lib/python3.12/site-packages/airflow/example_dags/example_branch_operator_decorator.py
[2025-08-03T20:16:31.202+0000] {processor.py:840} INFO - DAG(s) 'example_branch_python_operator_decorator' retrieved from /home/airflow/.local/lib/python3.12/site-packages/airflow/example_dags/example_branch_operator_decorator.py
[2025-08-03T20:16:33.060+0000] {logging_mixin.py:188} INFO - [2025-08-03T20:16:33.043+0000] {dag.py:3096} INFO - Sync 1 DAGs
[2025-08-03T20:16:33.931+0000] {logging_mixin.py:188} INFO - [2025-08-03T20:16:33.907+0000] {dag.py:3954} INFO - Setting next_dagrun for example_branch_python_operator_decorator to 2025-08-02 00:00:00+00:00, run_after=2025-08-03 00:00:00+00:00
[2025-08-03T20:16:34.612+0000] {processor.py:183} INFO - Processing /home/airflow/.local/lib/python3.12/site-packages/airflow/example_dags/example_branch_operator_decorator.py took 6.164 seconds
[2025-08-03T20:33:04.510+0000] {processor.py:161} INFO - Started process (PID=95) to work on /home/airflow/.local/lib/python3.12/site-packages/airflow/example_dags/example_branch_operator_decorator.py
[2025-08-03T20:33:04.519+0000] {processor.py:830} INFO - Processing file /home/airflow/.local/lib/python3.12/site-packages/airflow/example_dags/example_branch_operator_decorator.py for tasks to queue
[2025-08-03T20:33:04.529+0000] {logging_mixin.py:188} INFO - [2025-08-03T20:33:04.529+0000] {dagbag.py:545} INFO - Filling up the DagBag from /home/airflow/.local/lib/python3.12/site-packages/airflow/example_dags/example_branch_operator_decorator.py
[2025-08-03T20:33:04.637+0000] {processor.py:840} INFO - DAG(s) 'example_branch_python_operator_decorator' retrieved from /home/airflow/.local/lib/python3.12/site-packages/airflow/example_dags/example_branch_operator_decorator.py
[2025-08-03T20:33:04.939+0000] {logging_mixin.py:188} INFO - [2025-08-03T20:33:04.939+0000] {dag.py:3096} INFO - Sync 1 DAGs
[2025-08-03T20:33:05.111+0000] {logging_mixin.py:188} INFO - [2025-08-03T20:33:05.111+0000] {dag.py:3954} INFO - Setting next_dagrun for example_branch_python_operator_decorator to 2025-08-02 00:00:00+00:00, run_after=2025-08-03 00:00:00+00:00
[2025-08-03T20:33:05.203+0000] {processor.py:183} INFO - Processing /home/airflow/.local/lib/python3.12/site-packages/airflow/example_dags/example_branch_operator_decorator.py took 0.719 seconds
[2025-08-03T20:33:35.923+0000] {processor.py:161} INFO - Started process (PID=153) to work on /home/airflow/.local/lib/python3.12/site-packages/airflow/example_dags/example_branch_operator_decorator.py
[2025-08-03T20:33:35.924+0000] {processor.py:830} INFO - Processing file /home/airflow/.local/lib/python3.12/site-packages/airflow/example_dags/example_branch_operator_decorator.py for tasks to queue
[2025-08-03T20:33:35.925+0000] {logging_mixin.py:188} INFO - [2025-08-03T20:33:35.925+0000] {dagbag.py:545} INFO - Filling up the DagBag from /home/airflow/.local/lib/python3.12/site-packages/airflow/example_dags/example_branch_operator_decorator.py
[2025-08-03T20:33:35.941+0000] {processor.py:840} INFO - DAG(s) 'example_branch_python_operator_decorator' retrieved from /home/airflow/.local/lib/python3.12/site-packages/airflow/example_dags/example_branch_operator_decorator.py
[2025-08-03T20:33:35.954+0000] {logging_mixin.py:188} INFO - [2025-08-03T20:33:35.954+0000] {dag.py:3096} INFO - Sync 1 DAGs
[2025-08-03T20:33:35.971+0000] {logging_mixin.py:188} INFO - [2025-08-03T20:33:35.971+0000] {dag.py:3954} INFO - Setting next_dagrun for example_branch_python_operator_decorator to 2025-08-02 00:00:00+00:00, run_after=2025-08-03 00:00:00+00:00
[2025-08-03T20:33:35.981+0000] {processor.py:183} INFO - Processing /home/airflow/.local/lib/python3.12/site-packages/airflow/example_dags/example_branch_operator_decorator.py took 0.061 seconds
[2025-08-03T20:34:10.348+0000] {processor.py:161} INFO - Started process (PID=211) to work on /home/airflow/.local/lib/python3.12/site-packages/airflow/example_dags/example_branch_operator_decorator.py
[2025-08-03T20:34:10.392+0000] {processor.py:830} INFO - Processing file /home/airflow/.local/lib/python3.12/site-packages/airflow/example_dags/example_branch_operator_decorator.py for tasks to queue
[2025-08-03T20:34:10.476+0000] {logging_mixin.py:188} INFO - [2025-08-03T20:34:10.474+0000] {dagbag.py:545} INFO - Filling up the DagBag from /home/airflow/.local/lib/python3.12/site-packages/airflow/example_dags/example_branch_operator_decorator.py
[2025-08-03T20:34:10.656+0000] {processor.py:840} INFO - DAG(s) 'example_branch_python_operator_decorator' retrieved from /home/airflow/.local/lib/python3.12/site-packages/airflow/example_dags/example_branch_operator_decorator.py
[2025-08-03T20:34:10.919+0000] {logging_mixin.py:188} INFO - [2025-08-03T20:34:10.918+0000] {dag.py:3096} INFO - Sync 1 DAGs
[2025-08-03T20:34:11.072+0000] {logging_mixin.py:188} INFO - [2025-08-03T20:34:11.063+0000] {dag.py:3954} INFO - Setting next_dagrun for example_branch_python_operator_decorator to 2025-08-02 00:00:00+00:00, run_after=2025-08-03 00:00:00+00:00
[2025-08-03T20:34:11.300+0000] {processor.py:183} INFO - Processing /home/airflow/.local/lib/python3.12/site-packages/airflow/example_dags/example_branch_operator_decorator.py took 0.992 seconds
[2025-08-03T20:35:51.332+0000] {processor.py:161} INFO - Started process (PID=271) to work on /home/airflow/.local/lib/python3.12/site-packages/airflow/example_dags/example_branch_operator_decorator.py
[2025-08-03T20:35:51.369+0000] {processor.py:830} INFO - Processing file /home/airflow/.local/lib/python3.12/site-packages/airflow/example_dags/example_branch_operator_decorator.py for tasks to queue
[2025-08-03T20:35:51.483+0000] {logging_mixin.py:188} INFO - [2025-08-03T20:35:51.469+0000] {dagbag.py:545} INFO - Filling up the DagBag from /home/airflow/.local/lib/python3.12/site-packages/airflow/example_dags/example_branch_operator_decorator.py
[2025-08-03T20:35:52.335+0000] {processor.py:840} INFO - DAG(s) 'example_branch_python_operator_decorator' retrieved from /home/airflow/.local/lib/python3.12/site-packages/airflow/example_dags/example_branch_operator_decorator.py
[2025-08-03T20:35:55.622+0000] {logging_mixin.py:188} INFO - [2025-08-03T20:35:55.533+0000] {dag.py:3096} INFO - Sync 1 DAGs
[2025-08-03T20:35:56.665+0000] {logging_mixin.py:188} INFO - [2025-08-03T20:35:56.630+0000] {dag.py:3954} INFO - Setting next_dagrun for example_branch_python_operator_decorator to 2025-08-02 00:00:00+00:00, run_after=2025-08-03 00:00:00+00:00
[2025-08-03T20:35:57.093+0000] {processor.py:183} INFO - Processing /home/airflow/.local/lib/python3.12/site-packages/airflow/example_dags/example_branch_operator_decorator.py took 5.785 seconds
[2025-08-03T20:39:23.246+0000] {processor.py:161} INFO - Started process (PID=326) to work on /home/airflow/.local/lib/python3.12/site-packages/airflow/example_dags/example_branch_operator_decorator.py
[2025-08-03T20:39:23.275+0000] {processor.py:830} INFO - Processing file /home/airflow/.local/lib/python3.12/site-packages/airflow/example_dags/example_branch_operator_decorator.py for tasks to queue
[2025-08-03T20:39:23.413+0000] {logging_mixin.py:188} INFO - [2025-08-03T20:39:23.370+0000] {dagbag.py:545} INFO - Filling up the DagBag from /home/airflow/.local/lib/python3.12/site-packages/airflow/example_dags/example_branch_operator_decorator.py
[2025-08-03T20:39:24.969+0000] {processor.py:840} INFO - DAG(s) 'example_branch_python_operator_decorator' retrieved from /home/airflow/.local/lib/python3.12/site-packages/airflow/example_dags/example_branch_operator_decorator.py
[2025-08-03T20:39:26.002+0000] {logging_mixin.py:188} INFO - [2025-08-03T20:39:25.962+0000] {dag.py:3096} INFO - Sync 1 DAGs
[2025-08-03T20:39:26.400+0000] {logging_mixin.py:188} INFO - [2025-08-03T20:39:26.396+0000] {dag.py:3954} INFO - Setting next_dagrun for example_branch_python_operator_decorator to 2025-08-02 00:00:00+00:00, run_after=2025-08-03 00:00:00+00:00
[2025-08-03T20:39:26.683+0000] {processor.py:183} INFO - Processing /home/airflow/.local/lib/python3.12/site-packages/airflow/example_dags/example_branch_operator_decorator.py took 22.029 seconds
[2025-08-03T20:44:11.698+0000] {processor.py:161} INFO - Started process (PID=393) to work on /home/airflow/.local/lib/python3.12/site-packages/airflow/example_dags/example_branch_operator_decorator.py
[2025-08-03T20:44:11.742+0000] {processor.py:830} INFO - Processing file /home/airflow/.local/lib/python3.12/site-packages/airflow/example_dags/example_branch_operator_decorator.py for tasks to queue
[2025-08-03T20:44:11.760+0000] {logging_mixin.py:188} INFO - [2025-08-03T20:44:11.760+0000] {dagbag.py:545} INFO - Filling up the DagBag from /home/airflow/.local/lib/python3.12/site-packages/airflow/example_dags/example_branch_operator_decorator.py
[2025-08-03T20:44:11.899+0000] {processor.py:840} INFO - DAG(s) 'example_branch_python_operator_decorator' retrieved from /home/airflow/.local/lib/python3.12/site-packages/airflow/example_dags/example_branch_operator_decorator.py
[2025-08-03T20:44:12.217+0000] {logging_mixin.py:188} INFO - [2025-08-03T20:44:12.206+0000] {dag.py:3096} INFO - Sync 1 DAGs
[2025-08-03T20:44:12.402+0000] {logging_mixin.py:188} INFO - [2025-08-03T20:44:12.364+0000] {dag.py:3954} INFO - Setting next_dagrun for example_branch_python_operator_decorator to 2025-08-02 00:00:00+00:00, run_after=2025-08-03 00:00:00+00:00
[2025-08-03T20:44:12.655+0000] {processor.py:183} INFO - Processing /home/airflow/.local/lib/python3.12/site-packages/airflow/example_dags/example_branch_operator_decorator.py took 0.983 seconds
[2025-08-03T20:48:48.546+0000] {processor.py:161} INFO - Started process (PID=471) to work on /home/airflow/.local/lib/python3.12/site-packages/airflow/example_dags/example_branch_operator_decorator.py
[2025-08-03T20:48:48.567+0000] {processor.py:830} INFO - Processing file /home/airflow/.local/lib/python3.12/site-packages/airflow/example_dags/example_branch_operator_decorator.py for tasks to queue
[2025-08-03T20:48:48.841+0000] {logging_mixin.py:188} INFO - [2025-08-03T20:48:48.830+0000] {dagbag.py:545} INFO - Filling up the DagBag from /home/airflow/.local/lib/python3.12/site-packages/airflow/example_dags/example_branch_operator_decorator.py
[2025-08-03T20:48:49.037+0000] {processor.py:840} INFO - DAG(s) 'example_branch_python_operator_decorator' retrieved from /home/airflow/.local/lib/python3.12/site-packages/airflow/example_dags/example_branch_operator_decorator.py
[2025-08-03T20:48:49.748+0000] {logging_mixin.py:188} INFO - [2025-08-03T20:48:49.689+0000] {dag.py:3096} INFO - Sync 1 DAGs
[2025-08-03T20:48:50.175+0000] {logging_mixin.py:188} INFO - [2025-08-03T20:48:50.175+0000] {dag.py:3954} INFO - Setting next_dagrun for example_branch_python_operator_decorator to 2025-08-02 00:00:00+00:00, run_after=2025-08-03 00:00:00+00:00
[2025-08-03T20:48:50.408+0000] {processor.py:183} INFO - Processing /home/airflow/.local/lib/python3.12/site-packages/airflow/example_dags/example_branch_operator_decorator.py took 1.883 seconds
[2025-08-03T23:20:21.540+0000] {processor.py:161} INFO - Started process (PID=590) to work on /home/airflow/.local/lib/python3.12/site-packages/airflow/example_dags/example_branch_operator_decorator.py
[2025-08-03T23:20:21.951+0000] {processor.py:830} INFO - Processing file /home/airflow/.local/lib/python3.12/site-packages/airflow/example_dags/example_branch_operator_decorator.py for tasks to queue
[2025-08-03T23:20:22.297+0000] {logging_mixin.py:188} INFO - [2025-08-03T23:20:21.985+0000] {dagbag.py:545} INFO - Filling up the DagBag from /home/airflow/.local/lib/python3.12/site-packages/airflow/example_dags/example_branch_operator_decorator.py
[2025-08-03T23:57:21.459+0000] {processor.py:840} INFO - DAG(s) 'example_branch_python_operator_decorator' retrieved from /home/airflow/.local/lib/python3.12/site-packages/airflow/example_dags/example_branch_operator_decorator.py
[2025-08-03T23:57:35.341+0000] {logging_mixin.py:188} INFO - [2025-08-03T23:57:34.069+0000] {dag.py:3096} INFO - Sync 1 DAGs
