[2025-08-03T19:46:20.589+0000] {processor.py:161} INFO - Started process (PID=85) to work on /home/airflow/.local/lib/python3.12/site-packages/airflow/example_dags/example_short_circuit_decorator.py
[2025-08-03T19:46:20.597+0000] {processor.py:830} INFO - Processing file /home/airflow/.local/lib/python3.12/site-packages/airflow/example_dags/example_short_circuit_decorator.py for tasks to queue
[2025-08-03T19:46:20.637+0000] {logging_mixin.py:188} INFO - [2025-08-03T19:46:20.637+0000] {dagbag.py:545} INFO - Filling up the DagBag from /home/airflow/.local/lib/python3.12/site-packages/airflow/example_dags/example_short_circuit_decorator.py
[2025-08-03T19:46:20.945+0000] {processor.py:840} INFO - DAG(s) 'example_short_circuit_decorator' retrieved from /home/airflow/.local/lib/python3.12/site-packages/airflow/example_dags/example_short_circuit_decorator.py
[2025-08-03T19:46:21.610+0000] {logging_mixin.py:188} INFO - [2025-08-03T19:46:21.609+0000] {dag.py:3096} INFO - Sync 1 DAGs
[2025-08-03T19:46:21.786+0000] {logging_mixin.py:188} INFO - [2025-08-03T19:46:21.785+0000] {dag.py:3954} INFO - Setting next_dagrun for example_short_circuit_decorator to 2025-08-02 00:00:00+00:00, run_after=2025-08-03 00:00:00+00:00
[2025-08-03T19:46:22.122+0000] {processor.py:183} INFO - Processing /home/airflow/.local/lib/python3.12/site-packages/airflow/example_dags/example_short_circuit_decorator.py took 1.908 seconds
[2025-08-03T19:47:51.781+0000] {processor.py:161} INFO - Started process (PID=155) to work on /home/airflow/.local/lib/python3.12/site-packages/airflow/example_dags/example_short_circuit_decorator.py
[2025-08-03T19:47:51.789+0000] {processor.py:830} INFO - Processing file /home/airflow/.local/lib/python3.12/site-packages/airflow/example_dags/example_short_circuit_decorator.py for tasks to queue
[2025-08-03T19:47:51.815+0000] {logging_mixin.py:188} INFO - [2025-08-03T19:47:51.815+0000] {dagbag.py:545} INFO - Filling up the DagBag from /home/airflow/.local/lib/python3.12/site-packages/airflow/example_dags/example_short_circuit_decorator.py
[2025-08-03T19:47:51.933+0000] {processor.py:840} INFO - DAG(s) 'example_short_circuit_decorator' retrieved from /home/airflow/.local/lib/python3.12/site-packages/airflow/example_dags/example_short_circuit_decorator.py
[2025-08-03T19:47:52.510+0000] {logging_mixin.py:188} INFO - [2025-08-03T19:47:52.461+0000] {dag.py:3096} INFO - Sync 1 DAGs
[2025-08-03T19:47:52.675+0000] {logging_mixin.py:188} INFO - [2025-08-03T19:47:52.674+0000] {dag.py:3954} INFO - Setting next_dagrun for example_short_circuit_decorator to 2025-08-02 00:00:00+00:00, run_after=2025-08-03 00:00:00+00:00
[2025-08-03T19:47:52.804+0000] {processor.py:183} INFO - Processing /home/airflow/.local/lib/python3.12/site-packages/airflow/example_dags/example_short_circuit_decorator.py took 1.056 seconds
[2025-08-03T19:50:29.455+0000] {processor.py:161} INFO - Started process (PID=233) to work on /home/airflow/.local/lib/python3.12/site-packages/airflow/example_dags/example_short_circuit_decorator.py
[2025-08-03T19:50:29.486+0000] {processor.py:830} INFO - Processing file /home/airflow/.local/lib/python3.12/site-packages/airflow/example_dags/example_short_circuit_decorator.py for tasks to queue
[2025-08-03T19:50:29.534+0000] {logging_mixin.py:188} INFO - [2025-08-03T19:50:29.525+0000] {dagbag.py:545} INFO - Filling up the DagBag from /home/airflow/.local/lib/python3.12/site-packages/airflow/example_dags/example_short_circuit_decorator.py
[2025-08-03T19:50:29.782+0000] {processor.py:840} INFO - DAG(s) 'example_short_circuit_decorator' retrieved from /home/airflow/.local/lib/python3.12/site-packages/airflow/example_dags/example_short_circuit_decorator.py
[2025-08-03T19:50:30.148+0000] {logging_mixin.py:188} INFO - [2025-08-03T19:50:30.147+0000] {dag.py:3096} INFO - Sync 1 DAGs
[2025-08-03T19:50:30.358+0000] {logging_mixin.py:188} INFO - [2025-08-03T19:50:30.358+0000] {dag.py:3954} INFO - Setting next_dagrun for example_short_circuit_decorator to 2025-08-02 00:00:00+00:00, run_after=2025-08-03 00:00:00+00:00
[2025-08-03T19:50:30.691+0000] {processor.py:183} INFO - Processing /home/airflow/.local/lib/python3.12/site-packages/airflow/example_dags/example_short_circuit_decorator.py took 1.247 seconds
[2025-08-03T20:15:56.175+0000] {processor.py:161} INFO - Started process (PID=294) to work on /home/airflow/.local/lib/python3.12/site-packages/airflow/example_dags/example_short_circuit_decorator.py
[2025-08-03T20:15:56.241+0000] {processor.py:830} INFO - Processing file /home/airflow/.local/lib/python3.12/site-packages/airflow/example_dags/example_short_circuit_decorator.py for tasks to queue
[2025-08-03T20:15:56.284+0000] {logging_mixin.py:188} INFO - [2025-08-03T20:15:56.277+0000] {dagbag.py:545} INFO - Filling up the DagBag from /home/airflow/.local/lib/python3.12/site-packages/airflow/example_dags/example_short_circuit_decorator.py
[2025-08-03T20:15:56.427+0000] {processor.py:840} INFO - DAG(s) 'example_short_circuit_decorator' retrieved from /home/airflow/.local/lib/python3.12/site-packages/airflow/example_dags/example_short_circuit_decorator.py
[2025-08-03T20:16:06.478+0000] {logging_mixin.py:188} INFO - [2025-08-03T20:16:06.414+0000] {dag.py:3096} INFO - Sync 1 DAGs
[2025-08-03T20:16:13.507+0000] {logging_mixin.py:188} INFO - [2025-08-03T20:16:13.498+0000] {dag.py:3954} INFO - Setting next_dagrun for example_short_circuit_decorator to 2025-08-02 00:00:00+00:00, run_after=2025-08-03 00:00:00+00:00
[2025-08-03T20:16:15.058+0000] {processor.py:183} INFO - Processing /home/airflow/.local/lib/python3.12/site-packages/airflow/example_dags/example_short_circuit_decorator.py took 18.951 seconds
[2025-08-03T20:29:34.190+0000] {processor.py:161} INFO - Started process (PID=374) to work on /home/airflow/.local/lib/python3.12/site-packages/airflow/example_dags/example_short_circuit_decorator.py
[2025-08-03T20:29:36.005+0000] {processor.py:830} INFO - Processing file /home/airflow/.local/lib/python3.12/site-packages/airflow/example_dags/example_short_circuit_decorator.py for tasks to queue
[2025-08-03T20:29:36.723+0000] {logging_mixin.py:188} INFO - [2025-08-03T20:29:36.131+0000] {dagbag.py:545} INFO - Filling up the DagBag from /home/airflow/.local/lib/python3.12/site-packages/airflow/example_dags/example_short_circuit_decorator.py
[2025-08-03T20:29:38.102+0000] {processor.py:840} INFO - DAG(s) 'example_short_circuit_decorator' retrieved from /home/airflow/.local/lib/python3.12/site-packages/airflow/example_dags/example_short_circuit_decorator.py
[2025-08-03T20:32:59.669+0000] {processor.py:161} INFO - Started process (PID=82) to work on /home/airflow/.local/lib/python3.12/site-packages/airflow/example_dags/example_short_circuit_decorator.py
[2025-08-03T20:32:59.673+0000] {processor.py:830} INFO - Processing file /home/airflow/.local/lib/python3.12/site-packages/airflow/example_dags/example_short_circuit_decorator.py for tasks to queue
[2025-08-03T20:32:59.680+0000] {logging_mixin.py:188} INFO - [2025-08-03T20:32:59.678+0000] {dagbag.py:545} INFO - Filling up the DagBag from /home/airflow/.local/lib/python3.12/site-packages/airflow/example_dags/example_short_circuit_decorator.py
[2025-08-03T20:32:59.714+0000] {processor.py:840} INFO - DAG(s) 'example_short_circuit_decorator' retrieved from /home/airflow/.local/lib/python3.12/site-packages/airflow/example_dags/example_short_circuit_decorator.py
[2025-08-03T20:32:59.874+0000] {logging_mixin.py:188} INFO - [2025-08-03T20:32:59.873+0000] {dag.py:3096} INFO - Sync 1 DAGs
[2025-08-03T20:32:59.953+0000] {logging_mixin.py:188} INFO - [2025-08-03T20:32:59.953+0000] {dag.py:3954} INFO - Setting next_dagrun for example_short_circuit_decorator to 2025-08-02 00:00:00+00:00, run_after=2025-08-03 00:00:00+00:00
[2025-08-03T20:33:00.158+0000] {processor.py:183} INFO - Processing /home/airflow/.local/lib/python3.12/site-packages/airflow/example_dags/example_short_circuit_decorator.py took 0.506 seconds
[2025-08-03T20:33:30.390+0000] {processor.py:161} INFO - Started process (PID=140) to work on /home/airflow/.local/lib/python3.12/site-packages/airflow/example_dags/example_short_circuit_decorator.py
[2025-08-03T20:33:30.392+0000] {processor.py:830} INFO - Processing file /home/airflow/.local/lib/python3.12/site-packages/airflow/example_dags/example_short_circuit_decorator.py for tasks to queue
[2025-08-03T20:33:30.394+0000] {logging_mixin.py:188} INFO - [2025-08-03T20:33:30.394+0000] {dagbag.py:545} INFO - Filling up the DagBag from /home/airflow/.local/lib/python3.12/site-packages/airflow/example_dags/example_short_circuit_decorator.py
[2025-08-03T20:33:30.402+0000] {processor.py:840} INFO - DAG(s) 'example_short_circuit_decorator' retrieved from /home/airflow/.local/lib/python3.12/site-packages/airflow/example_dags/example_short_circuit_decorator.py
[2025-08-03T20:33:30.422+0000] {logging_mixin.py:188} INFO - [2025-08-03T20:33:30.422+0000] {dag.py:3096} INFO - Sync 1 DAGs
[2025-08-03T20:33:30.438+0000] {logging_mixin.py:188} INFO - [2025-08-03T20:33:30.438+0000] {dag.py:3954} INFO - Setting next_dagrun for example_short_circuit_decorator to 2025-08-02 00:00:00+00:00, run_after=2025-08-03 00:00:00+00:00
[2025-08-03T20:33:30.455+0000] {processor.py:183} INFO - Processing /home/airflow/.local/lib/python3.12/site-packages/airflow/example_dags/example_short_circuit_decorator.py took 0.068 seconds
[2025-08-03T20:34:01.174+0000] {processor.py:161} INFO - Started process (PID=198) to work on /home/airflow/.local/lib/python3.12/site-packages/airflow/example_dags/example_short_circuit_decorator.py
[2025-08-03T20:34:01.179+0000] {processor.py:830} INFO - Processing file /home/airflow/.local/lib/python3.12/site-packages/airflow/example_dags/example_short_circuit_decorator.py for tasks to queue
[2025-08-03T20:34:01.222+0000] {logging_mixin.py:188} INFO - [2025-08-03T20:34:01.221+0000] {dagbag.py:545} INFO - Filling up the DagBag from /home/airflow/.local/lib/python3.12/site-packages/airflow/example_dags/example_short_circuit_decorator.py
[2025-08-03T20:34:01.315+0000] {processor.py:840} INFO - DAG(s) 'example_short_circuit_decorator' retrieved from /home/airflow/.local/lib/python3.12/site-packages/airflow/example_dags/example_short_circuit_decorator.py
[2025-08-03T20:34:01.390+0000] {logging_mixin.py:188} INFO - [2025-08-03T20:34:01.389+0000] {dag.py:3096} INFO - Sync 1 DAGs
[2025-08-03T20:34:01.444+0000] {logging_mixin.py:188} INFO - [2025-08-03T20:34:01.443+0000] {dag.py:3954} INFO - Setting next_dagrun for example_short_circuit_decorator to 2025-08-02 00:00:00+00:00, run_after=2025-08-03 00:00:00+00:00
[2025-08-03T20:34:01.487+0000] {processor.py:183} INFO - Processing /home/airflow/.local/lib/python3.12/site-packages/airflow/example_dags/example_short_circuit_decorator.py took 0.429 seconds
[2025-08-03T20:34:57.245+0000] {processor.py:161} INFO - Started process (PID=253) to work on /home/airflow/.local/lib/python3.12/site-packages/airflow/example_dags/example_short_circuit_decorator.py
[2025-08-03T20:34:57.250+0000] {processor.py:830} INFO - Processing file /home/airflow/.local/lib/python3.12/site-packages/airflow/example_dags/example_short_circuit_decorator.py for tasks to queue
[2025-08-03T20:34:57.282+0000] {logging_mixin.py:188} INFO - [2025-08-03T20:34:57.281+0000] {dagbag.py:545} INFO - Filling up the DagBag from /home/airflow/.local/lib/python3.12/site-packages/airflow/example_dags/example_short_circuit_decorator.py
[2025-08-03T20:34:57.408+0000] {processor.py:840} INFO - DAG(s) 'example_short_circuit_decorator' retrieved from /home/airflow/.local/lib/python3.12/site-packages/airflow/example_dags/example_short_circuit_decorator.py
[2025-08-03T20:34:59.195+0000] {logging_mixin.py:188} INFO - [2025-08-03T20:34:59.111+0000] {dag.py:3096} INFO - Sync 1 DAGs
[2025-08-03T20:34:59.757+0000] {logging_mixin.py:188} INFO - [2025-08-03T20:34:59.756+0000] {dag.py:3954} INFO - Setting next_dagrun for example_short_circuit_decorator to 2025-08-02 00:00:00+00:00, run_after=2025-08-03 00:00:00+00:00
[2025-08-03T20:35:02.916+0000] {processor.py:183} INFO - Processing /home/airflow/.local/lib/python3.12/site-packages/airflow/example_dags/example_short_circuit_decorator.py took 5.748 seconds
[2025-08-03T20:37:27.771+0000] {processor.py:161} INFO - Started process (PID=307) to work on /home/airflow/.local/lib/python3.12/site-packages/airflow/example_dags/example_short_circuit_decorator.py
[2025-08-03T20:37:27.880+0000] {processor.py:830} INFO - Processing file /home/airflow/.local/lib/python3.12/site-packages/airflow/example_dags/example_short_circuit_decorator.py for tasks to queue
[2025-08-03T20:37:28.025+0000] {logging_mixin.py:188} INFO - [2025-08-03T20:37:28.021+0000] {dagbag.py:545} INFO - Filling up the DagBag from /home/airflow/.local/lib/python3.12/site-packages/airflow/example_dags/example_short_circuit_decorator.py
[2025-08-03T20:37:29.040+0000] {processor.py:840} INFO - DAG(s) 'example_short_circuit_decorator' retrieved from /home/airflow/.local/lib/python3.12/site-packages/airflow/example_dags/example_short_circuit_decorator.py
[2025-08-03T20:37:32.409+0000] {logging_mixin.py:188} INFO - [2025-08-03T20:37:32.338+0000] {dag.py:3096} INFO - Sync 1 DAGs
[2025-08-03T20:37:34.113+0000] {logging_mixin.py:188} INFO - [2025-08-03T20:37:34.091+0000] {dag.py:3954} INFO - Setting next_dagrun for example_short_circuit_decorator to 2025-08-02 00:00:00+00:00, run_after=2025-08-03 00:00:00+00:00
[2025-08-03T20:37:36.120+0000] {processor.py:183} INFO - Processing /home/airflow/.local/lib/python3.12/site-packages/airflow/example_dags/example_short_circuit_decorator.py took 9.412 seconds
[2025-08-03T20:42:57.168+0000] {processor.py:161} INFO - Started process (PID=380) to work on /home/airflow/.local/lib/python3.12/site-packages/airflow/example_dags/example_short_circuit_decorator.py
[2025-08-03T20:42:57.227+0000] {processor.py:830} INFO - Processing file /home/airflow/.local/lib/python3.12/site-packages/airflow/example_dags/example_short_circuit_decorator.py for tasks to queue
[2025-08-03T20:42:57.354+0000] {logging_mixin.py:188} INFO - [2025-08-03T20:42:57.238+0000] {dagbag.py:545} INFO - Filling up the DagBag from /home/airflow/.local/lib/python3.12/site-packages/airflow/example_dags/example_short_circuit_decorator.py
[2025-08-03T20:42:58.046+0000] {processor.py:840} INFO - DAG(s) 'example_short_circuit_decorator' retrieved from /home/airflow/.local/lib/python3.12/site-packages/airflow/example_dags/example_short_circuit_decorator.py
[2025-08-03T20:48:29.976+0000] {processor.py:161} INFO - Started process (PID=452) to work on /home/airflow/.local/lib/python3.12/site-packages/airflow/example_dags/example_short_circuit_decorator.py
[2025-08-03T20:48:29.999+0000] {processor.py:830} INFO - Processing file /home/airflow/.local/lib/python3.12/site-packages/airflow/example_dags/example_short_circuit_decorator.py for tasks to queue
[2025-08-03T20:48:30.022+0000] {logging_mixin.py:188} INFO - [2025-08-03T20:48:30.022+0000] {dagbag.py:545} INFO - Filling up the DagBag from /home/airflow/.local/lib/python3.12/site-packages/airflow/example_dags/example_short_circuit_decorator.py
[2025-08-03T20:48:30.145+0000] {processor.py:840} INFO - DAG(s) 'example_short_circuit_decorator' retrieved from /home/airflow/.local/lib/python3.12/site-packages/airflow/example_dags/example_short_circuit_decorator.py
[2025-08-03T20:48:34.893+0000] {logging_mixin.py:188} INFO - [2025-08-03T20:48:34.892+0000] {dag.py:3096} INFO - Sync 1 DAGs
[2025-08-03T20:48:35.256+0000] {logging_mixin.py:188} INFO - [2025-08-03T20:48:35.250+0000] {dag.py:3954} INFO - Setting next_dagrun for example_short_circuit_decorator to 2025-08-02 00:00:00+00:00, run_after=2025-08-03 00:00:00+00:00
[2025-08-03T20:48:35.760+0000] {processor.py:183} INFO - Processing /home/airflow/.local/lib/python3.12/site-packages/airflow/example_dags/example_short_circuit_decorator.py took 5.796 seconds
[2025-08-03T20:53:38.483+0000] {processor.py:161} INFO - Started process (PID=541) to work on /home/airflow/.local/lib/python3.12/site-packages/airflow/example_dags/example_short_circuit_decorator.py
[2025-08-03T20:53:38.727+0000] {processor.py:830} INFO - Processing file /home/airflow/.local/lib/python3.12/site-packages/airflow/example_dags/example_short_circuit_decorator.py for tasks to queue
[2025-08-03T20:53:38.812+0000] {logging_mixin.py:188} INFO - [2025-08-03T20:53:38.745+0000] {dagbag.py:545} INFO - Filling up the DagBag from /home/airflow/.local/lib/python3.12/site-packages/airflow/example_dags/example_short_circuit_decorator.py
[2025-08-03T20:53:43.635+0000] {processor.py:840} INFO - DAG(s) 'example_short_circuit_decorator' retrieved from /home/airflow/.local/lib/python3.12/site-packages/airflow/example_dags/example_short_circuit_decorator.py
[2025-08-03T20:54:04.373+0000] {logging_mixin.py:188} INFO - [2025-08-03T20:54:04.091+0000] {dag.py:3096} INFO - Sync 1 DAGs
[2025-08-03T20:54:08.366+0000] {logging_mixin.py:188} INFO - [2025-08-03T20:54:08.199+0000] {dag.py:3954} INFO - Setting next_dagrun for example_short_circuit_decorator to 2025-08-02 00:00:00+00:00, run_after=2025-08-03 00:00:00+00:00
[2025-08-03T20:54:12.696+0000] {processor.py:183} INFO - Processing /home/airflow/.local/lib/python3.12/site-packages/airflow/example_dags/example_short_circuit_decorator.py took 35.053 seconds
