[2025-08-03T19:46:14.376+0000] {processor.py:161} INFO - Started process (PID=78) to work on /home/airflow/.local/lib/python3.12/site-packages/airflow/example_dags/example_branch_python_dop_operator_3.py
[2025-08-03T19:46:14.388+0000] {processor.py:830} INFO - Processing file /home/airflow/.local/lib/python3.12/site-packages/airflow/example_dags/example_branch_python_dop_operator_3.py for tasks to queue
[2025-08-03T19:46:14.411+0000] {logging_mixin.py:188} INFO - [2025-08-03T19:46:14.410+0000] {dagbag.py:545} INFO - Filling up the DagBag from /home/airflow/.local/lib/python3.12/site-packages/airflow/example_dags/example_branch_python_dop_operator_3.py
[2025-08-03T19:46:14.426+0000] {processor.py:840} INFO - DAG(s) 'example_branch_dop_operator_v3' retrieved from /home/airflow/.local/lib/python3.12/site-packages/airflow/example_dags/example_branch_python_dop_operator_3.py
[2025-08-03T19:46:14.591+0000] {logging_mixin.py:188} INFO - [2025-08-03T19:46:14.589+0000] {dag.py:3096} INFO - Sync 1 DAGs
[2025-08-03T19:46:14.763+0000] {logging_mixin.py:188} INFO - [2025-08-03T19:46:14.763+0000] {dag.py:3954} INFO - Setting next_dagrun for example_branch_dop_operator_v3 to 2025-08-03 19:45:00+00:00, run_after=2025-08-03 19:46:00+00:00
[2025-08-03T19:46:14.826+0000] {processor.py:183} INFO - Processing /home/airflow/.local/lib/python3.12/site-packages/airflow/example_dags/example_branch_python_dop_operator_3.py took 0.471 seconds
[2025-08-03T19:47:43.911+0000] {processor.py:161} INFO - Started process (PID=148) to work on /home/airflow/.local/lib/python3.12/site-packages/airflow/example_dags/example_branch_python_dop_operator_3.py
[2025-08-03T19:47:43.931+0000] {processor.py:830} INFO - Processing file /home/airflow/.local/lib/python3.12/site-packages/airflow/example_dags/example_branch_python_dop_operator_3.py for tasks to queue
[2025-08-03T19:47:44.015+0000] {logging_mixin.py:188} INFO - [2025-08-03T19:47:43.999+0000] {dagbag.py:545} INFO - Filling up the DagBag from /home/airflow/.local/lib/python3.12/site-packages/airflow/example_dags/example_branch_python_dop_operator_3.py
[2025-08-03T19:47:44.561+0000] {processor.py:840} INFO - DAG(s) 'example_branch_dop_operator_v3' retrieved from /home/airflow/.local/lib/python3.12/site-packages/airflow/example_dags/example_branch_python_dop_operator_3.py
[2025-08-03T19:47:44.684+0000] {logging_mixin.py:188} INFO - [2025-08-03T19:47:44.683+0000] {dag.py:3096} INFO - Sync 1 DAGs
[2025-08-03T19:47:44.912+0000] {logging_mixin.py:188} INFO - [2025-08-03T19:47:44.911+0000] {dag.py:3954} INFO - Setting next_dagrun for example_branch_dop_operator_v3 to 2025-08-03 19:46:00+00:00, run_after=2025-08-03 19:47:00+00:00
[2025-08-03T19:47:45.070+0000] {processor.py:183} INFO - Processing /home/airflow/.local/lib/python3.12/site-packages/airflow/example_dags/example_branch_python_dop_operator_3.py took 1.330 seconds
[2025-08-03T19:49:52.577+0000] {processor.py:161} INFO - Started process (PID=220) to work on /home/airflow/.local/lib/python3.12/site-packages/airflow/example_dags/example_branch_python_dop_operator_3.py
[2025-08-03T19:49:52.626+0000] {processor.py:830} INFO - Processing file /home/airflow/.local/lib/python3.12/site-packages/airflow/example_dags/example_branch_python_dop_operator_3.py for tasks to queue
[2025-08-03T19:49:52.810+0000] {logging_mixin.py:188} INFO - [2025-08-03T19:49:52.806+0000] {dagbag.py:545} INFO - Filling up the DagBag from /home/airflow/.local/lib/python3.12/site-packages/airflow/example_dags/example_branch_python_dop_operator_3.py
[2025-08-03T19:49:53.758+0000] {processor.py:840} INFO - DAG(s) 'example_branch_dop_operator_v3' retrieved from /home/airflow/.local/lib/python3.12/site-packages/airflow/example_dags/example_branch_python_dop_operator_3.py
[2025-08-03T19:49:55.106+0000] {logging_mixin.py:188} INFO - [2025-08-03T19:49:54.987+0000] {dag.py:3096} INFO - Sync 1 DAGs
[2025-08-03T19:49:56.413+0000] {logging_mixin.py:188} INFO - [2025-08-03T19:49:56.409+0000] {dag.py:3954} INFO - Setting next_dagrun for example_branch_dop_operator_v3 to 2025-08-03 19:48:00+00:00, run_after=2025-08-03 19:49:00+00:00
[2025-08-03T19:49:59.536+0000] {processor.py:183} INFO - Processing /home/airflow/.local/lib/python3.12/site-packages/airflow/example_dags/example_branch_python_dop_operator_3.py took 7.107 seconds
[2025-08-03T20:13:53.232+0000] {processor.py:161} INFO - Started process (PID=281) to work on /home/airflow/.local/lib/python3.12/site-packages/airflow/example_dags/example_branch_python_dop_operator_3.py
[2025-08-03T20:13:53.517+0000] {processor.py:830} INFO - Processing file /home/airflow/.local/lib/python3.12/site-packages/airflow/example_dags/example_branch_python_dop_operator_3.py for tasks to queue
[2025-08-03T20:13:53.641+0000] {logging_mixin.py:188} INFO - [2025-08-03T20:13:53.581+0000] {dagbag.py:545} INFO - Filling up the DagBag from /home/airflow/.local/lib/python3.12/site-packages/airflow/example_dags/example_branch_python_dop_operator_3.py
[2025-08-03T20:13:52.343+0000] {processor.py:840} INFO - DAG(s) 'example_branch_dop_operator_v3' retrieved from /home/airflow/.local/lib/python3.12/site-packages/airflow/example_dags/example_branch_python_dop_operator_3.py
[2025-08-03T20:14:26.567+0000] {logging_mixin.py:188} INFO - [2025-08-03T20:14:26.475+0000] {dag.py:3096} INFO - Sync 1 DAGs
[2025-08-03T20:14:30.077+0000] {logging_mixin.py:188} INFO - [2025-08-03T20:14:29.976+0000] {dag.py:3954} INFO - Setting next_dagrun for example_branch_dop_operator_v3 to 2025-08-03 20:13:00+00:00, run_after=2025-08-03 20:14:00+00:00
[2025-08-03T20:14:41.836+0000] {processor.py:183} INFO - Processing /home/airflow/.local/lib/python3.12/site-packages/airflow/example_dags/example_branch_python_dop_operator_3.py took 52.313 seconds
[2025-08-03T20:26:28.578+0000] {processor.py:161} INFO - Started process (PID=355) to work on /home/airflow/.local/lib/python3.12/site-packages/airflow/example_dags/example_branch_python_dop_operator_3.py
[2025-08-03T20:26:28.601+0000] {processor.py:830} INFO - Processing file /home/airflow/.local/lib/python3.12/site-packages/airflow/example_dags/example_branch_python_dop_operator_3.py for tasks to queue
[2025-08-03T20:26:28.825+0000] {logging_mixin.py:188} INFO - [2025-08-03T20:26:28.636+0000] {dagbag.py:545} INFO - Filling up the DagBag from /home/airflow/.local/lib/python3.12/site-packages/airflow/example_dags/example_branch_python_dop_operator_3.py
[2025-08-03T20:26:31.789+0000] {processor.py:840} INFO - DAG(s) 'example_branch_dop_operator_v3' retrieved from /home/airflow/.local/lib/python3.12/site-packages/airflow/example_dags/example_branch_python_dop_operator_3.py
[2025-08-03T20:26:40.181+0000] {logging_mixin.py:188} INFO - [2025-08-03T20:26:40.170+0000] {dag.py:3096} INFO - Sync 1 DAGs
[2025-08-03T20:26:46.869+0000] {logging_mixin.py:188} INFO - [2025-08-03T20:26:46.859+0000] {dag.py:3954} INFO - Setting next_dagrun for example_branch_dop_operator_v3 to 2025-08-03 20:25:00+00:00, run_after=2025-08-03 20:26:00+00:00
[2025-08-03T20:26:48.588+0000] {processor.py:183} INFO - Processing /home/airflow/.local/lib/python3.12/site-packages/airflow/example_dags/example_branch_python_dop_operator_3.py took 22.498 seconds
[2025-08-03T20:32:55.845+0000] {processor.py:161} INFO - Started process (PID=75) to work on /home/airflow/.local/lib/python3.12/site-packages/airflow/example_dags/example_branch_python_dop_operator_3.py
[2025-08-03T20:32:55.852+0000] {processor.py:830} INFO - Processing file /home/airflow/.local/lib/python3.12/site-packages/airflow/example_dags/example_branch_python_dop_operator_3.py for tasks to queue
[2025-08-03T20:32:55.931+0000] {logging_mixin.py:188} INFO - [2025-08-03T20:32:55.931+0000] {dagbag.py:545} INFO - Filling up the DagBag from /home/airflow/.local/lib/python3.12/site-packages/airflow/example_dags/example_branch_python_dop_operator_3.py
[2025-08-03T20:32:55.956+0000] {processor.py:840} INFO - DAG(s) 'example_branch_dop_operator_v3' retrieved from /home/airflow/.local/lib/python3.12/site-packages/airflow/example_dags/example_branch_python_dop_operator_3.py
[2025-08-03T20:32:56.086+0000] {logging_mixin.py:188} INFO - [2025-08-03T20:32:56.085+0000] {dag.py:3096} INFO - Sync 1 DAGs
[2025-08-03T20:32:56.167+0000] {logging_mixin.py:188} INFO - [2025-08-03T20:32:56.167+0000] {dag.py:3954} INFO - Setting next_dagrun for example_branch_dop_operator_v3 to 2025-08-03 20:31:00+00:00, run_after=2025-08-03 20:32:00+00:00
[2025-08-03T20:32:56.231+0000] {processor.py:183} INFO - Processing /home/airflow/.local/lib/python3.12/site-packages/airflow/example_dags/example_branch_python_dop_operator_3.py took 0.585 seconds
[2025-08-03T20:33:26.795+0000] {processor.py:161} INFO - Started process (PID=133) to work on /home/airflow/.local/lib/python3.12/site-packages/airflow/example_dags/example_branch_python_dop_operator_3.py
[2025-08-03T20:33:26.804+0000] {processor.py:830} INFO - Processing file /home/airflow/.local/lib/python3.12/site-packages/airflow/example_dags/example_branch_python_dop_operator_3.py for tasks to queue
[2025-08-03T20:33:26.814+0000] {logging_mixin.py:188} INFO - [2025-08-03T20:33:26.814+0000] {dagbag.py:545} INFO - Filling up the DagBag from /home/airflow/.local/lib/python3.12/site-packages/airflow/example_dags/example_branch_python_dop_operator_3.py
[2025-08-03T20:33:26.836+0000] {processor.py:840} INFO - DAG(s) 'example_branch_dop_operator_v3' retrieved from /home/airflow/.local/lib/python3.12/site-packages/airflow/example_dags/example_branch_python_dop_operator_3.py
[2025-08-03T20:33:26.929+0000] {logging_mixin.py:188} INFO - [2025-08-03T20:33:26.929+0000] {dag.py:3096} INFO - Sync 1 DAGs
[2025-08-03T20:33:26.987+0000] {logging_mixin.py:188} INFO - [2025-08-03T20:33:26.986+0000] {dag.py:3954} INFO - Setting next_dagrun for example_branch_dop_operator_v3 to 2025-08-03 20:32:00+00:00, run_after=2025-08-03 20:33:00+00:00
[2025-08-03T20:33:27.027+0000] {processor.py:183} INFO - Processing /home/airflow/.local/lib/python3.12/site-packages/airflow/example_dags/example_branch_python_dop_operator_3.py took 0.243 seconds
[2025-08-03T20:33:57.712+0000] {processor.py:161} INFO - Started process (PID=191) to work on /home/airflow/.local/lib/python3.12/site-packages/airflow/example_dags/example_branch_python_dop_operator_3.py
[2025-08-03T20:33:57.724+0000] {processor.py:830} INFO - Processing file /home/airflow/.local/lib/python3.12/site-packages/airflow/example_dags/example_branch_python_dop_operator_3.py for tasks to queue
[2025-08-03T20:33:57.738+0000] {logging_mixin.py:188} INFO - [2025-08-03T20:33:57.730+0000] {dagbag.py:545} INFO - Filling up the DagBag from /home/airflow/.local/lib/python3.12/site-packages/airflow/example_dags/example_branch_python_dop_operator_3.py
[2025-08-03T20:33:57.772+0000] {processor.py:840} INFO - DAG(s) 'example_branch_dop_operator_v3' retrieved from /home/airflow/.local/lib/python3.12/site-packages/airflow/example_dags/example_branch_python_dop_operator_3.py
[2025-08-03T20:33:57.861+0000] {logging_mixin.py:188} INFO - [2025-08-03T20:33:57.861+0000] {dag.py:3096} INFO - Sync 1 DAGs
[2025-08-03T20:33:57.953+0000] {logging_mixin.py:188} INFO - [2025-08-03T20:33:57.953+0000] {dag.py:3954} INFO - Setting next_dagrun for example_branch_dop_operator_v3 to 2025-08-03 20:32:00+00:00, run_after=2025-08-03 20:33:00+00:00
[2025-08-03T20:33:58.166+0000] {processor.py:183} INFO - Processing /home/airflow/.local/lib/python3.12/site-packages/airflow/example_dags/example_branch_python_dop_operator_3.py took 0.462 seconds
[2025-08-03T20:34:50.599+0000] {processor.py:161} INFO - Started process (PID=241) to work on /home/airflow/.local/lib/python3.12/site-packages/airflow/example_dags/example_branch_python_dop_operator_3.py
[2025-08-03T20:34:50.616+0000] {processor.py:830} INFO - Processing file /home/airflow/.local/lib/python3.12/site-packages/airflow/example_dags/example_branch_python_dop_operator_3.py for tasks to queue
[2025-08-03T20:34:50.662+0000] {logging_mixin.py:188} INFO - [2025-08-03T20:34:50.661+0000] {dagbag.py:545} INFO - Filling up the DagBag from /home/airflow/.local/lib/python3.12/site-packages/airflow/example_dags/example_branch_python_dop_operator_3.py
[2025-08-03T20:34:50.813+0000] {processor.py:840} INFO - DAG(s) 'example_branch_dop_operator_v3' retrieved from /home/airflow/.local/lib/python3.12/site-packages/airflow/example_dags/example_branch_python_dop_operator_3.py
[2025-08-03T20:34:51.100+0000] {logging_mixin.py:188} INFO - [2025-08-03T20:34:51.080+0000] {dag.py:3096} INFO - Sync 1 DAGs
[2025-08-03T20:34:51.199+0000] {logging_mixin.py:188} INFO - [2025-08-03T20:34:51.198+0000] {dag.py:3954} INFO - Setting next_dagrun for example_branch_dop_operator_v3 to 2025-08-03 20:33:00+00:00, run_after=2025-08-03 20:34:00+00:00
[2025-08-03T20:34:51.331+0000] {processor.py:183} INFO - Processing /home/airflow/.local/lib/python3.12/site-packages/airflow/example_dags/example_branch_python_dop_operator_3.py took 0.793 seconds
[2025-08-03T20:37:06.340+0000] {processor.py:161} INFO - Started process (PID=294) to work on /home/airflow/.local/lib/python3.12/site-packages/airflow/example_dags/example_branch_python_dop_operator_3.py
[2025-08-03T20:37:06.456+0000] {processor.py:830} INFO - Processing file /home/airflow/.local/lib/python3.12/site-packages/airflow/example_dags/example_branch_python_dop_operator_3.py for tasks to queue
[2025-08-03T20:37:06.564+0000] {logging_mixin.py:188} INFO - [2025-08-03T20:37:06.562+0000] {dagbag.py:545} INFO - Filling up the DagBag from /home/airflow/.local/lib/python3.12/site-packages/airflow/example_dags/example_branch_python_dop_operator_3.py
[2025-08-03T20:37:07.042+0000] {processor.py:840} INFO - DAG(s) 'example_branch_dop_operator_v3' retrieved from /home/airflow/.local/lib/python3.12/site-packages/airflow/example_dags/example_branch_python_dop_operator_3.py
[2025-08-03T20:37:10.012+0000] {logging_mixin.py:188} INFO - [2025-08-03T20:37:09.826+0000] {dag.py:3096} INFO - Sync 1 DAGs
[2025-08-03T20:37:11.385+0000] {logging_mixin.py:188} INFO - [2025-08-03T20:37:11.384+0000] {dag.py:3954} INFO - Setting next_dagrun for example_branch_dop_operator_v3 to 2025-08-03 20:36:00+00:00, run_after=2025-08-03 20:37:00+00:00
[2025-08-03T20:37:12.094+0000] {processor.py:183} INFO - Processing /home/airflow/.local/lib/python3.12/site-packages/airflow/example_dags/example_branch_python_dop_operator_3.py took 5.804 seconds
[2025-08-03T20:41:17.104+0000] {processor.py:161} INFO - Started process (PID=361) to work on /home/airflow/.local/lib/python3.12/site-packages/airflow/example_dags/example_branch_python_dop_operator_3.py
[2025-08-03T20:41:17.111+0000] {processor.py:830} INFO - Processing file /home/airflow/.local/lib/python3.12/site-packages/airflow/example_dags/example_branch_python_dop_operator_3.py for tasks to queue
[2025-08-03T20:41:17.128+0000] {logging_mixin.py:188} INFO - [2025-08-03T20:41:17.115+0000] {dagbag.py:545} INFO - Filling up the DagBag from /home/airflow/.local/lib/python3.12/site-packages/airflow/example_dags/example_branch_python_dop_operator_3.py
[2025-08-03T20:41:18.006+0000] {processor.py:840} INFO - DAG(s) 'example_branch_dop_operator_v3' retrieved from /home/airflow/.local/lib/python3.12/site-packages/airflow/example_dags/example_branch_python_dop_operator_3.py
[2025-08-03T20:41:20.137+0000] {logging_mixin.py:188} INFO - [2025-08-03T20:41:20.048+0000] {dag.py:3096} INFO - Sync 1 DAGs
[2025-08-03T20:41:20.798+0000] {logging_mixin.py:188} INFO - [2025-08-03T20:41:20.795+0000] {dag.py:3954} INFO - Setting next_dagrun for example_branch_dop_operator_v3 to 2025-08-03 20:40:00+00:00, run_after=2025-08-03 20:41:00+00:00
[2025-08-03T20:41:22.562+0000] {processor.py:183} INFO - Processing /home/airflow/.local/lib/python3.12/site-packages/airflow/example_dags/example_branch_python_dop_operator_3.py took 5.533 seconds
[2025-08-03T20:48:23.614+0000] {processor.py:161} INFO - Started process (PID=445) to work on /home/airflow/.local/lib/python3.12/site-packages/airflow/example_dags/example_branch_python_dop_operator_3.py
[2025-08-03T20:48:23.623+0000] {processor.py:830} INFO - Processing file /home/airflow/.local/lib/python3.12/site-packages/airflow/example_dags/example_branch_python_dop_operator_3.py for tasks to queue
[2025-08-03T20:48:23.629+0000] {logging_mixin.py:188} INFO - [2025-08-03T20:48:23.629+0000] {dagbag.py:545} INFO - Filling up the DagBag from /home/airflow/.local/lib/python3.12/site-packages/airflow/example_dags/example_branch_python_dop_operator_3.py
[2025-08-03T20:48:23.799+0000] {processor.py:840} INFO - DAG(s) 'example_branch_dop_operator_v3' retrieved from /home/airflow/.local/lib/python3.12/site-packages/airflow/example_dags/example_branch_python_dop_operator_3.py
[2025-08-03T20:48:24.248+0000] {logging_mixin.py:188} INFO - [2025-08-03T20:48:24.233+0000] {dag.py:3096} INFO - Sync 1 DAGs
[2025-08-03T20:48:24.926+0000] {logging_mixin.py:188} INFO - [2025-08-03T20:48:24.925+0000] {dag.py:3954} INFO - Setting next_dagrun for example_branch_dop_operator_v3 to 2025-08-03 20:47:00+00:00, run_after=2025-08-03 20:48:00+00:00
[2025-08-03T20:48:25.140+0000] {processor.py:183} INFO - Processing /home/airflow/.local/lib/python3.12/site-packages/airflow/example_dags/example_branch_python_dop_operator_3.py took 1.747 seconds
[2025-08-03T20:51:33.111+0000] {processor.py:161} INFO - Started process (PID=516) to work on /home/airflow/.local/lib/python3.12/site-packages/airflow/example_dags/example_branch_python_dop_operator_3.py
[2025-08-03T20:51:33.187+0000] {processor.py:830} INFO - Processing file /home/airflow/.local/lib/python3.12/site-packages/airflow/example_dags/example_branch_python_dop_operator_3.py for tasks to queue
[2025-08-03T20:51:33.627+0000] {logging_mixin.py:188} INFO - [2025-08-03T20:51:33.443+0000] {dagbag.py:545} INFO - Filling up the DagBag from /home/airflow/.local/lib/python3.12/site-packages/airflow/example_dags/example_branch_python_dop_operator_3.py
[2025-08-03T20:51:34.666+0000] {processor.py:840} INFO - DAG(s) 'example_branch_dop_operator_v3' retrieved from /home/airflow/.local/lib/python3.12/site-packages/airflow/example_dags/example_branch_python_dop_operator_3.py
[2025-08-03T20:51:39.742+0000] {logging_mixin.py:188} INFO - [2025-08-03T20:51:39.400+0000] {dag.py:3096} INFO - Sync 1 DAGs
[2025-08-03T20:52:05.554+0000] {logging_mixin.py:188} INFO - [2025-08-03T20:52:03.588+0000] {dag.py:3954} INFO - Setting next_dagrun for example_branch_dop_operator_v3 to 2025-08-03 20:50:00+00:00, run_after=2025-08-03 20:51:00+00:00
