[2025-08-03T19:46:52.702+0000] {processor.py:161} INFO - Started process (PID=106) to work on /home/airflow/.local/lib/python3.12/site-packages/airflow/example_dags/example_datasets.py
[2025-08-03T19:46:52.729+0000] {processor.py:830} INFO - Processing file /home/airflow/.local/lib/python3.12/site-packages/airflow/example_dags/example_datasets.py for tasks to queue
[2025-08-03T19:46:52.774+0000] {logging_mixin.py:188} INFO - [2025-08-03T19:46:52.765+0000] {dagbag.py:545} INFO - Filling up the DagBag from /home/airflow/.local/lib/python3.12/site-packages/airflow/example_dags/example_datasets.py
[2025-08-03T19:46:52.997+0000] {processor.py:840} INFO - DAG(s) 'consume_1_and_2_with_dataset_expressions', 'consume_1_or_both_2_and_3_with_dataset_expressions', 'conditional_dataset_and_time_based_timetable', 'dataset_consumes_1_and_2', 'dataset_consumes_unknown_never_scheduled', 'dataset_produces_2', 'dataset_consumes_1_never_scheduled', 'dataset_consumes_1', 'dataset_produces_1', 'consume_1_or_2_with_dataset_expressions' retrieved from /home/airflow/.local/lib/python3.12/site-packages/airflow/example_dags/example_datasets.py
[2025-08-03T19:46:53.596+0000] {logging_mixin.py:188} INFO - [2025-08-03T19:46:53.594+0000] {dag.py:3096} INFO - Sync 10 DAGs
[2025-08-03T19:46:53.880+0000] {logging_mixin.py:188} INFO - [2025-08-03T19:46:53.880+0000] {dag.py:3954} INFO - Setting next_dagrun for conditional_dataset_and_time_based_timetable to 2025-07-30 01:00:00+00:00, run_after=2025-07-30 01:00:00+00:00
[2025-08-03T19:46:53.902+0000] {logging_mixin.py:188} INFO - [2025-08-03T19:46:53.901+0000] {dag.py:3954} INFO - Setting next_dagrun for consume_1_and_2_with_dataset_expressions to None, run_after=None
[2025-08-03T19:46:53.925+0000] {logging_mixin.py:188} INFO - [2025-08-03T19:46:53.925+0000] {dag.py:3954} INFO - Setting next_dagrun for consume_1_or_2_with_dataset_expressions to None, run_after=None
[2025-08-03T19:46:53.929+0000] {logging_mixin.py:188} INFO - [2025-08-03T19:46:53.929+0000] {dag.py:3954} INFO - Setting next_dagrun for consume_1_or_both_2_and_3_with_dataset_expressions to None, run_after=None
[2025-08-03T19:46:53.941+0000] {logging_mixin.py:188} INFO - [2025-08-03T19:46:53.941+0000] {dag.py:3954} INFO - Setting next_dagrun for dataset_consumes_1 to None, run_after=None
[2025-08-03T19:46:53.954+0000] {logging_mixin.py:188} INFO - [2025-08-03T19:46:53.954+0000] {dag.py:3954} INFO - Setting next_dagrun for dataset_consumes_1_and_2 to None, run_after=None
[2025-08-03T19:46:53.965+0000] {logging_mixin.py:188} INFO - [2025-08-03T19:46:53.963+0000] {dag.py:3954} INFO - Setting next_dagrun for dataset_consumes_1_never_scheduled to None, run_after=None
[2025-08-03T19:46:54.003+0000] {logging_mixin.py:188} INFO - [2025-08-03T19:46:54.003+0000] {dag.py:3954} INFO - Setting next_dagrun for dataset_consumes_unknown_never_scheduled to None, run_after=None
[2025-08-03T19:46:54.015+0000] {logging_mixin.py:188} INFO - [2025-08-03T19:46:54.014+0000] {dag.py:3954} INFO - Setting next_dagrun for dataset_produces_1 to 2025-08-02 00:00:00+00:00, run_after=2025-08-03 00:00:00+00:00
[2025-08-03T19:46:54.022+0000] {logging_mixin.py:188} INFO - [2025-08-03T19:46:54.022+0000] {dag.py:3954} INFO - Setting next_dagrun for dataset_produces_2 to None, run_after=None
[2025-08-03T19:46:54.670+0000] {processor.py:183} INFO - Processing /home/airflow/.local/lib/python3.12/site-packages/airflow/example_dags/example_datasets.py took 2.022 seconds
[2025-08-03T19:48:06.042+0000] {processor.py:161} INFO - Started process (PID=171) to work on /home/airflow/.local/lib/python3.12/site-packages/airflow/example_dags/example_datasets.py
[2025-08-03T19:48:06.086+0000] {processor.py:830} INFO - Processing file /home/airflow/.local/lib/python3.12/site-packages/airflow/example_dags/example_datasets.py for tasks to queue
[2025-08-03T19:48:06.121+0000] {logging_mixin.py:188} INFO - [2025-08-03T19:48:06.113+0000] {dagbag.py:545} INFO - Filling up the DagBag from /home/airflow/.local/lib/python3.12/site-packages/airflow/example_dags/example_datasets.py
[2025-08-03T19:48:06.367+0000] {processor.py:840} INFO - DAG(s) 'dataset_consumes_unknown_never_scheduled', 'dataset_consumes_1', 'dataset_produces_1', 'dataset_produces_2', 'conditional_dataset_and_time_based_timetable', 'consume_1_and_2_with_dataset_expressions', 'consume_1_or_2_with_dataset_expressions', 'dataset_consumes_1_never_scheduled', 'dataset_consumes_1_and_2', 'consume_1_or_both_2_and_3_with_dataset_expressions' retrieved from /home/airflow/.local/lib/python3.12/site-packages/airflow/example_dags/example_datasets.py
[2025-08-03T19:48:06.607+0000] {logging_mixin.py:188} INFO - [2025-08-03T19:48:06.606+0000] {dag.py:3096} INFO - Sync 10 DAGs
[2025-08-03T19:48:06.731+0000] {logging_mixin.py:188} INFO - [2025-08-03T19:48:06.731+0000] {dag.py:3954} INFO - Setting next_dagrun for conditional_dataset_and_time_based_timetable to 2025-07-30 01:00:00+00:00, run_after=2025-07-30 01:00:00+00:00
[2025-08-03T19:48:06.752+0000] {logging_mixin.py:188} INFO - [2025-08-03T19:48:06.752+0000] {dag.py:3954} INFO - Setting next_dagrun for consume_1_and_2_with_dataset_expressions to None, run_after=None
[2025-08-03T19:48:06.783+0000] {logging_mixin.py:188} INFO - [2025-08-03T19:48:06.782+0000] {dag.py:3954} INFO - Setting next_dagrun for consume_1_or_2_with_dataset_expressions to None, run_after=None
[2025-08-03T19:48:06.826+0000] {logging_mixin.py:188} INFO - [2025-08-03T19:48:06.826+0000] {dag.py:3954} INFO - Setting next_dagrun for consume_1_or_both_2_and_3_with_dataset_expressions to None, run_after=None
[2025-08-03T19:48:06.845+0000] {logging_mixin.py:188} INFO - [2025-08-03T19:48:06.844+0000] {dag.py:3954} INFO - Setting next_dagrun for dataset_consumes_1 to None, run_after=None
[2025-08-03T19:48:06.865+0000] {logging_mixin.py:188} INFO - [2025-08-03T19:48:06.865+0000] {dag.py:3954} INFO - Setting next_dagrun for dataset_consumes_1_and_2 to None, run_after=None
[2025-08-03T19:48:06.873+0000] {logging_mixin.py:188} INFO - [2025-08-03T19:48:06.873+0000] {dag.py:3954} INFO - Setting next_dagrun for dataset_consumes_1_never_scheduled to None, run_after=None
[2025-08-03T19:48:06.897+0000] {logging_mixin.py:188} INFO - [2025-08-03T19:48:06.897+0000] {dag.py:3954} INFO - Setting next_dagrun for dataset_consumes_unknown_never_scheduled to None, run_after=None
[2025-08-03T19:48:06.921+0000] {logging_mixin.py:188} INFO - [2025-08-03T19:48:06.919+0000] {dag.py:3954} INFO - Setting next_dagrun for dataset_produces_1 to 2025-08-02 00:00:00+00:00, run_after=2025-08-03 00:00:00+00:00
[2025-08-03T19:48:06.945+0000] {logging_mixin.py:188} INFO - [2025-08-03T19:48:06.944+0000] {dag.py:3954} INFO - Setting next_dagrun for dataset_produces_2 to None, run_after=None
[2025-08-03T19:48:08.020+0000] {processor.py:183} INFO - Processing /home/airflow/.local/lib/python3.12/site-packages/airflow/example_dags/example_datasets.py took 2.046 seconds
[2025-08-03T20:06:54.679+0000] {processor.py:161} INFO - Started process (PID=254) to work on /home/airflow/.local/lib/python3.12/site-packages/airflow/example_dags/example_datasets.py
[2025-08-03T20:06:54.684+0000] {processor.py:830} INFO - Processing file /home/airflow/.local/lib/python3.12/site-packages/airflow/example_dags/example_datasets.py for tasks to queue
[2025-08-03T20:06:54.708+0000] {logging_mixin.py:188} INFO - [2025-08-03T20:06:54.690+0000] {dagbag.py:545} INFO - Filling up the DagBag from /home/airflow/.local/lib/python3.12/site-packages/airflow/example_dags/example_datasets.py
[2025-08-03T20:06:55.823+0000] {processor.py:840} INFO - DAG(s) 'conditional_dataset_and_time_based_timetable', 'dataset_consumes_1', 'dataset_produces_2', 'dataset_produces_1', 'consume_1_or_both_2_and_3_with_dataset_expressions', 'dataset_consumes_unknown_never_scheduled', 'consume_1_or_2_with_dataset_expressions', 'dataset_consumes_1_never_scheduled', 'dataset_consumes_1_and_2', 'consume_1_and_2_with_dataset_expressions' retrieved from /home/airflow/.local/lib/python3.12/site-packages/airflow/example_dags/example_datasets.py
[2025-08-03T20:07:20.162+0000] {logging_mixin.py:188} INFO - [2025-08-03T20:07:20.119+0000] {dag.py:3096} INFO - Sync 10 DAGs
[2025-08-03T20:07:21.313+0000] {logging_mixin.py:188} INFO - [2025-08-03T20:07:21.245+0000] {dag.py:3954} INFO - Setting next_dagrun for conditional_dataset_and_time_based_timetable to 2025-07-30 01:00:00+00:00, run_after=2025-07-30 01:00:00+00:00
[2025-08-03T20:07:22.232+0000] {logging_mixin.py:188} INFO - [2025-08-03T20:07:22.219+0000] {dag.py:3954} INFO - Setting next_dagrun for consume_1_and_2_with_dataset_expressions to None, run_after=None
[2025-08-03T20:07:22.304+0000] {logging_mixin.py:188} INFO - [2025-08-03T20:07:22.290+0000] {dag.py:3954} INFO - Setting next_dagrun for consume_1_or_2_with_dataset_expressions to None, run_after=None
[2025-08-03T20:07:22.356+0000] {logging_mixin.py:188} INFO - [2025-08-03T20:07:22.343+0000] {dag.py:3954} INFO - Setting next_dagrun for consume_1_or_both_2_and_3_with_dataset_expressions to None, run_after=None
[2025-08-03T20:11:11.022+0000] {logging_mixin.py:188} INFO - [2025-08-03T20:11:11.022+0000] {dag.py:3954} INFO - Setting next_dagrun for dataset_consumes_1 to None, run_after=None
[2025-08-03T20:11:11.075+0000] {logging_mixin.py:188} INFO - [2025-08-03T20:11:11.075+0000] {dag.py:3954} INFO - Setting next_dagrun for dataset_consumes_1_and_2 to None, run_after=None
[2025-08-03T20:11:11.092+0000] {logging_mixin.py:188} INFO - [2025-08-03T20:11:11.091+0000] {dag.py:3954} INFO - Setting next_dagrun for dataset_consumes_1_never_scheduled to None, run_after=None
[2025-08-03T20:11:11.750+0000] {logging_mixin.py:188} INFO - [2025-08-03T20:11:11.738+0000] {dag.py:3954} INFO - Setting next_dagrun for dataset_consumes_unknown_never_scheduled to None, run_after=None
[2025-08-03T20:11:11.765+0000] {logging_mixin.py:188} INFO - [2025-08-03T20:11:11.765+0000] {dag.py:3954} INFO - Setting next_dagrun for dataset_produces_1 to 2025-08-02 00:00:00+00:00, run_after=2025-08-03 00:00:00+00:00
[2025-08-03T20:11:11.784+0000] {logging_mixin.py:188} INFO - [2025-08-03T20:11:11.784+0000] {dag.py:3954} INFO - Setting next_dagrun for dataset_produces_2 to None, run_after=None
[2025-08-03T20:17:33.681+0000] {processor.py:161} INFO - Started process (PID=316) to work on /home/airflow/.local/lib/python3.12/site-packages/airflow/example_dags/example_datasets.py
[2025-08-03T20:17:33.891+0000] {processor.py:830} INFO - Processing file /home/airflow/.local/lib/python3.12/site-packages/airflow/example_dags/example_datasets.py for tasks to queue
[2025-08-03T20:17:34.544+0000] {logging_mixin.py:188} INFO - [2025-08-03T20:17:34.257+0000] {dagbag.py:545} INFO - Filling up the DagBag from /home/airflow/.local/lib/python3.12/site-packages/airflow/example_dags/example_datasets.py
[2025-08-03T20:17:37.680+0000] {processor.py:840} INFO - DAG(s) 'dataset_consumes_unknown_never_scheduled', 'consume_1_or_both_2_and_3_with_dataset_expressions', 'consume_1_or_2_with_dataset_expressions', 'dataset_consumes_1', 'dataset_consumes_1_never_scheduled', 'dataset_produces_2', 'conditional_dataset_and_time_based_timetable', 'dataset_produces_1', 'consume_1_and_2_with_dataset_expressions', 'dataset_consumes_1_and_2' retrieved from /home/airflow/.local/lib/python3.12/site-packages/airflow/example_dags/example_datasets.py
[2025-08-03T20:18:11.579+0000] {logging_mixin.py:188} INFO - [2025-08-03T20:18:11.352+0000] {dag.py:3096} INFO - Sync 10 DAGs
[2025-08-03T20:18:15.628+0000] {logging_mixin.py:188} INFO - [2025-08-03T20:18:15.176+0000] {dag.py:3954} INFO - Setting next_dagrun for conditional_dataset_and_time_based_timetable to 2025-07-30 01:00:00+00:00, run_after=2025-07-30 01:00:00+00:00
[2025-08-03T20:18:16.460+0000] {logging_mixin.py:188} INFO - [2025-08-03T20:18:16.396+0000] {dag.py:3954} INFO - Setting next_dagrun for consume_1_and_2_with_dataset_expressions to None, run_after=None
[2025-08-03T20:18:16.488+0000] {logging_mixin.py:188} INFO - [2025-08-03T20:18:16.487+0000] {dag.py:3954} INFO - Setting next_dagrun for consume_1_or_2_with_dataset_expressions to None, run_after=None
[2025-08-03T20:18:16.571+0000] {logging_mixin.py:188} INFO - [2025-08-03T20:18:16.560+0000] {dag.py:3954} INFO - Setting next_dagrun for consume_1_or_both_2_and_3_with_dataset_expressions to None, run_after=None
[2025-08-03T20:18:16.909+0000] {logging_mixin.py:188} INFO - [2025-08-03T20:18:16.906+0000] {dag.py:3954} INFO - Setting next_dagrun for dataset_consumes_1 to None, run_after=None
[2025-08-03T20:18:17.096+0000] {logging_mixin.py:188} INFO - [2025-08-03T20:18:17.093+0000] {dag.py:3954} INFO - Setting next_dagrun for dataset_consumes_1_and_2 to None, run_after=None
[2025-08-03T20:18:17.188+0000] {logging_mixin.py:188} INFO - [2025-08-03T20:18:17.188+0000] {dag.py:3954} INFO - Setting next_dagrun for dataset_consumes_1_never_scheduled to None, run_after=None
[2025-08-03T20:18:17.262+0000] {logging_mixin.py:188} INFO - [2025-08-03T20:18:17.261+0000] {dag.py:3954} INFO - Setting next_dagrun for dataset_consumes_unknown_never_scheduled to None, run_after=None
[2025-08-03T20:18:17.519+0000] {logging_mixin.py:188} INFO - [2025-08-03T20:18:17.518+0000] {dag.py:3954} INFO - Setting next_dagrun for dataset_produces_1 to 2025-08-02 00:00:00+00:00, run_after=2025-08-03 00:00:00+00:00
[2025-08-03T20:18:17.681+0000] {logging_mixin.py:188} INFO - [2025-08-03T20:18:17.681+0000] {dag.py:3954} INFO - Setting next_dagrun for dataset_produces_2 to None, run_after=None
[2025-08-03T20:33:06.377+0000] {processor.py:161} INFO - Started process (PID=98) to work on /home/airflow/.local/lib/python3.12/site-packages/airflow/example_dags/example_datasets.py
[2025-08-03T20:33:06.383+0000] {processor.py:830} INFO - Processing file /home/airflow/.local/lib/python3.12/site-packages/airflow/example_dags/example_datasets.py for tasks to queue
[2025-08-03T20:33:06.393+0000] {logging_mixin.py:188} INFO - [2025-08-03T20:33:06.392+0000] {dagbag.py:545} INFO - Filling up the DagBag from /home/airflow/.local/lib/python3.12/site-packages/airflow/example_dags/example_datasets.py
[2025-08-03T20:33:06.492+0000] {processor.py:840} INFO - DAG(s) 'conditional_dataset_and_time_based_timetable', 'dataset_produces_2', 'dataset_consumes_1', 'dataset_consumes_1_and_2', 'consume_1_or_2_with_dataset_expressions', 'dataset_consumes_unknown_never_scheduled', 'dataset_consumes_1_never_scheduled', 'consume_1_or_both_2_and_3_with_dataset_expressions', 'dataset_produces_1', 'consume_1_and_2_with_dataset_expressions' retrieved from /home/airflow/.local/lib/python3.12/site-packages/airflow/example_dags/example_datasets.py
[2025-08-03T20:33:06.956+0000] {logging_mixin.py:188} INFO - [2025-08-03T20:33:06.955+0000] {dag.py:3096} INFO - Sync 10 DAGs
[2025-08-03T20:33:07.125+0000] {logging_mixin.py:188} INFO - [2025-08-03T20:33:07.124+0000] {dag.py:3954} INFO - Setting next_dagrun for conditional_dataset_and_time_based_timetable to 2025-07-30 01:00:00+00:00, run_after=2025-07-30 01:00:00+00:00
[2025-08-03T20:33:07.146+0000] {logging_mixin.py:188} INFO - [2025-08-03T20:33:07.145+0000] {dag.py:3954} INFO - Setting next_dagrun for consume_1_and_2_with_dataset_expressions to None, run_after=None
[2025-08-03T20:33:07.165+0000] {logging_mixin.py:188} INFO - [2025-08-03T20:33:07.165+0000] {dag.py:3954} INFO - Setting next_dagrun for consume_1_or_2_with_dataset_expressions to None, run_after=None
[2025-08-03T20:33:07.176+0000] {logging_mixin.py:188} INFO - [2025-08-03T20:33:07.176+0000] {dag.py:3954} INFO - Setting next_dagrun for consume_1_or_both_2_and_3_with_dataset_expressions to None, run_after=None
[2025-08-03T20:33:07.177+0000] {logging_mixin.py:188} INFO - [2025-08-03T20:33:07.177+0000] {dag.py:3954} INFO - Setting next_dagrun for dataset_consumes_1 to None, run_after=None
[2025-08-03T20:33:07.192+0000] {logging_mixin.py:188} INFO - [2025-08-03T20:33:07.186+0000] {dag.py:3954} INFO - Setting next_dagrun for dataset_consumes_1_and_2 to None, run_after=None
[2025-08-03T20:33:07.197+0000] {logging_mixin.py:188} INFO - [2025-08-03T20:33:07.197+0000] {dag.py:3954} INFO - Setting next_dagrun for dataset_consumes_1_never_scheduled to None, run_after=None
[2025-08-03T20:33:07.211+0000] {logging_mixin.py:188} INFO - [2025-08-03T20:33:07.211+0000] {dag.py:3954} INFO - Setting next_dagrun for dataset_consumes_unknown_never_scheduled to None, run_after=None
[2025-08-03T20:33:07.224+0000] {logging_mixin.py:188} INFO - [2025-08-03T20:33:07.218+0000] {dag.py:3954} INFO - Setting next_dagrun for dataset_produces_1 to 2025-08-02 00:00:00+00:00, run_after=2025-08-03 00:00:00+00:00
[2025-08-03T20:33:07.251+0000] {logging_mixin.py:188} INFO - [2025-08-03T20:33:07.250+0000] {dag.py:3954} INFO - Setting next_dagrun for dataset_produces_2 to None, run_after=None
[2025-08-03T20:33:07.405+0000] {processor.py:183} INFO - Processing /home/airflow/.local/lib/python3.12/site-packages/airflow/example_dags/example_datasets.py took 1.191 seconds
[2025-08-03T20:33:38.068+0000] {processor.py:161} INFO - Started process (PID=156) to work on /home/airflow/.local/lib/python3.12/site-packages/airflow/example_dags/example_datasets.py
[2025-08-03T20:33:38.070+0000] {processor.py:830} INFO - Processing file /home/airflow/.local/lib/python3.12/site-packages/airflow/example_dags/example_datasets.py for tasks to queue
[2025-08-03T20:33:38.072+0000] {logging_mixin.py:188} INFO - [2025-08-03T20:33:38.072+0000] {dagbag.py:545} INFO - Filling up the DagBag from /home/airflow/.local/lib/python3.12/site-packages/airflow/example_dags/example_datasets.py
[2025-08-03T20:33:38.109+0000] {processor.py:840} INFO - DAG(s) 'consume_1_or_both_2_and_3_with_dataset_expressions', 'dataset_consumes_1_never_scheduled', 'dataset_consumes_1', 'dataset_produces_2', 'consume_1_or_2_with_dataset_expressions', 'conditional_dataset_and_time_based_timetable', 'dataset_produces_1', 'dataset_consumes_unknown_never_scheduled', 'consume_1_and_2_with_dataset_expressions', 'dataset_consumes_1_and_2' retrieved from /home/airflow/.local/lib/python3.12/site-packages/airflow/example_dags/example_datasets.py
[2025-08-03T20:33:38.198+0000] {logging_mixin.py:188} INFO - [2025-08-03T20:33:38.198+0000] {dag.py:3096} INFO - Sync 10 DAGs
[2025-08-03T20:33:38.232+0000] {logging_mixin.py:188} INFO - [2025-08-03T20:33:38.232+0000] {dag.py:3954} INFO - Setting next_dagrun for conditional_dataset_and_time_based_timetable to 2025-07-30 01:00:00+00:00, run_after=2025-07-30 01:00:00+00:00
[2025-08-03T20:33:38.236+0000] {logging_mixin.py:188} INFO - [2025-08-03T20:33:38.236+0000] {dag.py:3954} INFO - Setting next_dagrun for consume_1_and_2_with_dataset_expressions to None, run_after=None
[2025-08-03T20:33:38.238+0000] {logging_mixin.py:188} INFO - [2025-08-03T20:33:38.238+0000] {dag.py:3954} INFO - Setting next_dagrun for consume_1_or_2_with_dataset_expressions to None, run_after=None
[2025-08-03T20:33:38.239+0000] {logging_mixin.py:188} INFO - [2025-08-03T20:33:38.239+0000] {dag.py:3954} INFO - Setting next_dagrun for consume_1_or_both_2_and_3_with_dataset_expressions to None, run_after=None
[2025-08-03T20:33:38.241+0000] {logging_mixin.py:188} INFO - [2025-08-03T20:33:38.241+0000] {dag.py:3954} INFO - Setting next_dagrun for dataset_consumes_1 to None, run_after=None
[2025-08-03T20:33:38.242+0000] {logging_mixin.py:188} INFO - [2025-08-03T20:33:38.242+0000] {dag.py:3954} INFO - Setting next_dagrun for dataset_consumes_1_and_2 to None, run_after=None
[2025-08-03T20:33:38.244+0000] {logging_mixin.py:188} INFO - [2025-08-03T20:33:38.244+0000] {dag.py:3954} INFO - Setting next_dagrun for dataset_consumes_1_never_scheduled to None, run_after=None
[2025-08-03T20:33:38.247+0000] {logging_mixin.py:188} INFO - [2025-08-03T20:33:38.246+0000] {dag.py:3954} INFO - Setting next_dagrun for dataset_consumes_unknown_never_scheduled to None, run_after=None
[2025-08-03T20:33:38.248+0000] {logging_mixin.py:188} INFO - [2025-08-03T20:33:38.248+0000] {dag.py:3954} INFO - Setting next_dagrun for dataset_produces_1 to 2025-08-02 00:00:00+00:00, run_after=2025-08-03 00:00:00+00:00
[2025-08-03T20:33:38.250+0000] {logging_mixin.py:188} INFO - [2025-08-03T20:33:38.250+0000] {dag.py:3954} INFO - Setting next_dagrun for dataset_produces_2 to None, run_after=None
[2025-08-03T20:33:38.285+0000] {processor.py:183} INFO - Processing /home/airflow/.local/lib/python3.12/site-packages/airflow/example_dags/example_datasets.py took 0.225 seconds
[2025-08-03T20:34:11.997+0000] {processor.py:161} INFO - Started process (PID=214) to work on /home/airflow/.local/lib/python3.12/site-packages/airflow/example_dags/example_datasets.py
[2025-08-03T20:34:12.024+0000] {processor.py:830} INFO - Processing file /home/airflow/.local/lib/python3.12/site-packages/airflow/example_dags/example_datasets.py for tasks to queue
[2025-08-03T20:34:12.080+0000] {logging_mixin.py:188} INFO - [2025-08-03T20:34:12.075+0000] {dagbag.py:545} INFO - Filling up the DagBag from /home/airflow/.local/lib/python3.12/site-packages/airflow/example_dags/example_datasets.py
[2025-08-03T20:34:12.332+0000] {processor.py:840} INFO - DAG(s) 'dataset_consumes_1_and_2', 'dataset_produces_1', 'conditional_dataset_and_time_based_timetable', 'consume_1_or_2_with_dataset_expressions', 'dataset_consumes_1', 'dataset_produces_2', 'consume_1_or_both_2_and_3_with_dataset_expressions', 'dataset_consumes_1_never_scheduled', 'dataset_consumes_unknown_never_scheduled', 'consume_1_and_2_with_dataset_expressions' retrieved from /home/airflow/.local/lib/python3.12/site-packages/airflow/example_dags/example_datasets.py
[2025-08-03T20:34:12.956+0000] {logging_mixin.py:188} INFO - [2025-08-03T20:34:12.950+0000] {dag.py:3096} INFO - Sync 10 DAGs
[2025-08-03T20:34:13.703+0000] {logging_mixin.py:188} INFO - [2025-08-03T20:34:13.695+0000] {dag.py:3954} INFO - Setting next_dagrun for conditional_dataset_and_time_based_timetable to 2025-07-30 01:00:00+00:00, run_after=2025-07-30 01:00:00+00:00
[2025-08-03T20:34:13.741+0000] {logging_mixin.py:188} INFO - [2025-08-03T20:34:13.740+0000] {dag.py:3954} INFO - Setting next_dagrun for consume_1_and_2_with_dataset_expressions to None, run_after=None
[2025-08-03T20:34:13.811+0000] {logging_mixin.py:188} INFO - [2025-08-03T20:34:13.810+0000] {dag.py:3954} INFO - Setting next_dagrun for consume_1_or_2_with_dataset_expressions to None, run_after=None
[2025-08-03T20:34:13.857+0000] {logging_mixin.py:188} INFO - [2025-08-03T20:34:13.856+0000] {dag.py:3954} INFO - Setting next_dagrun for consume_1_or_both_2_and_3_with_dataset_expressions to None, run_after=None
[2025-08-03T20:34:13.911+0000] {logging_mixin.py:188} INFO - [2025-08-03T20:34:13.910+0000] {dag.py:3954} INFO - Setting next_dagrun for dataset_consumes_1 to None, run_after=None
[2025-08-03T20:34:13.963+0000] {logging_mixin.py:188} INFO - [2025-08-03T20:34:13.958+0000] {dag.py:3954} INFO - Setting next_dagrun for dataset_consumes_1_and_2 to None, run_after=None
[2025-08-03T20:34:13.975+0000] {logging_mixin.py:188} INFO - [2025-08-03T20:34:13.974+0000] {dag.py:3954} INFO - Setting next_dagrun for dataset_consumes_1_never_scheduled to None, run_after=None
[2025-08-03T20:34:14.118+0000] {logging_mixin.py:188} INFO - [2025-08-03T20:34:14.082+0000] {dag.py:3954} INFO - Setting next_dagrun for dataset_consumes_unknown_never_scheduled to None, run_after=None
[2025-08-03T20:34:14.222+0000] {logging_mixin.py:188} INFO - [2025-08-03T20:34:14.222+0000] {dag.py:3954} INFO - Setting next_dagrun for dataset_produces_1 to 2025-08-02 00:00:00+00:00, run_after=2025-08-03 00:00:00+00:00
[2025-08-03T20:34:14.256+0000] {logging_mixin.py:188} INFO - [2025-08-03T20:34:14.253+0000] {dag.py:3954} INFO - Setting next_dagrun for dataset_produces_2 to None, run_after=None
[2025-08-03T20:34:15.941+0000] {processor.py:183} INFO - Processing /home/airflow/.local/lib/python3.12/site-packages/airflow/example_dags/example_datasets.py took 3.984 seconds
[2025-08-03T20:39:27.216+0000] {processor.py:161} INFO - Started process (PID=328) to work on /home/airflow/.local/lib/python3.12/site-packages/airflow/example_dags/example_datasets.py
[2025-08-03T20:39:27.250+0000] {processor.py:830} INFO - Processing file /home/airflow/.local/lib/python3.12/site-packages/airflow/example_dags/example_datasets.py for tasks to queue
[2025-08-03T20:39:27.296+0000] {logging_mixin.py:188} INFO - [2025-08-03T20:39:27.287+0000] {dagbag.py:545} INFO - Filling up the DagBag from /home/airflow/.local/lib/python3.12/site-packages/airflow/example_dags/example_datasets.py
[2025-08-03T20:39:27.595+0000] {processor.py:840} INFO - DAG(s) 'consume_1_and_2_with_dataset_expressions', 'dataset_produces_2', 'dataset_consumes_unknown_never_scheduled', 'dataset_consumes_1_and_2', 'dataset_consumes_1_never_scheduled', 'consume_1_or_2_with_dataset_expressions', 'consume_1_or_both_2_and_3_with_dataset_expressions', 'dataset_produces_1', 'conditional_dataset_and_time_based_timetable', 'dataset_consumes_1' retrieved from /home/airflow/.local/lib/python3.12/site-packages/airflow/example_dags/example_datasets.py
[2025-08-03T20:39:28.401+0000] {logging_mixin.py:188} INFO - [2025-08-03T20:39:28.386+0000] {dag.py:3096} INFO - Sync 10 DAGs
[2025-08-03T20:39:29.056+0000] {logging_mixin.py:188} INFO - [2025-08-03T20:39:29.055+0000] {dag.py:3954} INFO - Setting next_dagrun for conditional_dataset_and_time_based_timetable to 2025-07-30 01:00:00+00:00, run_after=2025-07-30 01:00:00+00:00
[2025-08-03T20:39:29.143+0000] {logging_mixin.py:188} INFO - [2025-08-03T20:39:29.143+0000] {dag.py:3954} INFO - Setting next_dagrun for consume_1_and_2_with_dataset_expressions to None, run_after=None
[2025-08-03T20:39:29.171+0000] {logging_mixin.py:188} INFO - [2025-08-03T20:39:29.168+0000] {dag.py:3954} INFO - Setting next_dagrun for consume_1_or_2_with_dataset_expressions to None, run_after=None
[2025-08-03T20:39:29.199+0000] {logging_mixin.py:188} INFO - [2025-08-03T20:39:29.197+0000] {dag.py:3954} INFO - Setting next_dagrun for consume_1_or_both_2_and_3_with_dataset_expressions to None, run_after=None
[2025-08-03T20:39:29.212+0000] {logging_mixin.py:188} INFO - [2025-08-03T20:39:29.209+0000] {dag.py:3954} INFO - Setting next_dagrun for dataset_consumes_1 to None, run_after=None
[2025-08-03T20:39:29.227+0000] {logging_mixin.py:188} INFO - [2025-08-03T20:39:29.226+0000] {dag.py:3954} INFO - Setting next_dagrun for dataset_consumes_1_and_2 to None, run_after=None
[2025-08-03T20:39:29.248+0000] {logging_mixin.py:188} INFO - [2025-08-03T20:39:29.248+0000] {dag.py:3954} INFO - Setting next_dagrun for dataset_consumes_1_never_scheduled to None, run_after=None
[2025-08-03T20:39:29.271+0000] {logging_mixin.py:188} INFO - [2025-08-03T20:39:29.254+0000] {dag.py:3954} INFO - Setting next_dagrun for dataset_consumes_unknown_never_scheduled to None, run_after=None
[2025-08-03T20:39:29.310+0000] {logging_mixin.py:188} INFO - [2025-08-03T20:39:29.310+0000] {dag.py:3954} INFO - Setting next_dagrun for dataset_produces_1 to 2025-08-02 00:00:00+00:00, run_after=2025-08-03 00:00:00+00:00
[2025-08-03T20:39:29.381+0000] {logging_mixin.py:188} INFO - [2025-08-03T20:39:29.363+0000] {dag.py:3954} INFO - Setting next_dagrun for dataset_produces_2 to None, run_after=None
[2025-08-03T20:39:30.434+0000] {processor.py:183} INFO - Processing /home/airflow/.local/lib/python3.12/site-packages/airflow/example_dags/example_datasets.py took 3.425 seconds
[2025-08-03T20:44:16.323+0000] {processor.py:161} INFO - Started process (PID=396) to work on /home/airflow/.local/lib/python3.12/site-packages/airflow/example_dags/example_datasets.py
[2025-08-03T20:44:16.359+0000] {processor.py:830} INFO - Processing file /home/airflow/.local/lib/python3.12/site-packages/airflow/example_dags/example_datasets.py for tasks to queue
[2025-08-03T20:44:16.539+0000] {logging_mixin.py:188} INFO - [2025-08-03T20:44:16.503+0000] {dagbag.py:545} INFO - Filling up the DagBag from /home/airflow/.local/lib/python3.12/site-packages/airflow/example_dags/example_datasets.py
[2025-08-03T20:44:16.713+0000] {processor.py:840} INFO - DAG(s) 'dataset_consumes_unknown_never_scheduled', 'consume_1_and_2_with_dataset_expressions', 'dataset_consumes_1_and_2', 'dataset_consumes_1_never_scheduled', 'consume_1_or_both_2_and_3_with_dataset_expressions', 'consume_1_or_2_with_dataset_expressions', 'conditional_dataset_and_time_based_timetable', 'dataset_produces_1', 'dataset_consumes_1', 'dataset_produces_2' retrieved from /home/airflow/.local/lib/python3.12/site-packages/airflow/example_dags/example_datasets.py
[2025-08-03T20:44:19.536+0000] {logging_mixin.py:188} INFO - [2025-08-03T20:44:19.516+0000] {dag.py:3096} INFO - Sync 10 DAGs
[2025-08-03T20:44:24.298+0000] {logging_mixin.py:188} INFO - [2025-08-03T20:44:24.286+0000] {dag.py:3954} INFO - Setting next_dagrun for conditional_dataset_and_time_based_timetable to 2025-07-30 01:00:00+00:00, run_after=2025-07-30 01:00:00+00:00
[2025-08-03T20:44:24.381+0000] {logging_mixin.py:188} INFO - [2025-08-03T20:44:24.380+0000] {dag.py:3954} INFO - Setting next_dagrun for consume_1_and_2_with_dataset_expressions to None, run_after=None
[2025-08-03T20:44:24.401+0000] {logging_mixin.py:188} INFO - [2025-08-03T20:44:24.401+0000] {dag.py:3954} INFO - Setting next_dagrun for consume_1_or_2_with_dataset_expressions to None, run_after=None
[2025-08-03T20:44:24.466+0000] {logging_mixin.py:188} INFO - [2025-08-03T20:44:24.466+0000] {dag.py:3954} INFO - Setting next_dagrun for consume_1_or_both_2_and_3_with_dataset_expressions to None, run_after=None
[2025-08-03T20:44:24.475+0000] {logging_mixin.py:188} INFO - [2025-08-03T20:44:24.474+0000] {dag.py:3954} INFO - Setting next_dagrun for dataset_consumes_1 to None, run_after=None
[2025-08-03T20:44:24.482+0000] {logging_mixin.py:188} INFO - [2025-08-03T20:44:24.482+0000] {dag.py:3954} INFO - Setting next_dagrun for dataset_consumes_1_and_2 to None, run_after=None
[2025-08-03T20:44:24.490+0000] {logging_mixin.py:188} INFO - [2025-08-03T20:44:24.489+0000] {dag.py:3954} INFO - Setting next_dagrun for dataset_consumes_1_never_scheduled to None, run_after=None
[2025-08-03T20:44:24.499+0000] {logging_mixin.py:188} INFO - [2025-08-03T20:44:24.497+0000] {dag.py:3954} INFO - Setting next_dagrun for dataset_consumes_unknown_never_scheduled to None, run_after=None
[2025-08-03T20:44:24.512+0000] {logging_mixin.py:188} INFO - [2025-08-03T20:44:24.508+0000] {dag.py:3954} INFO - Setting next_dagrun for dataset_produces_1 to 2025-08-02 00:00:00+00:00, run_after=2025-08-03 00:00:00+00:00
[2025-08-03T20:44:24.528+0000] {logging_mixin.py:188} INFO - [2025-08-03T20:44:24.528+0000] {dag.py:3954} INFO - Setting next_dagrun for dataset_produces_2 to None, run_after=None
[2025-08-03T20:45:01.629+0000] {processor.py:183} INFO - Processing /home/airflow/.local/lib/python3.12/site-packages/airflow/example_dags/example_datasets.py took 45.472 seconds
[2025-08-03T20:48:55.438+0000] {processor.py:161} INFO - Started process (PID=474) to work on /home/airflow/.local/lib/python3.12/site-packages/airflow/example_dags/example_datasets.py
[2025-08-03T20:48:55.531+0000] {processor.py:830} INFO - Processing file /home/airflow/.local/lib/python3.12/site-packages/airflow/example_dags/example_datasets.py for tasks to queue
[2025-08-03T20:48:55.548+0000] {logging_mixin.py:188} INFO - [2025-08-03T20:48:55.547+0000] {dagbag.py:545} INFO - Filling up the DagBag from /home/airflow/.local/lib/python3.12/site-packages/airflow/example_dags/example_datasets.py
[2025-08-03T20:48:56.664+0000] {processor.py:840} INFO - DAG(s) 'dataset_consumes_1', 'dataset_consumes_1_and_2', 'dataset_consumes_unknown_never_scheduled', 'consume_1_or_both_2_and_3_with_dataset_expressions', 'dataset_consumes_1_never_scheduled', 'consume_1_and_2_with_dataset_expressions', 'conditional_dataset_and_time_based_timetable', 'dataset_produces_1', 'consume_1_or_2_with_dataset_expressions', 'dataset_produces_2' retrieved from /home/airflow/.local/lib/python3.12/site-packages/airflow/example_dags/example_datasets.py
[2025-08-03T20:48:58.053+0000] {logging_mixin.py:188} INFO - [2025-08-03T20:48:58.046+0000] {dag.py:3096} INFO - Sync 10 DAGs
[2025-08-03T20:48:59.029+0000] {logging_mixin.py:188} INFO - [2025-08-03T20:48:59.022+0000] {dag.py:3954} INFO - Setting next_dagrun for conditional_dataset_and_time_based_timetable to 2025-07-30 01:00:00+00:00, run_after=2025-07-30 01:00:00+00:00
[2025-08-03T20:48:59.091+0000] {logging_mixin.py:188} INFO - [2025-08-03T20:48:59.086+0000] {dag.py:3954} INFO - Setting next_dagrun for consume_1_and_2_with_dataset_expressions to None, run_after=None
[2025-08-03T20:48:59.176+0000] {logging_mixin.py:188} INFO - [2025-08-03T20:48:59.176+0000] {dag.py:3954} INFO - Setting next_dagrun for consume_1_or_2_with_dataset_expressions to None, run_after=None
[2025-08-03T20:48:59.188+0000] {logging_mixin.py:188} INFO - [2025-08-03T20:48:59.188+0000] {dag.py:3954} INFO - Setting next_dagrun for consume_1_or_both_2_and_3_with_dataset_expressions to None, run_after=None
[2025-08-03T20:48:59.251+0000] {logging_mixin.py:188} INFO - [2025-08-03T20:48:59.251+0000] {dag.py:3954} INFO - Setting next_dagrun for dataset_consumes_1 to None, run_after=None
[2025-08-03T20:48:59.374+0000] {logging_mixin.py:188} INFO - [2025-08-03T20:48:59.373+0000] {dag.py:3954} INFO - Setting next_dagrun for dataset_consumes_1_and_2 to None, run_after=None
[2025-08-03T20:48:59.492+0000] {logging_mixin.py:188} INFO - [2025-08-03T20:48:59.486+0000] {dag.py:3954} INFO - Setting next_dagrun for dataset_consumes_1_never_scheduled to None, run_after=None
[2025-08-03T20:48:59.536+0000] {logging_mixin.py:188} INFO - [2025-08-03T20:48:59.536+0000] {dag.py:3954} INFO - Setting next_dagrun for dataset_consumes_unknown_never_scheduled to None, run_after=None
[2025-08-03T20:48:59.565+0000] {logging_mixin.py:188} INFO - [2025-08-03T20:48:59.565+0000] {dag.py:3954} INFO - Setting next_dagrun for dataset_produces_1 to 2025-08-02 00:00:00+00:00, run_after=2025-08-03 00:00:00+00:00
[2025-08-03T20:48:59.605+0000] {logging_mixin.py:188} INFO - [2025-08-03T20:48:59.583+0000] {dag.py:3954} INFO - Setting next_dagrun for dataset_produces_2 to None, run_after=None
[2025-08-03T20:49:00.850+0000] {processor.py:183} INFO - Processing /home/airflow/.local/lib/python3.12/site-packages/airflow/example_dags/example_datasets.py took 5.566 seconds
[2025-08-03T23:58:02.417+0000] {processor.py:161} INFO - Started process (PID=593) to work on /home/airflow/.local/lib/python3.12/site-packages/airflow/example_dags/example_datasets.py
[2025-08-03T23:58:02.503+0000] {processor.py:830} INFO - Processing file /home/airflow/.local/lib/python3.12/site-packages/airflow/example_dags/example_datasets.py for tasks to queue
[2025-08-03T23:58:03.578+0000] {logging_mixin.py:188} INFO - [2025-08-03T23:58:02.930+0000] {dagbag.py:545} INFO - Filling up the DagBag from /home/airflow/.local/lib/python3.12/site-packages/airflow/example_dags/example_datasets.py
[2025-08-03T23:58:18.678+0000] {processor.py:840} INFO - DAG(s) 'dataset_consumes_1_and_2', 'consume_1_or_2_with_dataset_expressions', 'dataset_produces_1', 'dataset_consumes_1', 'consume_1_or_both_2_and_3_with_dataset_expressions', 'dataset_produces_2', 'dataset_consumes_unknown_never_scheduled', 'dataset_consumes_1_never_scheduled', 'consume_1_and_2_with_dataset_expressions', 'conditional_dataset_and_time_based_timetable' retrieved from /home/airflow/.local/lib/python3.12/site-packages/airflow/example_dags/example_datasets.py
