[2025-08-03T19:47:18.779+0000] {processor.py:161} INFO - Started process (PID=129) to work on /home/airflow/.local/lib/python3.12/site-packages/airflow/example_dags/example_xcom.py
[2025-08-03T19:47:18.783+0000] {processor.py:830} INFO - Processing file /home/airflow/.local/lib/python3.12/site-packages/airflow/example_dags/example_xcom.py for tasks to queue
[2025-08-03T19:47:18.879+0000] {logging_mixin.py:188} INFO - [2025-08-03T19:47:18.866+0000] {dagbag.py:545} INFO - Filling up the DagBag from /home/airflow/.local/lib/python3.12/site-packages/airflow/example_dags/example_xcom.py
[2025-08-03T19:47:18.977+0000] {processor.py:840} INFO - DAG(s) 'example_xcom' retrieved from /home/airflow/.local/lib/python3.12/site-packages/airflow/example_dags/example_xcom.py
[2025-08-03T19:47:19.192+0000] {logging_mixin.py:188} INFO - [2025-08-03T19:47:19.191+0000] {dag.py:3096} INFO - Sync 1 DAGs
[2025-08-03T19:47:19.497+0000] {logging_mixin.py:188} INFO - [2025-08-03T19:47:19.495+0000] {dag.py:3954} INFO - Setting next_dagrun for example_xcom to 2021-01-01 00:00:00+00:00, run_after=2021-01-01 00:00:00+00:00
[2025-08-03T19:47:19.572+0000] {processor.py:183} INFO - Processing /home/airflow/.local/lib/python3.12/site-packages/airflow/example_dags/example_xcom.py took 0.888 seconds
[2025-08-03T19:48:41.840+0000] {processor.py:161} INFO - Started process (PID=196) to work on /home/airflow/.local/lib/python3.12/site-packages/airflow/example_dags/example_xcom.py
[2025-08-03T19:48:41.862+0000] {processor.py:830} INFO - Processing file /home/airflow/.local/lib/python3.12/site-packages/airflow/example_dags/example_xcom.py for tasks to queue
[2025-08-03T19:48:41.906+0000] {logging_mixin.py:188} INFO - [2025-08-03T19:48:41.903+0000] {dagbag.py:545} INFO - Filling up the DagBag from /home/airflow/.local/lib/python3.12/site-packages/airflow/example_dags/example_xcom.py
[2025-08-03T19:48:42.046+0000] {processor.py:840} INFO - DAG(s) 'example_xcom' retrieved from /home/airflow/.local/lib/python3.12/site-packages/airflow/example_dags/example_xcom.py
[2025-08-03T19:48:42.885+0000] {logging_mixin.py:188} INFO - [2025-08-03T19:48:42.884+0000] {dag.py:3096} INFO - Sync 1 DAGs
[2025-08-03T19:48:44.042+0000] {logging_mixin.py:188} INFO - [2025-08-03T19:48:43.973+0000] {dag.py:3954} INFO - Setting next_dagrun for example_xcom to 2021-01-01 00:00:00+00:00, run_after=2021-01-01 00:00:00+00:00
[2025-08-03T19:48:44.545+0000] {processor.py:183} INFO - Processing /home/airflow/.local/lib/python3.12/site-packages/airflow/example_dags/example_xcom.py took 2.998 seconds
[2025-08-03T20:22:47.986+0000] {processor.py:161} INFO - Started process (PID=338) to work on /home/airflow/.local/lib/python3.12/site-packages/airflow/example_dags/example_xcom.py
[2025-08-03T20:22:48.234+0000] {processor.py:830} INFO - Processing file /home/airflow/.local/lib/python3.12/site-packages/airflow/example_dags/example_xcom.py for tasks to queue
[2025-08-03T20:22:48.570+0000] {logging_mixin.py:188} INFO - [2025-08-03T20:22:48.263+0000] {dagbag.py:545} INFO - Filling up the DagBag from /home/airflow/.local/lib/python3.12/site-packages/airflow/example_dags/example_xcom.py
[2025-08-03T20:22:52.110+0000] {processor.py:840} INFO - DAG(s) 'example_xcom' retrieved from /home/airflow/.local/lib/python3.12/site-packages/airflow/example_dags/example_xcom.py
[2025-08-03T20:23:05.331+0000] {logging_mixin.py:188} INFO - [2025-08-03T20:23:05.286+0000] {dag.py:3096} INFO - Sync 1 DAGs
[2025-08-03T20:23:08.509+0000] {logging_mixin.py:188} INFO - [2025-08-03T20:23:08.500+0000] {dag.py:3954} INFO - Setting next_dagrun for example_xcom to 2021-01-01 00:00:00+00:00, run_after=2021-01-01 00:00:00+00:00
[2025-08-03T20:23:33.305+0000] {processor.py:183} INFO - Processing /home/airflow/.local/lib/python3.12/site-packages/airflow/example_dags/example_xcom.py took 29.869 seconds
[2025-08-03T20:33:15.929+0000] {processor.py:161} INFO - Started process (PID=115) to work on /home/airflow/.local/lib/python3.12/site-packages/airflow/example_dags/example_xcom.py
[2025-08-03T20:33:15.934+0000] {processor.py:830} INFO - Processing file /home/airflow/.local/lib/python3.12/site-packages/airflow/example_dags/example_xcom.py for tasks to queue
[2025-08-03T20:33:15.943+0000] {logging_mixin.py:188} INFO - [2025-08-03T20:33:15.943+0000] {dagbag.py:545} INFO - Filling up the DagBag from /home/airflow/.local/lib/python3.12/site-packages/airflow/example_dags/example_xcom.py
[2025-08-03T20:33:15.963+0000] {processor.py:840} INFO - DAG(s) 'example_xcom' retrieved from /home/airflow/.local/lib/python3.12/site-packages/airflow/example_dags/example_xcom.py
[2025-08-03T20:33:16.110+0000] {logging_mixin.py:188} INFO - [2025-08-03T20:33:16.110+0000] {dag.py:3096} INFO - Sync 1 DAGs
[2025-08-03T20:33:16.156+0000] {logging_mixin.py:188} INFO - [2025-08-03T20:33:16.155+0000] {dag.py:3954} INFO - Setting next_dagrun for example_xcom to 2021-01-01 00:00:00+00:00, run_after=2021-01-01 00:00:00+00:00
[2025-08-03T20:33:16.181+0000] {processor.py:183} INFO - Processing /home/airflow/.local/lib/python3.12/site-packages/airflow/example_dags/example_xcom.py took 0.262 seconds
[2025-08-03T20:33:47.206+0000] {processor.py:161} INFO - Started process (PID=173) to work on /home/airflow/.local/lib/python3.12/site-packages/airflow/example_dags/example_xcom.py
[2025-08-03T20:33:47.210+0000] {processor.py:830} INFO - Processing file /home/airflow/.local/lib/python3.12/site-packages/airflow/example_dags/example_xcom.py for tasks to queue
[2025-08-03T20:33:47.215+0000] {logging_mixin.py:188} INFO - [2025-08-03T20:33:47.214+0000] {dagbag.py:545} INFO - Filling up the DagBag from /home/airflow/.local/lib/python3.12/site-packages/airflow/example_dags/example_xcom.py
[2025-08-03T20:33:47.245+0000] {processor.py:840} INFO - DAG(s) 'example_xcom' retrieved from /home/airflow/.local/lib/python3.12/site-packages/airflow/example_dags/example_xcom.py
[2025-08-03T20:33:47.334+0000] {logging_mixin.py:188} INFO - [2025-08-03T20:33:47.334+0000] {dag.py:3096} INFO - Sync 1 DAGs
[2025-08-03T20:33:47.405+0000] {logging_mixin.py:188} INFO - [2025-08-03T20:33:47.404+0000] {dag.py:3954} INFO - Setting next_dagrun for example_xcom to 2021-01-01 00:00:00+00:00, run_after=2021-01-01 00:00:00+00:00
[2025-08-03T20:33:47.427+0000] {processor.py:183} INFO - Processing /home/airflow/.local/lib/python3.12/site-packages/airflow/example_dags/example_xcom.py took 0.229 seconds
[2025-08-03T20:36:29.819+0000] {processor.py:161} INFO - Started process (PID=282) to work on /home/airflow/.local/lib/python3.12/site-packages/airflow/example_dags/example_xcom.py
[2025-08-03T20:36:30.472+0000] {processor.py:830} INFO - Processing file /home/airflow/.local/lib/python3.12/site-packages/airflow/example_dags/example_xcom.py for tasks to queue
[2025-08-03T20:36:30.831+0000] {logging_mixin.py:188} INFO - [2025-08-03T20:36:30.600+0000] {dagbag.py:545} INFO - Filling up the DagBag from /home/airflow/.local/lib/python3.12/site-packages/airflow/example_dags/example_xcom.py
[2025-08-03T20:36:31.103+0000] {processor.py:840} INFO - DAG(s) 'example_xcom' retrieved from /home/airflow/.local/lib/python3.12/site-packages/airflow/example_dags/example_xcom.py
[2025-08-03T20:36:33.338+0000] {logging_mixin.py:188} INFO - [2025-08-03T20:36:33.313+0000] {dag.py:3096} INFO - Sync 1 DAGs
[2025-08-03T20:36:33.848+0000] {logging_mixin.py:188} INFO - [2025-08-03T20:36:33.775+0000] {dag.py:3954} INFO - Setting next_dagrun for example_xcom to 2021-01-01 00:00:00+00:00, run_after=2021-01-01 00:00:00+00:00
[2025-08-03T20:36:37.707+0000] {processor.py:183} INFO - Processing /home/airflow/.local/lib/python3.12/site-packages/airflow/example_dags/example_xcom.py took 9.529 seconds
[2025-08-03T20:46:33.080+0000] {processor.py:161} INFO - Started process (PID=427) to work on /home/airflow/.local/lib/python3.12/site-packages/airflow/example_dags/example_xcom.py
[2025-08-03T20:46:33.096+0000] {processor.py:830} INFO - Processing file /home/airflow/.local/lib/python3.12/site-packages/airflow/example_dags/example_xcom.py for tasks to queue
[2025-08-03T20:46:33.165+0000] {logging_mixin.py:188} INFO - [2025-08-03T20:46:33.144+0000] {dagbag.py:545} INFO - Filling up the DagBag from /home/airflow/.local/lib/python3.12/site-packages/airflow/example_dags/example_xcom.py
[2025-08-03T20:46:33.586+0000] {processor.py:840} INFO - DAG(s) 'example_xcom' retrieved from /home/airflow/.local/lib/python3.12/site-packages/airflow/example_dags/example_xcom.py
[2025-08-03T20:46:35.047+0000] {logging_mixin.py:188} INFO - [2025-08-03T20:46:35.021+0000] {dag.py:3096} INFO - Sync 1 DAGs
[2025-08-03T20:46:35.895+0000] {logging_mixin.py:188} INFO - [2025-08-03T20:46:35.879+0000] {dag.py:3954} INFO - Setting next_dagrun for example_xcom to 2021-01-01 00:00:00+00:00, run_after=2021-01-01 00:00:00+00:00
[2025-08-03T20:46:37.089+0000] {processor.py:183} INFO - Processing /home/airflow/.local/lib/python3.12/site-packages/airflow/example_dags/example_xcom.py took 4.184 seconds
