[2025-08-03T19:46:43.200+0000] {processor.py:161} INFO - Started process (PID=102) to work on /home/airflow/.local/lib/python3.12/site-packages/airflow/example_dags/example_task_group.py
[2025-08-03T19:46:43.213+0000] {processor.py:830} INFO - Processing file /home/airflow/.local/lib/python3.12/site-packages/airflow/example_dags/example_task_group.py for tasks to queue
[2025-08-03T19:46:43.223+0000] {logging_mixin.py:188} INFO - [2025-08-03T19:46:43.222+0000] {dagbag.py:545} INFO - Filling up the DagBag from /home/airflow/.local/lib/python3.12/site-packages/airflow/example_dags/example_task_group.py
[2025-08-03T19:46:43.275+0000] {processor.py:840} INFO - DAG(s) 'example_task_group' retrieved from /home/airflow/.local/lib/python3.12/site-packages/airflow/example_dags/example_task_group.py
[2025-08-03T19:46:43.597+0000] {logging_mixin.py:188} INFO - [2025-08-03T19:46:43.596+0000] {dag.py:3096} INFO - Sync 1 DAGs
[2025-08-03T19:46:43.845+0000] {logging_mixin.py:188} INFO - [2025-08-03T19:46:43.844+0000] {dag.py:3954} INFO - Setting next_dagrun for example_task_group to 2025-08-02 00:00:00+00:00, run_after=2025-08-03 00:00:00+00:00
[2025-08-03T19:46:44.103+0000] {processor.py:183} INFO - Processing /home/airflow/.local/lib/python3.12/site-packages/airflow/example_dags/example_task_group.py took 0.961 seconds
[2025-08-03T19:48:03.193+0000] {processor.py:161} INFO - Started process (PID=167) to work on /home/airflow/.local/lib/python3.12/site-packages/airflow/example_dags/example_task_group.py
[2025-08-03T19:48:03.258+0000] {processor.py:830} INFO - Processing file /home/airflow/.local/lib/python3.12/site-packages/airflow/example_dags/example_task_group.py for tasks to queue
[2025-08-03T19:48:03.317+0000] {logging_mixin.py:188} INFO - [2025-08-03T19:48:03.315+0000] {dagbag.py:545} INFO - Filling up the DagBag from /home/airflow/.local/lib/python3.12/site-packages/airflow/example_dags/example_task_group.py
[2025-08-03T19:48:03.747+0000] {processor.py:840} INFO - DAG(s) 'example_task_group' retrieved from /home/airflow/.local/lib/python3.12/site-packages/airflow/example_dags/example_task_group.py
[2025-08-03T19:48:04.225+0000] {logging_mixin.py:188} INFO - [2025-08-03T19:48:04.221+0000] {dag.py:3096} INFO - Sync 1 DAGs
[2025-08-03T19:48:04.589+0000] {logging_mixin.py:188} INFO - [2025-08-03T19:48:04.589+0000] {dag.py:3954} INFO - Setting next_dagrun for example_task_group to 2025-08-02 00:00:00+00:00, run_after=2025-08-03 00:00:00+00:00
[2025-08-03T19:48:04.719+0000] {processor.py:183} INFO - Processing /home/airflow/.local/lib/python3.12/site-packages/airflow/example_dags/example_task_group.py took 1.551 seconds
[2025-08-03T19:50:42.030+0000] {processor.py:161} INFO - Started process (PID=245) to work on /home/airflow/.local/lib/python3.12/site-packages/airflow/example_dags/example_task_group.py
[2025-08-03T19:50:42.040+0000] {processor.py:830} INFO - Processing file /home/airflow/.local/lib/python3.12/site-packages/airflow/example_dags/example_task_group.py for tasks to queue
[2025-08-03T19:50:42.051+0000] {logging_mixin.py:188} INFO - [2025-08-03T19:50:42.050+0000] {dagbag.py:545} INFO - Filling up the DagBag from /home/airflow/.local/lib/python3.12/site-packages/airflow/example_dags/example_task_group.py
[2025-08-03T19:50:42.249+0000] {processor.py:840} INFO - DAG(s) 'example_task_group' retrieved from /home/airflow/.local/lib/python3.12/site-packages/airflow/example_dags/example_task_group.py
[2025-08-03T19:51:07.595+0000] {logging_mixin.py:188} INFO - [2025-08-03T19:51:07.378+0000] {dag.py:3096} INFO - Sync 1 DAGs
[2025-08-03T19:51:14.542+0000] {logging_mixin.py:188} INFO - [2025-08-03T19:51:14.180+0000] {dag.py:3954} INFO - Setting next_dagrun for example_task_group to 2025-08-02 00:00:00+00:00, run_after=2025-08-03 00:00:00+00:00
[2025-08-03T19:51:15.582+0000] {processor.py:183} INFO - Processing /home/airflow/.local/lib/python3.12/site-packages/airflow/example_dags/example_task_group.py took 33.563 seconds
[2025-08-03T20:16:27.288+0000] {processor.py:161} INFO - Started process (PID=312) to work on /home/airflow/.local/lib/python3.12/site-packages/airflow/example_dags/example_task_group.py
[2025-08-03T20:16:27.791+0000] {processor.py:830} INFO - Processing file /home/airflow/.local/lib/python3.12/site-packages/airflow/example_dags/example_task_group.py for tasks to queue
[2025-08-03T20:16:27.840+0000] {logging_mixin.py:188} INFO - [2025-08-03T20:16:27.802+0000] {dagbag.py:545} INFO - Filling up the DagBag from /home/airflow/.local/lib/python3.12/site-packages/airflow/example_dags/example_task_group.py
[2025-08-03T20:16:28.198+0000] {processor.py:840} INFO - DAG(s) 'example_task_group' retrieved from /home/airflow/.local/lib/python3.12/site-packages/airflow/example_dags/example_task_group.py
[2025-08-03T20:16:30.099+0000] {logging_mixin.py:188} INFO - [2025-08-03T20:16:30.083+0000] {dag.py:3096} INFO - Sync 1 DAGs
[2025-08-03T20:16:30.321+0000] {logging_mixin.py:188} INFO - [2025-08-03T20:16:30.313+0000] {dag.py:3954} INFO - Setting next_dagrun for example_task_group to 2025-08-02 00:00:00+00:00, run_after=2025-08-03 00:00:00+00:00
[2025-08-03T20:16:30.547+0000] {processor.py:183} INFO - Processing /home/airflow/.local/lib/python3.12/site-packages/airflow/example_dags/example_task_group.py took 3.315 seconds
[2025-08-03T20:33:03.799+0000] {processor.py:161} INFO - Started process (PID=94) to work on /home/airflow/.local/lib/python3.12/site-packages/airflow/example_dags/example_task_group.py
[2025-08-03T20:33:03.807+0000] {processor.py:830} INFO - Processing file /home/airflow/.local/lib/python3.12/site-packages/airflow/example_dags/example_task_group.py for tasks to queue
[2025-08-03T20:33:03.815+0000] {logging_mixin.py:188} INFO - [2025-08-03T20:33:03.814+0000] {dagbag.py:545} INFO - Filling up the DagBag from /home/airflow/.local/lib/python3.12/site-packages/airflow/example_dags/example_task_group.py
[2025-08-03T20:33:03.876+0000] {processor.py:840} INFO - DAG(s) 'example_task_group' retrieved from /home/airflow/.local/lib/python3.12/site-packages/airflow/example_dags/example_task_group.py
[2025-08-03T20:33:04.151+0000] {logging_mixin.py:188} INFO - [2025-08-03T20:33:04.127+0000] {dag.py:3096} INFO - Sync 1 DAGs
[2025-08-03T20:33:04.440+0000] {logging_mixin.py:188} INFO - [2025-08-03T20:33:04.427+0000] {dag.py:3954} INFO - Setting next_dagrun for example_task_group to 2025-08-02 00:00:00+00:00, run_after=2025-08-03 00:00:00+00:00
[2025-08-03T20:33:04.603+0000] {processor.py:183} INFO - Processing /home/airflow/.local/lib/python3.12/site-packages/airflow/example_dags/example_task_group.py took 0.822 seconds
[2025-08-03T20:33:34.844+0000] {processor.py:161} INFO - Started process (PID=152) to work on /home/airflow/.local/lib/python3.12/site-packages/airflow/example_dags/example_task_group.py
[2025-08-03T20:33:34.846+0000] {processor.py:830} INFO - Processing file /home/airflow/.local/lib/python3.12/site-packages/airflow/example_dags/example_task_group.py for tasks to queue
[2025-08-03T20:33:34.847+0000] {logging_mixin.py:188} INFO - [2025-08-03T20:33:34.847+0000] {dagbag.py:545} INFO - Filling up the DagBag from /home/airflow/.local/lib/python3.12/site-packages/airflow/example_dags/example_task_group.py
[2025-08-03T20:33:34.858+0000] {processor.py:840} INFO - DAG(s) 'example_task_group' retrieved from /home/airflow/.local/lib/python3.12/site-packages/airflow/example_dags/example_task_group.py
[2025-08-03T20:33:34.880+0000] {logging_mixin.py:188} INFO - [2025-08-03T20:33:34.880+0000] {dag.py:3096} INFO - Sync 1 DAGs
[2025-08-03T20:33:34.894+0000] {logging_mixin.py:188} INFO - [2025-08-03T20:33:34.893+0000] {dag.py:3954} INFO - Setting next_dagrun for example_task_group to 2025-08-02 00:00:00+00:00, run_after=2025-08-03 00:00:00+00:00
[2025-08-03T20:33:34.910+0000] {processor.py:183} INFO - Processing /home/airflow/.local/lib/python3.12/site-packages/airflow/example_dags/example_task_group.py took 0.071 seconds
[2025-08-03T20:34:10.293+0000] {processor.py:161} INFO - Started process (PID=210) to work on /home/airflow/.local/lib/python3.12/site-packages/airflow/example_dags/example_task_group.py
[2025-08-03T20:34:10.329+0000] {processor.py:830} INFO - Processing file /home/airflow/.local/lib/python3.12/site-packages/airflow/example_dags/example_task_group.py for tasks to queue
[2025-08-03T20:34:10.386+0000] {logging_mixin.py:188} INFO - [2025-08-03T20:34:10.382+0000] {dagbag.py:545} INFO - Filling up the DagBag from /home/airflow/.local/lib/python3.12/site-packages/airflow/example_dags/example_task_group.py
[2025-08-03T20:34:10.516+0000] {processor.py:840} INFO - DAG(s) 'example_task_group' retrieved from /home/airflow/.local/lib/python3.12/site-packages/airflow/example_dags/example_task_group.py
[2025-08-03T20:34:10.908+0000] {logging_mixin.py:188} INFO - [2025-08-03T20:34:10.905+0000] {dag.py:3096} INFO - Sync 1 DAGs
[2025-08-03T20:34:11.136+0000] {logging_mixin.py:188} INFO - [2025-08-03T20:34:11.136+0000] {dag.py:3954} INFO - Setting next_dagrun for example_task_group to 2025-08-02 00:00:00+00:00, run_after=2025-08-03 00:00:00+00:00
[2025-08-03T20:34:11.300+0000] {processor.py:183} INFO - Processing /home/airflow/.local/lib/python3.12/site-packages/airflow/example_dags/example_task_group.py took 1.042 seconds
[2025-08-03T20:35:39.306+0000] {processor.py:161} INFO - Started process (PID=270) to work on /home/airflow/.local/lib/python3.12/site-packages/airflow/example_dags/example_task_group.py
[2025-08-03T20:35:39.355+0000] {processor.py:830} INFO - Processing file /home/airflow/.local/lib/python3.12/site-packages/airflow/example_dags/example_task_group.py for tasks to queue
[2025-08-03T20:35:39.443+0000] {logging_mixin.py:188} INFO - [2025-08-03T20:35:39.423+0000] {dagbag.py:545} INFO - Filling up the DagBag from /home/airflow/.local/lib/python3.12/site-packages/airflow/example_dags/example_task_group.py
[2025-08-03T20:35:39.814+0000] {processor.py:840} INFO - DAG(s) 'example_task_group' retrieved from /home/airflow/.local/lib/python3.12/site-packages/airflow/example_dags/example_task_group.py
[2025-08-03T20:35:49.221+0000] {logging_mixin.py:188} INFO - [2025-08-03T20:35:48.885+0000] {dag.py:3096} INFO - Sync 1 DAGs
[2025-08-03T20:35:49.799+0000] {logging_mixin.py:188} INFO - [2025-08-03T20:35:49.709+0000] {dag.py:3954} INFO - Setting next_dagrun for example_task_group to 2025-08-02 00:00:00+00:00, run_after=2025-08-03 00:00:00+00:00
[2025-08-03T20:35:50.820+0000] {processor.py:183} INFO - Processing /home/airflow/.local/lib/python3.12/site-packages/airflow/example_dags/example_task_group.py took 11.867 seconds
[2025-08-03T20:38:36.385+0000] {processor.py:161} INFO - Started process (PID=325) to work on /home/airflow/.local/lib/python3.12/site-packages/airflow/example_dags/example_task_group.py
[2025-08-03T20:38:38.411+0000] {processor.py:830} INFO - Processing file /home/airflow/.local/lib/python3.12/site-packages/airflow/example_dags/example_task_group.py for tasks to queue
[2025-08-03T20:38:50.741+0000] {logging_mixin.py:188} INFO - [2025-08-03T20:38:45.181+0000] {dagbag.py:545} INFO - Filling up the DagBag from /home/airflow/.local/lib/python3.12/site-packages/airflow/example_dags/example_task_group.py
[2025-08-03T20:38:56.170+0000] {processor.py:840} INFO - DAG(s) 'example_task_group' retrieved from /home/airflow/.local/lib/python3.12/site-packages/airflow/example_dags/example_task_group.py
[2025-08-03T20:44:11.389+0000] {processor.py:161} INFO - Started process (PID=392) to work on /home/airflow/.local/lib/python3.12/site-packages/airflow/example_dags/example_task_group.py
[2025-08-03T20:44:11.394+0000] {processor.py:830} INFO - Processing file /home/airflow/.local/lib/python3.12/site-packages/airflow/example_dags/example_task_group.py for tasks to queue
[2025-08-03T20:44:11.403+0000] {logging_mixin.py:188} INFO - [2025-08-03T20:44:11.395+0000] {dagbag.py:545} INFO - Filling up the DagBag from /home/airflow/.local/lib/python3.12/site-packages/airflow/example_dags/example_task_group.py
[2025-08-03T20:44:11.452+0000] {processor.py:840} INFO - DAG(s) 'example_task_group' retrieved from /home/airflow/.local/lib/python3.12/site-packages/airflow/example_dags/example_task_group.py
[2025-08-03T20:44:13.659+0000] {logging_mixin.py:188} INFO - [2025-08-03T20:44:13.636+0000] {dag.py:3096} INFO - Sync 1 DAGs
[2025-08-03T20:44:14.004+0000] {logging_mixin.py:188} INFO - [2025-08-03T20:44:14.003+0000] {dag.py:3954} INFO - Setting next_dagrun for example_task_group to 2025-08-02 00:00:00+00:00, run_after=2025-08-03 00:00:00+00:00
[2025-08-03T20:44:15.080+0000] {processor.py:183} INFO - Processing /home/airflow/.local/lib/python3.12/site-packages/airflow/example_dags/example_task_group.py took 3.727 seconds
[2025-08-03T20:48:46.726+0000] {processor.py:161} INFO - Started process (PID=464) to work on /home/airflow/.local/lib/python3.12/site-packages/airflow/example_dags/example_task_group.py
[2025-08-03T20:48:46.743+0000] {processor.py:830} INFO - Processing file /home/airflow/.local/lib/python3.12/site-packages/airflow/example_dags/example_task_group.py for tasks to queue
[2025-08-03T20:48:46.757+0000] {logging_mixin.py:188} INFO - [2025-08-03T20:48:46.753+0000] {dagbag.py:545} INFO - Filling up the DagBag from /home/airflow/.local/lib/python3.12/site-packages/airflow/example_dags/example_task_group.py
[2025-08-03T20:48:47.548+0000] {processor.py:840} INFO - DAG(s) 'example_task_group' retrieved from /home/airflow/.local/lib/python3.12/site-packages/airflow/example_dags/example_task_group.py
[2025-08-03T20:48:48.458+0000] {logging_mixin.py:188} INFO - [2025-08-03T20:48:48.443+0000] {dag.py:3096} INFO - Sync 1 DAGs
[2025-08-03T20:48:49.063+0000] {logging_mixin.py:188} INFO - [2025-08-03T20:48:49.063+0000] {dag.py:3954} INFO - Setting next_dagrun for example_task_group to 2025-08-02 00:00:00+00:00, run_after=2025-08-03 00:00:00+00:00
[2025-08-03T20:48:49.818+0000] {processor.py:183} INFO - Processing /home/airflow/.local/lib/python3.12/site-packages/airflow/example_dags/example_task_group.py took 3.207 seconds
[2025-08-03T23:12:31.464+0000] {processor.py:161} INFO - Started process (PID=583) to work on /home/airflow/.local/lib/python3.12/site-packages/airflow/example_dags/example_task_group.py
[2025-08-03T23:12:31.512+0000] {processor.py:830} INFO - Processing file /home/airflow/.local/lib/python3.12/site-packages/airflow/example_dags/example_task_group.py for tasks to queue
[2025-08-03T23:12:31.547+0000] {logging_mixin.py:188} INFO - [2025-08-03T23:12:31.522+0000] {dagbag.py:545} INFO - Filling up the DagBag from /home/airflow/.local/lib/python3.12/site-packages/airflow/example_dags/example_task_group.py
[2025-08-03T23:12:32.197+0000] {processor.py:840} INFO - DAG(s) 'example_task_group' retrieved from /home/airflow/.local/lib/python3.12/site-packages/airflow/example_dags/example_task_group.py
[2025-08-03T23:12:44.613+0000] {logging_mixin.py:188} INFO - [2025-08-03T23:12:44.285+0000] {dag.py:3096} INFO - Sync 1 DAGs
[2025-08-03T23:19:58.472+0000] {logging_mixin.py:188} INFO - [2025-08-03T23:19:58.396+0000] {dag.py:3954} INFO - Setting next_dagrun for example_task_group to 2025-08-02 00:00:00+00:00, run_after=2025-08-03 00:00:00+00:00
[2025-08-03T23:20:03.029+0000] {processor.py:183} INFO - Processing /home/airflow/.local/lib/python3.12/site-packages/airflow/example_dags/example_task_group.py took 20.640 seconds
