[2025-08-03T19:46:23.136+0000] {processor.py:161} INFO - Started process (PID=87) to work on /home/airflow/.local/lib/python3.12/site-packages/airflow/example_dags/example_branch_operator.py
[2025-08-03T19:46:23.159+0000] {processor.py:830} INFO - Processing file /home/airflow/.local/lib/python3.12/site-packages/airflow/example_dags/example_branch_operator.py for tasks to queue
[2025-08-03T19:46:23.505+0000] {logging_mixin.py:188} INFO - [2025-08-03T19:46:23.504+0000] {dagbag.py:545} INFO - Filling up the DagBag from /home/airflow/.local/lib/python3.12/site-packages/airflow/example_dags/example_branch_operator.py
[2025-08-03T19:46:23.931+0000] {processor.py:840} INFO - DAG(s) 'example_branch_operator' retrieved from /home/airflow/.local/lib/python3.12/site-packages/airflow/example_dags/example_branch_operator.py
[2025-08-03T19:46:29.640+0000] {logging_mixin.py:188} INFO - [2025-08-03T19:46:29.621+0000] {dag.py:3096} INFO - Sync 1 DAGs
[2025-08-03T19:46:30.114+0000] {logging_mixin.py:188} INFO - [2025-08-03T19:46:30.113+0000] {dag.py:3954} INFO - Setting next_dagrun for example_branch_operator to 2025-08-02 00:00:00+00:00, run_after=2025-08-03 00:00:00+00:00
[2025-08-03T19:46:30.503+0000] {processor.py:183} INFO - Processing /home/airflow/.local/lib/python3.12/site-packages/airflow/example_dags/example_branch_operator.py took 7.513 seconds
[2025-08-03T19:47:53.020+0000] {processor.py:161} INFO - Started process (PID=157) to work on /home/airflow/.local/lib/python3.12/site-packages/airflow/example_dags/example_branch_operator.py
[2025-08-03T19:47:53.023+0000] {processor.py:830} INFO - Processing file /home/airflow/.local/lib/python3.12/site-packages/airflow/example_dags/example_branch_operator.py for tasks to queue
[2025-08-03T19:47:53.034+0000] {logging_mixin.py:188} INFO - [2025-08-03T19:47:53.033+0000] {dagbag.py:545} INFO - Filling up the DagBag from /home/airflow/.local/lib/python3.12/site-packages/airflow/example_dags/example_branch_operator.py
[2025-08-03T19:47:53.133+0000] {processor.py:840} INFO - DAG(s) 'example_branch_operator' retrieved from /home/airflow/.local/lib/python3.12/site-packages/airflow/example_dags/example_branch_operator.py
[2025-08-03T19:47:53.261+0000] {logging_mixin.py:188} INFO - [2025-08-03T19:47:53.261+0000] {dag.py:3096} INFO - Sync 1 DAGs
[2025-08-03T19:47:53.470+0000] {logging_mixin.py:188} INFO - [2025-08-03T19:47:53.469+0000] {dag.py:3954} INFO - Setting next_dagrun for example_branch_operator to 2025-08-02 00:00:00+00:00, run_after=2025-08-03 00:00:00+00:00
[2025-08-03T19:47:53.777+0000] {processor.py:183} INFO - Processing /home/airflow/.local/lib/python3.12/site-packages/airflow/example_dags/example_branch_operator.py took 0.814 seconds
[2025-08-03T19:50:31.218+0000] {processor.py:161} INFO - Started process (PID=235) to work on /home/airflow/.local/lib/python3.12/site-packages/airflow/example_dags/example_branch_operator.py
[2025-08-03T19:50:31.248+0000] {processor.py:830} INFO - Processing file /home/airflow/.local/lib/python3.12/site-packages/airflow/example_dags/example_branch_operator.py for tasks to queue
[2025-08-03T19:50:31.307+0000] {logging_mixin.py:188} INFO - [2025-08-03T19:50:31.303+0000] {dagbag.py:545} INFO - Filling up the DagBag from /home/airflow/.local/lib/python3.12/site-packages/airflow/example_dags/example_branch_operator.py
[2025-08-03T19:50:31.516+0000] {processor.py:840} INFO - DAG(s) 'example_branch_operator' retrieved from /home/airflow/.local/lib/python3.12/site-packages/airflow/example_dags/example_branch_operator.py
[2025-08-03T19:50:31.834+0000] {logging_mixin.py:188} INFO - [2025-08-03T19:50:31.834+0000] {dag.py:3096} INFO - Sync 1 DAGs
[2025-08-03T19:50:31.919+0000] {logging_mixin.py:188} INFO - [2025-08-03T19:50:31.919+0000] {dag.py:3954} INFO - Setting next_dagrun for example_branch_operator to 2025-08-02 00:00:00+00:00, run_after=2025-08-03 00:00:00+00:00
[2025-08-03T19:50:31.945+0000] {processor.py:183} INFO - Processing /home/airflow/.local/lib/python3.12/site-packages/airflow/example_dags/example_branch_operator.py took 0.770 seconds
[2025-08-03T20:16:17.301+0000] {processor.py:161} INFO - Started process (PID=302) to work on /home/airflow/.local/lib/python3.12/site-packages/airflow/example_dags/example_branch_operator.py
[2025-08-03T20:16:17.306+0000] {processor.py:830} INFO - Processing file /home/airflow/.local/lib/python3.12/site-packages/airflow/example_dags/example_branch_operator.py for tasks to queue
[2025-08-03T20:16:17.309+0000] {logging_mixin.py:188} INFO - [2025-08-03T20:16:17.307+0000] {dagbag.py:545} INFO - Filling up the DagBag from /home/airflow/.local/lib/python3.12/site-packages/airflow/example_dags/example_branch_operator.py
[2025-08-03T20:16:17.386+0000] {processor.py:840} INFO - DAG(s) 'example_branch_operator' retrieved from /home/airflow/.local/lib/python3.12/site-packages/airflow/example_dags/example_branch_operator.py
[2025-08-03T20:16:17.912+0000] {logging_mixin.py:188} INFO - [2025-08-03T20:16:17.911+0000] {dag.py:3096} INFO - Sync 1 DAGs
[2025-08-03T20:16:18.785+0000] {logging_mixin.py:188} INFO - [2025-08-03T20:16:18.785+0000] {dag.py:3954} INFO - Setting next_dagrun for example_branch_operator to 2025-08-02 00:00:00+00:00, run_after=2025-08-03 00:00:00+00:00
[2025-08-03T20:16:18.870+0000] {processor.py:183} INFO - Processing /home/airflow/.local/lib/python3.12/site-packages/airflow/example_dags/example_branch_operator.py took 1.585 seconds
[2025-08-03T20:33:00.285+0000] {processor.py:161} INFO - Started process (PID=84) to work on /home/airflow/.local/lib/python3.12/site-packages/airflow/example_dags/example_branch_operator.py
[2025-08-03T20:33:00.327+0000] {processor.py:830} INFO - Processing file /home/airflow/.local/lib/python3.12/site-packages/airflow/example_dags/example_branch_operator.py for tasks to queue
[2025-08-03T20:33:00.335+0000] {logging_mixin.py:188} INFO - [2025-08-03T20:33:00.335+0000] {dagbag.py:545} INFO - Filling up the DagBag from /home/airflow/.local/lib/python3.12/site-packages/airflow/example_dags/example_branch_operator.py
[2025-08-03T20:33:00.420+0000] {processor.py:840} INFO - DAG(s) 'example_branch_operator' retrieved from /home/airflow/.local/lib/python3.12/site-packages/airflow/example_dags/example_branch_operator.py
[2025-08-03T20:33:00.798+0000] {logging_mixin.py:188} INFO - [2025-08-03T20:33:00.798+0000] {dag.py:3096} INFO - Sync 1 DAGs
[2025-08-03T20:33:00.910+0000] {logging_mixin.py:188} INFO - [2025-08-03T20:33:00.910+0000] {dag.py:3954} INFO - Setting next_dagrun for example_branch_operator to 2025-08-02 00:00:00+00:00, run_after=2025-08-03 00:00:00+00:00
[2025-08-03T20:33:01.087+0000] {processor.py:183} INFO - Processing /home/airflow/.local/lib/python3.12/site-packages/airflow/example_dags/example_branch_operator.py took 0.838 seconds
[2025-08-03T20:33:31.483+0000] {processor.py:161} INFO - Started process (PID=142) to work on /home/airflow/.local/lib/python3.12/site-packages/airflow/example_dags/example_branch_operator.py
[2025-08-03T20:33:31.484+0000] {processor.py:830} INFO - Processing file /home/airflow/.local/lib/python3.12/site-packages/airflow/example_dags/example_branch_operator.py for tasks to queue
[2025-08-03T20:33:31.486+0000] {logging_mixin.py:188} INFO - [2025-08-03T20:33:31.485+0000] {dagbag.py:545} INFO - Filling up the DagBag from /home/airflow/.local/lib/python3.12/site-packages/airflow/example_dags/example_branch_operator.py
[2025-08-03T20:33:31.510+0000] {processor.py:840} INFO - DAG(s) 'example_branch_operator' retrieved from /home/airflow/.local/lib/python3.12/site-packages/airflow/example_dags/example_branch_operator.py
[2025-08-03T20:33:31.534+0000] {logging_mixin.py:188} INFO - [2025-08-03T20:33:31.534+0000] {dag.py:3096} INFO - Sync 1 DAGs
[2025-08-03T20:33:31.551+0000] {logging_mixin.py:188} INFO - [2025-08-03T20:33:31.550+0000] {dag.py:3954} INFO - Setting next_dagrun for example_branch_operator to 2025-08-02 00:00:00+00:00, run_after=2025-08-03 00:00:00+00:00
[2025-08-03T20:33:31.569+0000] {processor.py:183} INFO - Processing /home/airflow/.local/lib/python3.12/site-packages/airflow/example_dags/example_branch_operator.py took 0.090 seconds
[2025-08-03T20:34:02.982+0000] {processor.py:161} INFO - Started process (PID=200) to work on /home/airflow/.local/lib/python3.12/site-packages/airflow/example_dags/example_branch_operator.py
[2025-08-03T20:34:03.000+0000] {processor.py:830} INFO - Processing file /home/airflow/.local/lib/python3.12/site-packages/airflow/example_dags/example_branch_operator.py for tasks to queue
[2025-08-03T20:34:03.027+0000] {logging_mixin.py:188} INFO - [2025-08-03T20:34:03.025+0000] {dagbag.py:545} INFO - Filling up the DagBag from /home/airflow/.local/lib/python3.12/site-packages/airflow/example_dags/example_branch_operator.py
[2025-08-03T20:34:03.741+0000] {processor.py:840} INFO - DAG(s) 'example_branch_operator' retrieved from /home/airflow/.local/lib/python3.12/site-packages/airflow/example_dags/example_branch_operator.py
[2025-08-03T20:34:04.381+0000] {logging_mixin.py:188} INFO - [2025-08-03T20:34:04.358+0000] {dag.py:3096} INFO - Sync 1 DAGs
[2025-08-03T20:34:04.631+0000] {logging_mixin.py:188} INFO - [2025-08-03T20:34:04.631+0000] {dag.py:3954} INFO - Setting next_dagrun for example_branch_operator to 2025-08-02 00:00:00+00:00, run_after=2025-08-03 00:00:00+00:00
[2025-08-03T20:34:04.902+0000] {processor.py:183} INFO - Processing /home/airflow/.local/lib/python3.12/site-packages/airflow/example_dags/example_branch_operator.py took 2.052 seconds
[2025-08-03T20:35:03.817+0000] {processor.py:161} INFO - Started process (PID=255) to work on /home/airflow/.local/lib/python3.12/site-packages/airflow/example_dags/example_branch_operator.py
[2025-08-03T20:35:03.852+0000] {processor.py:830} INFO - Processing file /home/airflow/.local/lib/python3.12/site-packages/airflow/example_dags/example_branch_operator.py for tasks to queue
[2025-08-03T20:35:03.865+0000] {logging_mixin.py:188} INFO - [2025-08-03T20:35:03.864+0000] {dagbag.py:545} INFO - Filling up the DagBag from /home/airflow/.local/lib/python3.12/site-packages/airflow/example_dags/example_branch_operator.py
[2025-08-03T20:35:04.479+0000] {processor.py:840} INFO - DAG(s) 'example_branch_operator' retrieved from /home/airflow/.local/lib/python3.12/site-packages/airflow/example_dags/example_branch_operator.py
[2025-08-03T20:35:05.053+0000] {logging_mixin.py:188} INFO - [2025-08-03T20:35:05.034+0000] {dag.py:3096} INFO - Sync 1 DAGs
[2025-08-03T20:35:05.244+0000] {logging_mixin.py:188} INFO - [2025-08-03T20:35:05.243+0000] {dag.py:3954} INFO - Setting next_dagrun for example_branch_operator to 2025-08-02 00:00:00+00:00, run_after=2025-08-03 00:00:00+00:00
[2025-08-03T20:35:05.360+0000] {processor.py:183} INFO - Processing /home/airflow/.local/lib/python3.12/site-packages/airflow/example_dags/example_branch_operator.py took 1.758 seconds
[2025-08-03T20:37:40.179+0000] {processor.py:161} INFO - Started process (PID=309) to work on /home/airflow/.local/lib/python3.12/site-packages/airflow/example_dags/example_branch_operator.py
[2025-08-03T20:37:40.401+0000] {processor.py:830} INFO - Processing file /home/airflow/.local/lib/python3.12/site-packages/airflow/example_dags/example_branch_operator.py for tasks to queue
[2025-08-03T20:37:40.560+0000] {logging_mixin.py:188} INFO - [2025-08-03T20:37:40.558+0000] {dagbag.py:545} INFO - Filling up the DagBag from /home/airflow/.local/lib/python3.12/site-packages/airflow/example_dags/example_branch_operator.py
[2025-08-03T20:37:42.098+0000] {processor.py:840} INFO - DAG(s) 'example_branch_operator' retrieved from /home/airflow/.local/lib/python3.12/site-packages/airflow/example_dags/example_branch_operator.py
[2025-08-03T20:37:50.324+0000] {logging_mixin.py:188} INFO - [2025-08-03T20:37:50.146+0000] {dag.py:3096} INFO - Sync 1 DAGs
[2025-08-03T20:37:53.853+0000] {logging_mixin.py:188} INFO - [2025-08-03T20:37:53.656+0000] {dag.py:3954} INFO - Setting next_dagrun for example_branch_operator to 2025-08-02 00:00:00+00:00, run_after=2025-08-03 00:00:00+00:00
[2025-08-03T20:37:57.172+0000] {processor.py:183} INFO - Processing /home/airflow/.local/lib/python3.12/site-packages/airflow/example_dags/example_branch_operator.py took 18.114 seconds
[2025-08-03T20:43:58.330+0000] {processor.py:161} INFO - Started process (PID=382) to work on /home/airflow/.local/lib/python3.12/site-packages/airflow/example_dags/example_branch_operator.py
[2025-08-03T20:43:58.635+0000] {processor.py:830} INFO - Processing file /home/airflow/.local/lib/python3.12/site-packages/airflow/example_dags/example_branch_operator.py for tasks to queue
[2025-08-03T20:43:58.714+0000] {logging_mixin.py:188} INFO - [2025-08-03T20:43:58.713+0000] {dagbag.py:545} INFO - Filling up the DagBag from /home/airflow/.local/lib/python3.12/site-packages/airflow/example_dags/example_branch_operator.py
[2025-08-03T20:44:00.473+0000] {processor.py:840} INFO - DAG(s) 'example_branch_operator' retrieved from /home/airflow/.local/lib/python3.12/site-packages/airflow/example_dags/example_branch_operator.py
[2025-08-03T20:44:01.731+0000] {logging_mixin.py:188} INFO - [2025-08-03T20:44:01.729+0000] {dag.py:3096} INFO - Sync 1 DAGs
[2025-08-03T20:44:02.873+0000] {logging_mixin.py:188} INFO - [2025-08-03T20:44:02.846+0000] {dag.py:3954} INFO - Setting next_dagrun for example_branch_operator to 2025-08-02 00:00:00+00:00, run_after=2025-08-03 00:00:00+00:00
[2025-08-03T20:44:04.021+0000] {processor.py:183} INFO - Processing /home/airflow/.local/lib/python3.12/site-packages/airflow/example_dags/example_branch_operator.py took 5.741 seconds
[2025-08-03T20:48:35.736+0000] {processor.py:161} INFO - Started process (PID=454) to work on /home/airflow/.local/lib/python3.12/site-packages/airflow/example_dags/example_branch_operator.py
[2025-08-03T20:48:35.741+0000] {processor.py:830} INFO - Processing file /home/airflow/.local/lib/python3.12/site-packages/airflow/example_dags/example_branch_operator.py for tasks to queue
[2025-08-03T20:48:35.761+0000] {logging_mixin.py:188} INFO - [2025-08-03T20:48:35.761+0000] {dagbag.py:545} INFO - Filling up the DagBag from /home/airflow/.local/lib/python3.12/site-packages/airflow/example_dags/example_branch_operator.py
[2025-08-03T20:48:35.979+0000] {processor.py:840} INFO - DAG(s) 'example_branch_operator' retrieved from /home/airflow/.local/lib/python3.12/site-packages/airflow/example_dags/example_branch_operator.py
[2025-08-03T20:48:36.224+0000] {logging_mixin.py:188} INFO - [2025-08-03T20:48:36.223+0000] {dag.py:3096} INFO - Sync 1 DAGs
[2025-08-03T20:48:36.597+0000] {logging_mixin.py:188} INFO - [2025-08-03T20:48:36.596+0000] {dag.py:3954} INFO - Setting next_dagrun for example_branch_operator to 2025-08-02 00:00:00+00:00, run_after=2025-08-03 00:00:00+00:00
[2025-08-03T20:48:37.258+0000] {processor.py:183} INFO - Processing /home/airflow/.local/lib/python3.12/site-packages/airflow/example_dags/example_branch_operator.py took 1.536 seconds
[2025-08-03T20:54:17.951+0000] {processor.py:161} INFO - Started process (PID=543) to work on /home/airflow/.local/lib/python3.12/site-packages/airflow/example_dags/example_branch_operator.py
[2025-08-03T20:54:17.980+0000] {processor.py:830} INFO - Processing file /home/airflow/.local/lib/python3.12/site-packages/airflow/example_dags/example_branch_operator.py for tasks to queue
[2025-08-03T20:54:18.658+0000] {logging_mixin.py:188} INFO - [2025-08-03T20:54:17.999+0000] {dagbag.py:545} INFO - Filling up the DagBag from /home/airflow/.local/lib/python3.12/site-packages/airflow/example_dags/example_branch_operator.py
[2025-08-03T20:54:21.388+0000] {processor.py:840} INFO - DAG(s) 'example_branch_operator' retrieved from /home/airflow/.local/lib/python3.12/site-packages/airflow/example_dags/example_branch_operator.py
[2025-08-03T20:54:31.079+0000] {logging_mixin.py:188} INFO - [2025-08-03T20:54:30.524+0000] {dag.py:3096} INFO - Sync 1 DAGs
[2025-08-03T20:54:47.300+0000] {logging_mixin.py:188} INFO - [2025-08-03T20:54:47.147+0000] {dag.py:3954} INFO - Setting next_dagrun for example_branch_operator to 2025-08-02 00:00:00+00:00, run_after=2025-08-03 00:00:00+00:00
[2025-08-03T20:54:50.350+0000] {processor.py:183} INFO - Processing /home/airflow/.local/lib/python3.12/site-packages/airflow/example_dags/example_branch_operator.py took 32.973 seconds
