[2025-08-03T19:46:15.092+0000] {processor.py:161} INFO - Started process (PID=80) to work on /home/airflow/.local/lib/python3.12/site-packages/airflow/example_dags/example_task_group_decorator.py
[2025-08-03T19:46:15.120+0000] {processor.py:830} INFO - Processing file /home/airflow/.local/lib/python3.12/site-packages/airflow/example_dags/example_task_group_decorator.py for tasks to queue
[2025-08-03T19:46:15.143+0000] {logging_mixin.py:188} INFO - [2025-08-03T19:46:15.141+0000] {dagbag.py:545} INFO - Filling up the DagBag from /home/airflow/.local/lib/python3.12/site-packages/airflow/example_dags/example_task_group_decorator.py
[2025-08-03T19:46:15.429+0000] {processor.py:840} INFO - DAG(s) 'example_task_group_decorator' retrieved from /home/airflow/.local/lib/python3.12/site-packages/airflow/example_dags/example_task_group_decorator.py
[2025-08-03T19:46:15.843+0000] {logging_mixin.py:188} INFO - [2025-08-03T19:46:15.843+0000] {dag.py:3096} INFO - Sync 1 DAGs
[2025-08-03T19:46:16.291+0000] {logging_mixin.py:188} INFO - [2025-08-03T19:46:16.290+0000] {dag.py:3954} INFO - Setting next_dagrun for example_task_group_decorator to 2025-08-02 00:00:00+00:00, run_after=2025-08-03 00:00:00+00:00
[2025-08-03T19:46:16.511+0000] {processor.py:183} INFO - Processing /home/airflow/.local/lib/python3.12/site-packages/airflow/example_dags/example_task_group_decorator.py took 1.467 seconds
[2025-08-03T19:47:45.589+0000] {processor.py:161} INFO - Started process (PID=150) to work on /home/airflow/.local/lib/python3.12/site-packages/airflow/example_dags/example_task_group_decorator.py
[2025-08-03T19:47:45.596+0000] {processor.py:830} INFO - Processing file /home/airflow/.local/lib/python3.12/site-packages/airflow/example_dags/example_task_group_decorator.py for tasks to queue
[2025-08-03T19:47:45.606+0000] {logging_mixin.py:188} INFO - [2025-08-03T19:47:45.605+0000] {dagbag.py:545} INFO - Filling up the DagBag from /home/airflow/.local/lib/python3.12/site-packages/airflow/example_dags/example_task_group_decorator.py
[2025-08-03T19:47:45.745+0000] {processor.py:840} INFO - DAG(s) 'example_task_group_decorator' retrieved from /home/airflow/.local/lib/python3.12/site-packages/airflow/example_dags/example_task_group_decorator.py
[2025-08-03T19:47:45.995+0000] {logging_mixin.py:188} INFO - [2025-08-03T19:47:45.995+0000] {dag.py:3096} INFO - Sync 1 DAGs
[2025-08-03T19:47:46.294+0000] {logging_mixin.py:188} INFO - [2025-08-03T19:47:46.294+0000] {dag.py:3954} INFO - Setting next_dagrun for example_task_group_decorator to 2025-08-02 00:00:00+00:00, run_after=2025-08-03 00:00:00+00:00
[2025-08-03T19:47:46.521+0000] {processor.py:183} INFO - Processing /home/airflow/.local/lib/python3.12/site-packages/airflow/example_dags/example_task_group_decorator.py took 0.962 seconds
[2025-08-03T19:50:01.302+0000] {processor.py:161} INFO - Started process (PID=222) to work on /home/airflow/.local/lib/python3.12/site-packages/airflow/example_dags/example_task_group_decorator.py
[2025-08-03T19:50:01.340+0000] {processor.py:830} INFO - Processing file /home/airflow/.local/lib/python3.12/site-packages/airflow/example_dags/example_task_group_decorator.py for tasks to queue
[2025-08-03T19:50:01.831+0000] {logging_mixin.py:188} INFO - [2025-08-03T19:50:01.780+0000] {dagbag.py:545} INFO - Filling up the DagBag from /home/airflow/.local/lib/python3.12/site-packages/airflow/example_dags/example_task_group_decorator.py
[2025-08-03T19:50:03.859+0000] {processor.py:840} INFO - DAG(s) 'example_task_group_decorator' retrieved from /home/airflow/.local/lib/python3.12/site-packages/airflow/example_dags/example_task_group_decorator.py
[2025-08-03T19:50:06.219+0000] {logging_mixin.py:188} INFO - [2025-08-03T19:50:06.217+0000] {dag.py:3096} INFO - Sync 1 DAGs
[2025-08-03T19:50:07.710+0000] {logging_mixin.py:188} INFO - [2025-08-03T19:50:07.669+0000] {dag.py:3954} INFO - Setting next_dagrun for example_task_group_decorator to 2025-08-02 00:00:00+00:00, run_after=2025-08-03 00:00:00+00:00
[2025-08-03T19:50:08.594+0000] {processor.py:183} INFO - Processing /home/airflow/.local/lib/python3.12/site-packages/airflow/example_dags/example_task_group_decorator.py took 7.686 seconds
[2025-08-03T20:14:46.746+0000] {processor.py:161} INFO - Started process (PID=283) to work on /home/airflow/.local/lib/python3.12/site-packages/airflow/example_dags/example_task_group_decorator.py
[2025-08-03T20:14:46.868+0000] {processor.py:830} INFO - Processing file /home/airflow/.local/lib/python3.12/site-packages/airflow/example_dags/example_task_group_decorator.py for tasks to queue
[2025-08-03T20:14:46.910+0000] {logging_mixin.py:188} INFO - [2025-08-03T20:14:46.869+0000] {dagbag.py:545} INFO - Filling up the DagBag from /home/airflow/.local/lib/python3.12/site-packages/airflow/example_dags/example_task_group_decorator.py
[2025-08-03T20:14:47.653+0000] {processor.py:840} INFO - DAG(s) 'example_task_group_decorator' retrieved from /home/airflow/.local/lib/python3.12/site-packages/airflow/example_dags/example_task_group_decorator.py
[2025-08-03T20:14:53.211+0000] {logging_mixin.py:188} INFO - [2025-08-03T20:14:53.088+0000] {dag.py:3096} INFO - Sync 1 DAGs
[2025-08-03T20:15:11.395+0000] {logging_mixin.py:188} INFO - [2025-08-03T20:15:11.268+0000] {dag.py:3954} INFO - Setting next_dagrun for example_task_group_decorator to 2025-08-02 00:00:00+00:00, run_after=2025-08-03 00:00:00+00:00
[2025-08-03T20:15:13.329+0000] {processor.py:183} INFO - Processing /home/airflow/.local/lib/python3.12/site-packages/airflow/example_dags/example_task_group_decorator.py took 26.690 seconds
[2025-08-03T20:27:36.333+0000] {processor.py:161} INFO - Started process (PID=357) to work on /home/airflow/.local/lib/python3.12/site-packages/airflow/example_dags/example_task_group_decorator.py
[2025-08-03T20:27:36.525+0000] {processor.py:830} INFO - Processing file /home/airflow/.local/lib/python3.12/site-packages/airflow/example_dags/example_task_group_decorator.py for tasks to queue
[2025-08-03T20:27:36.653+0000] {logging_mixin.py:188} INFO - [2025-08-03T20:27:36.613+0000] {dagbag.py:545} INFO - Filling up the DagBag from /home/airflow/.local/lib/python3.12/site-packages/airflow/example_dags/example_task_group_decorator.py
[2025-08-03T20:27:45.298+0000] {processor.py:840} INFO - DAG(s) 'example_task_group_decorator' retrieved from /home/airflow/.local/lib/python3.12/site-packages/airflow/example_dags/example_task_group_decorator.py
[2025-08-03T20:28:12.177+0000] {logging_mixin.py:188} INFO - [2025-08-03T20:28:10.609+0000] {dag.py:3096} INFO - Sync 1 DAGs
[2025-08-03T20:32:56.792+0000] {processor.py:161} INFO - Started process (PID=77) to work on /home/airflow/.local/lib/python3.12/site-packages/airflow/example_dags/example_task_group_decorator.py
[2025-08-03T20:32:56.812+0000] {processor.py:830} INFO - Processing file /home/airflow/.local/lib/python3.12/site-packages/airflow/example_dags/example_task_group_decorator.py for tasks to queue
[2025-08-03T20:32:56.823+0000] {logging_mixin.py:188} INFO - [2025-08-03T20:32:56.823+0000] {dagbag.py:545} INFO - Filling up the DagBag from /home/airflow/.local/lib/python3.12/site-packages/airflow/example_dags/example_task_group_decorator.py
[2025-08-03T20:32:56.961+0000] {processor.py:840} INFO - DAG(s) 'example_task_group_decorator' retrieved from /home/airflow/.local/lib/python3.12/site-packages/airflow/example_dags/example_task_group_decorator.py
[2025-08-03T20:32:57.650+0000] {logging_mixin.py:188} INFO - [2025-08-03T20:32:57.643+0000] {dag.py:3096} INFO - Sync 1 DAGs
[2025-08-03T20:32:57.957+0000] {logging_mixin.py:188} INFO - [2025-08-03T20:32:57.950+0000] {dag.py:3954} INFO - Setting next_dagrun for example_task_group_decorator to 2025-08-02 00:00:00+00:00, run_after=2025-08-03 00:00:00+00:00
[2025-08-03T20:32:58.192+0000] {processor.py:183} INFO - Processing /home/airflow/.local/lib/python3.12/site-packages/airflow/example_dags/example_task_group_decorator.py took 1.412 seconds
[2025-08-03T20:33:29.088+0000] {processor.py:161} INFO - Started process (PID=135) to work on /home/airflow/.local/lib/python3.12/site-packages/airflow/example_dags/example_task_group_decorator.py
[2025-08-03T20:33:29.091+0000] {processor.py:830} INFO - Processing file /home/airflow/.local/lib/python3.12/site-packages/airflow/example_dags/example_task_group_decorator.py for tasks to queue
[2025-08-03T20:33:29.095+0000] {logging_mixin.py:188} INFO - [2025-08-03T20:33:29.095+0000] {dagbag.py:545} INFO - Filling up the DagBag from /home/airflow/.local/lib/python3.12/site-packages/airflow/example_dags/example_task_group_decorator.py
[2025-08-03T20:33:29.117+0000] {processor.py:840} INFO - DAG(s) 'example_task_group_decorator' retrieved from /home/airflow/.local/lib/python3.12/site-packages/airflow/example_dags/example_task_group_decorator.py
[2025-08-03T20:33:29.162+0000] {logging_mixin.py:188} INFO - [2025-08-03T20:33:29.162+0000] {dag.py:3096} INFO - Sync 1 DAGs
[2025-08-03T20:33:29.201+0000] {logging_mixin.py:188} INFO - [2025-08-03T20:33:29.201+0000] {dag.py:3954} INFO - Setting next_dagrun for example_task_group_decorator to 2025-08-02 00:00:00+00:00, run_after=2025-08-03 00:00:00+00:00
[2025-08-03T20:33:29.256+0000] {processor.py:183} INFO - Processing /home/airflow/.local/lib/python3.12/site-packages/airflow/example_dags/example_task_group_decorator.py took 0.183 seconds
[2025-08-03T20:33:59.470+0000] {processor.py:161} INFO - Started process (PID=193) to work on /home/airflow/.local/lib/python3.12/site-packages/airflow/example_dags/example_task_group_decorator.py
[2025-08-03T20:33:59.471+0000] {processor.py:830} INFO - Processing file /home/airflow/.local/lib/python3.12/site-packages/airflow/example_dags/example_task_group_decorator.py for tasks to queue
[2025-08-03T20:33:59.474+0000] {logging_mixin.py:188} INFO - [2025-08-03T20:33:59.474+0000] {dagbag.py:545} INFO - Filling up the DagBag from /home/airflow/.local/lib/python3.12/site-packages/airflow/example_dags/example_task_group_decorator.py
[2025-08-03T20:33:59.516+0000] {processor.py:840} INFO - DAG(s) 'example_task_group_decorator' retrieved from /home/airflow/.local/lib/python3.12/site-packages/airflow/example_dags/example_task_group_decorator.py
[2025-08-03T20:33:59.615+0000] {logging_mixin.py:188} INFO - [2025-08-03T20:33:59.615+0000] {dag.py:3096} INFO - Sync 1 DAGs
[2025-08-03T20:33:59.682+0000] {logging_mixin.py:188} INFO - [2025-08-03T20:33:59.681+0000] {dag.py:3954} INFO - Setting next_dagrun for example_task_group_decorator to 2025-08-02 00:00:00+00:00, run_after=2025-08-03 00:00:00+00:00
[2025-08-03T20:33:59.746+0000] {processor.py:183} INFO - Processing /home/airflow/.local/lib/python3.12/site-packages/airflow/example_dags/example_task_group_decorator.py took 0.288 seconds
[2025-08-03T20:34:51.435+0000] {processor.py:161} INFO - Started process (PID=243) to work on /home/airflow/.local/lib/python3.12/site-packages/airflow/example_dags/example_task_group_decorator.py
[2025-08-03T20:34:51.438+0000] {processor.py:830} INFO - Processing file /home/airflow/.local/lib/python3.12/site-packages/airflow/example_dags/example_task_group_decorator.py for tasks to queue
[2025-08-03T20:34:51.462+0000] {logging_mixin.py:188} INFO - [2025-08-03T20:34:51.461+0000] {dagbag.py:545} INFO - Filling up the DagBag from /home/airflow/.local/lib/python3.12/site-packages/airflow/example_dags/example_task_group_decorator.py
[2025-08-03T20:34:51.538+0000] {processor.py:840} INFO - DAG(s) 'example_task_group_decorator' retrieved from /home/airflow/.local/lib/python3.12/site-packages/airflow/example_dags/example_task_group_decorator.py
[2025-08-03T20:34:51.805+0000] {logging_mixin.py:188} INFO - [2025-08-03T20:34:51.804+0000] {dag.py:3096} INFO - Sync 1 DAGs
[2025-08-03T20:34:51.924+0000] {logging_mixin.py:188} INFO - [2025-08-03T20:34:51.924+0000] {dag.py:3954} INFO - Setting next_dagrun for example_task_group_decorator to 2025-08-02 00:00:00+00:00, run_after=2025-08-03 00:00:00+00:00
[2025-08-03T20:34:52.597+0000] {processor.py:183} INFO - Processing /home/airflow/.local/lib/python3.12/site-packages/airflow/example_dags/example_task_group_decorator.py took 1.172 seconds
[2025-08-03T20:37:14.201+0000] {processor.py:161} INFO - Started process (PID=302) to work on /home/airflow/.local/lib/python3.12/site-packages/airflow/example_dags/example_task_group_decorator.py
[2025-08-03T20:37:14.223+0000] {processor.py:830} INFO - Processing file /home/airflow/.local/lib/python3.12/site-packages/airflow/example_dags/example_task_group_decorator.py for tasks to queue
[2025-08-03T20:37:14.270+0000] {logging_mixin.py:188} INFO - [2025-08-03T20:37:14.250+0000] {dagbag.py:545} INFO - Filling up the DagBag from /home/airflow/.local/lib/python3.12/site-packages/airflow/example_dags/example_task_group_decorator.py
[2025-08-03T20:37:14.793+0000] {processor.py:840} INFO - DAG(s) 'example_task_group_decorator' retrieved from /home/airflow/.local/lib/python3.12/site-packages/airflow/example_dags/example_task_group_decorator.py
[2025-08-03T20:37:15.491+0000] {logging_mixin.py:188} INFO - [2025-08-03T20:37:15.490+0000] {dag.py:3096} INFO - Sync 1 DAGs
[2025-08-03T20:37:17.433+0000] {logging_mixin.py:188} INFO - [2025-08-03T20:37:17.322+0000] {dag.py:3954} INFO - Setting next_dagrun for example_task_group_decorator to 2025-08-02 00:00:00+00:00, run_after=2025-08-03 00:00:00+00:00
[2025-08-03T20:37:18.449+0000] {processor.py:183} INFO - Processing /home/airflow/.local/lib/python3.12/site-packages/airflow/example_dags/example_task_group_decorator.py took 4.537 seconds
[2025-08-03T20:41:25.598+0000] {processor.py:161} INFO - Started process (PID=363) to work on /home/airflow/.local/lib/python3.12/site-packages/airflow/example_dags/example_task_group_decorator.py
[2025-08-03T20:41:25.633+0000] {processor.py:830} INFO - Processing file /home/airflow/.local/lib/python3.12/site-packages/airflow/example_dags/example_task_group_decorator.py for tasks to queue
[2025-08-03T20:41:25.660+0000] {logging_mixin.py:188} INFO - [2025-08-03T20:41:25.643+0000] {dagbag.py:545} INFO - Filling up the DagBag from /home/airflow/.local/lib/python3.12/site-packages/airflow/example_dags/example_task_group_decorator.py
[2025-08-03T20:41:26.905+0000] {processor.py:840} INFO - DAG(s) 'example_task_group_decorator' retrieved from /home/airflow/.local/lib/python3.12/site-packages/airflow/example_dags/example_task_group_decorator.py
[2025-08-03T20:41:33.930+0000] {logging_mixin.py:188} INFO - [2025-08-03T20:41:33.656+0000] {dag.py:3096} INFO - Sync 1 DAGs
[2025-08-03T20:41:40.275+0000] {logging_mixin.py:188} INFO - [2025-08-03T20:41:39.973+0000] {dag.py:3954} INFO - Setting next_dagrun for example_task_group_decorator to 2025-08-02 00:00:00+00:00, run_after=2025-08-03 00:00:00+00:00
[2025-08-03T20:41:49.797+0000] {processor.py:183} INFO - Processing /home/airflow/.local/lib/python3.12/site-packages/airflow/example_dags/example_task_group_decorator.py took 25.411 seconds
[2025-08-03T20:48:25.362+0000] {processor.py:161} INFO - Started process (PID=447) to work on /home/airflow/.local/lib/python3.12/site-packages/airflow/example_dags/example_task_group_decorator.py
[2025-08-03T20:48:25.371+0000] {processor.py:830} INFO - Processing file /home/airflow/.local/lib/python3.12/site-packages/airflow/example_dags/example_task_group_decorator.py for tasks to queue
[2025-08-03T20:48:25.377+0000] {logging_mixin.py:188} INFO - [2025-08-03T20:48:25.373+0000] {dagbag.py:545} INFO - Filling up the DagBag from /home/airflow/.local/lib/python3.12/site-packages/airflow/example_dags/example_task_group_decorator.py
[2025-08-03T20:48:25.558+0000] {processor.py:840} INFO - DAG(s) 'example_task_group_decorator' retrieved from /home/airflow/.local/lib/python3.12/site-packages/airflow/example_dags/example_task_group_decorator.py
[2025-08-03T20:48:25.848+0000] {logging_mixin.py:188} INFO - [2025-08-03T20:48:25.848+0000] {dag.py:3096} INFO - Sync 1 DAGs
[2025-08-03T20:48:26.118+0000] {logging_mixin.py:188} INFO - [2025-08-03T20:48:26.117+0000] {dag.py:3954} INFO - Setting next_dagrun for example_task_group_decorator to 2025-08-02 00:00:00+00:00, run_after=2025-08-03 00:00:00+00:00
[2025-08-03T20:48:26.631+0000] {processor.py:183} INFO - Processing /home/airflow/.local/lib/python3.12/site-packages/airflow/example_dags/example_task_group_decorator.py took 1.297 seconds
[2025-08-03T20:52:28.456+0000] {processor.py:161} INFO - Started process (PID=524) to work on /home/airflow/.local/lib/python3.12/site-packages/airflow/example_dags/example_task_group_decorator.py
[2025-08-03T20:52:28.915+0000] {processor.py:830} INFO - Processing file /home/airflow/.local/lib/python3.12/site-packages/airflow/example_dags/example_task_group_decorator.py for tasks to queue
[2025-08-03T20:52:29.991+0000] {logging_mixin.py:188} INFO - [2025-08-03T20:52:29.481+0000] {dagbag.py:545} INFO - Filling up the DagBag from /home/airflow/.local/lib/python3.12/site-packages/airflow/example_dags/example_task_group_decorator.py
[2025-08-03T20:52:33.625+0000] {processor.py:840} INFO - DAG(s) 'example_task_group_decorator' retrieved from /home/airflow/.local/lib/python3.12/site-packages/airflow/example_dags/example_task_group_decorator.py
[2025-08-03T20:52:52.522+0000] {logging_mixin.py:188} INFO - [2025-08-03T20:52:52.442+0000] {dag.py:3096} INFO - Sync 1 DAGs
[2025-08-03T20:52:53.098+0000] {logging_mixin.py:188} INFO - [2025-08-03T20:52:53.081+0000] {dag.py:3954} INFO - Setting next_dagrun for example_task_group_decorator to 2025-08-02 00:00:00+00:00, run_after=2025-08-03 00:00:00+00:00
[2025-08-03T20:52:54.989+0000] {processor.py:183} INFO - Processing /home/airflow/.local/lib/python3.12/site-packages/airflow/example_dags/example_task_group_decorator.py took 28.474 seconds
