[2025-08-03T19:46:18.884+0000] {processor.py:161} INFO - Started process (PID=84) to work on /home/airflow/.local/lib/python3.12/site-packages/airflow/example_dags/example_branch_labels.py
[2025-08-03T19:46:18.898+0000] {processor.py:830} INFO - Processing file /home/airflow/.local/lib/python3.12/site-packages/airflow/example_dags/example_branch_labels.py for tasks to queue
[2025-08-03T19:46:18.908+0000] {logging_mixin.py:188} INFO - [2025-08-03T19:46:18.907+0000] {dagbag.py:545} INFO - Filling up the DagBag from /home/airflow/.local/lib/python3.12/site-packages/airflow/example_dags/example_branch_labels.py
[2025-08-03T19:46:19.344+0000] {processor.py:840} INFO - DAG(s) 'example_branch_labels' retrieved from /home/airflow/.local/lib/python3.12/site-packages/airflow/example_dags/example_branch_labels.py
[2025-08-03T19:46:19.957+0000] {logging_mixin.py:188} INFO - [2025-08-03T19:46:19.952+0000] {dag.py:3096} INFO - Sync 1 DAGs
[2025-08-03T19:46:20.689+0000] {logging_mixin.py:188} INFO - [2025-08-03T19:46:20.688+0000] {dag.py:3954} INFO - Setting next_dagrun for example_branch_labels to 2025-08-02 00:00:00+00:00, run_after=2025-08-03 00:00:00+00:00
[2025-08-03T19:46:21.083+0000] {processor.py:183} INFO - Processing /home/airflow/.local/lib/python3.12/site-packages/airflow/example_dags/example_branch_labels.py took 2.211 seconds
[2025-08-03T19:47:49.270+0000] {processor.py:161} INFO - Started process (PID=154) to work on /home/airflow/.local/lib/python3.12/site-packages/airflow/example_dags/example_branch_labels.py
[2025-08-03T19:47:49.277+0000] {processor.py:830} INFO - Processing file /home/airflow/.local/lib/python3.12/site-packages/airflow/example_dags/example_branch_labels.py for tasks to queue
[2025-08-03T19:47:49.301+0000] {logging_mixin.py:188} INFO - [2025-08-03T19:47:49.300+0000] {dagbag.py:545} INFO - Filling up the DagBag from /home/airflow/.local/lib/python3.12/site-packages/airflow/example_dags/example_branch_labels.py
[2025-08-03T19:47:49.758+0000] {processor.py:840} INFO - DAG(s) 'example_branch_labels' retrieved from /home/airflow/.local/lib/python3.12/site-packages/airflow/example_dags/example_branch_labels.py
[2025-08-03T19:47:50.544+0000] {logging_mixin.py:188} INFO - [2025-08-03T19:47:50.543+0000] {dag.py:3096} INFO - Sync 1 DAGs
[2025-08-03T19:47:51.092+0000] {logging_mixin.py:188} INFO - [2025-08-03T19:47:51.083+0000] {dag.py:3954} INFO - Setting next_dagrun for example_branch_labels to 2025-08-02 00:00:00+00:00, run_after=2025-08-03 00:00:00+00:00
[2025-08-03T19:47:51.559+0000] {processor.py:183} INFO - Processing /home/airflow/.local/lib/python3.12/site-packages/airflow/example_dags/example_branch_labels.py took 2.448 seconds
[2025-08-03T19:50:28.310+0000] {processor.py:161} INFO - Started process (PID=232) to work on /home/airflow/.local/lib/python3.12/site-packages/airflow/example_dags/example_branch_labels.py
[2025-08-03T19:50:28.325+0000] {processor.py:830} INFO - Processing file /home/airflow/.local/lib/python3.12/site-packages/airflow/example_dags/example_branch_labels.py for tasks to queue
[2025-08-03T19:50:28.337+0000] {logging_mixin.py:188} INFO - [2025-08-03T19:50:28.336+0000] {dagbag.py:545} INFO - Filling up the DagBag from /home/airflow/.local/lib/python3.12/site-packages/airflow/example_dags/example_branch_labels.py
[2025-08-03T19:50:28.467+0000] {processor.py:840} INFO - DAG(s) 'example_branch_labels' retrieved from /home/airflow/.local/lib/python3.12/site-packages/airflow/example_dags/example_branch_labels.py
[2025-08-03T19:50:28.780+0000] {logging_mixin.py:188} INFO - [2025-08-03T19:50:28.779+0000] {dag.py:3096} INFO - Sync 1 DAGs
[2025-08-03T19:50:29.014+0000] {logging_mixin.py:188} INFO - [2025-08-03T19:50:29.012+0000] {dag.py:3954} INFO - Setting next_dagrun for example_branch_labels to 2025-08-02 00:00:00+00:00, run_after=2025-08-03 00:00:00+00:00
[2025-08-03T19:50:29.243+0000] {processor.py:183} INFO - Processing /home/airflow/.local/lib/python3.12/site-packages/airflow/example_dags/example_branch_labels.py took 1.036 seconds
[2025-08-03T20:15:38.146+0000] {processor.py:161} INFO - Started process (PID=293) to work on /home/airflow/.local/lib/python3.12/site-packages/airflow/example_dags/example_branch_labels.py
[2025-08-03T20:15:38.190+0000] {processor.py:830} INFO - Processing file /home/airflow/.local/lib/python3.12/site-packages/airflow/example_dags/example_branch_labels.py for tasks to queue
[2025-08-03T20:15:38.488+0000] {logging_mixin.py:188} INFO - [2025-08-03T20:15:38.324+0000] {dagbag.py:545} INFO - Filling up the DagBag from /home/airflow/.local/lib/python3.12/site-packages/airflow/example_dags/example_branch_labels.py
[2025-08-03T20:15:41.129+0000] {processor.py:840} INFO - DAG(s) 'example_branch_labels' retrieved from /home/airflow/.local/lib/python3.12/site-packages/airflow/example_dags/example_branch_labels.py
[2025-08-03T20:15:54.462+0000] {logging_mixin.py:188} INFO - [2025-08-03T20:15:54.433+0000] {dag.py:3096} INFO - Sync 1 DAGs
[2025-08-03T20:15:55.151+0000] {logging_mixin.py:188} INFO - [2025-08-03T20:15:55.114+0000] {dag.py:3954} INFO - Setting next_dagrun for example_branch_labels to 2025-08-02 00:00:00+00:00, run_after=2025-08-03 00:00:00+00:00
[2025-08-03T20:15:55.763+0000] {processor.py:183} INFO - Processing /home/airflow/.local/lib/python3.12/site-packages/airflow/example_dags/example_branch_labels.py took 18.704 seconds
[2025-08-03T20:29:28.427+0000] {processor.py:161} INFO - Started process (PID=367) to work on /home/airflow/.local/lib/python3.12/site-packages/airflow/example_dags/example_branch_labels.py
[2025-08-03T20:29:28.471+0000] {processor.py:830} INFO - Processing file /home/airflow/.local/lib/python3.12/site-packages/airflow/example_dags/example_branch_labels.py for tasks to queue
[2025-08-03T20:29:28.527+0000] {logging_mixin.py:188} INFO - [2025-08-03T20:29:28.484+0000] {dagbag.py:545} INFO - Filling up the DagBag from /home/airflow/.local/lib/python3.12/site-packages/airflow/example_dags/example_branch_labels.py
[2025-08-03T20:29:31.420+0000] {processor.py:840} INFO - DAG(s) 'example_branch_labels' retrieved from /home/airflow/.local/lib/python3.12/site-packages/airflow/example_dags/example_branch_labels.py
[2025-08-03T20:32:59.392+0000] {processor.py:161} INFO - Started process (PID=81) to work on /home/airflow/.local/lib/python3.12/site-packages/airflow/example_dags/example_branch_labels.py
[2025-08-03T20:32:59.400+0000] {processor.py:830} INFO - Processing file /home/airflow/.local/lib/python3.12/site-packages/airflow/example_dags/example_branch_labels.py for tasks to queue
[2025-08-03T20:32:59.408+0000] {logging_mixin.py:188} INFO - [2025-08-03T20:32:59.408+0000] {dagbag.py:545} INFO - Filling up the DagBag from /home/airflow/.local/lib/python3.12/site-packages/airflow/example_dags/example_branch_labels.py
[2025-08-03T20:32:59.464+0000] {processor.py:840} INFO - DAG(s) 'example_branch_labels' retrieved from /home/airflow/.local/lib/python3.12/site-packages/airflow/example_dags/example_branch_labels.py
[2025-08-03T20:32:59.780+0000] {logging_mixin.py:188} INFO - [2025-08-03T20:32:59.780+0000] {dag.py:3096} INFO - Sync 1 DAGs
[2025-08-03T20:32:59.894+0000] {logging_mixin.py:188} INFO - [2025-08-03T20:32:59.894+0000] {dag.py:3954} INFO - Setting next_dagrun for example_branch_labels to 2025-08-02 00:00:00+00:00, run_after=2025-08-03 00:00:00+00:00
[2025-08-03T20:32:59.982+0000] {processor.py:183} INFO - Processing /home/airflow/.local/lib/python3.12/site-packages/airflow/example_dags/example_branch_labels.py took 0.662 seconds
[2025-08-03T20:33:30.391+0000] {processor.py:161} INFO - Started process (PID=139) to work on /home/airflow/.local/lib/python3.12/site-packages/airflow/example_dags/example_branch_labels.py
[2025-08-03T20:33:30.393+0000] {processor.py:830} INFO - Processing file /home/airflow/.local/lib/python3.12/site-packages/airflow/example_dags/example_branch_labels.py for tasks to queue
[2025-08-03T20:33:30.397+0000] {logging_mixin.py:188} INFO - [2025-08-03T20:33:30.397+0000] {dagbag.py:545} INFO - Filling up the DagBag from /home/airflow/.local/lib/python3.12/site-packages/airflow/example_dags/example_branch_labels.py
[2025-08-03T20:33:30.405+0000] {processor.py:840} INFO - DAG(s) 'example_branch_labels' retrieved from /home/airflow/.local/lib/python3.12/site-packages/airflow/example_dags/example_branch_labels.py
[2025-08-03T20:33:30.427+0000] {logging_mixin.py:188} INFO - [2025-08-03T20:33:30.427+0000] {dag.py:3096} INFO - Sync 1 DAGs
[2025-08-03T20:33:30.441+0000] {logging_mixin.py:188} INFO - [2025-08-03T20:33:30.441+0000] {dag.py:3954} INFO - Setting next_dagrun for example_branch_labels to 2025-08-02 00:00:00+00:00, run_after=2025-08-03 00:00:00+00:00
[2025-08-03T20:33:30.455+0000] {processor.py:183} INFO - Processing /home/airflow/.local/lib/python3.12/site-packages/airflow/example_dags/example_branch_labels.py took 0.068 seconds
[2025-08-03T20:34:01.093+0000] {processor.py:161} INFO - Started process (PID=197) to work on /home/airflow/.local/lib/python3.12/site-packages/airflow/example_dags/example_branch_labels.py
[2025-08-03T20:34:01.119+0000] {processor.py:830} INFO - Processing file /home/airflow/.local/lib/python3.12/site-packages/airflow/example_dags/example_branch_labels.py for tasks to queue
[2025-08-03T20:34:01.157+0000] {logging_mixin.py:188} INFO - [2025-08-03T20:34:01.152+0000] {dagbag.py:545} INFO - Filling up the DagBag from /home/airflow/.local/lib/python3.12/site-packages/airflow/example_dags/example_branch_labels.py
[2025-08-03T20:34:01.211+0000] {processor.py:840} INFO - DAG(s) 'example_branch_labels' retrieved from /home/airflow/.local/lib/python3.12/site-packages/airflow/example_dags/example_branch_labels.py
[2025-08-03T20:34:01.381+0000] {logging_mixin.py:188} INFO - [2025-08-03T20:34:01.381+0000] {dag.py:3096} INFO - Sync 1 DAGs
[2025-08-03T20:34:01.442+0000] {logging_mixin.py:188} INFO - [2025-08-03T20:34:01.442+0000] {dag.py:3954} INFO - Setting next_dagrun for example_branch_labels to 2025-08-02 00:00:00+00:00, run_after=2025-08-03 00:00:00+00:00
[2025-08-03T20:34:01.493+0000] {processor.py:183} INFO - Processing /home/airflow/.local/lib/python3.12/site-packages/airflow/example_dags/example_branch_labels.py took 0.438 seconds
[2025-08-03T20:34:55.961+0000] {processor.py:161} INFO - Started process (PID=252) to work on /home/airflow/.local/lib/python3.12/site-packages/airflow/example_dags/example_branch_labels.py
[2025-08-03T20:34:56.001+0000] {processor.py:830} INFO - Processing file /home/airflow/.local/lib/python3.12/site-packages/airflow/example_dags/example_branch_labels.py for tasks to queue
[2025-08-03T20:34:56.017+0000] {logging_mixin.py:188} INFO - [2025-08-03T20:34:56.016+0000] {dagbag.py:545} INFO - Filling up the DagBag from /home/airflow/.local/lib/python3.12/site-packages/airflow/example_dags/example_branch_labels.py
[2025-08-03T20:34:56.078+0000] {processor.py:840} INFO - DAG(s) 'example_branch_labels' retrieved from /home/airflow/.local/lib/python3.12/site-packages/airflow/example_dags/example_branch_labels.py
[2025-08-03T20:34:56.493+0000] {logging_mixin.py:188} INFO - [2025-08-03T20:34:56.429+0000] {dag.py:3096} INFO - Sync 1 DAGs
[2025-08-03T20:34:57.100+0000] {logging_mixin.py:188} INFO - [2025-08-03T20:34:56.945+0000] {dag.py:3954} INFO - Setting next_dagrun for example_branch_labels to 2025-08-02 00:00:00+00:00, run_after=2025-08-03 00:00:00+00:00
[2025-08-03T20:34:58.352+0000] {processor.py:183} INFO - Processing /home/airflow/.local/lib/python3.12/site-packages/airflow/example_dags/example_branch_labels.py took 2.453 seconds
[2025-08-03T20:37:21.257+0000] {processor.py:161} INFO - Started process (PID=306) to work on /home/airflow/.local/lib/python3.12/site-packages/airflow/example_dags/example_branch_labels.py
[2025-08-03T20:37:21.273+0000] {processor.py:830} INFO - Processing file /home/airflow/.local/lib/python3.12/site-packages/airflow/example_dags/example_branch_labels.py for tasks to queue
[2025-08-03T20:37:21.324+0000] {logging_mixin.py:188} INFO - [2025-08-03T20:37:21.323+0000] {dagbag.py:545} INFO - Filling up the DagBag from /home/airflow/.local/lib/python3.12/site-packages/airflow/example_dags/example_branch_labels.py
[2025-08-03T20:37:21.420+0000] {processor.py:840} INFO - DAG(s) 'example_branch_labels' retrieved from /home/airflow/.local/lib/python3.12/site-packages/airflow/example_dags/example_branch_labels.py
[2025-08-03T20:37:22.463+0000] {logging_mixin.py:188} INFO - [2025-08-03T20:37:22.461+0000] {dag.py:3096} INFO - Sync 1 DAGs
[2025-08-03T20:37:23.345+0000] {logging_mixin.py:188} INFO - [2025-08-03T20:37:23.344+0000] {dag.py:3954} INFO - Setting next_dagrun for example_branch_labels to 2025-08-02 00:00:00+00:00, run_after=2025-08-03 00:00:00+00:00
[2025-08-03T20:37:24.914+0000] {processor.py:183} INFO - Processing /home/airflow/.local/lib/python3.12/site-packages/airflow/example_dags/example_branch_labels.py took 3.706 seconds
[2025-08-03T20:42:11.418+0000] {processor.py:161} INFO - Started process (PID=373) to work on /home/airflow/.local/lib/python3.12/site-packages/airflow/example_dags/example_branch_labels.py
[2025-08-03T20:42:11.654+0000] {processor.py:830} INFO - Processing file /home/airflow/.local/lib/python3.12/site-packages/airflow/example_dags/example_branch_labels.py for tasks to queue
[2025-08-03T20:42:12.002+0000] {logging_mixin.py:188} INFO - [2025-08-03T20:42:11.974+0000] {dagbag.py:545} INFO - Filling up the DagBag from /home/airflow/.local/lib/python3.12/site-packages/airflow/example_dags/example_branch_labels.py
[2025-08-03T20:42:44.345+0000] {processor.py:840} INFO - DAG(s) 'example_branch_labels' retrieved from /home/airflow/.local/lib/python3.12/site-packages/airflow/example_dags/example_branch_labels.py
[2025-08-03T20:42:53.404+0000] {logging_mixin.py:188} INFO - [2025-08-03T20:42:53.366+0000] {dag.py:3096} INFO - Sync 1 DAGs
[2025-08-03T20:42:54.758+0000] {logging_mixin.py:188} INFO - [2025-08-03T20:42:54.755+0000] {dag.py:3954} INFO - Setting next_dagrun for example_branch_labels to 2025-08-02 00:00:00+00:00, run_after=2025-08-03 00:00:00+00:00
[2025-08-03T20:42:55.962+0000] {processor.py:183} INFO - Processing /home/airflow/.local/lib/python3.12/site-packages/airflow/example_dags/example_branch_labels.py took 46.510 seconds
[2025-08-03T20:48:29.728+0000] {processor.py:161} INFO - Started process (PID=451) to work on /home/airflow/.local/lib/python3.12/site-packages/airflow/example_dags/example_branch_labels.py
[2025-08-03T20:48:29.734+0000] {processor.py:830} INFO - Processing file /home/airflow/.local/lib/python3.12/site-packages/airflow/example_dags/example_branch_labels.py for tasks to queue
[2025-08-03T20:48:29.744+0000] {logging_mixin.py:188} INFO - [2025-08-03T20:48:29.744+0000] {dagbag.py:545} INFO - Filling up the DagBag from /home/airflow/.local/lib/python3.12/site-packages/airflow/example_dags/example_branch_labels.py
[2025-08-03T20:48:29.801+0000] {processor.py:840} INFO - DAG(s) 'example_branch_labels' retrieved from /home/airflow/.local/lib/python3.12/site-packages/airflow/example_dags/example_branch_labels.py
[2025-08-03T20:48:30.043+0000] {logging_mixin.py:188} INFO - [2025-08-03T20:48:30.043+0000] {dag.py:3096} INFO - Sync 1 DAGs
[2025-08-03T20:48:30.407+0000] {logging_mixin.py:188} INFO - [2025-08-03T20:48:30.407+0000] {dag.py:3954} INFO - Setting next_dagrun for example_branch_labels to 2025-08-02 00:00:00+00:00, run_after=2025-08-03 00:00:00+00:00
[2025-08-03T20:48:31.270+0000] {processor.py:183} INFO - Processing /home/airflow/.local/lib/python3.12/site-packages/airflow/example_dags/example_branch_labels.py took 1.646 seconds
[2025-08-03T20:53:38.479+0000] {processor.py:161} INFO - Started process (PID=540) to work on /home/airflow/.local/lib/python3.12/site-packages/airflow/example_dags/example_branch_labels.py
[2025-08-03T20:53:38.619+0000] {processor.py:830} INFO - Processing file /home/airflow/.local/lib/python3.12/site-packages/airflow/example_dags/example_branch_labels.py for tasks to queue
[2025-08-03T20:53:38.784+0000] {logging_mixin.py:188} INFO - [2025-08-03T20:53:38.711+0000] {dagbag.py:545} INFO - Filling up the DagBag from /home/airflow/.local/lib/python3.12/site-packages/airflow/example_dags/example_branch_labels.py
[2025-08-03T20:53:43.755+0000] {processor.py:840} INFO - DAG(s) 'example_branch_labels' retrieved from /home/airflow/.local/lib/python3.12/site-packages/airflow/example_dags/example_branch_labels.py
[2025-08-03T20:54:04.272+0000] {logging_mixin.py:188} INFO - [2025-08-03T20:54:04.051+0000] {dag.py:3096} INFO - Sync 1 DAGs
[2025-08-03T20:54:08.367+0000] {logging_mixin.py:188} INFO - [2025-08-03T20:54:08.121+0000] {dag.py:3954} INFO - Setting next_dagrun for example_branch_labels to 2025-08-02 00:00:00+00:00, run_after=2025-08-03 00:00:00+00:00
[2025-08-03T20:54:12.936+0000] {processor.py:183} INFO - Processing /home/airflow/.local/lib/python3.12/site-packages/airflow/example_dags/example_branch_labels.py took 35.304 seconds
