[2025-08-03T19:47:15.084+0000] {processor.py:161} INFO - Started process (PID=125) to work on /home/airflow/.local/lib/python3.12/site-packages/airflow/example_dags/example_branch_day_of_week_operator.py
[2025-08-03T19:47:15.105+0000] {processor.py:830} INFO - Processing file /home/airflow/.local/lib/python3.12/site-packages/airflow/example_dags/example_branch_day_of_week_operator.py for tasks to queue
[2025-08-03T19:47:15.150+0000] {logging_mixin.py:188} INFO - [2025-08-03T19:47:15.148+0000] {dagbag.py:545} INFO - Filling up the DagBag from /home/airflow/.local/lib/python3.12/site-packages/airflow/example_dags/example_branch_day_of_week_operator.py
[2025-08-03T19:47:15.346+0000] {processor.py:840} INFO - DAG(s) 'example_weekday_branch_operator' retrieved from /home/airflow/.local/lib/python3.12/site-packages/airflow/example_dags/example_branch_day_of_week_operator.py
[2025-08-03T19:47:15.755+0000] {logging_mixin.py:188} INFO - [2025-08-03T19:47:15.754+0000] {dag.py:3096} INFO - Sync 1 DAGs
[2025-08-03T19:47:16.127+0000] {logging_mixin.py:188} INFO - [2025-08-03T19:47:16.126+0000] {dag.py:3954} INFO - Setting next_dagrun for example_weekday_branch_operator to 2025-08-02 00:00:00+00:00, run_after=2025-08-03 00:00:00+00:00
[2025-08-03T19:47:16.330+0000] {processor.py:183} INFO - Processing /home/airflow/.local/lib/python3.12/site-packages/airflow/example_dags/example_branch_day_of_week_operator.py took 1.338 seconds
[2025-08-03T19:48:32.855+0000] {processor.py:161} INFO - Started process (PID=192) to work on /home/airflow/.local/lib/python3.12/site-packages/airflow/example_dags/example_branch_day_of_week_operator.py
[2025-08-03T19:48:32.882+0000] {processor.py:830} INFO - Processing file /home/airflow/.local/lib/python3.12/site-packages/airflow/example_dags/example_branch_day_of_week_operator.py for tasks to queue
[2025-08-03T19:48:32.944+0000] {logging_mixin.py:188} INFO - [2025-08-03T19:48:32.943+0000] {dagbag.py:545} INFO - Filling up the DagBag from /home/airflow/.local/lib/python3.12/site-packages/airflow/example_dags/example_branch_day_of_week_operator.py
[2025-08-03T19:48:33.437+0000] {processor.py:840} INFO - DAG(s) 'example_weekday_branch_operator' retrieved from /home/airflow/.local/lib/python3.12/site-packages/airflow/example_dags/example_branch_day_of_week_operator.py
[2025-08-03T19:48:33.978+0000] {logging_mixin.py:188} INFO - [2025-08-03T19:48:33.975+0000] {dag.py:3096} INFO - Sync 1 DAGs
[2025-08-03T19:48:34.407+0000] {logging_mixin.py:188} INFO - [2025-08-03T19:48:34.389+0000] {dag.py:3954} INFO - Setting next_dagrun for example_weekday_branch_operator to 2025-08-02 00:00:00+00:00, run_after=2025-08-03 00:00:00+00:00
[2025-08-03T19:48:35.304+0000] {processor.py:183} INFO - Processing /home/airflow/.local/lib/python3.12/site-packages/airflow/example_dags/example_branch_day_of_week_operator.py took 2.540 seconds
[2025-08-03T20:20:05.952+0000] {processor.py:161} INFO - Started process (PID=334) to work on /home/airflow/.local/lib/python3.12/site-packages/airflow/example_dags/example_branch_day_of_week_operator.py
[2025-08-03T20:20:06.144+0000] {processor.py:830} INFO - Processing file /home/airflow/.local/lib/python3.12/site-packages/airflow/example_dags/example_branch_day_of_week_operator.py for tasks to queue
[2025-08-03T20:20:06.589+0000] {logging_mixin.py:188} INFO - [2025-08-03T20:20:06.219+0000] {dagbag.py:545} INFO - Filling up the DagBag from /home/airflow/.local/lib/python3.12/site-packages/airflow/example_dags/example_branch_day_of_week_operator.py
[2025-08-03T20:20:13.796+0000] {processor.py:840} INFO - DAG(s) 'example_weekday_branch_operator' retrieved from /home/airflow/.local/lib/python3.12/site-packages/airflow/example_dags/example_branch_day_of_week_operator.py
[2025-08-03T20:20:41.265+0000] {logging_mixin.py:188} INFO - [2025-08-03T20:20:40.893+0000] {dag.py:3096} INFO - Sync 1 DAGs
[2025-08-03T20:33:13.249+0000] {processor.py:161} INFO - Started process (PID=111) to work on /home/airflow/.local/lib/python3.12/site-packages/airflow/example_dags/example_branch_day_of_week_operator.py
[2025-08-03T20:33:13.266+0000] {processor.py:830} INFO - Processing file /home/airflow/.local/lib/python3.12/site-packages/airflow/example_dags/example_branch_day_of_week_operator.py for tasks to queue
[2025-08-03T20:33:13.385+0000] {logging_mixin.py:188} INFO - [2025-08-03T20:33:13.383+0000] {dagbag.py:545} INFO - Filling up the DagBag from /home/airflow/.local/lib/python3.12/site-packages/airflow/example_dags/example_branch_day_of_week_operator.py
[2025-08-03T20:33:13.413+0000] {processor.py:840} INFO - DAG(s) 'example_weekday_branch_operator' retrieved from /home/airflow/.local/lib/python3.12/site-packages/airflow/example_dags/example_branch_day_of_week_operator.py
[2025-08-03T20:33:14.201+0000] {logging_mixin.py:188} INFO - [2025-08-03T20:33:14.200+0000] {dag.py:3096} INFO - Sync 1 DAGs
[2025-08-03T20:33:14.304+0000] {logging_mixin.py:188} INFO - [2025-08-03T20:33:14.304+0000] {dag.py:3954} INFO - Setting next_dagrun for example_weekday_branch_operator to 2025-08-02 00:00:00+00:00, run_after=2025-08-03 00:00:00+00:00
[2025-08-03T20:33:14.408+0000] {processor.py:183} INFO - Processing /home/airflow/.local/lib/python3.12/site-packages/airflow/example_dags/example_branch_day_of_week_operator.py took 1.198 seconds
[2025-08-03T20:33:44.768+0000] {processor.py:161} INFO - Started process (PID=169) to work on /home/airflow/.local/lib/python3.12/site-packages/airflow/example_dags/example_branch_day_of_week_operator.py
[2025-08-03T20:33:44.769+0000] {processor.py:830} INFO - Processing file /home/airflow/.local/lib/python3.12/site-packages/airflow/example_dags/example_branch_day_of_week_operator.py for tasks to queue
[2025-08-03T20:33:44.773+0000] {logging_mixin.py:188} INFO - [2025-08-03T20:33:44.772+0000] {dagbag.py:545} INFO - Filling up the DagBag from /home/airflow/.local/lib/python3.12/site-packages/airflow/example_dags/example_branch_day_of_week_operator.py
[2025-08-03T20:33:44.783+0000] {processor.py:840} INFO - DAG(s) 'example_weekday_branch_operator' retrieved from /home/airflow/.local/lib/python3.12/site-packages/airflow/example_dags/example_branch_day_of_week_operator.py
[2025-08-03T20:33:44.820+0000] {logging_mixin.py:188} INFO - [2025-08-03T20:33:44.820+0000] {dag.py:3096} INFO - Sync 1 DAGs
[2025-08-03T20:33:44.849+0000] {logging_mixin.py:188} INFO - [2025-08-03T20:33:44.849+0000] {dag.py:3954} INFO - Setting next_dagrun for example_weekday_branch_operator to 2025-08-02 00:00:00+00:00, run_after=2025-08-03 00:00:00+00:00
[2025-08-03T20:33:44.976+0000] {processor.py:183} INFO - Processing /home/airflow/.local/lib/python3.12/site-packages/airflow/example_dags/example_branch_day_of_week_operator.py took 0.213 seconds
[2025-08-03T20:34:41.776+0000] {processor.py:161} INFO - Started process (PID=233) to work on /home/airflow/.local/lib/python3.12/site-packages/airflow/example_dags/example_branch_day_of_week_operator.py
[2025-08-03T20:34:41.795+0000] {processor.py:830} INFO - Processing file /home/airflow/.local/lib/python3.12/site-packages/airflow/example_dags/example_branch_day_of_week_operator.py for tasks to queue
[2025-08-03T20:34:41.883+0000] {logging_mixin.py:188} INFO - [2025-08-03T20:34:41.815+0000] {dagbag.py:545} INFO - Filling up the DagBag from /home/airflow/.local/lib/python3.12/site-packages/airflow/example_dags/example_branch_day_of_week_operator.py
[2025-08-03T20:34:41.956+0000] {processor.py:840} INFO - DAG(s) 'example_weekday_branch_operator' retrieved from /home/airflow/.local/lib/python3.12/site-packages/airflow/example_dags/example_branch_day_of_week_operator.py
[2025-08-03T20:34:42.567+0000] {logging_mixin.py:188} INFO - [2025-08-03T20:34:42.563+0000] {dag.py:3096} INFO - Sync 1 DAGs
[2025-08-03T20:34:43.839+0000] {logging_mixin.py:188} INFO - [2025-08-03T20:34:43.819+0000] {dag.py:3954} INFO - Setting next_dagrun for example_weekday_branch_operator to 2025-08-02 00:00:00+00:00, run_after=2025-08-03 00:00:00+00:00
[2025-08-03T20:34:43.976+0000] {processor.py:183} INFO - Processing /home/airflow/.local/lib/python3.12/site-packages/airflow/example_dags/example_branch_day_of_week_operator.py took 2.219 seconds
[2025-08-03T20:40:22.983+0000] {processor.py:161} INFO - Started process (PID=346) to work on /home/airflow/.local/lib/python3.12/site-packages/airflow/example_dags/example_branch_day_of_week_operator.py
[2025-08-03T20:40:22.998+0000] {processor.py:830} INFO - Processing file /home/airflow/.local/lib/python3.12/site-packages/airflow/example_dags/example_branch_day_of_week_operator.py for tasks to queue
[2025-08-03T20:40:23.020+0000] {logging_mixin.py:188} INFO - [2025-08-03T20:40:23.007+0000] {dagbag.py:545} INFO - Filling up the DagBag from /home/airflow/.local/lib/python3.12/site-packages/airflow/example_dags/example_branch_day_of_week_operator.py
[2025-08-03T20:40:23.370+0000] {processor.py:840} INFO - DAG(s) 'example_weekday_branch_operator' retrieved from /home/airflow/.local/lib/python3.12/site-packages/airflow/example_dags/example_branch_day_of_week_operator.py
[2025-08-03T20:41:06.225+0000] {logging_mixin.py:188} INFO - [2025-08-03T20:41:06.224+0000] {dag.py:3096} INFO - Sync 1 DAGs
[2025-08-03T20:41:06.772+0000] {logging_mixin.py:188} INFO - [2025-08-03T20:41:06.769+0000] {dag.py:3954} INFO - Setting next_dagrun for example_weekday_branch_operator to 2025-08-02 00:00:00+00:00, run_after=2025-08-03 00:00:00+00:00
[2025-08-03T20:41:07.818+0000] {processor.py:183} INFO - Processing /home/airflow/.local/lib/python3.12/site-packages/airflow/example_dags/example_branch_day_of_week_operator.py took 44.709 seconds
[2025-08-03T20:49:24.168+0000] {processor.py:161} INFO - Started process (PID=490) to work on /home/airflow/.local/lib/python3.12/site-packages/airflow/example_dags/example_branch_day_of_week_operator.py
[2025-08-03T20:49:24.292+0000] {processor.py:830} INFO - Processing file /home/airflow/.local/lib/python3.12/site-packages/airflow/example_dags/example_branch_day_of_week_operator.py for tasks to queue
[2025-08-03T20:49:24.296+0000] {logging_mixin.py:188} INFO - [2025-08-03T20:49:24.294+0000] {dagbag.py:545} INFO - Filling up the DagBag from /home/airflow/.local/lib/python3.12/site-packages/airflow/example_dags/example_branch_day_of_week_operator.py
[2025-08-03T20:49:25.020+0000] {processor.py:840} INFO - DAG(s) 'example_weekday_branch_operator' retrieved from /home/airflow/.local/lib/python3.12/site-packages/airflow/example_dags/example_branch_day_of_week_operator.py
[2025-08-03T20:49:25.969+0000] {logging_mixin.py:188} INFO - [2025-08-03T20:49:25.908+0000] {dag.py:3096} INFO - Sync 1 DAGs
[2025-08-03T20:49:27.372+0000] {logging_mixin.py:188} INFO - [2025-08-03T20:49:27.352+0000] {dag.py:3954} INFO - Setting next_dagrun for example_weekday_branch_operator to 2025-08-02 00:00:00+00:00, run_after=2025-08-03 00:00:00+00:00
[2025-08-03T20:49:30.192+0000] {processor.py:183} INFO - Processing /home/airflow/.local/lib/python3.12/site-packages/airflow/example_dags/example_branch_day_of_week_operator.py took 7.006 seconds
