[2025-08-03T19:46:56.201+0000] {processor.py:161} INFO - Started process (PID=110) to work on /home/airflow/.local/lib/python3.12/site-packages/airflow/example_dags/tutorial_dag.py
[2025-08-03T19:46:56.212+0000] {processor.py:830} INFO - Processing file /home/airflow/.local/lib/python3.12/site-packages/airflow/example_dags/tutorial_dag.py for tasks to queue
[2025-08-03T19:46:56.239+0000] {logging_mixin.py:188} INFO - [2025-08-03T19:46:56.234+0000] {dagbag.py:545} INFO - Filling up the DagBag from /home/airflow/.local/lib/python3.12/site-packages/airflow/example_dags/tutorial_dag.py
[2025-08-03T19:46:56.256+0000] {processor.py:840} INFO - DAG(s) 'tutorial_dag' retrieved from /home/airflow/.local/lib/python3.12/site-packages/airflow/example_dags/tutorial_dag.py
[2025-08-03T19:46:56.407+0000] {logging_mixin.py:188} INFO - [2025-08-03T19:46:56.406+0000] {dag.py:3096} INFO - Sync 1 DAGs
[2025-08-03T19:46:56.586+0000] {logging_mixin.py:188} INFO - [2025-08-03T19:46:56.583+0000] {dag.py:3954} INFO - Setting next_dagrun for tutorial_dag to None, run_after=None
[2025-08-03T19:46:56.843+0000] {processor.py:183} INFO - Processing /home/airflow/.local/lib/python3.12/site-packages/airflow/example_dags/tutorial_dag.py took 0.696 seconds
[2025-08-03T19:48:17.752+0000] {processor.py:161} INFO - Started process (PID=183) to work on /home/airflow/.local/lib/python3.12/site-packages/airflow/example_dags/tutorial_dag.py
[2025-08-03T19:48:17.756+0000] {processor.py:830} INFO - Processing file /home/airflow/.local/lib/python3.12/site-packages/airflow/example_dags/tutorial_dag.py for tasks to queue
[2025-08-03T19:48:17.847+0000] {logging_mixin.py:188} INFO - [2025-08-03T19:48:17.832+0000] {dagbag.py:545} INFO - Filling up the DagBag from /home/airflow/.local/lib/python3.12/site-packages/airflow/example_dags/tutorial_dag.py
[2025-08-03T19:48:17.944+0000] {processor.py:840} INFO - DAG(s) 'tutorial_dag' retrieved from /home/airflow/.local/lib/python3.12/site-packages/airflow/example_dags/tutorial_dag.py
[2025-08-03T19:48:18.282+0000] {logging_mixin.py:188} INFO - [2025-08-03T19:48:18.281+0000] {dag.py:3096} INFO - Sync 1 DAGs
[2025-08-03T19:48:18.838+0000] {logging_mixin.py:188} INFO - [2025-08-03T19:48:18.825+0000] {dag.py:3954} INFO - Setting next_dagrun for tutorial_dag to None, run_after=None
[2025-08-03T19:48:19.460+0000] {processor.py:183} INFO - Processing /home/airflow/.local/lib/python3.12/site-packages/airflow/example_dags/tutorial_dag.py took 1.725 seconds
[2025-08-03T20:11:33.986+0000] {processor.py:161} INFO - Started process (PID=264) to work on /home/airflow/.local/lib/python3.12/site-packages/airflow/example_dags/tutorial_dag.py
[2025-08-03T20:11:34.113+0000] {processor.py:830} INFO - Processing file /home/airflow/.local/lib/python3.12/site-packages/airflow/example_dags/tutorial_dag.py for tasks to queue
[2025-08-03T20:11:34.122+0000] {logging_mixin.py:188} INFO - [2025-08-03T20:11:34.122+0000] {dagbag.py:545} INFO - Filling up the DagBag from /home/airflow/.local/lib/python3.12/site-packages/airflow/example_dags/tutorial_dag.py
[2025-08-03T20:11:34.884+0000] {processor.py:840} INFO - DAG(s) 'tutorial_dag' retrieved from /home/airflow/.local/lib/python3.12/site-packages/airflow/example_dags/tutorial_dag.py
[2025-08-03T20:11:49.024+0000] {logging_mixin.py:188} INFO - [2025-08-03T20:11:48.739+0000] {dag.py:3096} INFO - Sync 1 DAGs
[2025-08-03T20:11:53.238+0000] {logging_mixin.py:188} INFO - [2025-08-03T20:11:52.742+0000] {dag.py:3954} INFO - Setting next_dagrun for tutorial_dag to None, run_after=None
[2025-08-03T20:12:24.109+0000] {processor.py:183} INFO - Processing /home/airflow/.local/lib/python3.12/site-packages/airflow/example_dags/tutorial_dag.py took 51.289 seconds
[2025-08-03T20:33:08.135+0000] {processor.py:161} INFO - Started process (PID=102) to work on /home/airflow/.local/lib/python3.12/site-packages/airflow/example_dags/tutorial_dag.py
[2025-08-03T20:33:08.144+0000] {processor.py:830} INFO - Processing file /home/airflow/.local/lib/python3.12/site-packages/airflow/example_dags/tutorial_dag.py for tasks to queue
[2025-08-03T20:33:08.168+0000] {logging_mixin.py:188} INFO - [2025-08-03T20:33:08.167+0000] {dagbag.py:545} INFO - Filling up the DagBag from /home/airflow/.local/lib/python3.12/site-packages/airflow/example_dags/tutorial_dag.py
[2025-08-03T20:33:08.191+0000] {processor.py:840} INFO - DAG(s) 'tutorial_dag' retrieved from /home/airflow/.local/lib/python3.12/site-packages/airflow/example_dags/tutorial_dag.py
[2025-08-03T20:33:08.243+0000] {logging_mixin.py:188} INFO - [2025-08-03T20:33:08.243+0000] {dag.py:3096} INFO - Sync 1 DAGs
[2025-08-03T20:33:08.270+0000] {logging_mixin.py:188} INFO - [2025-08-03T20:33:08.269+0000] {dag.py:3954} INFO - Setting next_dagrun for tutorial_dag to None, run_after=None
[2025-08-03T20:33:08.335+0000] {processor.py:183} INFO - Processing /home/airflow/.local/lib/python3.12/site-packages/airflow/example_dags/tutorial_dag.py took 0.213 seconds
[2025-08-03T20:33:38.376+0000] {processor.py:161} INFO - Started process (PID=160) to work on /home/airflow/.local/lib/python3.12/site-packages/airflow/example_dags/tutorial_dag.py
[2025-08-03T20:33:38.376+0000] {processor.py:830} INFO - Processing file /home/airflow/.local/lib/python3.12/site-packages/airflow/example_dags/tutorial_dag.py for tasks to queue
[2025-08-03T20:33:38.378+0000] {logging_mixin.py:188} INFO - [2025-08-03T20:33:38.377+0000] {dagbag.py:545} INFO - Filling up the DagBag from /home/airflow/.local/lib/python3.12/site-packages/airflow/example_dags/tutorial_dag.py
[2025-08-03T20:33:38.380+0000] {processor.py:840} INFO - DAG(s) 'tutorial_dag' retrieved from /home/airflow/.local/lib/python3.12/site-packages/airflow/example_dags/tutorial_dag.py
[2025-08-03T20:33:38.391+0000] {logging_mixin.py:188} INFO - [2025-08-03T20:33:38.391+0000] {dag.py:3096} INFO - Sync 1 DAGs
[2025-08-03T20:33:38.397+0000] {logging_mixin.py:188} INFO - [2025-08-03T20:33:38.397+0000] {dag.py:3954} INFO - Setting next_dagrun for tutorial_dag to None, run_after=None
[2025-08-03T20:33:38.405+0000] {processor.py:183} INFO - Processing /home/airflow/.local/lib/python3.12/site-packages/airflow/example_dags/tutorial_dag.py took 0.032 seconds
[2025-08-03T20:34:16.708+0000] {processor.py:161} INFO - Started process (PID=218) to work on /home/airflow/.local/lib/python3.12/site-packages/airflow/example_dags/tutorial_dag.py
[2025-08-03T20:34:16.710+0000] {processor.py:830} INFO - Processing file /home/airflow/.local/lib/python3.12/site-packages/airflow/example_dags/tutorial_dag.py for tasks to queue
[2025-08-03T20:34:16.719+0000] {logging_mixin.py:188} INFO - [2025-08-03T20:34:16.719+0000] {dagbag.py:545} INFO - Filling up the DagBag from /home/airflow/.local/lib/python3.12/site-packages/airflow/example_dags/tutorial_dag.py
[2025-08-03T20:34:16.861+0000] {processor.py:840} INFO - DAG(s) 'tutorial_dag' retrieved from /home/airflow/.local/lib/python3.12/site-packages/airflow/example_dags/tutorial_dag.py
[2025-08-03T20:34:16.999+0000] {logging_mixin.py:188} INFO - [2025-08-03T20:34:16.999+0000] {dag.py:3096} INFO - Sync 1 DAGs
[2025-08-03T20:34:17.229+0000] {logging_mixin.py:188} INFO - [2025-08-03T20:34:17.228+0000] {dag.py:3954} INFO - Setting next_dagrun for tutorial_dag to None, run_after=None
[2025-08-03T20:34:17.620+0000] {processor.py:183} INFO - Processing /home/airflow/.local/lib/python3.12/site-packages/airflow/example_dags/tutorial_dag.py took 0.928 seconds
[2025-08-03T20:39:30.633+0000] {processor.py:161} INFO - Started process (PID=331) to work on /home/airflow/.local/lib/python3.12/site-packages/airflow/example_dags/tutorial_dag.py
[2025-08-03T20:39:30.643+0000] {processor.py:830} INFO - Processing file /home/airflow/.local/lib/python3.12/site-packages/airflow/example_dags/tutorial_dag.py for tasks to queue
[2025-08-03T20:39:30.659+0000] {logging_mixin.py:188} INFO - [2025-08-03T20:39:30.651+0000] {dagbag.py:545} INFO - Filling up the DagBag from /home/airflow/.local/lib/python3.12/site-packages/airflow/example_dags/tutorial_dag.py
[2025-08-03T20:39:30.796+0000] {processor.py:840} INFO - DAG(s) 'tutorial_dag' retrieved from /home/airflow/.local/lib/python3.12/site-packages/airflow/example_dags/tutorial_dag.py
[2025-08-03T20:39:32.133+0000] {logging_mixin.py:188} INFO - [2025-08-03T20:39:32.074+0000] {dag.py:3096} INFO - Sync 1 DAGs
[2025-08-03T20:39:32.693+0000] {logging_mixin.py:188} INFO - [2025-08-03T20:39:32.682+0000] {dag.py:3954} INFO - Setting next_dagrun for tutorial_dag to None, run_after=None
[2025-08-03T20:39:33.122+0000] {processor.py:183} INFO - Processing /home/airflow/.local/lib/python3.12/site-packages/airflow/example_dags/tutorial_dag.py took 2.519 seconds
[2025-08-03T20:45:08.729+0000] {processor.py:161} INFO - Started process (PID=406) to work on /home/airflow/.local/lib/python3.12/site-packages/airflow/example_dags/tutorial_dag.py
[2025-08-03T20:45:08.844+0000] {processor.py:830} INFO - Processing file /home/airflow/.local/lib/python3.12/site-packages/airflow/example_dags/tutorial_dag.py for tasks to queue
[2025-08-03T20:45:08.955+0000] {logging_mixin.py:188} INFO - [2025-08-03T20:45:08.850+0000] {dagbag.py:545} INFO - Filling up the DagBag from /home/airflow/.local/lib/python3.12/site-packages/airflow/example_dags/tutorial_dag.py
[2025-08-03T20:45:09.293+0000] {processor.py:840} INFO - DAG(s) 'tutorial_dag' retrieved from /home/airflow/.local/lib/python3.12/site-packages/airflow/example_dags/tutorial_dag.py
[2025-08-03T20:45:22.416+0000] {logging_mixin.py:188} INFO - [2025-08-03T20:45:22.240+0000] {dag.py:3096} INFO - Sync 1 DAGs
[2025-08-03T20:45:23.319+0000] {logging_mixin.py:188} INFO - [2025-08-03T20:45:23.109+0000] {dag.py:3954} INFO - Setting next_dagrun for tutorial_dag to None, run_after=None
[2025-08-03T20:45:27.658+0000] {processor.py:183} INFO - Processing /home/airflow/.local/lib/python3.12/site-packages/airflow/example_dags/tutorial_dag.py took 19.336 seconds
[2025-08-03T20:49:02.384+0000] {processor.py:161} INFO - Started process (PID=478) to work on /home/airflow/.local/lib/python3.12/site-packages/airflow/example_dags/tutorial_dag.py
[2025-08-03T20:49:02.475+0000] {processor.py:830} INFO - Processing file /home/airflow/.local/lib/python3.12/site-packages/airflow/example_dags/tutorial_dag.py for tasks to queue
[2025-08-03T20:49:02.514+0000] {logging_mixin.py:188} INFO - [2025-08-03T20:49:02.476+0000] {dagbag.py:545} INFO - Filling up the DagBag from /home/airflow/.local/lib/python3.12/site-packages/airflow/example_dags/tutorial_dag.py
[2025-08-03T20:49:02.656+0000] {processor.py:840} INFO - DAG(s) 'tutorial_dag' retrieved from /home/airflow/.local/lib/python3.12/site-packages/airflow/example_dags/tutorial_dag.py
[2025-08-03T20:49:03.684+0000] {logging_mixin.py:188} INFO - [2025-08-03T20:49:03.682+0000] {dag.py:3096} INFO - Sync 1 DAGs
[2025-08-03T20:49:04.190+0000] {logging_mixin.py:188} INFO - [2025-08-03T20:49:04.189+0000] {dag.py:3954} INFO - Setting next_dagrun for tutorial_dag to None, run_after=None
[2025-08-03T20:49:05.526+0000] {processor.py:183} INFO - Processing /home/airflow/.local/lib/python3.12/site-packages/airflow/example_dags/tutorial_dag.py took 3.339 seconds
